37381:
#
# JRE version: OpenJDK Runtime Environment (11.0.22+7) (build 11.0.22+7-post-Ubuntu-0ubuntu222.04.1)
# Java VM: OpenJDK 64-Bit Server VM (11.0.22+7-post-Ubuntu-0ubuntu222.04.1, mixed mode, sharing, tiered, compressed oops, g1 gc, linux-amd64)

---------------  S U M M A R Y ------------

Command Line: OrderService.OrderService

Host: AMD Ryzen 5 3600 6-Core Processor, 12 cores, 7G, Ubuntu 22.04.3 LTS
Time: Sat Mar  9 14:13:41 2024 EST elapsed time: 3.311339 seconds (0d 0h 0m 3s)

---------------  P R O C E S S  ---------------

Heap address: 0x0000000084200000, size: 1982 MB, Compressed Oops mode: 32-bit
Narrow klass base: 0x0000000800000000, Narrow klass shift: 3
Compressed class space size: 1073741824 Address: 0x0000000840000000

Heap:
 garbage-first heap   total 129024K, used 6562K [0x0000000084200000, 0x0000000100000000)
  region size 1024K, 7 young (7168K), 3 survivors (3072K)
 Metaspace       used 9929K, capacity 10574K, committed 10752K, reserved 1058816K
  class space    used 1053K, capacity 1172K, committed 1280K, reserved 1048576K
Heap Regions: E=young(eden), S=young(survivor), O=old, HS=humongous(starts), HC=humongous(continues), CS=collection set, F=free, A=archive, TAMS=top-at-mark-start (previous, next)
|   0|0x0000000084200000, 0x0000000084200000, 0x0000000084300000|  0%| F|  |TAMS 0x0000000084200000, 0x0000000084200000| Untracked 
|   1|0x0000000084300000, 0x0000000084300000, 0x0000000084400000|  0%| F|  |TAMS 0x0000000084300000, 0x0000000084300000| Untracked 
|   2|0x0000000084400000, 0x0000000084400000, 0x0000000084500000|  0%| F|  |TAMS 0x0000000084400000, 0x0000000084400000| Untracked 
|   3|0x0000000084500000, 0x0000000084500000, 0x0000000084600000|  0%| F|  |TAMS 0x0000000084500000, 0x0000000084500000| Untracked 
|   4|0x0000000084600000, 0x0000000084600000, 0x0000000084700000|  0%| F|  |TAMS 0x0000000084600000, 0x0000000084600000| Untracked 
|   5|0x0000000084700000, 0x0000000084700000, 0x0000000084800000|  0%| F|  |TAMS 0x0000000084700000, 0x0000000084700000| Untracked 
|   6|0x0000000084800000, 0x0000000084800000, 0x0000000084900000|  0%| F|  |TAMS 0x0000000084800000, 0x0000000084800000| Untracked 
|   7|0x0000000084900000, 0x0000000084900000, 0x0000000084a00000|  0%| F|  |TAMS 0x0000000084900000, 0x0000000084900000| Untracked 
|   8|0x0000000084a00000, 0x0000000084a00000, 0x0000000084b00000|  0%| F|  |TAMS 0x0000000084a00000, 0x0000000084a00000| Untracked 
|   9|0x0000000084b00000, 0x0000000084b00000, 0x0000000084c00000|  0%| F|  |TAMS 0x0000000084b00000, 0x0000000084b00000| Untracked 
|  10|0x0000000084c00000, 0x0000000084c00000, 0x0000000084d00000|  0%| F|  |TAMS 0x0000000084c00000, 0x0000000084c00000| Untracked 
|  11|0x0000000084d00000, 0x0000000084d00000, 0x0000000084e00000|  0%| F|  |TAMS 0x0000000084d00000, 0x0000000084d00000| Untracked 
|  12|0x0000000084e00000, 0x0000000084e00000, 0x0000000084f00000|  0%| F|  |TAMS 0x0000000084e00000, 0x0000000084e00000| Untracked 
|  13|0x0000000084f00000, 0x0000000084f00000, 0x0000000085000000|  0%| F|  |TAMS 0x0000000084f00000, 0x0000000084f00000| Untracked 
|  14|0x0000000085000000, 0x0000000085000000, 0x0000000085100000|  0%| F|  |TAMS 0x0000000085000000, 0x0000000085000000| Untracked 
|  15|0x0000000085100000, 0x0000000085100000, 0x0000000085200000|  0%| F|  |TAMS 0x0000000085100000, 0x0000000085100000| Untracked 
|  16|0x0000000085200000, 0x0000000085200000, 0x0000000085300000|  0%| F|  |TAMS 0x0000000085200000, 0x0000000085200000| Untracked 
|  17|0x0000000085300000, 0x0000000085300000, 0x0000000085400000|  0%| F|  |TAMS 0x0000000085300000, 0x0000000085300000| Untracked 
|  18|0x0000000085400000, 0x0000000085400000, 0x0000000085500000|  0%| F|  |TAMS 0x0000000085400000, 0x0000000085400000| Untracked 
|  19|0x0000000085500000, 0x0000000085500000, 0x0000000085600000|  0%| F|  |TAMS 0x0000000085500000, 0x0000000085500000| Untracked 
|  20|0x0000000085600000, 0x0000000085600000, 0x0000000085700000|  0%| F|  |TAMS 0x0000000085600000, 0x0000000085600000| Untracked 
|  21|0x0000000085700000, 0x0000000085700000, 0x0000000085800000|  0%| F|  |TAMS 0x0000000085700000, 0x0000000085700000| Untracked 
|  22|0x0000000085800000, 0x0000000085800000, 0x0000000085900000|  0%| F|  |TAMS 0x0000000085800000, 0x0000000085800000| Untracked 
|  23|0x0000000085900000, 0x0000000085900000, 0x0000000085a00000|  0%| F|  |TAMS 0x0000000085900000, 0x0000000085900000| Untracked 
|  24|0x0000000085a00000, 0x0000000085a00000, 0x0000000085b00000|  0%| F|  |TAMS 0x0000000085a00000, 0x0000000085a00000| Untracked 
|  25|0x0000000085b00000, 0x0000000085b00000, 0x0000000085c00000|  0%| F|  |TAMS 0x0000000085b00000, 0x0000000085b00000| Untracked 
|  26|0x0000000085c00000, 0x0000000085c00000, 0x0000000085d00000|  0%| F|  |TAMS 0x0000000085c00000, 0x0000000085c00000| Untracked 
|  27|0x0000000085d00000, 0x0000000085d00000, 0x0000000085e00000|  0%| F|  |TAMS 0x0000000085d00000, 0x0000000085d00000| Untracked 
|  28|0x0000000085e00000, 0x0000000085e00000, 0x0000000085f00000|  0%| F|  |TAMS 0x0000000085e00000, 0x0000000085e00000| Untracked 
|  29|0x0000000085f00000, 0x0000000085f00000, 0x0000000086000000|  0%| F|  |TAMS 0x0000000085f00000, 0x0000000085f00000| Untracked 
|  30|0x0000000086000000, 0x0000000086000000, 0x0000000086100000|  0%| F|  |TAMS 0x0000000086000000, 0x0000000086000000| Untracked 
|  31|0x0000000086100000, 0x0000000086100000, 0x0000000086200000|  0%| F|  |TAMS 0x0000000086100000, 0x0000000086100000| Untracked 
|  32|0x0000000086200000, 0x0000000086200000, 0x0000000086300000|  0%| F|  |TAMS 0x0000000086200000, 0x0000000086200000| Untracked 
|  33|0x0000000086300000, 0x0000000086300000, 0x0000000086400000|  0%| F|  |TAMS 0x0000000086300000, 0x0000000086300000| Untracked 
|  34|0x0000000086400000, 0x0000000086400000, 0x0000000086500000|  0%| F|  |TAMS 0x0000000086400000, 0x0000000086400000| Untracked 
|  35|0x0000000086500000, 0x0000000086500000, 0x0000000086600000|  0%| F|  |TAMS 0x0000000086500000, 0x0000000086500000| Untracked 
|  36|0x0000000086600000, 0x0000000086600000, 0x0000000086700000|  0%| F|  |TAMS 0x0000000086600000, 0x0000000086600000| Untracked 
|  37|0x0000000086700000, 0x0000000086700000, 0x0000000086800000|  0%| F|  |TAMS 0x0000000086700000, 0x0000000086700000| Untracked 
|  38|0x0000000086800000, 0x0000000086800000, 0x0000000086900000|  0%| F|  |TAMS 0x0000000086800000, 0x0000000086800000| Untracked 
|  39|0x0000000086900000, 0x0000000086900000, 0x0000000086a00000|  0%| F|  |TAMS 0x0000000086900000, 0x0000000086900000| Untracked 
|  40|0x0000000086a00000, 0x0000000086a00000, 0x0000000086b00000|  0%| F|  |TAMS 0x0000000086a00000, 0x0000000086a00000| Untracked 
|  41|0x0000000086b00000, 0x0000000086b00000, 0x0000000086c00000|  0%| F|  |TAMS 0x0000000086b00000, 0x0000000086b00000| Untracked 
|  42|0x0000000086c00000, 0x0000000086c00000, 0x0000000086d00000|  0%| F|  |TAMS 0x0000000086c00000, 0x0000000086c00000| Untracked 
|  43|0x0000000086d00000, 0x0000000086d00000, 0x0000000086e00000|  0%| F|  |TAMS 0x0000000086d00000, 0x0000000086d00000| Untracked 
|  44|0x0000000086e00000, 0x0000000086e00000, 0x0000000086f00000|  0%| F|  |TAMS 0x0000000086e00000, 0x0000000086e00000| Untracked 
|  45|0x0000000086f00000, 0x0000000086f00000, 0x0000000087000000|  0%| F|  |TAMS 0x0000000086f00000, 0x0000000086f00000| Untracked 
|  46|0x0000000087000000, 0x0000000087000000, 0x0000000087100000|  0%| F|  |TAMS 0x0000000087000000, 0x0000000087000000| Untracked 
|  47|0x0000000087100000, 0x0000000087100000, 0x0000000087200000|  0%| F|  |TAMS 0x0000000087100000, 0x0000000087100000| Untracked 
|  48|0x0000000087200000, 0x0000000087200000, 0x0000000087300000|  0%| F|  |TAMS 0x0000000087200000, 0x0000000087200000| Untracked 
|  49|0x0000000087300000, 0x0000000087300000, 0x0000000087400000|  0%| F|  |TAMS 0x0000000087300000, 0x0000000087300000| Untracked 
|  50|0x0000000087400000, 0x0000000087400000, 0x0000000087500000|  0%| F|  |TAMS 0x0000000087400000, 0x0000000087400000| Untracked 
|  51|0x0000000087500000, 0x0000000087500000, 0x0000000087600000|  0%| F|  |TAMS 0x0000000087500000, 0x0000000087500000| Untracked 
|  52|0x0000000087600000, 0x0000000087600000, 0x0000000087700000|  0%| F|  |TAMS 0x0000000087600000, 0x0000000087600000| Untracked 
|  53|0x0000000087700000, 0x0000000087700000, 0x0000000087800000|  0%| F|  |TAMS 0x0000000087700000, 0x0000000087700000| Untracked 
|  54|0x0000000087800000, 0x0000000087800000, 0x0000000087900000|  0%| F|  |TAMS 0x0000000087800000, 0x0000000087800000| Untracked 
|  55|0x0000000087900000, 0x0000000087900000, 0x0000000087a00000|  0%| F|  |TAMS 0x0000000087900000, 0x0000000087900000| Untracked 
|  56|0x0000000087a00000, 0x0000000087a00000, 0x0000000087b00000|  0%| F|  |TAMS 0x0000000087a00000, 0x0000000087a00000| Untracked 
|  57|0x0000000087b00000, 0x0000000087b00000, 0x0000000087c00000|  0%| F|  |TAMS 0x0000000087b00000, 0x0000000087b00000| Untracked 
|  58|0x0000000087c00000, 0x0000000087c00000, 0x0000000087d00000|  0%| F|  |TAMS 0x0000000087c00000, 0x0000000087c00000| Untracked 
|  59|0x0000000087d00000, 0x0000000087d00000, 0x0000000087e00000|  0%| F|  |TAMS 0x0000000087d00000, 0x0000000087d00000| Untracked 
|  60|0x0000000087e00000, 0x0000000087e00000, 0x0000000087f00000|  0%| F|  |TAMS 0x0000000087e00000, 0x0000000087e00000| Untracked 
|  61|0x0000000087f00000, 0x0000000087f00000, 0x0000000088000000|  0%| F|  |TAMS 0x0000000087f00000, 0x0000000087f00000| Untracked 
|  62|0x0000000088000000, 0x0000000088000000, 0x0000000088100000|  0%| F|  |TAMS 0x0000000088000000, 0x0000000088000000| Untracked 
|  63|0x0000000088100000, 0x0000000088100000, 0x0000000088200000|  0%| F|  |TAMS 0x0000000088100000, 0x0000000088100000| Untracked 
|  64|0x0000000088200000, 0x0000000088200000, 0x0000000088300000|  0%| F|  |TAMS 0x0000000088200000, 0x0000000088200000| Untracked 
|  65|0x0000000088300000, 0x0000000088300000, 0x0000000088400000|  0%| F|  |TAMS 0x0000000088300000, 0x0000000088300000| Untracked 
|  66|0x0000000088400000, 0x0000000088400000, 0x0000000088500000|  0%| F|  |TAMS 0x0000000088400000, 0x0000000088400000| Untracked 
|  67|0x0000000088500000, 0x0000000088500000, 0x0000000088600000|  0%| F|  |TAMS 0x0000000088500000, 0x0000000088500000| Untracked 
|  68|0x0000000088600000, 0x0000000088600000, 0x0000000088700000|  0%| F|  |TAMS 0x0000000088600000, 0x0000000088600000| Untracked 
|  69|0x0000000088700000, 0x0000000088700000, 0x0000000088800000|  0%| F|  |TAMS 0x0000000088700000, 0x0000000088700000| Untracked 
|  70|0x0000000088800000, 0x0000000088800000, 0x0000000088900000|  0%| F|  |TAMS 0x0000000088800000, 0x0000000088800000| Untracked 
|  71|0x0000000088900000, 0x0000000088900000, 0x0000000088a00000|  0%| F|  |TAMS 0x0000000088900000, 0x0000000088900000| Untracked 
|  72|0x0000000088a00000, 0x0000000088a00000, 0x0000000088b00000|  0%| F|  |TAMS 0x0000000088a00000, 0x0000000088a00000| Untracked 
|  73|0x0000000088b00000, 0x0000000088b00000, 0x0000000088c00000|  0%| F|  |TAMS 0x0000000088b00000, 0x0000000088b00000| Untracked 
|  74|0x0000000088c00000, 0x0000000088c00000, 0x0000000088d00000|  0%| F|  |TAMS 0x0000000088c00000, 0x0000000088c00000| Untracked 
|  75|0x0000000088d00000, 0x0000000088d00000, 0x0000000088e00000|  0%| F|  |TAMS 0x0000000088d00000, 0x0000000088d00000| Untracked 
|  76|0x0000000088e00000, 0x0000000088e00000, 0x0000000088f00000|  0%| F|  |TAMS 0x0000000088e00000, 0x0000000088e00000| Untracked 
|  77|0x0000000088f00000, 0x0000000088f00000, 0x0000000089000000|  0%| F|  |TAMS 0x0000000088f00000, 0x0000000088f00000| Untracked 
|  78|0x0000000089000000, 0x0000000089000000, 0x0000000089100000|  0%| F|  |TAMS 0x0000000089000000, 0x0000000089000000| Untracked 
|  79|0x0000000089100000, 0x0000000089100000, 0x0000000089200000|  0%| F|  |TAMS 0x0000000089100000, 0x0000000089100000| Untracked 
|  80|0x0000000089200000, 0x0000000089200000, 0x0000000089300000|  0%| F|  |TAMS 0x0000000089200000, 0x0000000089200000| Untracked 
|  81|0x0000000089300000, 0x0000000089300000, 0x0000000089400000|  0%| F|  |TAMS 0x0000000089300000, 0x0000000089300000| Untracked 
|  82|0x0000000089400000, 0x0000000089400000, 0x0000000089500000|  0%| F|  |TAMS 0x0000000089400000, 0x0000000089400000| Untracked 
|  83|0x0000000089500000, 0x0000000089500000, 0x0000000089600000|  0%| F|  |TAMS 0x0000000089500000, 0x0000000089500000| Untracked 
|  84|0x0000000089600000, 0x0000000089600000, 0x0000000089700000|  0%| F|  |TAMS 0x0000000089600000, 0x0000000089600000| Untracked 
|  85|0x0000000089700000, 0x0000000089700000, 0x0000000089800000|  0%| F|  |TAMS 0x0000000089700000, 0x0000000089700000| Untracked 
|  86|0x0000000089800000, 0x0000000089800000, 0x0000000089900000|  0%| F|  |TAMS 0x0000000089800000, 0x0000000089800000| Untracked 
|  87|0x0000000089900000, 0x0000000089900000, 0x0000000089a00000|  0%| F|  |TAMS 0x0000000089900000, 0x0000000089900000| Untracked 
|  88|0x0000000089a00000, 0x0000000089a00000, 0x0000000089b00000|  0%| F|  |TAMS 0x0000000089a00000, 0x0000000089a00000| Untracked 
|  89|0x0000000089b00000, 0x0000000089b00000, 0x0000000089c00000|  0%| F|  |TAMS 0x0000000089b00000, 0x0000000089b00000| Untracked 
|  90|0x0000000089c00000, 0x0000000089c00000, 0x0000000089d00000|  0%| F|  |TAMS 0x0000000089c00000, 0x0000000089c00000| Untracked 
|  91|0x0000000089d00000, 0x0000000089d00000, 0x0000000089e00000|  0%| F|  |TAMS 0x0000000089d00000, 0x0000000089d00000| Untracked 
|  92|0x0000000089e00000, 0x0000000089e00000, 0x0000000089f00000|  0%| F|  |TAMS 0x0000000089e00000, 0x0000000089e00000| Untracked 
|  93|0x0000000089f00000, 0x0000000089f00000, 0x000000008a000000|  0%| F|  |TAMS 0x0000000089f00000, 0x0000000089f00000| Untracked 
|  94|0x000000008a000000, 0x000000008a000000, 0x000000008a100000|  0%| F|  |TAMS 0x000000008a000000, 0x000000008a000000| Untracked 
|  95|0x000000008a100000, 0x000000008a100000, 0x000000008a200000|  0%| F|  |TAMS 0x000000008a100000, 0x000000008a100000| Untracked 
|  96|0x000000008a200000, 0x000000008a200000, 0x000000008a300000|  0%| F|  |TAMS 0x000000008a200000, 0x000000008a200000| Untracked 
|  97|0x000000008a300000, 0x000000008a3b4bf8, 0x000000008a400000| 70%| S|CS|TAMS 0x000000008a300000, 0x000000008a300000| Complete 
|  98|0x000000008a400000, 0x000000008a500000, 0x000000008a500000|100%| S|CS|TAMS 0x000000008a400000, 0x000000008a400000| Complete 
|  99|0x000000008a500000, 0x000000008a600000, 0x000000008a600000|100%| S|CS|TAMS 0x000000008a500000, 0x000000008a500000| Complete 
| 100|0x000000008a600000, 0x000000008a600000, 0x000000008a700000|  0%| F|  |TAMS 0x000000008a600000, 0x000000008a600000| Untracked 
| 101|0x000000008a700000, 0x000000008a700000, 0x000000008a800000|  0%| F|  |TAMS 0x000000008a700000, 0x000000008a700000| Untracked 
| 102|0x000000008a800000, 0x000000008a800000, 0x000000008a900000|  0%| F|  |TAMS 0x000000008a800000, 0x000000008a800000| Untracked 
| 103|0x000000008a900000, 0x000000008a900000, 0x000000008aa00000|  0%| F|  |TAMS 0x000000008a900000, 0x000000008a900000| Untracked 
| 104|0x000000008aa00000, 0x000000008aa00000, 0x000000008ab00000|  0%| F|  |TAMS 0x000000008aa00000, 0x000000008aa00000| Untracked 
| 105|0x000000008ab00000, 0x000000008ab00000, 0x000000008ac00000|  0%| F|  |TAMS 0x000000008ab00000, 0x000000008ab00000| Untracked 
| 106|0x000000008ac00000, 0x000000008ac00000, 0x000000008ad00000|  0%| F|  |TAMS 0x000000008ac00000, 0x000000008ac00000| Untracked 
| 107|0x000000008ad00000, 0x000000008ad00000, 0x000000008ae00000|  0%| F|  |TAMS 0x000000008ad00000, 0x000000008ad00000| Untracked 
| 108|0x000000008ae00000, 0x000000008ae00000, 0x000000008af00000|  0%| F|  |TAMS 0x000000008ae00000, 0x000000008ae00000| Untracked 
| 109|0x000000008af00000, 0x000000008af00000, 0x000000008b000000|  0%| F|  |TAMS 0x000000008af00000, 0x000000008af00000| Untracked 
| 110|0x000000008b000000, 0x000000008b000000, 0x000000008b100000|  0%| F|  |TAMS 0x000000008b000000, 0x000000008b000000| Untracked 
| 111|0x000000008b100000, 0x000000008b100000, 0x000000008b200000|  0%| F|  |TAMS 0x000000008b100000, 0x000000008b100000| Untracked 
| 112|0x000000008b200000, 0x000000008b200000, 0x000000008b300000|  0%| F|  |TAMS 0x000000008b200000, 0x000000008b200000| Untracked 
| 113|0x000000008b300000, 0x000000008b300000, 0x000000008b400000|  0%| F|  |TAMS 0x000000008b300000, 0x000000008b300000| Untracked 
| 114|0x000000008b400000, 0x000000008b400000, 0x000000008b500000|  0%| F|  |TAMS 0x000000008b400000, 0x000000008b400000| Untracked 
| 115|0x000000008b500000, 0x000000008b500000, 0x000000008b600000|  0%| F|  |TAMS 0x000000008b500000, 0x000000008b500000| Untracked 
| 116|0x000000008b600000, 0x000000008b600000, 0x000000008b700000|  0%| F|  |TAMS 0x000000008b600000, 0x000000008b600000| Untracked 
| 117|0x000000008b700000, 0x000000008b700000, 0x000000008b800000|  0%| F|  |TAMS 0x000000008b700000, 0x000000008b700000| Untracked 
| 118|0x000000008b800000, 0x000000008b800000, 0x000000008b900000|  0%| F|  |TAMS 0x000000008b800000, 0x000000008b800000| Untracked 
| 119|0x000000008b900000, 0x000000008b900000, 0x000000008ba00000|  0%| F|  |TAMS 0x000000008b900000, 0x000000008b900000| Untracked 
| 120|0x000000008ba00000, 0x000000008ba80800, 0x000000008bb00000| 50%| E|  |TAMS 0x000000008ba00000, 0x000000008ba00000| Complete 
| 121|0x000000008bb00000, 0x000000008bc00000, 0x000000008bc00000|100%| E|CS|TAMS 0x000000008bb00000, 0x000000008bb00000| Complete 
| 122|0x000000008bc00000, 0x000000008bd00000, 0x000000008bd00000|100%| E|CS|TAMS 0x000000008bc00000, 0x000000008bc00000| Complete 
| 123|0x000000008bd00000, 0x000000008be00000, 0x000000008be00000|100%| E|CS|TAMS 0x000000008bd00000, 0x000000008bd00000| Complete 
|1980|0x00000000ffe00000, 0x00000000ffe48000, 0x00000000fff00000| 28%|OA|  |TAMS 0x00000000ffe00000, 0x00000000ffe00000| Untracked 
|1981|0x00000000fff00000, 0x00000000fff6c000, 0x0000000100000000| 42%|CA|  |TAMS 0x00000000fff00000, 0x00000000fff00000| Untracked 

Card table byte_map: [0x00007efe648e4000,0x00007efe64cc3000] _byte_map_base: 0x00007efe644c3000

Marking Bits (Prev, Next): (CMBitMap*) 0x00007efe60058758, (CMBitMap*) 0x00007efe60058790
 Prev Bits: [0x00007efe42108000, 0x00007efe44000000)
 Next Bits: [0x00007efe40210000, 0x00007efe42108000)

Polling page: 0x00007efe67755000

Metaspace:

Usage:
  Non-class:      9.18 MB capacity,     8.67 MB ( 94%) used,   503.45 KB (  5%) free+waste,    23.06 KB ( <1%) overhead. 
      Class:      1.14 MB capacity,     1.03 MB ( 90%) used,   106.40 KB (  9%) free+waste,    11.75 KB (  1%) overhead. 
       Both:     10.33 MB capacity,     9.70 MB ( 94%) used,   609.85 KB (  6%) free+waste,    34.81 KB ( <1%) overhead. 

Virtual space:
  Non-class space:       10.00 MB reserved,       9.25 MB ( 92%) committed 
      Class space:        1.00 GB reserved,       1.25 MB ( <1%) committed 
             Both:        1.01 GB reserved,      10.50 MB (  1%) committed 

Chunk freelists:
   Non-Class:  66.00 KB
       Class:  0 bytes
        Both:  66.00 KB

MaxMetaspaceSize: unlimited
CompressedClassSpaceSize: 1.00 GB
Initial GC threshold: 20.80 MB
Current GC threshold: 20.80 MB
CDS: on

CodeHeap 'non-profiled nmethods': size=120032Kb used=415Kb max_used=415Kb free=119616Kb
 bounds [0x00007efe502a3000, 0x00007efe50513000, 0x00007efe577db000]
CodeHeap 'profiled nmethods': size=120028Kb used=2301Kb max_used=2301Kb free=117726Kb
 bounds [0x00007efe48d6c000, 0x00007efe48fdc000, 0x00007efe502a3000]
CodeHeap 'non-nmethods': size=5700Kb used=1182Kb max_used=1224Kb free=4517Kb
 bounds [0x00007efe487db000, 0x00007efe48a4b000, 0x00007efe48d6c000]
 total_blobs=1637 nmethods=1187 adapters=364
 compilation: enabled
              stopped_count=0, restarted_count=0
 full_count=0

Compilation events (20 events):
Event: 0.921 Thread 0x00007efe6013b800 nmethod 1176 0x00007efe48fa6f10 code [0x00007efe48fa7100, 0x00007efe48fa7660]
Event: 0.921 Thread 0x00007efe6013b800 1180       3       jdk.internal.org.objectweb.asm.ClassWriter::visitMethod (20 bytes)
Event: 0.921 Thread 0x00007efe6013b800 nmethod 1180 0x00007efe48fa7810 code [0x00007efe48fa79c0, 0x00007efe48fa7bc0]
Event: 0.922 Thread 0x00007efe6013b800 1181       3       jdk.internal.org.objectweb.asm.MethodWriter::<init> (247 bytes)
Event: 0.922 Thread 0x00007efe1015a000 nmethod 1178 0x00007efe502fac90 code [0x00007efe502fae20, 0x00007efe502fb118]
Event: 0.922 Thread 0x00007efe1015a000 1186       4       java.lang.invoke.LambdaForm$Name::useCount (42 bytes)
Event: 0.922 Thread 0x00007efe6013b800 nmethod 1181 0x00007efe48fa7c90 code [0x00007efe48fa7f40, 0x00007efe48fa8d80]
Event: 0.922 Thread 0x00007efe142fb800 nmethod 1179 0x00007efe502fb190 code [0x00007efe502fb320, 0x00007efe502fb5f8]
Event: 0.922 Thread 0x00007efe142fb800 1182       4       java.lang.invoke.LambdaForm$Name::replaceNames (174 bytes)
Event: 0.922 Thread 0x00007efe6013b800 1184       3       java.util.Arrays::fill (28 bytes)
Event: 0.923 Thread 0x00007efe6013b800 nmethod 1184 0x00007efe48fa9290 code [0x00007efe48fa9460, 0x00007efe48fa9800]
Event: 0.923 Thread 0x00007efe6013b800 1185       3       java.lang.invoke.InvokerBytecodeGenerator::assertStaticType (58 bytes)
Event: 0.923 Thread 0x00007efe6013b800 nmethod 1185 0x00007efe48fa9990 code [0x00007efe48fa9b80, 0x00007efe48faa090]
Event: 0.923 Thread 0x00007efe6013b800 1183       3       java.util.Arrays::rangeCheck (74 bytes)
Event: 0.923 Thread 0x00007efe1015a000 nmethod 1186 0x00007efe502fb790 code [0x00007efe502fb920, 0x00007efe502fba38]
Event: 0.923 Thread 0x00007efe6013b800 nmethod 1183 0x00007efe48faa290 code [0x00007efe48faa560, 0x00007efe48fab200]
Event: 0.937 Thread 0x00007efe1015a000 1187 % !   4       java.util.concurrent.ConcurrentHashMap::transfer @ 372 (828 bytes)
Event: 0.943 Thread 0x00007efe142fb800 nmethod 1182 0x00007efe502fbb10 code [0x00007efe502fbd60, 0x00007efe502fcf30]
Event: 0.957 Thread 0x00007efe1015a000 nmethod 1187% 0x00007efe502fd990 code [0x00007efe502fdb80, 0x00007efe502fefe8]
Event: 0.968 Thread 0x00007efe60139800 nmethod 1017% 0x00007efe502ff790 code [0x00007efe502ffb40, 0x00007efe503075a0]

GC Heap History (2 events):
Event: 0.844 GC heap before
{Heap before GC invocations=0 (full 0):
 garbage-first heap   total 129024K, used 24272K [0x0000000084200000, 0x0000000100000000)
  region size 1024K, 24 young (24576K), 0 survivors (0K)
 Metaspace       used 8828K, capacity 9768K, committed 9984K, reserved 1058816K
  class space    used 935K, capacity 1024K, committed 1024K, reserved 1048576K
}
Event: 0.850 GC heap after
{Heap after GC invocations=1 (full 0):
 garbage-first heap   total 129024K, used 3490K [0x0000000084200000, 0x0000000100000000)
  region size 1024K, 3 young (3072K), 3 survivors (3072K)
 Metaspace       used 8828K, capacity 9768K, committed 9984K, reserved 1058816K
  class space    used 935K, capacity 1024K, committed 1024K, reserved 1048576K
}

Deoptimization events (20 events):
Event: 0.727 Thread 0x00007efe60015800 DEOPT PACKING pc=0x00007efe48f32c77 sp=0x00007efe65eec760
Event: 0.727 Thread 0x00007efe60015800 DEOPT UNPACKING pc=0x00007efe4882564a sp=0x00007efe65eebbd8 mode 0
Event: 0.728 Thread 0x00007efe60015800 DEOPT PACKING pc=0x00007efe48f32c77 sp=0x00007efe65eec8b0
Event: 0.728 Thread 0x00007efe60015800 DEOPT UNPACKING pc=0x00007efe4882564a sp=0x00007efe65eebd28 mode 0
Event: 0.728 Thread 0x00007efe60015800 DEOPT PACKING pc=0x00007efe48f32c77 sp=0x00007efe65eec760
Event: 0.728 Thread 0x00007efe60015800 DEOPT UNPACKING pc=0x00007efe4882564a sp=0x00007efe65eebbd8 mode 0
Event: 0.781 Thread 0x00007efe60015800 Uncommon trap: trap_request=0xffffff4d fr.pc=0x00007efe502e4858 relative=0x00000000000002f8
Event: 0.781 Thread 0x00007efe60015800 Uncommon trap: reason=unstable_if action=reinterpret pc=0x00007efe502e4858 method=java.lang.Integer.parseInt(Ljava/lang/String;I)I @ 119 c2
Event: 0.781 Thread 0x00007efe60015800 DEOPT PACKING pc=0x00007efe502e4858 sp=0x00007efe65eed220
Event: 0.781 Thread 0x00007efe60015800 DEOPT UNPACKING pc=0x00007efe48824ea5 sp=0x00007efe65eed1b8 mode 2
Event: 0.793 Thread 0x00007efe60015800 Uncommon trap: trap_request=0xffffff4d fr.pc=0x00007efe502e502c relative=0x000000000000008c
Event: 0.793 Thread 0x00007efe60015800 Uncommon trap: reason=unstable_if action=reinterpret pc=0x00007efe502e502c method=java.lang.CharacterDataLatin1.digit(II)I @ 7 c2
Event: 0.793 Thread 0x00007efe60015800 DEOPT PACKING pc=0x00007efe502e502c sp=0x00007efe65eed010
Event: 0.793 Thread 0x00007efe60015800 DEOPT UNPACKING pc=0x00007efe48824ea5 sp=0x00007efe65eecef0 mode 2
Event: 0.793 Thread 0x00007efe60015800 Uncommon trap: trap_request=0xffffff4d fr.pc=0x00007efe502e5438 relative=0x0000000000000098
Event: 0.793 Thread 0x00007efe60015800 Uncommon trap: reason=unstable_if action=reinterpret pc=0x00007efe502e5438 method=java.lang.CharacterDataLatin1.digit(II)I @ 7 c2
Event: 0.793 Thread 0x00007efe60015800 DEOPT PACKING pc=0x00007efe502e5438 sp=0x00007efe65eecf70
Event: 0.793 Thread 0x00007efe60015800 DEOPT UNPACKING pc=0x00007efe48824ea5 sp=0x00007efe65eecf10 mode 2
Event: 0.880 Thread 0x00007efe60015800 DEOPT PACKING pc=0x00007efe48dc9cb4 sp=0x00007efe65eecbd0
Event: 0.880 Thread 0x00007efe60015800 DEOPT UNPACKING pc=0x00007efe4882564a sp=0x00007efe65eec108 mode 0

Classes redefined (0 events):
No events

Internal exceptions (10 events):
Event: 0.544 Thread 0x00007efe60015800 Exception <a 'java/lang/NoSuchMethodError'{0x000000008ad893b8}: 'java.lang.Object java.lang.invoke.DirectMethodHandle$Holder.invokeVirtual(java.lang.Object, java.lang.Object, java.lang.Object, java.lang.Object)'> (0x000000008ad893b8) thrown at [./src/hotspot/share/interpreter/linkResolver.cpp, line 772]
Event: 0.559 Thread 0x00007efe60015800 Exception <a 'java/lang/NoSuchMethodError'{0x000000008adf13f8}: 'int java.lang.invoke.DirectMethodHandle$Holder.invokeStaticInit(java.lang.Object, java.lang.Object, java.lang.Object, java.lang.Object)'> (0x000000008adf13f8) thrown at [./src/hotspot/share/interpreter/linkResolver.cpp, line 772]
Event: 0.560 Thread 0x00007efe60015800 Exception <a 'java/lang/IncompatibleClassChangeError'{0x000000008adfac40}: Found class java.lang.Object, but interface was expected> (0x000000008adfac40) thrown at [./src/hotspot/share/interpreter/linkResolver.cpp, line 839]
Event: 0.561 Thread 0x00007efe60015800 Exception <a 'java/lang/NoSuchMethodError'{0x000000008adfdb48}: 'void java.lang.invoke.DirectMethodHandle$Holder.invokeStaticInit(java.lang.Object, java.lang.Object)'> (0x000000008adfdb48) thrown at [./src/hotspot/share/interpreter/linkResolver.cpp, line 772]
Event: 0.561 Thread 0x00007efe60015800 Exception <a 'java/lang/NoSuchMethodError'{0x000000008ac036e0}: 'int java.lang.invoke.DirectMethodHandle$Holder.invokeStaticInit(java.lang.Object, java.lang.Object)'> (0x000000008ac036e0) thrown at [./src/hotspot/share/interpreter/linkResolver.cpp, line 772]
Event: 0.610 Thread 0x00007efe60015800 Exception <a 'java/lang/NoSuchMethodError'{0x000000008ab17628}: 'java.lang.Object java.lang.invoke.DirectMethodHandle$Holder.invokeStaticInit(java.lang.Object, java.lang.Object, java.lang.Object)'> (0x000000008ab17628) thrown at [./src/hotspot/share/interpreter/linkResolver.cpp, line 772]
Event: 0.695 Thread 0x00007efe60015800 Exception <a 'java/lang/NoSuchMethodError'{0x000000008a9c1b70}: 'int java.lang.invoke.DirectMethodHandle$Holder.invokeSpecialIFC(java.lang.Object, java.lang.Object, int)'> (0x000000008a9c1b70) thrown at [./src/hotspot/share/interpreter/linkResolver.cpp, line 772]
Event: 0.907 Thread 0x00007efe60015800 Exception <a 'java/lang/NoSuchMethodError'{0x000000008bc7b480}: 'java.lang.Object java.lang.invoke.DirectMethodHandle$Holder.invokeStatic(java.lang.Object, java.lang.Object, java.lang.Object, java.lang.Object, java.lang.Object, java.lang.Object, java.lang.Object, java.lang.Object, java.lang.Object, java.lang.Object, java.lang.Object, java.lang.Object, java.lang.Object, int)'> (0x000000008bc7b480) thrown at [./src/hotspot/share/interpreter/linkResolver.cpp, line 772]
Event: 0.908 Thread 0x00007efe60015800 Exception <a 'java/lang/NoSuchMethodError'{0x000000008bc88620}: 'java.lang.Object java.lang.invoke.DirectMethodHandle$Holder.invokeStatic(java.lang.Object, java.lang.Object, java.lang.Object, java.lang.Object, java.lang.Object, java.lang.Object, java.lang.Object, java.lang.Object, java.lang.Object, java.lang.Object, java.lang.Object, java.lang.Object, java.lang.Object, int, int)'> (0x000000008bc88620) thrown at [./src/hotspot/share/interpreter/linkResolver.cpp, line 772]
Event: 0.910 Thread 0x00007efe60015800 Exception <a 'java/lang/NoSuchMethodError'{0x000000008bca28c8}: 'java.lang.Object java.lang.invoke.Invokers$Holder.linkToTargetMethod(java.lang.Object, int, java.lang.Object)'> (0x000000008bca28c8) thrown at [./src/hotspot/share/interpreter/linkResolver.cpp, line 772]

Events (20 events):
Event: 0.929 loading class OrderService/OrderService$productHandler done
Event: 0.932 loading class OrderService/OrderService$userPurchasedHandler
Event: 0.932 loading class OrderService/OrderService$userPurchasedHandler done
Event: 0.934 loading class OrderService/OrderService$killHandler
Event: 0.934 loading class OrderService/OrderService$killHandler done
Event: 0.938 Thread 0x00007efe605e6000 Thread added: 0x00007efe605e6000
Event: 0.938 Protecting memory [0x00007efdefd54000,0x00007efdefd58000] with protection modes 0
Event: 0.938 loading class java/util/LinkedList$ListItr
Event: 0.938 loading class java/util/LinkedList$ListItr done
Event: 0.938 Thread 0x00007efe60015800 Thread exited: 0x00007efe60015800
Event: 0.938 Protecting memory [0x00007efe65def000,0x00007efe65df3000] with protection modes 0
Event: 0.938 Thread 0x00007efe60015800 Thread added: 0x00007efe60015800
Event: 0.938 Executing VM operation: RevokeBias
Event: 0.938 Executing VM operation: RevokeBias done
Event: 0.938 loading class java/nio/channels/spi/AbstractSelector$1
Event: 0.938 loading class sun/nio/ch/Interruptible
Event: 0.938 loading class sun/nio/ch/Interruptible done
Event: 0.938 loading class java/nio/channels/spi/AbstractSelector$1 done
Event: 3.211 Thread 0x00007efe18001000 Thread added: 0x00007efe18001000
Event: 3.211 Protecting memory [0x00007efe38701000,0x00007efe38705000] with protection modes 0


Dynamic libraries:
84200000-8be00000 rw-p 00000000 00:00 0 
8be00000-ffe00000 ---p 00000000 00:00 0 
ffe00000-ffe48000 rw-p 00b14000 08:20 31009                              /usr/lib/jvm/java-11-openjdk-amd64/lib/server/classes.jsa
ffe48000-fff00000 rw-p 00000000 00:00 0 
fff00000-fff6c000 rw-p 00aa8000 08:20 31009                              /usr/lib/jvm/java-11-openjdk-amd64/lib/server/classes.jsa
fff6c000-100000000 rw-p 00000000 00:00 0 
800000000-800002000 rwxp 00001000 08:20 31009                            /usr/lib/jvm/java-11-openjdk-amd64/lib/server/classes.jsa
800002000-8003ce000 rw-p 00003000 08:20 31009                            /usr/lib/jvm/java-11-openjdk-amd64/lib/server/classes.jsa
8003ce000-800aa6000 r--p 003cf000 08:20 31009                            /usr/lib/jvm/java-11-openjdk-amd64/lib/server/classes.jsa
800aa6000-800aa7000 rw-p 00aa7000 08:20 31009                            /usr/lib/jvm/java-11-openjdk-amd64/lib/server/classes.jsa
840000000-840140000 rw-p 00000000 00:00 0 
840140000-880000000 ---p 00000000 00:00 0 
55cf2d2c2000-55cf2d2c3000 r--p 00000000 08:20 31789                      /usr/lib/jvm/java-11-openjdk-amd64/bin/java
55cf2d2c3000-55cf2d2c4000 r-xp 00001000 08:20 31789                      /usr/lib/jvm/java-11-openjdk-amd64/bin/java
55cf2d2c4000-55cf2d2c5000 r--p 00002000 08:20 31789                      /usr/lib/jvm/java-11-openjdk-amd64/bin/java
55cf2d2c5000-55cf2d2c6000 r--p 00002000 08:20 31789                      /usr/lib/jvm/java-11-openjdk-amd64/bin/java
55cf2d2c6000-55cf2d2c7000 rw-p 00003000 08:20 31789                      /usr/lib/jvm/java-11-openjdk-amd64/bin/java
55cf2e3ce000-55cf2e410000 rw-p 00000000 00:00 0                          [heap]
7efde0000000-7efde0021000 rw-p 00000000 00:00 0 
7efde0021000-7efde4000000 ---p 00000000 00:00 0 
7efde4000000-7efde4021000 rw-p 00000000 00:00 0 
7efde4021000-7efde8000000 ---p 00000000 00:00 0 
7efde8000000-7efde8021000 rw-p 00000000 00:00 0 
7efde8021000-7efdec000000 ---p 00000000 00:00 0 
7efdefd54000-7efdefd58000 ---p 00000000 00:00 0 
7efdefd58000-7efdefe54000 rw-p 00000000 00:00 0 
7efdf0000000-7efdf0021000 rw-p 00000000 00:00 0 
7efdf0021000-7efdf4000000 ---p 00000000 00:00 0 
7efdf4000000-7efdf4021000 rw-p 00000000 00:00 0 
7efdf4021000-7efdf8000000 ---p 00000000 00:00 0 
7efdf8000000-7efdf838f000 rw-p 00000000 00:00 0 
7efdf838f000-7efdfc000000 ---p 00000000 00:00 0 
7efdfc000000-7efdfc021000 rw-p 00000000 00:00 0 
7efdfc021000-7efe00000000 ---p 00000000 00:00 0 
7efe00000000-7efe00021000 rw-p 00000000 00:00 0 
7efe00021000-7efe04000000 ---p 00000000 00:00 0 
7efe04000000-7efe0439a000 rw-p 00000000 00:00 0 
7efe0439a000-7efe08000000 ---p 00000000 00:00 0 
7efe08000000-7efe08021000 rw-p 00000000 00:00 0 
7efe08021000-7efe0c000000 ---p 00000000 00:00 0 
7efe0c000000-7efe0c021000 rw-p 00000000 00:00 0 
7efe0c021000-7efe10000000 ---p 00000000 00:00 0 
7efe10000000-7efe10acc000 rw-p 00000000 00:00 0 
7efe10acc000-7efe14000000 ---p 00000000 00:00 0 
7efe14000000-7efe144ec000 rw-p 00000000 00:00 0 
7efe144ec000-7efe18000000 ---p 00000000 00:00 0 
7efe18000000-7efe18021000 rw-p 00000000 00:00 0 
7efe18021000-7efe1c000000 ---p 00000000 00:00 0 
7efe1c000000-7efe1c021000 rw-p 00000000 00:00 0 
7efe1c021000-7efe20000000 ---p 00000000 00:00 0 
7efe20000000-7efe20021000 rw-p 00000000 00:00 0 
7efe20021000-7efe24000000 ---p 00000000 00:00 0 
7efe24000000-7efe24021000 rw-p 00000000 00:00 0 
7efe24021000-7efe28000000 ---p 00000000 00:00 0 
7efe28000000-7efe28021000 rw-p 00000000 00:00 0 
7efe28021000-7efe2c000000 ---p 00000000 00:00 0 
7efe2c000000-7efe2c066000 rw-p 00000000 00:00 0 
7efe2c066000-7efe30000000 ---p 00000000 00:00 0 
7efe30000000-7efe30021000 rw-p 00000000 00:00 0 
7efe30021000-7efe34000000 ---p 00000000 00:00 0 
7efe34000000-7efe34021000 rw-p 00000000 00:00 0 
7efe34021000-7efe38000000 ---p 00000000 00:00 0 
7efe380f5000-7efe380f6000 ---p 00000000 00:00 0 
7efe380f6000-7efe381f6000 rw-p 00000000 00:00 0 
7efe381f6000-7efe381f7000 ---p 00000000 00:00 0 
7efe381f7000-7efe382f7000 rw-p 00000000 00:00 0 
7efe38395000-7efe38399000 ---p 00000000 00:00 0 
7efe38399000-7efe38495000 rw-p 00000000 00:00 0 
7efe38495000-7efe38499000 ---p 00000000 00:00 0 
7efe38499000-7efe38595000 rw-p 00000000 00:00 0 
7efe38701000-7efe38705000 ---p 00000000 00:00 0 
7efe38705000-7efe38941000 rw-p 00000000 00:00 0 
7efe38941000-7efe38a01000 ---p 00000000 00:00 0 
7efe38a01000-7efe38a05000 ---p 00000000 00:00 0 
7efe38a05000-7efe38b01000 rw-p 00000000 00:00 0 
7efe38b01000-7efe38b05000 ---p 00000000 00:00 0 
7efe38b05000-7efe38c01000 rw-p 00000000 00:00 0 
7efe38c01000-7efe38c09000 r--p 00000000 08:20 31863                      /usr/lib/jvm/java-11-openjdk-amd64/lib/libsunec.so
7efe38c09000-7efe38c22000 r-xp 00008000 08:20 31863                      /usr/lib/jvm/java-11-openjdk-amd64/lib/libsunec.so
7efe38c22000-7efe38c2c000 r--p 00021000 08:20 31863                      /usr/lib/jvm/java-11-openjdk-amd64/lib/libsunec.so
7efe38c2c000-7efe38c2d000 ---p 0002b000 08:20 31863                      /usr/lib/jvm/java-11-openjdk-amd64/lib/libsunec.so
7efe38c2d000-7efe38c31000 r--p 0002b000 08:20 31863                      /usr/lib/jvm/java-11-openjdk-amd64/lib/libsunec.so
7efe38c31000-7efe38c33000 rw-p 0002f000 08:20 31863                      /usr/lib/jvm/java-11-openjdk-amd64/lib/libsunec.so
7efe38c33000-7efe38c64000 rw-p 00000000 00:00 0 
7efe38c64000-7efe38c68000 r--p 00000000 08:20 31857                      /usr/lib/jvm/java-11-openjdk-amd64/lib/libnet.so
7efe38c68000-7efe38c76000 r-xp 00004000 08:20 31857                      /usr/lib/jvm/java-11-openjdk-amd64/lib/libnet.so
7efe38c76000-7efe38c7a000 r--p 00012000 08:20 31857                      /usr/lib/jvm/java-11-openjdk-amd64/lib/libnet.so
7efe38c7a000-7efe38c7b000 r--p 00015000 08:20 31857                      /usr/lib/jvm/java-11-openjdk-amd64/lib/libnet.so
7efe38c7b000-7efe38c7c000 rw-p 00016000 08:20 31857                      /usr/lib/jvm/java-11-openjdk-amd64/lib/libnet.so
7efe38c7c000-7efe38c80000 ---p 00000000 00:00 0 
7efe38c80000-7efe38d7c000 rw-p 00000000 00:00 0 
7efe38d7c000-7efe38d7d000 ---p 00000000 00:00 0 
7efe38d7d000-7efe38e7d000 rw-p 00000000 00:00 0 
7efe38e7d000-7efe38e81000 ---p 00000000 00:00 0 
7efe38e81000-7efe38f7d000 rw-p 00000000 00:00 0 
7efe38f7d000-7efe38f81000 ---p 00000000 00:00 0 
7efe38f81000-7efe3907d000 rw-p 00000000 00:00 0 
7efe3907d000-7efe39081000 ---p 00000000 00:00 0 
7efe39081000-7efe3917d000 rw-p 00000000 00:00 0 
7efe3917d000-7efe39181000 ---p 00000000 00:00 0 
7efe39181000-7efe3927d000 rw-p 00000000 00:00 0 
7efe3927d000-7efe39281000 ---p 00000000 00:00 0 
7efe39281000-7efe3937d000 rw-p 00000000 00:00 0 
7efe3937d000-7efe39381000 ---p 00000000 00:00 0 
7efe39381000-7efe3947d000 rw-p 00000000 00:00 0 
7efe3947d000-7efe39481000 ---p 00000000 00:00 0 
7efe39481000-7efe3957d000 rw-p 00000000 00:00 0 
7efe3957d000-7efe3957e000 ---p 00000000 00:00 0 
7efe3957e000-7efe39eff000 rw-p 00000000 00:00 0 
7efe39eff000-7efe39f00000 ---p 00000000 00:00 0 
7efe39f00000-7efe3c000000 rw-p 00000000 00:00 0 
7efe3c000000-7efe3c021000 rw-p 00000000 00:00 0 
7efe3c021000-7efe40000000 ---p 00000000 00:00 0 
7efe4000e000-7efe4000f000 ---p 00000000 00:00 0 
7efe4000f000-7efe40400000 rw-p 00000000 00:00 0 
7efe40400000-7efe42100000 ---p 00000000 00:00 0 
7efe42100000-7efe422f8000 rw-p 00000000 00:00 0 
7efe422f8000-7efe43ff8000 ---p 00000000 00:00 0 
7efe43ff8000-7efe44000000 rw-p 00000000 00:00 0 
7efe44000000-7efe44021000 rw-p 00000000 00:00 0 
7efe44021000-7efe48000000 ---p 00000000 00:00 0 
7efe48005000-7efe48007000 r--p 00000000 08:20 31855                      /usr/lib/jvm/java-11-openjdk-amd64/lib/libmanagement_ext.so
7efe48007000-7efe4800a000 r-xp 00002000 08:20 31855                      /usr/lib/jvm/java-11-openjdk-amd64/lib/libmanagement_ext.so
7efe4800a000-7efe4800c000 r--p 00005000 08:20 31855                      /usr/lib/jvm/java-11-openjdk-amd64/lib/libmanagement_ext.so
7efe4800c000-7efe4800d000 r--p 00006000 08:20 31855                      /usr/lib/jvm/java-11-openjdk-amd64/lib/libmanagement_ext.so
7efe4800d000-7efe4800e000 rw-p 00007000 08:20 31855                      /usr/lib/jvm/java-11-openjdk-amd64/lib/libmanagement_ext.so
7efe4800e000-7efe48015000 r--p 00000000 08:20 31858                      /usr/lib/jvm/java-11-openjdk-amd64/lib/libnio.so
7efe48015000-7efe4801d000 r-xp 00007000 08:20 31858                      /usr/lib/jvm/java-11-openjdk-amd64/lib/libnio.so
7efe4801d000-7efe48020000 r--p 0000f000 08:20 31858                      /usr/lib/jvm/java-11-openjdk-amd64/lib/libnio.so
7efe48020000-7efe48021000 r--p 00011000 08:20 31858                      /usr/lib/jvm/java-11-openjdk-amd64/lib/libnio.so
7efe48021000-7efe48022000 rw-p 00012000 08:20 31858                      /usr/lib/jvm/java-11-openjdk-amd64/lib/libnio.so
7efe48022000-7efe48079000 r--p 00000000 08:20 6538                       /usr/lib/locale/C.utf8/LC_CTYPE
7efe48079000-7efe487db000 rw-p 00000000 00:00 0 
7efe487db000-7efe48a4b000 rwxp 00000000 00:00 0 
7efe48a4b000-7efe48d6c000 ---p 00000000 00:00 0 
7efe48d6c000-7efe48fdc000 rwxp 00000000 00:00 0 
7efe48fdc000-7efe502a3000 ---p 00000000 00:00 0 
7efe502a3000-7efe50513000 rwxp 00000000 00:00 0 
7efe50513000-7efe577db000 ---p 00000000 00:00 0 
7efe577db000-7efe60000000 r--s 00000000 08:20 31867                      /usr/lib/jvm/java-11-openjdk-amd64/lib/modules
7efe60000000-7efe605e9000 rw-p 00000000 00:00 0 
7efe605e9000-7efe64000000 ---p 00000000 00:00 0 
7efe64000000-7efe64003000 r--p 00000000 08:20 31853                      /usr/lib/jvm/java-11-openjdk-amd64/lib/libmanagement.so
7efe64003000-7efe64004000 r-xp 00003000 08:20 31853                      /usr/lib/jvm/java-11-openjdk-amd64/lib/libmanagement.so
7efe64004000-7efe64005000 r--p 00004000 08:20 31853                      /usr/lib/jvm/java-11-openjdk-amd64/lib/libmanagement.so
7efe64005000-7efe64006000 r--p 00004000 08:20 31853                      /usr/lib/jvm/java-11-openjdk-amd64/lib/libmanagement.so
7efe64006000-7efe64007000 rw-p 00005000 08:20 31853                      /usr/lib/jvm/java-11-openjdk-amd64/lib/libmanagement.so
7efe64007000-7efe64008000 r--p 00000000 08:20 31839                      /usr/lib/jvm/java-11-openjdk-amd64/lib/libextnet.so
7efe64008000-7efe64009000 r-xp 00001000 08:20 31839                      /usr/lib/jvm/java-11-openjdk-amd64/lib/libextnet.so
7efe64009000-7efe6400a000 r--p 00002000 08:20 31839                      /usr/lib/jvm/java-11-openjdk-amd64/lib/libextnet.so
7efe6400a000-7efe6400b000 r--p 00002000 08:20 31839                      /usr/lib/jvm/java-11-openjdk-amd64/lib/libextnet.so
7efe6400b000-7efe6400c000 rw-p 00003000 08:20 31839                      /usr/lib/jvm/java-11-openjdk-amd64/lib/libextnet.so
7efe6400c000-7efe6400d000 r--p 00000000 08:20 6544                       /usr/lib/locale/C.utf8/LC_NUMERIC
7efe6400d000-7efe6400e000 r--p 00000000 08:20 6547                       /usr/lib/locale/C.utf8/LC_TIME
7efe6400e000-7efe6400f000 r--p 00000000 08:20 6537                       /usr/lib/locale/C.utf8/LC_COLLATE
7efe6400f000-7efe64010000 r--p 00000000 08:20 6542                       /usr/lib/locale/C.utf8/LC_MONETARY
7efe64010000-7efe64017000 r--s 00000000 08:20 33212                      /usr/lib/x86_64-linux-gnu/gconv/gconv-modules.cache
7efe64017000-7efe64283000 rw-p 00000000 00:00 0 
7efe64283000-7efe64284000 ---p 00000000 00:00 0 
7efe64284000-7efe64384000 rw-p 00000000 00:00 0 
7efe64384000-7efe64385000 ---p 00000000 00:00 0 
7efe64385000-7efe64543000 rw-p 00000000 00:00 0 
7efe64543000-7efe648e3000 ---p 00000000 00:00 0 
7efe648e3000-7efe64922000 rw-p 00000000 00:00 0 
7efe64922000-7efe64cc2000 ---p 00000000 00:00 0 
7efe64cc2000-7efe64d01000 rw-p 00000000 00:00 0 
7efe64d01000-7efe650a1000 ---p 00000000 00:00 0 
7efe650a1000-7efe65aac000 rw-p 00000000 00:00 0 
7efe65aac000-7efe65aad000 ---p 00000000 00:00 0 
7efe65aad000-7efe65bb2000 rw-p 00000000 00:00 0 
7efe65bb2000-7efe65c98000 ---p 00000000 00:00 0 
7efe65c98000-7efe65c9d000 rw-p 00000000 00:00 0 
7efe65c9d000-7efe65d83000 ---p 00000000 00:00 0 
7efe65d83000-7efe65d88000 rw-p 00000000 00:00 0 
7efe65d88000-7efe65d8f000 ---p 00000000 00:00 0 
7efe65d8f000-7efe65d91000 r--p 00000000 08:20 31866                      /usr/lib/jvm/java-11-openjdk-amd64/lib/libzip.so
7efe65d91000-7efe65d96000 r-xp 00002000 08:20 31866                      /usr/lib/jvm/java-11-openjdk-amd64/lib/libzip.so
7efe65d96000-7efe65d98000 r--p 00007000 08:20 31866                      /usr/lib/jvm/java-11-openjdk-amd64/lib/libzip.so
7efe65d98000-7efe65d99000 r--p 00008000 08:20 31866                      /usr/lib/jvm/java-11-openjdk-amd64/lib/libzip.so
7efe65d99000-7efe65d9a000 rw-p 00009000 08:20 31866                      /usr/lib/jvm/java-11-openjdk-amd64/lib/libzip.so
7efe65d9a000-7efe65da2000 rw-s 00000000 08:20 5059                       /tmp/hsperfdata_masa/37381
7efe65da2000-7efe65da4000 r--p 00000000 08:20 31849                      /usr/lib/jvm/java-11-openjdk-amd64/lib/libjimage.so
7efe65da4000-7efe65da7000 r-xp 00002000 08:20 31849                      /usr/lib/jvm/java-11-openjdk-amd64/lib/libjimage.so
7efe65da7000-7efe65da8000 r--p 00005000 08:20 31849                      /usr/lib/jvm/java-11-openjdk-amd64/lib/libjimage.so
7efe65da8000-7efe65da9000 ---p 00006000 08:20 31849                      /usr/lib/jvm/java-11-openjdk-amd64/lib/libjimage.so
7efe65da9000-7efe65daa000 r--p 00006000 08:20 31849                      /usr/lib/jvm/java-11-openjdk-amd64/lib/libjimage.so
7efe65daa000-7efe65dab000 rw-p 00007000 08:20 31849                      /usr/lib/jvm/java-11-openjdk-amd64/lib/libjimage.so
7efe65dab000-7efe65db9000 r--p 00000000 08:20 31846                      /usr/lib/jvm/java-11-openjdk-amd64/lib/libjava.so
7efe65db9000-7efe65dcf000 r-xp 0000e000 08:20 31846                      /usr/lib/jvm/java-11-openjdk-amd64/lib/libjava.so
7efe65dcf000-7efe65dd6000 r--p 00024000 08:20 31846                      /usr/lib/jvm/java-11-openjdk-amd64/lib/libjava.so
7efe65dd6000-7efe65dd7000 r--p 0002a000 08:20 31846                      /usr/lib/jvm/java-11-openjdk-amd64/lib/libjava.so
7efe65dd7000-7efe65dd8000 rw-p 0002b000 08:20 31846                      /usr/lib/jvm/java-11-openjdk-amd64/lib/libjava.so
7efe65dd8000-7efe65dd9000 rw-p 00000000 00:00 0 
7efe65dd9000-7efe65dde000 r--p 00000000 08:20 31865                      /usr/lib/jvm/java-11-openjdk-amd64/lib/libverify.so
7efe65dde000-7efe65de5000 r-xp 00005000 08:20 31865                      /usr/lib/jvm/java-11-openjdk-amd64/lib/libverify.so
7efe65de5000-7efe65de7000 r--p 0000c000 08:20 31865                      /usr/lib/jvm/java-11-openjdk-amd64/lib/libverify.so
7efe65de7000-7efe65de9000 r--p 0000d000 08:20 31865                      /usr/lib/jvm/java-11-openjdk-amd64/lib/libverify.so
7efe65de9000-7efe65dea000 rw-p 0000f000 08:20 31865                      /usr/lib/jvm/java-11-openjdk-amd64/lib/libverify.so
7efe65dea000-7efe65deb000 r--p 00000000 08:20 32383                      /usr/lib/x86_64-linux-gnu/librt.so.1
7efe65deb000-7efe65dec000 r-xp 00001000 08:20 32383                      /usr/lib/x86_64-linux-gnu/librt.so.1
7efe65dec000-7efe65ded000 r--p 00002000 08:20 32383                      /usr/lib/x86_64-linux-gnu/librt.so.1
7efe65ded000-7efe65dee000 r--p 00002000 08:20 32383                      /usr/lib/x86_64-linux-gnu/librt.so.1
7efe65dee000-7efe65def000 rw-p 00003000 08:20 32383                      /usr/lib/x86_64-linux-gnu/librt.so.1
7efe65def000-7efe65df3000 ---p 00000000 00:00 0 
7efe65df3000-7efe65eef000 rw-p 00000000 00:00 0 
7efe65eef000-7efe65ef2000 r--p 00000000 08:20 6709                       /usr/lib/x86_64-linux-gnu/libgcc_s.so.1
7efe65ef2000-7efe65f09000 r-xp 00003000 08:20 6709                       /usr/lib/x86_64-linux-gnu/libgcc_s.so.1
7efe65f09000-7efe65f0d000 r--p 0001a000 08:20 6709                       /usr/lib/x86_64-linux-gnu/libgcc_s.so.1
7efe65f0d000-7efe65f0e000 r--p 0001d000 08:20 6709                       /usr/lib/x86_64-linux-gnu/libgcc_s.so.1
7efe65f0e000-7efe65f0f000 rw-p 0001e000 08:20 6709                       /usr/lib/x86_64-linux-gnu/libgcc_s.so.1
7efe65f0f000-7efe65f1d000 r--p 00000000 08:20 32259                      /usr/lib/x86_64-linux-gnu/libm.so.6
7efe65f1d000-7efe65f99000 r-xp 0000e000 08:20 32259                      /usr/lib/x86_64-linux-gnu/libm.so.6
7efe65f99000-7efe65ff4000 r--p 0008a000 08:20 32259                      /usr/lib/x86_64-linux-gnu/libm.so.6
7efe65ff4000-7efe65ff5000 r--p 000e4000 08:20 32259                      /usr/lib/x86_64-linux-gnu/libm.so.6
7efe65ff5000-7efe65ff6000 rw-p 000e5000 08:20 32259                      /usr/lib/x86_64-linux-gnu/libm.so.6
7efe65ff6000-7efe66090000 r--p 00000000 08:20 6947                       /usr/lib/x86_64-linux-gnu/libstdc++.so.6.0.30
7efe66090000-7efe661a1000 r-xp 0009a000 08:20 6947                       /usr/lib/x86_64-linux-gnu/libstdc++.so.6.0.30
7efe661a1000-7efe66210000 r--p 001ab000 08:20 6947                       /usr/lib/x86_64-linux-gnu/libstdc++.so.6.0.30
7efe66210000-7efe66211000 ---p 0021a000 08:20 6947                       /usr/lib/x86_64-linux-gnu/libstdc++.so.6.0.30
7efe66211000-7efe6621c000 r--p 0021a000 08:20 6947                       /usr/lib/x86_64-linux-gnu/libstdc++.so.6.0.30
7efe6621c000-7efe6621f000 rw-p 00225000 08:20 6947                       /usr/lib/x86_64-linux-gnu/libstdc++.so.6.0.30
7efe6621f000-7efe66222000 rw-p 00000000 00:00 0 
7efe66222000-7efe664a4000 r--p 00000000 08:20 31870                      /usr/lib/jvm/java-11-openjdk-amd64/lib/server/libjvm.so
7efe664a4000-7efe67142000 r-xp 00282000 08:20 31870                      /usr/lib/jvm/java-11-openjdk-amd64/lib/server/libjvm.so
7efe67142000-7efe6739e000 r--p 00f20000 08:20 31870                      /usr/lib/jvm/java-11-openjdk-amd64/lib/server/libjvm.so
7efe6739e000-7efe67462000 r--p 0117b000 08:20 31870                      /usr/lib/jvm/java-11-openjdk-amd64/lib/server/libjvm.so
7efe67462000-7efe6749d000 rw-p 0123f000 08:20 31870                      /usr/lib/jvm/java-11-openjdk-amd64/lib/server/libjvm.so
7efe6749d000-7efe674f7000 rw-p 00000000 00:00 0 
7efe674f7000-7efe6751f000 r--p 00000000 08:20 32240                      /usr/lib/x86_64-linux-gnu/libc.so.6
7efe6751f000-7efe676b4000 r-xp 00028000 08:20 32240                      /usr/lib/x86_64-linux-gnu/libc.so.6
7efe676b4000-7efe6770c000 r--p 001bd000 08:20 32240                      /usr/lib/x86_64-linux-gnu/libc.so.6
7efe6770c000-7efe6770d000 ---p 00215000 08:20 32240                      /usr/lib/x86_64-linux-gnu/libc.so.6
7efe6770d000-7efe67711000 r--p 00215000 08:20 32240                      /usr/lib/x86_64-linux-gnu/libc.so.6
7efe67711000-7efe67713000 rw-p 00219000 08:20 32240                      /usr/lib/x86_64-linux-gnu/libc.so.6
7efe67713000-7efe67720000 rw-p 00000000 00:00 0 
7efe67720000-7efe67723000 r--p 00000000 08:20 31831                      /usr/lib/jvm/java-11-openjdk-amd64/lib/jli/libjli.so
7efe67723000-7efe6772d000 r-xp 00003000 08:20 31831                      /usr/lib/jvm/java-11-openjdk-amd64/lib/jli/libjli.so
7efe6772d000-7efe67730000 r--p 0000d000 08:20 31831                      /usr/lib/jvm/java-11-openjdk-amd64/lib/jli/libjli.so
7efe67730000-7efe67731000 ---p 00010000 08:20 31831                      /usr/lib/jvm/java-11-openjdk-amd64/lib/jli/libjli.so
7efe67731000-7efe67732000 r--p 00010000 08:20 31831                      /usr/lib/jvm/java-11-openjdk-amd64/lib/jli/libjli.so
7efe67732000-7efe67733000 rw-p 00011000 08:20 31831                      /usr/lib/jvm/java-11-openjdk-amd64/lib/jli/libjli.so
7efe67733000-7efe67735000 r--p 00000000 08:20 6997                       /usr/lib/x86_64-linux-gnu/libz.so.1.2.11
7efe67735000-7efe67746000 r-xp 00002000 08:20 6997                       /usr/lib/x86_64-linux-gnu/libz.so.1.2.11
7efe67746000-7efe6774c000 r--p 00013000 08:20 6997                       /usr/lib/x86_64-linux-gnu/libz.so.1.2.11
7efe6774c000-7efe6774d000 ---p 00019000 08:20 6997                       /usr/lib/x86_64-linux-gnu/libz.so.1.2.11
7efe6774d000-7efe6774e000 r--p 00019000 08:20 6997                       /usr/lib/x86_64-linux-gnu/libz.so.1.2.11
7efe6774e000-7efe6774f000 rw-p 0001a000 08:20 6997                       /usr/lib/x86_64-linux-gnu/libz.so.1.2.11
7efe6774f000-7efe67750000 r--p 00000000 08:20 6541                       /usr/lib/locale/C.utf8/LC_MESSAGES/SYS_LC_MESSAGES
7efe67750000-7efe67751000 r--p 00000000 08:20 6545                       /usr/lib/locale/C.utf8/LC_PAPER
7efe67751000-7efe67752000 r--p 00000000 08:20 6543                       /usr/lib/locale/C.utf8/LC_NAME
7efe67752000-7efe67753000 r--p 00000000 08:20 6536                       /usr/lib/locale/C.utf8/LC_ADDRESS
7efe67753000-7efe67754000 r--p 00000000 08:20 6546                       /usr/lib/locale/C.utf8/LC_TELEPHONE
7efe67754000-7efe67755000 r--p 00000000 08:20 6540                       /usr/lib/locale/C.utf8/LC_MEASUREMENT
7efe67755000-7efe67756000 ---p 00000000 00:00 0 
7efe67756000-7efe67757000 r--p 00000000 00:00 0 
7efe67757000-7efe67759000 rw-p 00000000 00:00 0 
7efe67759000-7efe6775b000 r--p 00000000 08:20 31651                      /usr/lib/x86_64-linux-gnu/ld-linux-x86-64.so.2
7efe6775b000-7efe67785000 r-xp 00002000 08:20 31651                      /usr/lib/x86_64-linux-gnu/ld-linux-x86-64.so.2
7efe67785000-7efe67790000 r--p 0002c000 08:20 31651                      /usr/lib/x86_64-linux-gnu/ld-linux-x86-64.so.2
7efe67790000-7efe67791000 r--p 00000000 08:20 6539                       /usr/lib/locale/C.utf8/LC_IDENTIFICATION
7efe67791000-7efe67793000 r--p 00037000 08:20 31651                      /usr/lib/x86_64-linux-gnu/ld-linux-x86-64.so.2
7efe67793000-7efe67795000 rw-p 00039000 08:20 31651                      /usr/lib/x86_64-linux-gnu/ld-linux-x86-64.so.2
7fff4ce86000-7fff4cea7000 rw-p 00000000 00:00 0                          [stack]
7fff4cf6f000-7fff4cf73000 r--p 00000000 00:00 0                          [vvar]
7fff4cf73000-7fff4cf75000 r-xp 00000000 00:00 0                          [vdso]

VM Arguments:
java_command: OrderService.OrderService
java_class_path (initial): .:./OrderService/jackson-annotations-2.16.1.jar:./OrderService/jackson-core-2.16.1.jar:./OrderService/jackson-databind-2.16.1.jar:./OrderService/postgresql-42.7.2.jar
Launcher Type: SUN_STANDARD

Logging:
Available log levels: off, trace, debug, info, warning, error
Available log decorators: time (t), utctime (utc), uptime (u), timemillis (tm), uptimemillis (um), timenanos (tn), uptimenanos (un), hostname (hn), pid (p), tid (ti), level (l), tags (tg)
Available log tags: add, age, alloc, annotation, aot, arguments, attach, barrier, biasedlocking, blocks, bot, breakpoint, bytecode, cds, census, class, classhisto, cleanup, codecache, compaction, compilation, constantpool, constraints, container, coops, cpu, cset, data, datacreation, dcmd, decoder, defaultmethods, director, dump, ergo, event, exceptions, exit, fingerprint, free, freelist, gc, handshake, hashtables, heap, humongous, ihop, iklass, init, inlining, interpreter, itables, jfr, jit, jni, jvmti, liveness, load, loader, logging, malloc, mark, marking, membername, memops, metadata, metaspace, methodcomparator, mirror, mmu, module, monitorinflation, monitormismatch, nestmates, nmethod, normalize, objecttagging, obsolete, oldobject, oom, oopmap, oops, oopstorage, os, pagesize, parser, patch, path, perf, phases, plab, preorder, preview, promotion, protectiondomain, purge, redefine, ref, refine, region, reloc, remset, resolve, safepoint, sampling, scavenge, setting, smr, stackmap, stacktrace, stackwalk, start, startuptime, state, stats, stringdedup, stringtable, subclass, survivor, sweep, system, table, task, thread, time, timer, tlab, tracking, unload, unshareable, update, verification, verify, vmoperation, vmthread, vtables, vtablestubs, workgang
Described tag sets:
 logging: Logging for the log framework itself
Log output configuration:
 #0: stdout all=warning uptime,level,tags
 #1: stderr all=off uptime,level,tags

Environment Variables:
PATH=/usr/local/sbin:/usr/local/bin:/usr/sbin:/usr/bin:/sbin:/bin:/usr/games:/usr/local/games:/usr/lib/wsl/lib:/mnt/c/Program Files (x86)/Common Files/Oracle/Java/javapath:/mnt/c/Program Files/Eclipse Adoptium/jdk-21.0.1.12-hotspot/bin:/mnt/c/Program Files (x86)/Razer/ChromaBroadcast/bin:/mnt/c/Program Files/Razer/ChromaBroadcast/bin:/mnt/c/Program Files/Python312/Scripts/:/mnt/c/Program Files/Python312/:/mnt/c/Windows/system32:/mnt/c/Windows:/mnt/c/Windows/System32/Wbem:/mnt/c/Windows/System32/WindowsPowerShell/v1.0/:/mnt/c/Windows/System32/OpenSSH/:/mnt/c/Program Files/Microsoft VS Code/bin:/mnt/c/Program Files/Git/cmd:/mnt/c/Program Files/NVIDIA Corporation/NVIDIA NvDLISR:/mnt/c/Program Files (x86)/NVIDIA Corporation/PhysX/Common:/mnt/c/Program Files/nodejs/:/mnt/c/Program Files/dotnet/:/mnt/c/Windows/system32/config/systemprofile/AppData/Local/Microsoft/WindowsApps:/Docker/host/bin:/mnt/c/Users/faisa/AppData/Local/Microsoft/WindowsApps:/mnt/c/Users/faisa/AppData/Roaming/npm
SHELL=/bin/bash
DISPLAY=:0
HOSTTYPE=x86_64
LANG=C.UTF-8
TERM=xterm-256color

Signal Handlers:
SIGSEGV: [libjvm.so+0xbefa50], sa_mask[0]=11111111011111111101111111111110, sa_flags=SA_RESTART|SA_SIGINFO
SIGBUS: [libjvm.so+0xbefa50], sa_mask[0]=11111111011111111101111111111110, sa_flags=SA_RESTART|SA_SIGINFO
SIGFPE: [libjvm.so+0xbefa50], sa_mask[0]=11111111011111111101111111111110, sa_flags=SA_RESTART|SA_SIGINFO
SIGPIPE: [libjvm.so+0xbefa50], sa_mask[0]=11111111011111111101111111111110, sa_flags=SA_RESTART|SA_SIGINFO
SIGXFSZ: [libjvm.so+0xbefa50], sa_mask[0]=11111111011111111101111111111110, sa_flags=SA_RESTART|SA_SIGINFO
SIGILL: [libjvm.so+0xbefa50], sa_mask[0]=11111111011111111101111111111110, sa_flags=SA_RESTART|SA_SIGINFO
SIGUSR2: [libjvm.so+0xbef8f0], sa_mask[0]=00000000000000000000000000000000, sa_flags=SA_RESTART|SA_SIGINFO
SIGHUP: SIG_IGN, sa_mask[0]=00000000000000000000000000000000, sa_flags=none
SIGINT: SIG_IGN, sa_mask[0]=00000000000000000000000000000000, sa_flags=none
SIGTERM: [libjvm.so+0xbf00b0], sa_mask[0]=11111111011111111101111111111110, sa_flags=SA_RESTART|SA_SIGINFO
SIGQUIT: [libjvm.so+0xbf00b0], sa_mask[0]=11111111011111111101111111111110, sa_flags=SA_RESTART|SA_SIGINFO


---------------  S Y S T E M  ---------------

OS:DISTRIB_ID=Ubuntu
DISTRIB_RELEASE=22.04
DISTRIB_CODENAME=jammy
DISTRIB_DESCRIPTION="Ubuntu 22.04.3 LTS"
uname:Linux 5.15.146.1-microsoft-standard-WSL2 #1 SMP Thu Jan 11 04:09:03 UTC 2024 x86_64
OS uptime: 0 days 1:56 hours
libc:glibc 2.35 NPTL 2.35 
rlimit (soft/hard): STACK 8192k/infinity , CORE 0k/infinity , NPROC 31659/31659 , NOFILE 1048576/1048576 , AS infinity/infinity , CPU infinity/infinity , DATA infinity/infinity , FSIZE infinity/infinity , MEMLOCK 65536k/65536k
load average:0.06 0.14 0.09

/proc/meminfo:
MemTotal:        8111348 kB
MemFree:         4625700 kB
MemAvailable:    6327240 kB
Buffers:           71060 kB
Cached:          1842588 kB
SwapCached:            0 kB
Active:           515556 kB
Inactive:        2486996 kB
Active(anon):      15468 kB
Inactive(anon):  1099892 kB
Active(file):     500088 kB
Inactive(file):  1387104 kB
Unevictable:           0 kB
Mlocked:               0 kB
SwapTotal:       2097152 kB
SwapFree:        2097152 kB
Dirty:               252 kB
Writeback:             0 kB
AnonPages:       1062868 kB
Mapped:           624156 kB
Shmem:             26456 kB
KReclaimable:      61100 kB
Slab:             142680 kB
SReclaimable:      61100 kB
SUnreclaim:        81580 kB
KernelStack:       16364 kB
PageTables:        16432 kB
NFS_Unstable:          0 kB
Bounce:                0 kB
WritebackTmp:          0 kB
CommitLimit:     6152824 kB
Committed_AS:    5270400 kB
VmallocTotal:   34359738367 kB
VmallocUsed:       39520 kB
VmallocChunk:          0 kB
Percpu:             9856 kB
AnonHugePages:    530432 kB
ShmemHugePages:        0 kB
ShmemPmdMapped:        0 kB
FileHugePages:         0 kB
FilePmdMapped:         0 kB
HugePages_Total:       0
HugePages_Free:        0
HugePages_Rsvd:        0
HugePages_Surp:        0
Hugepagesize:       2048 kB
Hugetlb:               0 kB
DirectMap4k:      125952 kB
DirectMap2M:     7188480 kB
DirectMap1G:    10485760 kB

/sys/kernel/mm/transparent_hugepage/enabled:
[always] madvise never
/sys/kernel/mm/transparent_hugepage/defrag (defrag/compaction efforts parameter):
always defer defer+madvise [madvise] never

Process Memory:
Virtual Size: 5241440K (peak: 13467908K)
Resident Set Size: 109132K (peak: 112176K) (anon: 80708K, file: 28424K, shmem: 0K)
Swapped out: 0K
C-Heap outstanding allocations: 47539K, retained: 7048K
glibc malloc tunables: (default)

/proc/sys/kernel/threads-max (system-wide limit on the number of threads):
63319
/proc/sys/vm/max_map_count (maximum number of memory map areas a process may have):
262144
/proc/sys/kernel/pid_max (system-wide limit on number of process identifiers):
99999

container (cgroup) information:
container_type: cgroupv1
cpu_cpuset_cpus: 0-11
cpu_memory_nodes: 0
active_processor_count: 12
cpu_quota: no quota
cpu_period: 100000
cpu_shares: no shares
memory_limit_in_bytes: unlimited
memory_and_swap_limit_in_bytes: unlimited
memory_soft_limit_in_bytes: unlimited
memory_usage_in_bytes: 2976952 k
memory_max_usage_in_bytes: 1287764 k
kernel_memory_usage_in_bytes: 59552 k
kernel_memory_max_usage_in_bytes: unlimited
kernel_memory_limit_in_bytes: 63928 k
maximum number of tasks: not supported
current number of tasks: not supported

Hyper-V virtualization detected
Steal ticks since vm start: 0
Steal ticks percentage since vm start:  0.000

CPU:total 12 (initial active 12) (16 cores per cpu, 2 threads per core) family 23 model 113 stepping 0 microcode 0xffffffff, cmov, cx8, fxsr, mmx, sse, sse2, sse3, ssse3, sse4.1, sse4.2, popcnt, avx, avx2, aes, clmul, mmxext, 3dnowpref, lzcnt, sse4a, ht, tsc, tscinvbit, tscinv, bmi1, bmi2, adx, sha, fma
CPU Model and flags from /proc/cpuinfo:
model name	: AMD Ryzen 5 3600 6-Core Processor
flags		: fpu vme de pse tsc msr pae mce cx8 apic sep mtrr pge mca cmov pat pse36 clflush mmx fxsr sse sse2 ht syscall nx mmxext fxsr_opt pdpe1gb rdtscp lm constant_tsc rep_good nopl tsc_reliable nonstop_tsc cpuid extd_apicid pni pclmulqdq ssse3 fma cx16 sse4_1 sse4_2 movbe popcnt aes xsave avx f16c rdrand hypervisor lahf_lm cmp_legacy svm cr8_legacy abm sse4a misalignsse 3dnowprefetch osvw topoext perfctr_core ssbd ibpb stibp vmmcall fsgsbase bmi1 avx2 smep bmi2 rdseed adx smap clflushopt clwb sha_ni xsaveopt xsavec xgetbv1 clzero xsaveerptr arat npt nrip_save tsc_scale vmcb_clean flushbyasid decodeassists pausefilter pfthreshold v_vmsave_vmload umip rdpid
Online cpus:
0-11
Offline cpus:

BIOS frequency limitation:
<Not Available>
Frequency switch latency (ns):
<Not Available>
Available cpu frequencies:
<Not Available>
Current governor:
<Not Available>
Core performance/turbo boost:
<Not Available>

Memory: 4k page, physical 8111348k(4625700k free), swap 2097152k(2097152k free)

vm_info: OpenJDK 64-Bit Server VM (11.0.22+7-post-Ubuntu-0ubuntu222.04.1) for linux-amd64 JRE (11.0.22+7-post-Ubuntu-0ubuntu222.04.1), built on Feb  5 2024 20:45:01 by "unknown" with gcc 11.4.0

END.
37381:
 num     #instances         #bytes  class name (module)
-------------------------------------------------------
   1:         18235        1114984  [B (java.base@11.0.22)
   2:         17476         419424  java.lang.String (java.base@11.0.22)
   3:          2820         343928  java.lang.Class (java.base@11.0.22)
   4:          7523         240736  java.util.concurrent.ConcurrentHashMap$Node (java.base@11.0.22)
   5:          3102         189120  [Ljava.lang.Object; (java.base@11.0.22)
   6:          4550         145600  java.util.HashMap$Node (java.base@11.0.22)
   7:          1337          88048  [I (java.base@11.0.22)
   8:          1477          70896  sun.util.locale.LocaleObjectCache$CacheEntry (java.base@11.0.22)
   9:           113          69232  [Ljava.util.concurrent.ConcurrentHashMap$Node; (java.base@11.0.22)
  10:           114          64464  [C (java.base@11.0.22)
  11:           506          63696  [Ljava.util.HashMap$Node; (java.base@11.0.22)
  12:           941          37640  java.lang.ref.SoftReference (java.base@11.0.22)
  13:          1169          37408  java.lang.invoke.LambdaForm$Name (java.base@11.0.22)
  14:           707          33936  java.lang.invoke.MemberName (java.base@11.0.22)
  15:          1795          28720  java.lang.Object (java.base@11.0.22)
  16:           870          26472  [Ljava.lang.Class; (java.base@11.0.22)
  17:           541          25968  java.util.HashMap (java.base@11.0.22)
  18:           738          23616  java.util.Locale (java.base@11.0.22)
  19:           737          23584  sun.util.locale.BaseLocale (java.base@11.0.22)
  20:           737          23584  sun.util.locale.BaseLocale$Key (java.base@11.0.22)
  21:           554          23456  [Ljava.lang.String; (java.base@11.0.22)
  22:           241          21208  java.lang.reflect.Method (java.base@11.0.22)
  23:           444          17760  java.lang.invoke.MethodType (java.base@11.0.22)
  24:           438          17520  java.math.BigInteger (java.base@11.0.22)
  25:           246          16728  [Ljava.lang.ref.SoftReference; (java.base@11.0.22)
  26:           520          16640  java.lang.invoke.MethodType$ConcurrentWeakInternSet$WeakEntry (java.base@11.0.22)
  27:           559          13416  java.security.Provider$ServiceKey (java.base@11.0.22)
  28:           228          12768  java.security.Provider$Service (java.base@11.0.22)
  29:           528          12672  java.lang.invoke.ResolvedMethodName (java.base@11.0.22)
  30:           176          10824  [Ljava.lang.invoke.LambdaForm$Name; (java.base@11.0.22)
  31:           284           9088  java.lang.invoke.LambdaForm$NamedFunction (java.base@11.0.22)
  32:           363           8712  java.lang.module.ModuleDescriptor$Exports (java.base@11.0.22)
  33:           133           8512  java.util.concurrent.ConcurrentHashMap (java.base@11.0.22)
  34:           171           8208  java.lang.invoke.LambdaForm (java.base@11.0.22)
  35:           145           8120  java.lang.invoke.MethodTypeForm (java.base@11.0.22)
  36:           247           7904  sun.security.util.KnownOIDs (java.base@11.0.22)
  37:           328           7872  java.util.ArrayList (java.base@11.0.22)
  38:           176           7040  java.util.LinkedHashMap$Entry (java.base@11.0.22)
  39:           289           6936  java.util.ImmutableCollections$Set12 (java.base@11.0.22)
  40:           415           6640  java.lang.Integer (java.base@11.0.22)
  41:            98           6272  java.lang.Class$ReflectionData (java.base@11.0.22)
  42:           256           6144  java.lang.Long (java.base@11.0.22)
  43:            76           6080  java.lang.reflect.Constructor (java.base@11.0.22)
  44:           142           5680  java.lang.invoke.DirectMethodHandle$Accessor (java.base@11.0.22)
  45:            45           5056  [J (java.base@11.0.22)
  46:            61           4880  java.net.URI (java.base@11.0.22)
  47:            60           4608  [Ljava.lang.invoke.MethodHandle; (java.base@11.0.22)
  48:           190           4560  java.security.Provider$UString (java.base@11.0.22)
  49:            80           4480  java.lang.invoke.LambdaFormEditor$Transform (java.base@11.0.22)
  50:            70           4480  java.net.URL (java.base@11.0.22)
  51:           135           4320  java.lang.invoke.DirectMethodHandle (java.base@11.0.22)
  52:           135           4320  java.lang.module.ModuleDescriptor$Requires (java.base@11.0.22)
  53:            57           4104  java.lang.reflect.Field (java.base@11.0.22)
  54:           171           4104  java.util.ImmutableCollections$SetN (java.base@11.0.22)
  55:           256           4096  java.lang.Byte (java.base@11.0.22)
  56:            11           4048  java.lang.Thread (java.base@11.0.22)
  57:           166           3984  jdk.internal.module.ServicesCatalog$ServiceProvider (java.base@11.0.22)
  58:            62           3968  java.lang.module.ModuleDescriptor (java.base@11.0.22)
  59:            68           3808  java.lang.Module (java.base@11.0.22)
  60:           113           3616  sun.security.pkcs11.SunPKCS11$Descriptor (jdk.crypto.cryptoki@11.0.22)
  61:            61           3416  jdk.internal.module.ModuleReferenceImpl (java.base@11.0.22)
  62:           213           3408  java.util.HashSet (java.base@11.0.22)
  63:            78           3120  org.postgresql.PGProperty
  64:            12           2544  [Z (java.base@11.0.22)
  65:            61           2440  java.lang.Package$VersionInfo (java.base@11.0.22)
  66:           145           2320  java.util.Collections$UnmodifiableSet (java.base@11.0.22)
  67:            92           2208  java.util.ImmutableCollections$List12 (java.base@11.0.22)
  68:            91           2184  java.util.concurrent.CopyOnWriteArrayList (java.base@11.0.22)
  69:            53           2120  sun.security.util.NamedCurve (java.base@11.0.22)
  70:            66           2112  java.lang.invoke.LambdaForm$Kind (java.base@11.0.22)
  71:           131           2096  java.util.HashMap$EntrySet (java.base@11.0.22)
  72:            37           2072  sun.util.calendar.ZoneInfo (java.base@11.0.22)
  73:           128           2048  java.lang.Character (java.base@11.0.22)
  74:            42           2016  java.util.logging.LogManager$LoggerWeakRef (java.logging@11.0.22)
  75:            61           1952  java.lang.Package (java.base@11.0.22)
  76:            48           1920  java.io.ObjectStreamField (java.base@11.0.22)
  77:            53           1696  java.security.spec.EllipticCurve (java.base@11.0.22)
  78:            53           1696  sun.security.util.ObjectIdentifier (java.base@11.0.22)
  79:            36           1600  [Ljava.lang.reflect.Method; (java.base@11.0.22)
  80:            66           1584  [Ljava.lang.reflect.Constructor; (java.base@11.0.22)
  81:            66           1584  jdk.internal.reflect.NativeConstructorAccessorImpl (java.base@11.0.22)
  82:            61           1464  java.lang.module.ResolvedModule (java.base@11.0.22)
  83:            61           1464  jdk.internal.module.SystemModuleFinders$2 (java.base@11.0.22)
  84:            61           1464  jdk.internal.module.SystemModuleFinders$SystemModuleReader (java.base@11.0.22)
  85:             2           1440  [[B (java.base@11.0.22)
  86:            30           1440  java.time.temporal.ValueRange (java.base@11.0.22)
  87:            60           1440  java.util.jar.Attributes$Name (java.base@11.0.22)
  88:            60           1440  jdk.internal.loader.BuiltinClassLoader$LoadedModule (java.base@11.0.22)
  89:            56           1344  java.lang.module.ModuleDescriptor$Provides (java.base@11.0.22)
  90:            41           1312  java.lang.invoke.BoundMethodHandle$Species_L (java.base@11.0.22)
  91:            54           1296  java.security.spec.ECPoint (java.base@11.0.22)
  92:            39           1280  [Ljava.math.BigInteger; (java.base@11.0.22)
  93:            32           1280  java.math.BigDecimal (java.base@11.0.22)
  94:            30           1200  java.time.temporal.ChronoField (java.base@11.0.22)
  95:            37           1184  java.util.logging.LogManager$LogNode (java.logging@11.0.22)
  96:             8           1152  [Ljava.lang.invoke.MemberName; (java.base@11.0.22)
  97:            34           1088  com.fasterxml.jackson.databind.MapperFeature
  98:            19           1064  java.util.logging.Logger (java.logging@11.0.22)
  99:            66           1056  java.util.ImmutableCollections$ListN (java.base@11.0.22)
 100:            66           1056  jdk.internal.reflect.DelegatingConstructorAccessorImpl (java.base@11.0.22)
 101:             1           1048  [Lsun.security.util.KnownOIDs; (java.base@11.0.22)
 102:             1           1040  [Ljava.lang.Byte; (java.base@11.0.22)
 103:             1           1040  [Ljava.lang.Integer; (java.base@11.0.22)
 104:             1           1040  [Ljava.lang.Long; (java.base@11.0.22)
 105:            31            992  java.lang.invoke.VarHandle$AccessMode (java.base@11.0.22)
 106:            31            992  java.lang.ref.ReferenceQueue (java.base@11.0.22)
 107:            20            960  java.lang.invoke.BoundMethodHandle$SpeciesData (java.base@11.0.22)
 108:            30            960  java.security.Provider$EngineDescription (java.base@11.0.22)
 109:            59            944  jdk.internal.module.SystemModuleFinders$3 (java.base@11.0.22)
 110:            28            896  com.fasterxml.jackson.databind.DeserializationFeature
 111:            37            888  java.util.regex.Pattern$BmpCharProperty (java.base@11.0.22)
 112:             6            840  [D (java.base@11.0.22)
 113:            26            832  com.fasterxml.jackson.databind.SerializationFeature
 114:            17            816  jdk.internal.ref.CleanerImpl$PhantomCleanableRef (java.base@11.0.22)
 115:            20            800  [Ljava.lang.invoke.BoundMethodHandle$SpeciesData; (java.base@11.0.22)
 116:            10            800  [Ljava.util.WeakHashMap$Entry; (java.base@11.0.22)
 117:            25            800  java.lang.ref.WeakReference (java.base@11.0.22)
 118:            20            800  java.util.logging.Logger$ConfigurationData (java.logging@11.0.22)
 119:            13            728  sun.security.ec.SunEC$ProviderService (jdk.crypto.ec@11.0.22)
 120:            18            720  java.lang.invoke.BoundMethodHandle$Species_LL (java.base@11.0.22)
 121:            17            680  java.security.AccessControlContext (java.base@11.0.22)
 122:            17            680  java.security.ProtectionDomain (java.base@11.0.22)
 123:            14            672  com.fasterxml.jackson.databind.type.SimpleType
 124:            28            672  java.time.LocalTime (java.base@11.0.22)
 125:            12            672  sun.security.ec.SunEC$ProviderServiceA (jdk.crypto.ec@11.0.22)
 126:             2            656  java.util.concurrent.ForkJoinPool (java.base@11.0.22)
 127:            10            640  java.lang.invoke.BoundMethodHandle$Species_LLLLLLIIL (java.base@11.0.22)
 128:             3            624  [Ljava.lang.invoke.LambdaForm; (java.base@11.0.22)
 129:            13            624  com.fasterxml.jackson.core.JsonToken
 130:            26            624  java.security.spec.ECFieldF2m (java.base@11.0.22)
 131:            19            608  com.fasterxml.jackson.core.JsonParser$Feature
 132:            18            576  java.lang.invoke.VarHandle$AccessDescriptor (java.base@11.0.22)
 133:            14            560  java.security.CodeSource (java.base@11.0.22)
 134:             7            560  java.util.concurrent.TimeUnit (java.base@11.0.22)
 135:            23            552  java.lang.RuntimePermission (java.base@11.0.22)
 136:             1            528  [Ljava.lang.Character; (java.base@11.0.22)
 137:             1            528  [Ljava.util.TimerTask; (java.base@11.0.22)
 138:            33            528  java.lang.ref.ReferenceQueue$Lock (java.base@11.0.22)
 139:            18            520  [Ljava.io.ObjectStreamField; (java.base@11.0.22)
 140:            16            512  java.time.temporal.ChronoUnit (java.base@11.0.22)
 141:            16            512  java.util.LinkedList (java.base@11.0.22)
 142:             8            512  java.util.zip.Inflater (java.base@11.0.22)
 143:             4            512  sun.nio.fs.UnixFileAttributes (java.base@11.0.22)
 144:             7            496  [Lsun.invoke.util.Wrapper; (java.base@11.0.22)
 145:            12            480  java.lang.invoke.VarHandleObjects$FieldInstanceReadWrite (java.base@11.0.22)
 146:            10            480  sun.invoke.util.Wrapper (java.base@11.0.22)
 147:             4            456  [Ljava.lang.ClassValue$Entry; (java.base@11.0.22)
 148:            19            456  java.time.Duration (java.base@11.0.22)
 149:             7            448  java.nio.DirectByteBuffer (java.base@11.0.22)
 150:             8            448  java.util.LinkedHashMap (java.base@11.0.22)
 151:            10            432  [Ljava.lang.invoke.MethodType; (java.base@11.0.22)
 152:            18            432  java.io.ExpiringCache$Entry (java.base@11.0.22)
 153:            27            432  java.security.spec.ECFieldFp (java.base@11.0.22)
 154:            18            432  java.text.DateFormat$Field (java.base@11.0.22)
 155:            18            432  java.util.concurrent.atomic.AtomicLong (java.base@11.0.22)
 156:            18            432  org.postgresql.core.ServerVersion
 157:            13            416  java.security.Permissions (java.base@11.0.22)
 158:             4            416  java.util.jar.JarFile$JarFileEntry (java.base@11.0.22)
 159:             5            400  com.fasterxml.jackson.databind.util.internal.PrivateMaxEntriesMap
 160:            10            400  java.io.FileDescriptor (java.base@11.0.22)
 161:            10            400  java.lang.OutOfMemoryError (java.base@11.0.22)
 162:            10            400  java.util.WeakHashMap$Entry (java.base@11.0.22)
 163:            12            384  com.fasterxml.jackson.core.JsonGenerator$Feature
 164:            16            384  java.lang.invoke.Invokers (java.base@11.0.22)
 165:            16            384  java.util.LinkedList$Node (java.base@11.0.22)
 166:            12            384  sun.security.jca.ProviderConfig (java.base@11.0.22)
 167:             1            376  java.lang.ref.Finalizer$FinalizerThread (java.base@11.0.22)
 168:             1            376  java.util.TimerThread (java.base@11.0.22)
 169:             1            376  java.util.logging.LogManager$Cleaner (java.logging@11.0.22)
 170:             1            376  jdk.internal.misc.InnocuousThread (java.base@11.0.22)
 171:             1            368  java.lang.ref.Reference$ReferenceHandler (java.base@11.0.22)
 172:             5            360  com.fasterxml.jackson.databind.introspect.AnnotatedClass
 173:            15            360  org.postgresql.core.AsciiStringInterner$Key
 174:            11            352  sun.security.util.LazyCodeSourcePermissionCollection (java.base@11.0.22)
 175:             5            336  [S (java.base@11.0.22)
 176:             6            336  java.io.FileCleanable (java.base@11.0.22)
 177:             6            336  java.nio.DirectLongBufferU (java.base@11.0.22)
 178:             7            336  java.util.WeakHashMap (java.base@11.0.22)
 179:             1            328  [Lorg.postgresql.PGProperty;
 180:            10            320  java.io.File (java.base@11.0.22)
 181:             8            320  java.lang.ClassLoader$NativeLibrary (java.base@11.0.22)
 182:             8            320  java.lang.invoke.DirectMethodHandle$Special (java.base@11.0.22)
 183:             5            320  java.nio.DirectByteBufferR (java.base@11.0.22)
 184:            10            320  java.util.Hashtable$Entry (java.base@11.0.22)
 185:            10            320  java.util.concurrent.locks.ReentrantLock$NonfairSync (java.base@11.0.22)
 186:            10            320  sun.nio.fs.UnixPath (java.base@11.0.22)
 187:            13            312  com.fasterxml.jackson.databind.type.LogicalType
 188:             4            304  [Ljava.lang.reflect.Field; (java.base@11.0.22)
 189:             2            288  [Ljava.util.concurrent.ForkJoinPool$WorkQueue; (java.base@11.0.22)
 190:            12            288  java.net.StandardSocketOptions$StdSocketOption (java.base@11.0.22)
 191:             2            288  java.text.DecimalFormat (java.base@11.0.22)
 192:             9            288  java.util.logging.Level (java.logging@11.0.22)
 193:             9            288  java.util.logging.Level$KnownLevel (java.logging@11.0.22)
 194:             4            288  java.util.zip.ZipFile$Source (java.base@11.0.22)
 195:             9            288  jdk.internal.org.objectweb.asm.Type (java.base@11.0.22)
 196:             6            288  sun.util.locale.provider.LocaleResources$ResourceReference (java.base@11.0.22)
 197:             1            280  [Ljava.lang.invoke.LambdaForm$Kind; (java.base@11.0.22)
 198:             5            280  java.util.Properties (java.base@11.0.22)
 199:            17            272  [Ljava.security.Principal; (java.base@11.0.22)
 200:             1            272  [[C (java.base@11.0.22)
 201:            17            272  java.security.ProtectionDomain$Key (java.base@11.0.22)
 202:            17            272  sun.invoke.util.ValueConversions$WrapperCache (java.base@11.0.22)
 203:            11            264  com.fasterxml.jackson.annotation.JsonFormat$Shape
 204:            11            264  java.lang.invoke.MethodHandleImpl$Intrinsic (java.base@11.0.22)
 205:             2            256  [Lcom.fasterxml.jackson.databind.DeserializationFeature;
 206:             5            256  [Ljava.util.Hashtable$Entry; (java.base@11.0.22)
 207:             8            256  java.lang.reflect.ProxyGenerator$PrimitiveTypeInfo (java.base@11.0.22)
 208:             4            256  java.util.jar.JarFile (java.base@11.0.22)
 209:             2            240  [Lcom.fasterxml.jackson.databind.SerializationFeature;
 210:            10            240  com.fasterxml.jackson.databind.cfg.CoercionInputShape
 211:             5            240  com.fasterxml.jackson.databind.introspect.BasicBeanDescription
 212:             6            240  java.lang.invoke.MethodHandleImpl$AsVarargsCollector (java.base@11.0.22)
 213:            10            240  java.nio.charset.CoderResult (java.base@11.0.22)
 214:            10            240  java.nio.file.StandardOpenOption (java.base@11.0.22)
 215:             5            240  java.util.Hashtable (java.base@11.0.22)
 216:             5            240  sun.net.httpserver.HttpContextImpl (jdk.httpserver@11.0.22)
 217:             5            224  [Ljava.lang.invoke.LambdaForm$NamedFunction; (java.base@11.0.22)
 218:             2            224  java.util.GregorianCalendar (java.base@11.0.22)
 219:             7            224  org.postgresql.core.Parser$SqlParseState
 220:             9            216  java.lang.NamedPackage (java.base@11.0.22)
 221:             9            216  java.util.regex.Pattern$BitClass (java.base@11.0.22)
 222:             9            216  jdk.internal.reflect.NativeMethodAccessorImpl (java.base@11.0.22)
 223:             9            216  org.postgresql.core.SqlCommandType
 224:             9            216  org.postgresql.shaded.com.ongres.scram.common.ScramAttributes
 225:             3            216  sun.security.provider.NativePRNG$RandomIO (java.base@11.0.22)
 226:            13            208  java.util.Collections$SingletonSet (java.base@11.0.22)
 227:             2            200  [Ljava.text.DateFormat$Field; (java.base@11.0.22)
 228:             5            200  java.lang.invoke.DirectMethodHandle$Interface (java.base@11.0.22)
 229:             5            200  java.util.EnumMap (java.base@11.0.22)
 230:             5            200  java.util.stream.StreamOpFlag (java.base@11.0.22)
 231:            12            192  com.fasterxml.jackson.databind.node.IntNode
 232:             3            192  java.lang.ClassValue$ClassValueMap (java.base@11.0.22)
 233:             6            192  java.lang.ClassValue$Entry (java.base@11.0.22)
 234:             6            192  java.lang.invoke.LambdaForm$BasicType (java.base@11.0.22)
 235:             8            192  java.lang.invoke.VarForm (java.base@11.0.22)
 236:             6            192  java.lang.invoke.VarHandleInts$FieldInstanceReadWrite (java.base@11.0.22)
 237:             8            192  java.math.RoundingMode (java.base@11.0.22)
 238:             8            192  java.net.NetPermission (java.base@11.0.22)
 239:             6            192  java.security.BasicPermissionCollection (java.base@11.0.22)
 240:             6            192  java.util.ImmutableCollections$MapN (java.base@11.0.22)
 241:             8            192  java.util.zip.Inflater$InflaterZStreamRef (java.base@11.0.22)
 242:             4            192  jdk.internal.loader.URLClassPath$JarLoader (java.base@11.0.22)
 243:             4            192  org.postgresql.shaded.com.ongres.scram.common.ScramMechanisms
 244:             2            192  sun.util.calendar.Gregorian$Date (java.base@11.0.22)
 245:             4            192  sun.util.resources.Bundles$BundleReference (java.base@11.0.22)
 246:            11            176  java.security.SecureClassLoader$CodeSourceKey (java.base@11.0.22)
 247:             2            176  java.util.regex.Pattern (java.base@11.0.22)
 248:             1            168  [[Ljava.math.BigInteger; (java.base@11.0.22)
 249:             7            168  com.fasterxml.jackson.annotation.JsonInclude$Include
 250:             7            168  java.lang.System$Logger$Level (java.base@11.0.22)
 251:             7            168  java.util.ArrayDeque (java.base@11.0.22)
 252:             3            160  [Ljava.util.logging.Level; (java.logging@11.0.22)
 253:             2            160  [[Ljava.lang.String; (java.base@11.0.22)
 254:             4            160  com.fasterxml.jackson.core.Base64Variant
 255:             5            160  com.fasterxml.jackson.core.JsonEncoding
 256:            10            160  java.lang.ThreadLocal (java.base@11.0.22)
 257:             2            160  java.lang.invoke.BoundMethodHandle$Species_LLLLLLLLLLIIL (java.base@11.0.22)
 258:             4            160  java.lang.invoke.DirectMethodHandle$Constructor (java.base@11.0.22)
 259:             5            160  java.lang.invoke.VarHandle$AccessType (java.base@11.0.22)
 260:             4            160  java.util.IdentityHashMap (java.base@11.0.22)
 261:             5            160  java.util.RegularEnumSet (java.base@11.0.22)
 262:            10            160  java.util.concurrent.atomic.AtomicLongArray (java.base@11.0.22)
 263:             5            160  java.util.regex.Pattern$Branch (java.base@11.0.22)
 264:             5            160  sun.util.locale.provider.LocaleProviderAdapter$Type (java.base@11.0.22)
 265:             1            152  [Lcom.fasterxml.jackson.databind.MapperFeature;
 266:             6            152  [Ljava.security.ProtectionDomain; (java.base@11.0.22)
 267:             3            144  [F (java.base@11.0.22)
 268:             1            144  [Lcom.fasterxml.jackson.core.sym.CharsToNameCanonicalizer$Bucket;
 269:             1            144  [Ljava.lang.invoke.VarHandle$AccessMode; (java.base@11.0.22)
 270:             2            144  [Ljava.math.BigDecimal; (java.base@11.0.22)
 271:             6            144  com.fasterxml.jackson.annotation.JsonAutoDetect$Visibility
 272:             6            144  com.fasterxml.jackson.core.JsonParser$NumberType
 273:             3            144  java.lang.ThreadGroup (java.base@11.0.22)
 274:             6            144  java.lang.invoke.StringConcatFactory$Strategy (java.base@11.0.22)
 275:             6            144  java.lang.module.ModuleDescriptor$Requires$Modifier (java.base@11.0.22)
 276:             3            144  java.nio.HeapByteBuffer (java.base@11.0.22)
 277:             2            144  java.text.DecimalFormatSymbols (java.base@11.0.22)
 278:             6            144  java.util.concurrent.ConcurrentLinkedQueue$Node (java.base@11.0.22)
 279:             9            144  java.util.concurrent.atomic.AtomicInteger (java.base@11.0.22)
 280:             9            144  java.util.regex.Pattern$$Lambda$3/0x0000000840067440 (java.base@11.0.22)
 281:             9            144  java.util.regex.Pattern$BitClass$$Lambda$2/0x0000000840067040 (java.base@11.0.22)
 282:             6            144  jdk.internal.perf.PerfCounter (java.base@11.0.22)
 283:             9            144  jdk.internal.reflect.DelegatingMethodAccessorImpl (java.base@11.0.22)
 284:             6            144  org.postgresql.jdbc.SslMode
 285:             1            144  sun.security.pkcs11.SunPKCS11 (jdk.crypto.cryptoki@11.0.22)
 286:             1            136  [Ljava.time.temporal.ChronoField; (java.base@11.0.22)
 287:             4            136  [Lsun.invoke.util.ValueConversions$WrapperCache; (java.base@11.0.22)
 288:             4            128  com.fasterxml.jackson.core.StreamReadCapability
 289:             4            128  com.fasterxml.jackson.core.io.SerializedString
 290:             4            128  com.fasterxml.jackson.core.util.Separators$Spacing
 291:             2            128  com.fasterxml.jackson.databind.cfg.BaseSettings
 292:             4            128  com.fasterxml.jackson.databind.cfg.JsonNodeFeature
 293:             2            128  java.io.ExpiringCache$1 (java.base@11.0.22)
 294:             4            128  java.io.RandomAccessFile (java.base@11.0.22)
 295:             2            128  java.text.DateFormatSymbols (java.base@11.0.22)
 296:             8            128  java.util.concurrent.atomic.AtomicReference (java.base@11.0.22)
 297:             4            128  java.util.concurrent.atomic.AtomicReferenceFieldUpdater$AtomicReferenceFieldUpdaterImpl (java.base@11.0.22)
 298:             4            128  java.util.zip.ZipFile$CleanableResource (java.base@11.0.22)
 299:             4            128  sun.util.locale.provider.LocaleResources (java.base@11.0.22)
 300:             4            128  sun.util.resources.Bundles$CacheKey (java.base@11.0.22)
 301:             3            120  [Ljava.lang.invoke.LambdaForm$BasicType; (java.base@11.0.22)
 302:             5            120  [Ljava.util.regex.Pattern$Node; (java.base@11.0.22)
 303:             1            120  [[Ljava.lang.Object; (java.base@11.0.22)
 304:             5            120  com.fasterxml.jackson.annotation.Nulls
 305:             5            120  com.fasterxml.jackson.core.JsonFactory$Feature
 306:             5            120  com.fasterxml.jackson.databind.util.LRUMap
 307:             5            120  com.fasterxml.jackson.databind.util.internal.LinkedDeque
 308:             3            120  java.io.FileInputStream (java.base@11.0.22)
 309:             3            120  java.lang.WeakPairMap$Pair$Weak (java.base@11.0.22)
 310:             5            120  java.time.LocalDate (java.base@11.0.22)
 311:             5            120  java.time.LocalDateTime (java.base@11.0.22)
 312:             5            120  java.util.Collections$SetFromMap (java.base@11.0.22)
 313:             5            120  java.util.Collections$SynchronizedSet (java.base@11.0.22)
 314:             5            120  java.util.concurrent.ConcurrentLinkedQueue (java.base@11.0.22)
 315:             5            120  java.util.stream.StreamOpFlag$Type (java.base@11.0.22)
 316:             1            120  jdk.internal.loader.ClassLoaders$AppClassLoader (java.base@11.0.22)
 317:             5            120  jdk.internal.math.FloatingDecimal$PreparedASCIIToBinaryBuffer (java.base@11.0.22)
 318:             5            120  jdk.net.ExtendedSocketOptions$ExtSocketOption (jdk.net@11.0.22)
 319:             1            112  [Ljava.time.LocalTime; (java.base@11.0.22)
 320:             2            112  java.nio.DirectIntBufferRU (java.base@11.0.22)
 321:             7            112  java.util.concurrent.locks.ReentrantLock (java.base@11.0.22)
 322:             1            112  jdk.internal.loader.ClassLoaders$BootClassLoader (java.base@11.0.22)
 323:             1            112  jdk.internal.loader.ClassLoaders$PlatformClassLoader (java.base@11.0.22)
 324:             1            112  sun.net.httpserver.ServerImpl (jdk.httpserver@11.0.22)
 325:             2            112  sun.security.jgss.SunProvider$ProviderService (java.security.jgss@11.0.22)
 326:             1            104  com.sun.crypto.provider.SunJCE (java.base@11.0.22)
 327:             1            104  com.sun.net.ssl.internal.ssl.Provider (java.base@11.0.22)
 328:             1            104  sun.security.ec.SunEC (jdk.crypto.ec@11.0.22)
 329:             1            104  sun.security.jca.ProviderList$1 (java.base@11.0.22)
 330:             1            104  sun.security.jgss.SunProvider (java.security.jgss@11.0.22)
 331:             1            104  sun.security.provider.Sun (java.base@11.0.22)
 332:             1            104  sun.security.rsa.SunRsaSign (java.base@11.0.22)
 333:             1             96  [Lcom.fasterxml.jackson.core.JsonParser$Feature;
 334:             3             96  [Ljava.lang.Thread; (java.base@11.0.22)
 335:             3             96  [Ljava.lang.invoke.LambdaFormEditor$Transform; (java.base@11.0.22)
 336:             2             96  [Lorg.postgresql.core.Parser$SqlParseState;
 337:             1             96  [[J (java.base@11.0.22)
 338:             1             96  com.fasterxml.jackson.databind.DeserializationConfig
 339:             4             96  com.fasterxml.jackson.databind.cfg.CoercionAction
 340:             6             96  com.fasterxml.jackson.databind.ser.std.ToStringSerializer
 341:             3             96  java.lang.Runtime$Version (java.base@11.0.22)
 342:             3             96  java.lang.WeakPairMap$Pair$Weak$1 (java.base@11.0.22)
 343:             4             96  java.lang.invoke.MethodHandleNatives$CallSiteContext (java.base@11.0.22)
 344:             3             96  java.lang.invoke.SimpleMethodHandle (java.base@11.0.22)
 345:             4             96  java.lang.module.ModuleDescriptor$Modifier (java.base@11.0.22)
 346:             4             96  java.lang.module.ModuleDescriptor$Opens (java.base@11.0.22)
 347:             3             96  java.net.InetAddress$InetAddressHolder (java.base@11.0.22)
 348:             1             96  java.net.SocksSocketImpl (java.base@11.0.22)
 349:             4             96  java.sql.SQLPermission (java.sql@11.0.22)
 350:             4             96  java.text.Normalizer$Form (java.base@11.0.22)
 351:             4             96  java.time.OffsetDateTime (java.base@11.0.22)
 352:             3             96  java.util.Collections$UnmodifiableMap (java.base@11.0.22)
 353:             6             96  java.util.HashMap$KeySet (java.base@11.0.22)
 354:             3             96  java.util.Vector (java.base@11.0.22)
 355:             4             96  java.util.jar.Manifest (java.base@11.0.22)
 356:             4             96  java.util.regex.Pattern$GroupHead (java.base@11.0.22)
 357:             4             96  java.util.regex.Pattern$GroupTail (java.base@11.0.22)
 358:             4             96  java.util.regex.Pattern$Qtype (java.base@11.0.22)
 359:             4             96  java.util.stream.StreamShape (java.base@11.0.22)
 360:             4             96  java.util.zip.ZipFile$Source$Key (java.base@11.0.22)
 361:             1             96  jdk.internal.jimage.ImageReader$SharedImageReader (java.base@11.0.22)
 362:             4             96  jdk.internal.loader.AbstractClassLoaderValue$Sub (java.base@11.0.22)
 363:             6             96  jdk.internal.loader.ClassLoaderValue (java.base@11.0.22)
 364:             4             96  jdk.internal.logger.BootstrapLogger$LoggingBackend (java.base@11.0.22)
 365:             4             96  org.postgresql.hostchooser.HostStatus
 366:             4             96  org.postgresql.jdbc.GSSEncMode
 367:             4             96  org.postgresql.jdbc.PreferQueryMode
 368:             4             96  org.postgresql.jdbc.StatementCancelState
 369:             4             96  org.postgresql.plugin.AuthenticationRequestType
 370:             4             96  org.postgresql.shaded.com.ongres.scram.common.gssapi.Gs2Attributes
 371:             3             96  sun.net.spi.DefaultProxySelector$NonProxyInfo (java.base@11.0.22)
 372:             1             96  sun.nio.ch.ServerSocketChannelImpl (java.base@11.0.22)
 373:             2             96  sun.nio.cs.StreamEncoder (java.base@11.0.22)
 374:             2             96  sun.nio.cs.UTF_8$Encoder (java.base@11.0.22)
 375:             2             88  [Lcom.fasterxml.jackson.databind.cfg.CoercionAction;
 376:             1             88  [Lorg.postgresql.core.ServerVersion;
 377:             1             88  com.fasterxml.jackson.databind.SerializationConfig
 378:             1             88  sun.nio.ch.EPollSelectorImpl (java.base@11.0.22)
 379:             1             80  [Ljava.time.temporal.ChronoUnit; (java.base@11.0.22)
 380:             2             80  [Ljava.util.stream.StreamOpFlag$Type; (java.base@11.0.22)
 381:             2             80  [Lorg.postgresql.hostchooser.HostRequirement;
 382:             2             80  [Lorg.postgresql.jdbc.SslMode;
 383:             2             80  [Lsun.security.jca.ProviderConfig; (java.base@11.0.22)
 384:             1             80  com.fasterxml.jackson.databind.MappingJsonFactory
 385:             2             80  java.io.BufferedWriter (java.base@11.0.22)
 386:             2             80  java.io.ExpiringCache (java.base@11.0.22)
 387:             2             80  java.io.FileOutputStream (java.base@11.0.22)
 388:             2             80  java.io.PrintStream (java.base@11.0.22)
 389:             2             80  java.lang.ModuleLayer (java.base@11.0.22)
 390:             2             80  java.lang.VirtualMachineError (java.base@11.0.22)
 391:             2             80  java.lang.invoke.VarHandleObjects$Array (java.base@11.0.22)
 392:             2             80  java.lang.module.Configuration (java.base@11.0.22)
 393:             2             80  java.lang.ref.Finalizer (java.base@11.0.22)
 394:             2             80  java.text.DigitList (java.base@11.0.22)
 395:             2             80  java.util.Locale$Category (java.base@11.0.22)
 396:             5             80  java.util.WeakHashMap$KeySet (java.base@11.0.22)
 397:             5             80  java.util.concurrent.atomic.AtomicBoolean (java.base@11.0.22)
 398:             5             80  java.util.concurrent.atomic.AtomicReferenceArray (java.base@11.0.22)
 399:             5             80  java.util.regex.Pattern$BranchConn (java.base@11.0.22)
 400:             2             80  jdk.internal.math.FloatingDecimal$BinaryToASCIIBuffer (java.base@11.0.22)
 401:             5             80  sun.net.httpserver.AuthFilter (jdk.httpserver@11.0.22)
 402:             1             80  sun.text.normalizer.NormalizerImpl (java.base@11.0.22)
 403:             1             80  sun.util.cldr.CLDRLocaleProviderAdapter (java.base@11.0.22)
 404:             1             80  sun.util.locale.provider.LocaleProviderAdapter$NonExistentAdapter (java.base@11.0.22)
 405:             1             72  [Lcom.fasterxml.jackson.core.JsonToken;
 406:             1             72  [Lcom.fasterxml.jackson.databind.type.LogicalType;
 407:             3             72  com.fasterxml.jackson.core.Base64Variant$PaddingReadBehaviour
 408:             1             72  com.fasterxml.jackson.core.sym.ByteQuadsCanonicalizer
 409:             1             72  com.fasterxml.jackson.core.util.InternCache
 410:             1             72  com.fasterxml.jackson.databind.ObjectMapper
 411:             3             72  com.fasterxml.jackson.databind.PropertyName
 412:             1             72  com.fasterxml.jackson.databind.deser.DefaultDeserializationContext$Impl
 413:             1             72  com.fasterxml.jackson.databind.ser.DefaultSerializerProvider$Impl
 414:             3             72  com.fasterxml.jackson.databind.ser.std.NumberSerializer
 415:             3             72  java.lang.WeakPairMap (java.base@11.0.22)
 416:             3             72  java.lang.annotation.RetentionPolicy (java.base@11.0.22)
 417:             1             72  java.lang.invoke.BoundMethodHandle$Species_LLLLLLLIIL (java.base@11.0.22)
 418:             3             72  java.lang.invoke.MethodHandles$Lookup (java.base@11.0.22)
 419:             3             72  java.lang.invoke.StringConcatFactory$Mode (java.base@11.0.22)
 420:             3             72  java.net.Proxy$Type (java.base@11.0.22)
 421:             3             72  java.nio.file.AccessMode (java.base@11.0.22)
 422:             3             72  java.security.SecurityPermission (java.base@11.0.22)
 423:             3             72  java.time.Instant (java.base@11.0.22)
 424:             3             72  java.time.ZoneOffset (java.base@11.0.22)
 425:             3             72  java.util.Collections$UnmodifiableRandomAccessList (java.base@11.0.22)
 426:             3             72  java.util.concurrent.ConcurrentHashMap$KeySetView (java.base@11.0.22)
 427:             3             72  java.util.stream.Collector$Characteristics (java.base@11.0.22)
 428:             3             72  jdk.internal.math.FloatingDecimal$ExceptionalBinaryToASCIIBuffer (java.base@11.0.22)
 429:             3             72  jdk.internal.misc.Signal (java.base@11.0.22)
 430:             3             72  jdk.internal.module.IllegalAccessLogger$Mode (java.base@11.0.22)
 431:             3             72  org.postgresql.core.TransactionState
 432:             3             72  org.postgresql.jdbc.AutoSave
 433:             3             72  org.postgresql.jdbc.EscapeSyntaxCallMode
 434:             3             72  org.postgresql.jdbc.PgConnection$ReadOnlyBehavior
 435:             3             72  org.postgresql.shaded.com.ongres.scram.client.ScramClient$ChannelBinding
 436:             3             72  org.postgresql.shaded.com.ongres.scram.common.gssapi.Gs2CbindFlag
 437:             3             72  sun.security.provider.NativePRNG$Variant (java.base@11.0.22)
 438:             1             64  [Lcom.fasterxml.jackson.annotation.JsonFormat$Shape;
 439:             1             64  [Lcom.fasterxml.jackson.core.JsonGenerator$Feature;
 440:             1             64  [Lcom.fasterxml.jackson.databind.node.IntNode;
 441:             2             64  [Ljava.lang.annotation.RetentionPolicy; (java.base@11.0.22)
 442:             1             64  [Ljava.lang.invoke.MethodHandleImpl$Intrinsic; (java.base@11.0.22)
 443:             2             64  [Ljava.nio.charset.CoderResult; (java.base@11.0.22)
 444:             2             64  [Ljava.util.stream.Collector$Characteristics; (java.base@11.0.22)
 445:             2             64  [Lorg.postgresql.jdbc.AutoSave;
 446:             2             64  [Lorg.postgresql.jdbc.GSSEncMode;
 447:             2             64  [Lorg.postgresql.jdbc.PgConnection$ReadOnlyBehavior;
 448:             2             64  com.fasterxml.jackson.core.io.ContentReference
 449:             1             64  com.fasterxml.jackson.core.sym.CharsToNameCanonicalizer
 450:             2             64  com.fasterxml.jackson.databind.cfg.EnumFeature
 451:             2             64  com.fasterxml.jackson.databind.introspect.VisibilityChecker$Std
 452:             2             64  com.fasterxml.jackson.databind.ser.std.NumberSerializers$DoubleSerializer
 453:             2             64  com.fasterxml.jackson.databind.ser.std.NumberSerializers$IntegerSerializer
 454:             2             64  com.fasterxml.jackson.databind.ser.std.NumberSerializers$LongSerializer
 455:             2             64  java.io.BufferedOutputStream (java.base@11.0.22)
 456:             2             64  java.lang.invoke.VarHandleLongs$FieldInstanceReadWrite (java.base@11.0.22)
 457:             2             64  java.lang.ref.ReferenceQueue$Null (java.base@11.0.22)
 458:             2             64  java.nio.file.attribute.FileTime (java.base@11.0.22)
 459:             1             64  java.text.SimpleDateFormat (java.base@11.0.22)
 460:             4             64  java.util.concurrent.ConcurrentHashMap$ValuesView (java.base@11.0.22)
 461:             4             64  java.util.jar.Attributes (java.base@11.0.22)
 462:             1             64  java.util.logging.LogManager$RootLogger (java.logging@11.0.22)
 463:             2             64  java.util.stream.FindOps$FindOp (java.base@11.0.22)
 464:             4             64  sun.nio.fs.UnixFileAttributes$UnixAsBasicFileAttributes (java.base@11.0.22)
 465:             2             64  sun.reflect.annotation.AnnotationType (java.base@11.0.22)
 466:             2             64  sun.security.provider.FileInputStreamPool$StreamRef (java.base@11.0.22)
 467:             1             64  sun.text.normalizer.Trie2_16 (java.base@11.0.22)
 468:             1             56  [Lcom.fasterxml.jackson.databind.cfg.CoercionInputShape;
 469:             1             56  [Ljava.lang.Runnable; (java.base@11.0.22)
 470:             1             56  [Ljava.nio.file.StandardOpenOption; (java.base@11.0.22)
 471:             1             56  [Lorg.postgresql.core.SqlCommandType;
 472:             1             56  [Lorg.postgresql.shaded.com.ongres.scram.common.ScramAttributes;
 473:             1             56  [[I (java.base@11.0.22)
 474:             1             56  java.lang.invoke.BoundMethodHandle$Specializer (java.base@11.0.22)
 475:             1             56  java.net.SocketPermission (java.base@11.0.22)
 476:             1             56  java.util.ServiceLoader (java.base@11.0.22)
 477:             1             56  java.util.logging.LogManager (java.logging@11.0.22)
 478:             1             56  jdk.internal.ref.CleanerImpl$SoftCleanableRef (java.base@11.0.22)
 479:             1             56  sun.security.provider.SHA (java.base@11.0.22)
 480:             1             48  [Lcom.fasterxml.jackson.annotation.JsonInclude$Include;
 481:             3             48  [Lcom.fasterxml.jackson.databind.JavaType;
 482:             1             48  [Ljava.lang.System$Logger$Level; (java.base@11.0.22)
 483:             3             48  [Ljava.lang.annotation.Annotation; (java.base@11.0.22)
 484:             1             48  [Ljava.math.RoundingMode; (java.base@11.0.22)
 485:             1             48  [Ljava.util.concurrent.TimeUnit; (java.base@11.0.22)
 486:             1             48  com.fasterxml.jackson.core.util.DefaultPrettyPrinter
 487:             1             48  com.fasterxml.jackson.databind.cfg.ConfigOverride$Empty
 488:             2             48  com.fasterxml.jackson.databind.ser.std.BooleanSerializer
 489:             1             48  com.fasterxml.jackson.databind.util.StdDateFormat
 490:             2             48  java.io.File$PathStatus (java.base@11.0.22)
 491:             2             48  java.io.OutputStreamWriter (java.base@11.0.22)
 492:             2             48  java.lang.ClassValue$Version (java.base@11.0.22)
 493:             1             48  java.lang.invoke.BoundMethodHandle$Specializer$Factory (java.base@11.0.22)
 494:             2             48  java.lang.reflect.ReflectPermission (java.base@11.0.22)
 495:             2             48  java.net.Inet4Address (java.base@11.0.22)
 496:             2             48  java.net.InetSocketAddress$InetSocketAddressHolder (java.base@11.0.22)
 497:             2             48  java.net.StandardProtocolFamily (java.base@11.0.22)
 498:             3             48  java.nio.charset.CodingErrorAction (java.base@11.0.22)
 499:             3             48  java.text.AttributedCharacterIterator$Attribute (java.base@11.0.22)
 500:             2             48  java.time.chrono.IsoEra (java.base@11.0.22)
 501:             3             48  java.util.Optional (java.base@11.0.22)
 502:             3             48  java.util.ResourceBundle$NoFallbackControl (java.base@11.0.22)
 503:             3             48  java.util.concurrent.ConcurrentHashMap$EntrySetView (java.base@11.0.22)
 504:             1             48  java.util.concurrent.ConcurrentSkipListMap (java.base@11.0.22)
 505:             2             48  java.util.concurrent.ConcurrentSkipListMap$Node (java.base@11.0.22)
 506:             2             48  java.util.logging.Logger$LoggerBundle (java.logging@11.0.22)
 507:             2             48  java.util.logging.LoggingPermission (java.logging@11.0.22)
 508:             2             48  java.util.regex.Pattern$Start (java.base@11.0.22)
 509:             1             48  jdk.internal.jimage.ImageHeader (java.base@11.0.22)
 510:             2             48  jdk.internal.misc.Signal$NativeHandler (java.base@11.0.22)
 511:             3             48  jdk.internal.module.ServicesCatalog (java.base@11.0.22)
 512:             1             48  jdk.internal.ref.CleanerImpl$WeakCleanableRef (java.base@11.0.22)
 513:             1             48  org.postgresql.core.AsciiStringInterner$StringReference
 514:             2             48  org.postgresql.core.Encoding
 515:             2             48  org.postgresql.core.JavaVersion
 516:             3             48  org.postgresql.jdbc.ResourceLock
 517:             1             48  sun.nio.ch.SelectionKeyImpl (java.base@11.0.22)
 518:             2             48  sun.security.jca.ProviderList (java.base@11.0.22)
 519:             2             48  sun.security.jca.ProviderList$3 (java.base@11.0.22)
 520:             1             40  [Lcom.fasterxml.jackson.annotation.JsonAutoDetect$Visibility;
 521:             1             40  [Lcom.fasterxml.jackson.annotation.Nulls;
 522:             1             40  [Lcom.fasterxml.jackson.core.JsonEncoding;
 523:             1             40  [Lcom.fasterxml.jackson.core.JsonFactory$Feature;
 524:             1             40  [Lcom.fasterxml.jackson.core.JsonParser$NumberType;
 525:             1             40  [Ljava.lang.invoke.StringConcatFactory$Strategy; (java.base@11.0.22)
 526:             1             40  [Ljava.lang.invoke.VarHandle$AccessType; (java.base@11.0.22)
 527:             1             40  [Ljava.util.stream.StreamOpFlag; (java.base@11.0.22)
 528:             1             40  [Lsun.util.locale.provider.LocaleProviderAdapter$Type; (java.base@11.0.22)
 529:             1             40  [[Ljava.lang.invoke.LambdaForm$Name; (java.base@11.0.22)
 530:             1             40  com.fasterxml.jackson.annotation.JsonFormat$Value
 531:             1             40  com.fasterxml.jackson.core.StreamReadConstraints
 532:             1             40  com.fasterxml.jackson.core.sym.ByteQuadsCanonicalizer$TableInfo
 533:             1             40  com.fasterxml.jackson.core.util.Separators
 534:             1             40  com.fasterxml.jackson.databind.cfg.ConfigOverrides
 535:             1             40  com.sun.management.internal.DiagnosticCommandImpl (jdk.management@11.0.22)
 536:             1             40  java.io.BufferedInputStream (java.base@11.0.22)
 537:             1             40  java.io.FilePermission (java.base@11.0.22)
 538:             1             40  java.lang.ArithmeticException (java.base@11.0.22)
 539:             1             40  java.lang.NullPointerException (java.base@11.0.22)
 540:             1             40  java.lang.invoke.MethodHandleImpl$IntrinsicMethodHandle (java.base@11.0.22)
 541:             1             40  java.net.InetAddress$CachedAddresses (java.base@11.0.22)
 542:             1             40  java.util.ResourceBundle$2 (java.base@11.0.22)
 543:             1             40  java.util.ServiceLoader$LazyClassPathLookupIterator (java.base@11.0.22)
 544:             1             40  javax.crypto.CryptoAllPermission (java.base@11.0.22)
 545:             1             40  jdk.internal.event.SecurityProviderServiceEvent (java.base@11.0.22)
 546:             1             40  jdk.internal.loader.URLClassPath (java.base@11.0.22)
 547:             1             40  jdk.internal.ref.CleanerImpl$CleanerCleanable (java.base@11.0.22)
 548:             1             40  org.postgresql.core.v3.SimpleParameterList
 549:             1             40  org.postgresql.jdbc.PgResultSet$1
 550:             1             40  org.postgresql.util.LazyCleaner
 551:             1             40  sun.net.httpserver.ServerImpl$IdleTimeoutTask (jdk.httpserver@11.0.22)
 552:             1             40  sun.text.normalizer.Trie2$UTrie2Header (java.base@11.0.22)
 553:             1             40  sun.text.resources.cldr.FormatData (java.base@11.0.22)
 554:             1             40  sun.text.resources.cldr.FormatData_en (java.base@11.0.22)
 555:             1             40  sun.util.resources.Bundles$1 (java.base@11.0.22)
 556:             1             40  sun.util.resources.cldr.CalendarData (java.base@11.0.22)
 557:             1             32  [Lcom.fasterxml.jackson.core.Base64Variant$PaddingReadBehaviour;
 558:             1             32  [Lcom.fasterxml.jackson.core.StreamReadCapability;
 559:             1             32  [Lcom.fasterxml.jackson.core.util.Separators$Spacing;
 560:             1             32  [Lcom.fasterxml.jackson.databind.cfg.JsonNodeFeature;
 561:             2             32  [Lcom.fasterxml.jackson.databind.deser.Deserializers;
 562:             1             32  [Lcom.fasterxml.jackson.databind.util.internal.PrivateMaxEntriesMap$DrainStatus;
 563:             1             32  [Ljava.lang.OutOfMemoryError; (java.base@11.0.22)
 564:             2             32  [Ljava.lang.StackTraceElement; (java.base@11.0.22)
 565:             1             32  [Ljava.lang.ThreadGroup; (java.base@11.0.22)
 566:             1             32  [Ljava.lang.invoke.StringConcatFactory$Mode; (java.base@11.0.22)
 567:             1             32  [Ljava.lang.module.ModuleDescriptor$Modifier; (java.base@11.0.22)
 568:             1             32  [Ljava.lang.module.ModuleDescriptor$Requires$Modifier; (java.base@11.0.22)
 569:             1             32  [Ljava.net.Proxy$Type; (java.base@11.0.22)
 570:             1             32  [Ljava.nio.file.AccessMode; (java.base@11.0.22)
 571:             1             32  [Ljava.text.Normalizer$Form; (java.base@11.0.22)
 572:             1             32  [Ljava.util.regex.Pattern$Qtype; (java.base@11.0.22)
 573:             1             32  [Ljava.util.stream.StreamShape; (java.base@11.0.22)
 574:             1             32  [Ljdk.internal.logger.BootstrapLogger$LoggingBackend; (java.base@11.0.22)
 575:             1             32  [Ljdk.internal.module.IllegalAccessLogger$Mode; (java.base@11.0.22)
 576:             1             32  [Lorg.postgresql.core.TransactionState;
 577:             1             32  [Lorg.postgresql.hostchooser.HostStatus;
 578:             1             32  [Lorg.postgresql.jdbc.EscapeSyntaxCallMode;
 579:             1             32  [Lorg.postgresql.jdbc.PreferQueryMode;
 580:             1             32  [Lorg.postgresql.jdbc.StatementCancelState;
 581:             1             32  [Lorg.postgresql.plugin.AuthenticationRequestType;
 582:             1             32  [Lorg.postgresql.shaded.com.ongres.scram.client.ScramClient$ChannelBinding;
 583:             1             32  [Lorg.postgresql.shaded.com.ongres.scram.common.ScramMechanisms;
 584:             1             32  [Lorg.postgresql.shaded.com.ongres.scram.common.gssapi.Gs2Attributes;
 585:             1             32  [Lorg.postgresql.shaded.com.ongres.scram.common.gssapi.Gs2CbindFlag;
 586:             1             32  [Lsun.security.provider.NativePRNG$Variant; (java.base@11.0.22)
 587:             1             32  com.fasterxml.jackson.annotation.JsonInclude$Value
 588:             1             32  com.fasterxml.jackson.core.sym.CharsToNameCanonicalizer$TableInfo
 589:             1             32  com.fasterxml.jackson.databind.cfg.CoercionConfigs
 590:             1             32  com.fasterxml.jackson.databind.cfg.DatatypeFeatures
 591:             1             32  com.fasterxml.jackson.databind.cfg.DeserializerFactoryConfig
 592:             1             32  com.fasterxml.jackson.databind.deser.std.JsonNodeDeserializer
 593:             1             32  com.fasterxml.jackson.databind.introspect.DefaultAccessorNamingStrategy$Provider
 594:             1             32  com.fasterxml.jackson.databind.ser.std.CalendarSerializer
 595:             1             32  com.fasterxml.jackson.databind.ser.std.DateSerializer
 596:             1             32  com.fasterxml.jackson.databind.ser.std.NumberSerializers$FloatSerializer
 597:             1             32  com.fasterxml.jackson.databind.ser.std.NumberSerializers$IntLikeSerializer
 598:             1             32  com.fasterxml.jackson.databind.ser.std.NumberSerializers$ShortSerializer
 599:             1             32  com.fasterxml.jackson.databind.type.TypeBindings
 600:             1             32  com.fasterxml.jackson.databind.type.TypeFactory
 601:             1             32  com.fasterxml.jackson.databind.util.internal.PrivateMaxEntriesMap$Node
 602:             1             32  java.io.UnixFileSystem (java.base@11.0.22)
 603:             2             32  java.lang.Boolean (java.base@11.0.22)
 604:             2             32  java.lang.ClassValue$Identity (java.base@11.0.22)
 605:             2             32  java.lang.Shutdown$Lock (java.base@11.0.22)
 606:             1             32  java.lang.invoke.VarHandleLongs$Array (java.base@11.0.22)
 607:             1             32  java.lang.module.ModuleDescriptor$Version (java.base@11.0.22)
 608:             1             32  java.net.Inet6Address$Inet6AddressHolder (java.base@11.0.22)
 609:             2             32  java.net.InetSocketAddress (java.base@11.0.22)
 610:             2             32  java.nio.ByteOrder (java.base@11.0.22)
 611:             1             32  java.security.MessageDigest$Delegate (java.base@11.0.22)
 612:             1             32  java.util.Collections$SynchronizedMap (java.base@11.0.22)
 613:             2             32  java.util.HashMap$Values (java.base@11.0.22)
 614:             1             32  java.util.LinkedList$ListItr (java.base@11.0.22)
 615:             2             32  java.util.ResourceBundle$SingleFormatControl (java.base@11.0.22)
 616:             1             32  java.util.ServiceLoader$ModuleServicesLookupIterator (java.base@11.0.22)
 617:             1             32  java.util.concurrent.ThreadLocalRandom (java.base@11.0.22)
 618:             1             32  java.util.concurrent.atomic.AtomicIntegerFieldUpdater$AtomicIntegerFieldUpdaterImpl (java.base@11.0.22)
 619:             1             32  java.util.concurrent.atomic.LongAdder (java.base@11.0.22)
 620:             1             32  java.util.logging.LogManager$SystemLoggerContext (java.logging@11.0.22)
 621:             2             32  java.util.regex.Pattern$$Lambda$4/0x0000000840066840 (java.base@11.0.22)
 622:             1             32  jdk.internal.module.IllegalAccessLogger (java.base@11.0.22)
 623:             1             32  jdk.internal.ref.CleanerImpl (java.base@11.0.22)
 624:             1             32  org.postgresql.core.SqlCommand
 625:             1             32  org.postgresql.core.v3.Portal
 626:             1             32  org.postgresql.hostchooser.GlobalHostStatusTracker$HostSpecStatus
 627:             1             32  org.postgresql.util.SharedTimer
 628:             1             32  sun.nio.ch.ServerSocketAdaptor (java.base@11.0.22)
 629:             1             32  sun.nio.cs.StandardCharsets (java.base@11.0.22)
 630:             1             32  sun.nio.fs.LinuxFileSystem (java.base@11.0.22)
 631:             1             32  sun.nio.fs.UnixFileKey (java.base@11.0.22)
 632:             2             32  sun.security.provider.FileInputStreamPool$UnclosableInputStream (java.base@11.0.22)
 633:             1             32  sun.security.provider.SecureRandom (java.base@11.0.22)
 634:             1             32  sun.security.util.KnownOIDs$1 (java.base@11.0.22)
 635:             1             32  sun.security.util.KnownOIDs$10 (java.base@11.0.22)
 636:             1             32  sun.security.util.KnownOIDs$2 (java.base@11.0.22)
 637:             1             32  sun.security.util.KnownOIDs$3 (java.base@11.0.22)
 638:             1             32  sun.security.util.KnownOIDs$4 (java.base@11.0.22)
 639:             1             32  sun.security.util.KnownOIDs$5 (java.base@11.0.22)
 640:             1             32  sun.security.util.KnownOIDs$6 (java.base@11.0.22)
 641:             1             32  sun.security.util.KnownOIDs$7 (java.base@11.0.22)
 642:             1             32  sun.security.util.KnownOIDs$8 (java.base@11.0.22)
 643:             1             32  sun.security.util.KnownOIDs$9 (java.base@11.0.22)
 644:             2             32  sun.util.resources.LocaleData (java.base@11.0.22)
 645:             1             24  [Lcom.fasterxml.jackson.databind.cfg.EnumFeature;
 646:             1             24  [Lcom.fasterxml.jackson.databind.deser.KeyDeserializers;
 647:             1             24  [Ljava.io.File$PathStatus; (java.base@11.0.22)
 648:             1             24  [Ljava.net.InetAddress; (java.base@11.0.22)
 649:             1             24  [Ljava.net.StandardProtocolFamily; (java.base@11.0.22)
 650:             1             24  [Ljava.net.URL; (java.base@11.0.22)
 651:             1             24  [Ljava.nio.channels.SelectionKey; (java.base@11.0.22)
 652:             1             24  [Ljava.time.chrono.IsoEra; (java.base@11.0.22)
 653:             1             24  [Ljava.util.Locale$Category; (java.base@11.0.22)
 654:             1             24  [Ljava.util.jar.Manifest; (java.base@11.0.22)
 655:             1             24  [Lorg.postgresql.core.JavaVersion;
 656:             1             24  [Lorg.postgresql.shaded.com.ongres.scram.common.stringprep.StringPreparations;
 657:             1             24  com.fasterxml.jackson.annotation.JsonFormat$Features
 658:             1             24  com.fasterxml.jackson.annotation.JsonSetter$Value
 659:             1             24  com.fasterxml.jackson.core.ErrorReportConfiguration
 660:             1             24  com.fasterxml.jackson.core.util.DefaultIndenter
 661:             1             24  com.fasterxml.jackson.databind.cfg.ContextAttributes$Impl
 662:             1             24  com.fasterxml.jackson.databind.cfg.DefaultCacheProvider
 663:             1             24  com.fasterxml.jackson.databind.cfg.MutableCoercionConfig
 664:             1             24  com.fasterxml.jackson.databind.cfg.SerializerFactoryConfig
 665:             1             24  com.fasterxml.jackson.databind.deser.DeserializerCache
 666:             1             24  com.fasterxml.jackson.databind.introspect.AnnotatedClass$Creators
 667:             1             24  com.fasterxml.jackson.databind.introspect.JacksonAnnotationIntrospector
 668:             1             24  com.fasterxml.jackson.databind.introspect.SimpleMixInResolver
 669:             1             24  com.fasterxml.jackson.databind.ser.SerializerCache
 670:             1             24  com.fasterxml.jackson.databind.ser.impl.FailingSerializer
 671:             1             24  com.fasterxml.jackson.databind.ser.std.UUIDSerializer
 672:             1             24  com.fasterxml.jackson.databind.util.internal.PrivateMaxEntriesMap$DrainStatus$1
 673:             1             24  com.fasterxml.jackson.databind.util.internal.PrivateMaxEntriesMap$DrainStatus$2
 674:             1             24  com.fasterxml.jackson.databind.util.internal.PrivateMaxEntriesMap$DrainStatus$3
 675:             1             24  com.fasterxml.jackson.databind.util.internal.PrivateMaxEntriesMap$WeightedValue
 676:             1             24  com.sun.management.internal.PlatformMBeanProviderImpl$1 (jdk.management@11.0.22)
 677:             1             24  com.sun.management.internal.PlatformMBeanProviderImpl$2 (jdk.management@11.0.22)
 678:             1             24  com.sun.management.internal.PlatformMBeanProviderImpl$3 (jdk.management@11.0.22)
 679:             1             24  com.sun.management.internal.PlatformMBeanProviderImpl$4 (jdk.management@11.0.22)
 680:             1             24  com.sun.management.internal.PlatformMBeanProviderImpl$5 (jdk.management@11.0.22)
 681:             1             24  java.lang.Double (java.base@11.0.22)
 682:             1             24  java.lang.StringBuilder (java.base@11.0.22)
 683:             1             24  java.lang.invoke.MethodType$ConcurrentWeakInternSet (java.base@11.0.22)
 684:             1             24  java.lang.invoke.StringConcatFactory$Stringifiers$StringifierAny (java.base@11.0.22)
 685:             1             24  java.lang.invoke.StringConcatFactory$Stringifiers$StringifierMost (java.base@11.0.22)
 686:             1             24  java.lang.management.DefaultPlatformMBeanProvider$1 (java.management@11.0.22)
 687:             1             24  java.lang.management.DefaultPlatformMBeanProvider$10 (java.management@11.0.22)
 688:             1             24  java.lang.management.DefaultPlatformMBeanProvider$11 (java.management@11.0.22)
 689:             1             24  java.lang.management.DefaultPlatformMBeanProvider$2 (java.management@11.0.22)
 690:             1             24  java.lang.management.DefaultPlatformMBeanProvider$3 (java.management@11.0.22)
 691:             1             24  java.lang.management.DefaultPlatformMBeanProvider$4 (java.management@11.0.22)
 692:             1             24  java.lang.management.DefaultPlatformMBeanProvider$5 (java.management@11.0.22)
 693:             1             24  java.lang.management.DefaultPlatformMBeanProvider$6 (java.management@11.0.22)
 694:             1             24  java.lang.management.DefaultPlatformMBeanProvider$7 (java.management@11.0.22)
 695:             1             24  java.lang.management.DefaultPlatformMBeanProvider$8 (java.management@11.0.22)
 696:             1             24  java.lang.management.DefaultPlatformMBeanProvider$9 (java.management@11.0.22)
 697:             1             24  java.net.Inet6Address (java.base@11.0.22)
 698:             1             24  java.net.Inet6AddressImpl (java.base@11.0.22)
 699:             1             24  java.net.Proxy (java.base@11.0.22)
 700:             1             24  java.security.AllPermissionCollection (java.base@11.0.22)
 701:             1             24  java.sql.DriverInfo (java.sql@11.0.22)
 702:             1             24  java.util.BitSet (java.base@11.0.22)
 703:             1             24  java.util.Collections$EmptyMap (java.base@11.0.22)
 704:             1             24  java.util.Collections$SynchronizedCollection (java.base@11.0.22)
 705:             1             24  java.util.Date (java.base@11.0.22)
 706:             1             24  java.util.Locale$Cache (java.base@11.0.22)
 707:             1             24  java.util.ResourceBundle$Control$CandidateListCache (java.base@11.0.22)
 708:             1             24  java.util.ServiceLoader$2 (java.base@11.0.22)
 709:             1             24  java.util.TaskQueue (java.base@11.0.22)
 710:             1             24  java.util.Timer (java.base@11.0.22)
 711:             1             24  java.util.concurrent.ConcurrentSkipListMap$Index (java.base@11.0.22)
 712:             1             24  java.util.concurrent.CopyOnWriteArrayList$COWIterator (java.base@11.0.22)
 713:             1             24  java.util.logging.LogManager$LoggerContext (java.logging@11.0.22)
 714:             1             24  java.util.regex.Pattern$BmpCharPropertyGreedy (java.base@11.0.22)
 715:             1             24  java.util.regex.Pattern$Ques (java.base@11.0.22)
 716:             1             24  java.util.zip.ZipCoder$UTF8 (java.base@11.0.22)
 717:             1             24  javax.crypto.CryptoAllPermissionCollection (java.base@11.0.22)
 718:             1             24  javax.crypto.CryptoPermissions (java.base@11.0.22)
 719:             1             24  jdk.internal.jimage.ImageReader (java.base@11.0.22)
 720:             1             24  jdk.internal.loader.URLClassPath$FileLoader (java.base@11.0.22)
 721:             1             24  jdk.internal.logger.BootstrapLogger$RedirectedLoggers (java.base@11.0.22)
 722:             1             24  jdk.internal.module.ModuleHashes (java.base@11.0.22)
 723:             1             24  jdk.internal.module.SystemModuleFinders$SystemModuleFinder (java.base@11.0.22)
 724:             1             24  jdk.management.jfr.internal.FlightRecorderMXBeanProvider$SingleMBeanComponent (jdk.management.jfr@11.0.22)
 725:             1             24  org.postgresql.Driver
 726:             1             24  org.postgresql.core.AsciiStringInterner
 727:             1             24  org.postgresql.hostchooser.HostRequirement$1
 728:             1             24  org.postgresql.hostchooser.HostRequirement$2
 729:             1             24  org.postgresql.hostchooser.HostRequirement$3
 730:             1             24  org.postgresql.hostchooser.HostRequirement$4
 731:             1             24  org.postgresql.hostchooser.HostRequirement$5
 732:             1             24  org.postgresql.hostchooser.HostRequirement$6
 733:             1             24  org.postgresql.shaded.com.ongres.scram.common.bouncycastle.base64.Base64Encoder
 734:             1             24  org.postgresql.shaded.com.ongres.scram.common.stringprep.StringPreparations$1
 735:             1             24  org.postgresql.shaded.com.ongres.scram.common.stringprep.StringPreparations$2
 736:             1             24  org.postgresql.util.HostSpec
 737:             1             24  sun.management.MemoryImpl (java.management@11.0.22)
 738:             1             24  sun.management.VMManagementImpl (java.management@11.0.22)
 739:             1             24  sun.net.httpserver.ServerImpl$Dispatcher (jdk.httpserver@11.0.22)
 740:             1             24  sun.net.sdp.SdpProvider (java.base@11.0.22)
 741:             1             24  sun.net.www.protocol.http.Handler (java.base@11.0.22)
 742:             1             24  sun.nio.cs.ISO_8859_1 (java.base@11.0.22)
 743:             1             24  sun.nio.cs.ThreadLocalCoders$1 (java.base@11.0.22)
 744:             1             24  sun.nio.cs.ThreadLocalCoders$2 (java.base@11.0.22)
 745:             1             24  sun.nio.cs.US_ASCII (java.base@11.0.22)
 746:             1             24  sun.nio.cs.UTF_16 (java.base@11.0.22)
 747:             1             24  sun.nio.cs.UTF_16BE (java.base@11.0.22)
 748:             1             24  sun.nio.cs.UTF_16LE (java.base@11.0.22)
 749:             1             24  sun.nio.cs.UTF_8 (java.base@11.0.22)
 750:             1             24  sun.reflect.annotation.AnnotationInvocationHandler (java.base@11.0.22)
 751:             1             24  sun.text.normalizer.Norm2AllModes (java.base@11.0.22)
 752:             1             24  sun.text.normalizer.Norm2AllModes$ComposeNormalizer2 (java.base@11.0.22)
 753:             1             24  sun.text.normalizer.Norm2AllModes$Norm2AllModesSingleton (java.base@11.0.22)
 754:             1             24  sun.util.cldr.CLDRCalendarDataProviderImpl (java.base@11.0.22)
 755:             1             24  sun.util.locale.BaseLocale$Cache (java.base@11.0.22)
 756:             1             24  sun.util.locale.provider.CalendarProviderImpl (java.base@11.0.22)
 757:             1             24  sun.util.locale.provider.DateFormatSymbolsProviderImpl (java.base@11.0.22)
 758:             1             24  sun.util.locale.provider.DecimalFormatSymbolsProviderImpl (java.base@11.0.22)
 759:             1             24  sun.util.locale.provider.LocaleServiceProviderPool (java.base@11.0.22)
 760:             1             24  sun.util.locale.provider.NumberFormatProviderImpl (java.base@11.0.22)
 761:             1             16  [Lcom.fasterxml.jackson.databind.AbstractTypeResolver;
 762:             1             16  [Lcom.fasterxml.jackson.databind.deser.BeanDeserializerModifier;
 763:             1             16  [Lcom.fasterxml.jackson.databind.deser.ValueInstantiators;
 764:             1             16  [Lcom.fasterxml.jackson.databind.ser.BeanSerializerModifier;
 765:             1             16  [Lcom.fasterxml.jackson.databind.ser.Serializers;
 766:             1             16  [Lcom.fasterxml.jackson.databind.util.ClassUtil$Ctor;
 767:             1             16  [Ljava.lang.Throwable; (java.base@11.0.22)
 768:             1             16  [Ljava.nio.file.attribute.FileAttribute; (java.base@11.0.22)
 769:             1             16  [Ljava.security.Provider; (java.base@11.0.22)
 770:             1             16  [Ljava.security.cert.Certificate; (java.base@11.0.22)
 771:             1             16  [Ljava.text.FieldPosition; (java.base@11.0.22)
 772:             1             16  [Ljava.util.logging.Handler; (java.logging@11.0.22)
 773:             1             16  [Lorg.postgresql.core.Field;
 774:             1             16  OrderService.OrderService$killHandler
 775:             1             16  OrderService.OrderService$orderHandler
 776:             1             16  OrderService.OrderService$productHandler
 777:             1             16  OrderService.OrderService$userHandler
 778:             1             16  OrderService.OrderService$userPurchasedHandler
 779:             1             16  com.fasterxml.jackson.core.StreamWriteConstraints
 780:             1             16  com.fasterxml.jackson.core.io.JsonStringEncoder
 781:             1             16  com.fasterxml.jackson.core.util.DefaultPrettyPrinter$FixedSpaceIndenter
 782:             1             16  com.fasterxml.jackson.core.util.DefaultPrettyPrinter$NopIndenter
 783:             1             16  com.fasterxml.jackson.core.util.JacksonFeatureSet
 784:             1             16  com.fasterxml.jackson.core.util.JsonRecyclerPools$ThreadLocalPool
 785:             1             16  com.fasterxml.jackson.databind.deser.BeanDeserializerFactory
 786:             1             16  com.fasterxml.jackson.databind.deser.std.StdKeyDeserializers
 787:             1             16  com.fasterxml.jackson.databind.ext.Java7SupportImpl
 788:             1             16  com.fasterxml.jackson.databind.introspect.AnnotationCollector$NoAnnotations
 789:             1             16  com.fasterxml.jackson.databind.introspect.BasicClassIntrospector
 790:             1             16  com.fasterxml.jackson.databind.jsontype.impl.LaissezFaireSubTypeValidator
 791:             1             16  com.fasterxml.jackson.databind.jsontype.impl.StdSubtypeResolver
 792:             1             16  com.fasterxml.jackson.databind.node.JsonNodeFactory
 793:             1             16  com.fasterxml.jackson.databind.node.TextNode
 794:             1             16  com.fasterxml.jackson.databind.ser.BeanSerializerFactory
 795:             1             16  com.fasterxml.jackson.databind.ser.impl.UnknownSerializer
 796:             1             16  com.fasterxml.jackson.databind.ser.std.NullSerializer
 797:             1             16  com.fasterxml.jackson.databind.ser.std.StringSerializer
 798:             1             16  com.fasterxml.jackson.databind.type.TypeParser
 799:             1             16  com.fasterxml.jackson.databind.util.RootNameLookup
 800:             1             16  com.sun.management.internal.PlatformMBeanProviderImpl (jdk.management@11.0.22)
 801:             1             16  com.sun.management.internal.PlatformMBeanProviderImpl$$Lambda$44/0x00000008400e0840 (jdk.management@11.0.22)
 802:             1             16  com.sun.proxy.jdk.proxy1.$Proxy1 (jdk.proxy1@)
 803:             1             16  java.io.FileDescriptor$1 (java.base@11.0.22)
 804:             1             16  java.io.FilePermission$1 (java.base@11.0.22)
 805:             1             16  java.io.RandomAccessFile$2 (java.base@11.0.22)
 806:             1             16  java.lang.ApplicationShutdownHooks$1 (java.base@11.0.22)
 807:             1             16  java.lang.CharacterDataLatin1 (java.base@11.0.22)
 808:             1             16  java.lang.Float (java.base@11.0.22)
 809:             1             16  java.lang.InheritableThreadLocal (java.base@11.0.22)
 810:             1             16  java.lang.Module$$Lambda$23/0x00000008400ca040 (java.base@11.0.22)
 811:             1             16  java.lang.Runtime (java.base@11.0.22)
 812:             1             16  java.lang.SecurityManager$$Lambda$29/0x00000008400cf840 (java.base@11.0.22)
 813:             1             16  java.lang.SecurityManager$$Lambda$31/0x00000008400cf440 (java.base@11.0.22)
 814:             1             16  java.lang.SecurityManager$$Lambda$32/0x00000008400ce840 (java.base@11.0.22)
 815:             1             16  java.lang.SecurityManager$$Lambda$33/0x00000008400ce040 (java.base@11.0.22)
 816:             1             16  java.lang.SecurityManager$$Lambda$34/0x00000008400cd840 (java.base@11.0.22)
 817:             1             16  java.lang.SecurityManager$$Lambda$35/0x00000008400cdc40 (java.base@11.0.22)
 818:             1             16  java.lang.SecurityManager$$Lambda$37/0x00000008400cd440 (java.base@11.0.22)
 819:             1             16  java.lang.SecurityManager$$Lambda$38/0x00000008400cc840 (java.base@11.0.22)
 820:             1             16  java.lang.String$CaseInsensitiveComparator (java.base@11.0.22)
 821:             1             16  java.lang.StringCoding$1 (java.base@11.0.22)
 822:             1             16  java.lang.System$2 (java.base@11.0.22)
 823:             1             16  java.lang.System$LoggerFinder$$Lambda$71/0x0000000840115c40 (java.base@11.0.22)
 824:             1             16  java.lang.Terminator$1 (java.base@11.0.22)
 825:             1             16  java.lang.invoke.ClassSpecializer$1 (java.base@11.0.22)
 826:             1             16  java.lang.invoke.MemberName$Factory (java.base@11.0.22)
 827:             1             16  java.lang.invoke.MethodHandleImpl$1 (java.base@11.0.22)
 828:             1             16  java.lang.invoke.StringConcatFactory$MethodHandleInlineCopyStrategy$1 (java.base@11.0.22)
 829:             1             16  java.lang.invoke.StringConcatFactory$MethodHandleInlineCopyStrategy$2 (java.base@11.0.22)
 830:             1             16  java.lang.invoke.StringConcatFactory$MethodHandleInlineCopyStrategy$3 (java.base@11.0.22)
 831:             1             16  java.lang.invoke.VarHandle$1 (java.base@11.0.22)
 832:             1             16  java.lang.management.DefaultPlatformMBeanProvider (java.management@11.0.22)
 833:             1             16  java.lang.management.ManagementFactory$$Lambda$41/0x00000008400cc440 (java.management@11.0.22)
 834:             1             16  java.lang.management.ManagementFactory$PlatformMBeanFinder$$Lambda$42/0x00000008400e0040 (java.management@11.0.22)
 835:             1             16  java.lang.management.ManagementFactory$PlatformMBeanFinder$$Lambda$49/0x00000008400e1c40 (java.management@11.0.22)
 836:             1             16  java.lang.management.ManagementFactory$PlatformMBeanFinder$$Lambda$50/0x00000008400e2040 (java.management@11.0.22)
 837:             1             16  java.lang.management.ManagementFactory$PlatformMBeanFinder$$Lambda$52/0x00000008400e2c40 (java.management@11.0.22)
 838:             1             16  java.lang.management.ManagementFactory$PlatformMBeanFinder$$Lambda$56/0x00000008400e4040 (java.management@11.0.22)
 839:             1             16  java.lang.management.ManagementFactory$PlatformMBeanFinder$$Lambda$57/0x00000008400e4440 (java.management@11.0.22)
 840:             1             16  java.lang.module.ModuleDescriptor$1 (java.base@11.0.22)
 841:             1             16  java.lang.module.ModuleDescriptor$Builder$$Lambda$22/0x00000008400c9c40 (java.base@11.0.22)
 842:             1             16  java.lang.ref.Cleaner (java.base@11.0.22)
 843:             1             16  java.lang.ref.Cleaner$1 (java.base@11.0.22)
 844:             1             16  java.lang.ref.Reference$1 (java.base@11.0.22)
 845:             1             16  java.lang.reflect.Proxy$$Lambda$19/0x00000008400c9040 (java.base@11.0.22)
 846:             1             16  java.lang.reflect.Proxy$ProxyBuilder$$Lambda$21/0x00000008400c9840 (java.base@11.0.22)
 847:             1             16  java.lang.reflect.ReflectAccess (java.base@11.0.22)
 848:             1             16  java.math.BigDecimal$1 (java.base@11.0.22)
 849:             1             16  java.net.InetAddress$2 (java.base@11.0.22)
 850:             1             16  java.net.InetAddress$PlatformNameService (java.base@11.0.22)
 851:             1             16  java.net.ServerSocket$2 (java.base@11.0.22)
 852:             1             16  java.net.URI$1 (java.base@11.0.22)
 853:             1             16  java.net.URL$3 (java.base@11.0.22)
 854:             1             16  java.net.URL$DefaultFactory (java.base@11.0.22)
 855:             1             16  java.nio.Bits$1 (java.base@11.0.22)
 856:             1             16  java.nio.Buffer$1 (java.base@11.0.22)
 857:             1             16  java.nio.channels.spi.AbstractSelector$1 (java.base@11.0.22)
 858:             1             16  java.security.AllPermission (java.base@11.0.22)
 859:             1             16  java.security.ProtectionDomain$JavaSecurityAccessImpl (java.base@11.0.22)
 860:             1             16  java.util.Collections$EmptyEnumeration (java.base@11.0.22)
 861:             1             16  java.util.Collections$EmptyIterator (java.base@11.0.22)
 862:             1             16  java.util.Collections$EmptyList (java.base@11.0.22)
 863:             1             16  java.util.Collections$EmptySet (java.base@11.0.22)
 864:             1             16  java.util.Collections$UnmodifiableCollection (java.base@11.0.22)
 865:             1             16  java.util.EnumMap$1 (java.base@11.0.22)
 866:             1             16  java.util.IdentityHashMap$Values (java.base@11.0.22)
 867:             1             16  java.util.LinkedHashMap$LinkedValues (java.base@11.0.22)
 868:             1             16  java.util.LinkedHashSet (java.base@11.0.22)
 869:             1             16  java.util.ResourceBundle$1 (java.base@11.0.22)
 870:             1             16  java.util.ResourceBundle$Control (java.base@11.0.22)
 871:             1             16  java.util.Spliterators$EmptySpliterator$OfDouble (java.base@11.0.22)
 872:             1             16  java.util.Spliterators$EmptySpliterator$OfInt (java.base@11.0.22)
 873:             1             16  java.util.Spliterators$EmptySpliterator$OfLong (java.base@11.0.22)
 874:             1             16  java.util.Spliterators$EmptySpliterator$OfRef (java.base@11.0.22)
 875:             1             16  java.util.Timer$1 (java.base@11.0.22)
 876:             1             16  java.util.concurrent.ConcurrentSkipListMap$KeySet (java.base@11.0.22)
 877:             1             16  java.util.concurrent.ConcurrentSkipListSet (java.base@11.0.22)
 878:             1             16  java.util.concurrent.ForkJoinPool$DefaultForkJoinWorkerThreadFactory (java.base@11.0.22)
 879:             1             16  java.util.function.Function$$Lambda$51/0x00000008400e2440 (java.base@11.0.22)
 880:             1             16  java.util.jar.JavaUtilJarAccessImpl (java.base@11.0.22)
 881:             1             16  java.util.logging.Level$$Lambda$12/0x00000008400c5440 (java.logging@11.0.22)
 882:             1             16  java.util.logging.Level$KnownLevel$$Lambda$13/0x00000008400c5840 (java.logging@11.0.22)
 883:             1             16  java.util.logging.LogManager$LoggingProviderAccess (java.logging@11.0.22)
 884:             1             16  java.util.logging.LogManager$VisitedLoggers (java.logging@11.0.22)
 885:             1             16  java.util.regex.CharPredicates$$Lambda$1/0x0000000840067840 (java.base@11.0.22)
 886:             1             16  java.util.regex.Pattern$1 (java.base@11.0.22)
 887:             1             16  java.util.regex.Pattern$LastNode (java.base@11.0.22)
 888:             1             16  java.util.regex.Pattern$Node (java.base@11.0.22)
 889:             1             16  java.util.stream.Collectors$$Lambda$45/0x00000008400e0c40 (java.base@11.0.22)
 890:             1             16  java.util.stream.Collectors$$Lambda$46/0x00000008400e1040 (java.base@11.0.22)
 891:             1             16  java.util.stream.Collectors$$Lambda$47/0x00000008400e1440 (java.base@11.0.22)
 892:             1             16  java.util.stream.Collectors$$Lambda$48/0x00000008400e1840 (java.base@11.0.22)
 893:             1             16  java.util.stream.Collectors$$Lambda$53/0x00000008400e3040 (java.base@11.0.22)
 894:             1             16  java.util.stream.Collectors$$Lambda$62/0x00000008400e5840 (java.base@11.0.22)
 895:             1             16  java.util.stream.Collectors$$Lambda$63/0x00000008400e5c40 (java.base@11.0.22)
 896:             1             16  java.util.stream.Collectors$$Lambda$64/0x00000008400e6040 (java.base@11.0.22)
 897:             1             16  java.util.stream.FindOps$FindSink$OfRef$$Lambda$14/0x00000008400c5c40 (java.base@11.0.22)
 898:             1             16  java.util.stream.FindOps$FindSink$OfRef$$Lambda$15/0x00000008400c6040 (java.base@11.0.22)
 899:             1             16  java.util.stream.FindOps$FindSink$OfRef$$Lambda$16/0x00000008400c6440 (java.base@11.0.22)
 900:             1             16  java.util.stream.FindOps$FindSink$OfRef$$Lambda$17/0x00000008400c6840 (java.base@11.0.22)
 901:             1             16  java.util.zip.ZipFile$1 (java.base@11.0.22)
 902:             1             16  javax.net.DefaultSocketFactory (java.base@11.0.22)
 903:             1             16  jdk.internal.jimage.ImageReaderFactory$1 (java.base@11.0.22)
 904:             1             16  jdk.internal.jimage.ImageStringsReader (java.base@11.0.22)
 905:             1             16  jdk.internal.jimage.decompressor.Decompressor (java.base@11.0.22)
 906:             1             16  jdk.internal.logger.LazyLoggers$1 (java.base@11.0.22)
 907:             1             16  jdk.internal.logger.LazyLoggers$LazyLoggerFactories (java.base@11.0.22)
 908:             1             16  jdk.internal.math.FloatingDecimal$1 (java.base@11.0.22)
 909:             1             16  jdk.internal.misc.TerminatingThreadLocal$1 (java.base@11.0.22)
 910:             1             16  jdk.internal.misc.Unsafe (java.base@11.0.22)
 911:             1             16  jdk.internal.module.ModulePatcher (java.base@11.0.22)
 912:             1             16  jdk.internal.module.ModuleTarget (java.base@11.0.22)
 913:             1             16  jdk.internal.module.SystemModules$default (java.base@11.0.22)
 914:             1             16  jdk.internal.perf.Perf (java.base@11.0.22)
 915:             1             16  jdk.internal.reflect.ReflectionFactory (java.base@11.0.22)
 916:             1             16  jdk.internal.util.Preconditions$1 (java.base@11.0.22)
 917:             1             16  jdk.net.ExtendedSocketOptions$1 (jdk.net@11.0.22)
 918:             1             16  jdk.net.LinuxSocketOptions (jdk.net@11.0.22)
 919:             1             16  jdk.net.LinuxSocketOptions$$Lambda$40/0x00000008400cc040 (jdk.net@11.0.22)
 920:             1             16  org.postgresql.Driver$$Lambda$25/0x00000008400ca840
 921:             1             16  org.postgresql.util.LazyCleaner$$Lambda$69/0x00000008400e6840
 922:             1             16  org.postgresql.util.LazyCleaner$1
 923:             1             16  sun.net.httpserver.ContextList (jdk.httpserver@11.0.22)
 924:             1             16  sun.net.httpserver.DefaultHttpServerProvider (jdk.httpserver@11.0.22)
 925:             1             16  sun.net.httpserver.HttpServerImpl (jdk.httpserver@11.0.22)
 926:             1             16  sun.net.spi.DefaultProxySelector (java.base@11.0.22)
 927:             1             16  sun.net.www.protocol.file.Handler (java.base@11.0.22)
 928:             1             16  sun.net.www.protocol.jar.Handler (java.base@11.0.22)
 929:             1             16  sun.net.www.protocol.jar.JarFileFactory (java.base@11.0.22)
 930:             1             16  sun.net.www.protocol.jrt.Handler (java.base@11.0.22)
 931:             1             16  sun.nio.ch.EPollSelectorProvider (java.base@11.0.22)
 932:             1             16  sun.nio.ch.Net$1 (java.base@11.0.22)
 933:             1             16  sun.nio.ch.SocketDispatcher (java.base@11.0.22)
 934:             1             16  sun.nio.ch.Util$1 (java.base@11.0.22)
 935:             1             16  sun.nio.ch.Util$2 (java.base@11.0.22)
 936:             1             16  sun.nio.fs.LinuxFileSystemProvider (java.base@11.0.22)
 937:             1             16  sun.nio.fs.NativeBuffers$1 (java.base@11.0.22)
 938:             1             16  sun.security.jca.ProviderConfig$ProviderLoader (java.base@11.0.22)
 939:             1             16  sun.security.util.ByteArrayLexOrder (java.base@11.0.22)
 940:             1             16  sun.security.util.ByteArrayTagOrder (java.base@11.0.22)
 941:             1             16  sun.text.normalizer.Norm2AllModes$DecomposeNormalizer2 (java.base@11.0.22)
 942:             1             16  sun.text.normalizer.Norm2AllModes$NoopNormalizer2 (java.base@11.0.22)
 943:             1             16  sun.text.normalizer.NormalizerBase$ModeImpl (java.base@11.0.22)
 944:             1             16  sun.text.normalizer.NormalizerBase$NFCMode (java.base@11.0.22)
 945:             1             16  sun.text.normalizer.NormalizerBase$NFDMode (java.base@11.0.22)
 946:             1             16  sun.text.normalizer.NormalizerBase$NFKCMode (java.base@11.0.22)
 947:             1             16  sun.text.normalizer.NormalizerBase$NFKDMode (java.base@11.0.22)
 948:             1             16  sun.text.normalizer.NormalizerBase$NONEMode (java.base@11.0.22)
 949:             1             16  sun.text.normalizer.NormalizerImpl$IsAcceptable (java.base@11.0.22)
 950:             1             16  sun.text.normalizer.Trie2$1 (java.base@11.0.22)
 951:             1             16  sun.text.normalizer.VersionInfo (java.base@11.0.22)
 952:             1             16  sun.util.calendar.Gregorian (java.base@11.0.22)
 953:             1             16  sun.util.cldr.CLDRBaseLocaleDataMetaInfo (java.base@11.0.22)
 954:             1             16  sun.util.locale.InternalLocaleBuilder$CaseInsensitiveChar (java.base@11.0.22)
 955:             1             16  sun.util.locale.provider.CalendarDataUtility$CalendarWeekParameterGetter (java.base@11.0.22)
 956:             1             16  sun.util.logging.internal.LoggingProviderImpl (java.logging@11.0.22)
 957:             1             16  sun.util.logging.internal.LoggingProviderImpl$JULWrapper (java.logging@11.0.22)
 958:             1             16  sun.util.resources.LocaleData$LocaleDataStrategy (java.base@11.0.22)
 959:             1             16  sun.util.resources.cldr.provider.CLDRLocaleDataMetaInfo (jdk.localedata@11.0.22)
Total         79403        3573720
37381:
 garbage-first heap   total 17408K, used 3489K [0x0000000084200000, 0x0000000100000000)
  region size 1024K, 0 young (0K), 0 survivors (0K)
 Metaspace       used 9930K, capacity 10574K, committed 10752K, reserved 1058816K
  class space    used 1053K, capacity 1172K, committed 1280K, reserved 1048576K
37381:
2024-03-09 14:13:42
Full thread dump OpenJDK 64-Bit Server VM (11.0.22+7-post-Ubuntu-0ubuntu222.04.1 mixed mode, sharing):

Threads class SMR info:
_java_thread_list=0x00007efe04000b70, length=13, elements={
0x00007efe6012b000, 0x00007efe6012d000, 0x00007efe60135800, 0x00007efe60137800,
0x00007efe60139800, 0x00007efe6013b800, 0x00007efe6013d800, 0x00007efe60179000,
0x00007efe60481000, 0x00007efe605db800, 0x00007efe605e6000, 0x00007efe60015800,
0x00007efe18001000
}

"Reference Handler" #2 daemon prio=10 os_prio=0 cpu=0.55ms elapsed=4.05s tid=0x00007efe6012b000 nid=0x920e waiting on condition  [0x00007efe3957b000]
   java.lang.Thread.State: RUNNABLE
	at java.lang.ref.Reference.waitForReferencePendingList(java.base@11.0.22/Native Method)
	at java.lang.ref.Reference.processPendingReferences(java.base@11.0.22/Reference.java:241)
	at java.lang.ref.Reference$ReferenceHandler.run(java.base@11.0.22/Reference.java:213)

"Finalizer" #3 daemon prio=8 os_prio=0 cpu=0.30ms elapsed=4.05s tid=0x00007efe6012d000 nid=0x920f in Object.wait()  [0x00007efe3947b000]
   java.lang.Thread.State: WAITING (on object monitor)
	at java.lang.Object.wait(java.base@11.0.22/Native Method)
	- waiting on <0x0000000085f03ce0> (a java.lang.ref.ReferenceQueue$Lock)
	at java.lang.ref.ReferenceQueue.remove(java.base@11.0.22/ReferenceQueue.java:155)
	- waiting to re-lock in wait() <0x0000000085f03ce0> (a java.lang.ref.ReferenceQueue$Lock)
	at java.lang.ref.ReferenceQueue.remove(java.base@11.0.22/ReferenceQueue.java:176)
	at java.lang.ref.Finalizer$FinalizerThread.run(java.base@11.0.22/Finalizer.java:170)

"Signal Dispatcher" #4 daemon prio=9 os_prio=0 cpu=0.50ms elapsed=4.05s tid=0x00007efe60135800 nid=0x9210 runnable  [0x0000000000000000]
   java.lang.Thread.State: RUNNABLE

"Service Thread" #5 daemon prio=9 os_prio=0 cpu=0.09ms elapsed=4.05s tid=0x00007efe60137800 nid=0x9211 runnable  [0x0000000000000000]
   java.lang.Thread.State: RUNNABLE

"C2 CompilerThread0" #6 daemon prio=9 os_prio=0 cpu=424.51ms elapsed=4.05s tid=0x00007efe60139800 nid=0x9212 waiting on condition  [0x0000000000000000]
   java.lang.Thread.State: RUNNABLE
   No compile task

"C1 CompilerThread0" #9 daemon prio=9 os_prio=0 cpu=262.10ms elapsed=4.05s tid=0x00007efe6013b800 nid=0x9213 waiting on condition  [0x0000000000000000]
   java.lang.Thread.State: RUNNABLE
   No compile task

"Sweeper thread" #10 daemon prio=9 os_prio=0 cpu=0.14ms elapsed=4.05s tid=0x00007efe6013d800 nid=0x9214 runnable  [0x0000000000000000]
   java.lang.Thread.State: RUNNABLE

"Common-Cleaner" #11 daemon prio=8 os_prio=0 cpu=0.71ms elapsed=4.02s tid=0x00007efe60179000 nid=0x9216 in Object.wait()  [0x00007efe38d7a000]
   java.lang.Thread.State: TIMED_WAITING (on object monitor)
	at java.lang.Object.wait(java.base@11.0.22/Native Method)
	- waiting on <0x0000000085f047e8> (a java.lang.ref.ReferenceQueue$Lock)
	at java.lang.ref.ReferenceQueue.remove(java.base@11.0.22/ReferenceQueue.java:155)
	- waiting to re-lock in wait() <0x0000000085f047e8> (a java.lang.ref.ReferenceQueue$Lock)
	at jdk.internal.ref.CleanerImpl.run(java.base@11.0.22/CleanerImpl.java:148)
	at java.lang.Thread.run(java.base@11.0.22/Thread.java:829)
	at jdk.internal.misc.InnocuousThread.run(java.base@11.0.22/InnocuousThread.java:161)

"PostgreSQL-JDBC-Cleaner" #13 daemon prio=5 os_prio=0 cpu=0.22ms elapsed=3.24s tid=0x00007efe60481000 nid=0x9225 in Object.wait()  [0x00007efe38593000]
   java.lang.Thread.State: TIMED_WAITING (on object monitor)
	at java.lang.Object.wait(java.base@11.0.22/Native Method)
	- waiting on <0x0000000085f04c88> (a java.lang.ref.ReferenceQueue$Lock)
	at java.lang.ref.ReferenceQueue.remove(java.base@11.0.22/ReferenceQueue.java:155)
	- waiting to re-lock in wait() <0x0000000085f04c88> (a java.lang.ref.ReferenceQueue$Lock)
	at org.postgresql.util.LazyCleaner$1.run(LazyCleaner.java:129)
	at java.lang.Thread.run(java.base@11.0.22/Thread.java:829)

"idle-timeout-task" #14 daemon prio=5 os_prio=0 cpu=0.24ms elapsed=3.15s tid=0x00007efe605db800 nid=0x9229 in Object.wait()  [0x00007efe38493000]
   java.lang.Thread.State: TIMED_WAITING (on object monitor)
	at java.lang.Object.wait(java.base@11.0.22/Native Method)
	- waiting on <0x00000000842cf818> (a java.util.TaskQueue)
	at java.util.TimerThread.mainLoop(java.base@11.0.22/Timer.java:553)
	- waiting to re-lock in wait() <0x00000000842cf818> (a java.util.TaskQueue)
	at java.util.TimerThread.run(java.base@11.0.22/Timer.java:506)

"HTTP-Dispatcher" #15 prio=5 os_prio=0 cpu=0.81ms elapsed=3.12s tid=0x00007efe605e6000 nid=0x922a runnable  [0x00007efdefe52000]
   java.lang.Thread.State: RUNNABLE
	at sun.nio.ch.EPoll.wait(java.base@11.0.22/Native Method)
	at sun.nio.ch.EPollSelectorImpl.doSelect(java.base@11.0.22/EPollSelectorImpl.java:120)
	at sun.nio.ch.SelectorImpl.lockAndDoSelect(java.base@11.0.22/SelectorImpl.java:124)
	- locked <0x00000000842ce3d8> (a sun.nio.ch.Util$2)
	- locked <0x00000000842ce218> (a sun.nio.ch.EPollSelectorImpl)
	at sun.nio.ch.SelectorImpl.select(java.base@11.0.22/SelectorImpl.java:136)
	at sun.net.httpserver.ServerImpl$Dispatcher.run(jdk.httpserver@11.0.22/ServerImpl.java:471)
	at java.lang.Thread.run(java.base@11.0.22/Thread.java:829)

"DestroyJavaVM" #16 prio=5 os_prio=0 cpu=537.63ms elapsed=3.12s tid=0x00007efe60015800 nid=0x9207 waiting on condition  [0x0000000000000000]
   java.lang.Thread.State: RUNNABLE

"Attach Listener" #17 daemon prio=9 os_prio=0 cpu=1.76ms elapsed=0.85s tid=0x00007efe18001000 nid=0x9303 waiting on condition  [0x0000000000000000]
   java.lang.Thread.State: RUNNABLE

"VM Thread" os_prio=0 cpu=9.24ms elapsed=4.05s tid=0x00007efe60128800 nid=0x920d runnable  

"GC Thread#0" os_prio=0 cpu=10.51ms elapsed=4.06s tid=0x00007efe6002f800 nid=0x9208 runnable  

"GC Thread#1" os_prio=0 cpu=10.21ms elapsed=3.22s tid=0x00007efe2c001000 nid=0x9226 runnable  

"GC Thread#2" os_prio=0 cpu=9.96ms elapsed=3.22s tid=0x00007efe2c002800 nid=0x9227 runnable  

"G1 Main Marker" os_prio=0 cpu=0.19ms elapsed=4.06s tid=0x00007efe60061000 nid=0x9209 runnable  

"G1 Conc#0" os_prio=0 cpu=0.08ms elapsed=4.06s tid=0x00007efe60063000 nid=0x920a runnable  

"G1 Refine#0" os_prio=0 cpu=0.17ms elapsed=4.06s tid=0x00007efe600f4000 nid=0x920b runnable  

"G1 Young RemSet Sampling" os_prio=0 cpu=0.63ms elapsed=4.06s tid=0x00007efe600f6000 nid=0x920c runnable  
"VM Periodic Task Thread" os_prio=0 cpu=1.46ms elapsed=4.02s tid=0x00007efe60176800 nid=0x9215 waiting on condition  

JNI global refs: 19, weak refs: 0

37381:
-XX:CICompilerCount=4 -XX:ConcGCThreads=3 -XX:G1ConcRefinementThreads=10 -XX:G1HeapRegionSize=1048576 -XX:GCDrainStackTargetSize=64 -XX:InitialHeapSize=130023424 -XX:MarkStackSize=4194304 -XX:MaxHeapSize=2078277632 -XX:MaxNewSize=1246756864 -XX:MinHeapDeltaBytes=1048576 -XX:NonNMethodCodeHeapSize=5836300 -XX:NonProfiledCodeHeapSize=122910970 -XX:ProfiledCodeHeapSize=122910970 -XX:ReservedCodeCacheSize=251658240 -XX:+SegmentedCodeCache -XX:+UseCompressedClassPointers -XX:+UseCompressedOops -XX:+UseG1GC 
37381:
#Sat Mar 09 14:13:42 EST 2024
awt.toolkit=sun.awt.X11.XToolkit
java.specification.version=11
sun.cpu.isalist=
sun.jnu.encoding=UTF-8
java.class.path=.\:./OrderService/jackson-annotations-2.16.1.jar\:./OrderService/jackson-core-2.16.1.jar\:./OrderService/jackson-databind-2.16.1.jar\:./OrderService/postgresql-42.7.2.jar
java.vm.vendor=Ubuntu
sun.arch.data.model=64
java.vendor.url=https\://ubuntu.com/
user.timezone=America/New_York
java.vm.specification.version=11
os.name=Linux
sun.java.launcher=SUN_STANDARD
sun.boot.library.path=/usr/lib/jvm/java-11-openjdk-amd64/lib
sun.java.command=OrderService.OrderService
jdk.debug=release
sun.cpu.endian=little
user.home=/home/masa
user.language=en
java.specification.vendor=Oracle Corporation
java.version.date=2024-01-16
java.home=/usr/lib/jvm/java-11-openjdk-amd64
file.separator=/
java.vm.compressedOopsMode=32-bit
line.separator=\n
java.vm.specification.vendor=Oracle Corporation
java.specification.name=Java Platform API Specification
java.awt.graphicsenv=sun.awt.X11GraphicsEnvironment
sun.management.compiler=HotSpot 64-Bit Tiered Compilers
java.runtime.version=11.0.22+7-post-Ubuntu-0ubuntu222.04.1
user.name=masa
path.separator=\:
os.version=5.15.146.1-microsoft-standard-WSL2
java.runtime.name=OpenJDK Runtime Environment
file.encoding=UTF-8
java.vm.name=OpenJDK 64-Bit Server VM
java.vendor.url.bug=https\://bugs.launchpad.net/ubuntu/+source/openjdk-lts
java.io.tmpdir=/tmp
java.version=11.0.22
user.dir=/mnt/c/Users/faisa/Documents/csc301/a2/Microservice/final/a2/compiled
os.arch=amd64
java.vm.specification.name=Java Virtual Machine Specification
java.awt.printerjob=sun.print.PSPrinterJob
sun.os.patch.level=unknown
java.library.path=/usr/java/packages/lib\:/usr/lib/x86_64-linux-gnu/jni\:/lib/x86_64-linux-gnu\:/usr/lib/x86_64-linux-gnu\:/usr/lib/jni\:/lib\:/usr/lib
java.vm.info=mixed mode, sharing
java.vendor=Ubuntu
java.vm.version=11.0.22+7-post-Ubuntu-0ubuntu222.04.1
java.specification.maintenance.version=2
sun.io.unicode.encoding=UnicodeLittle
java.class.version=55.0
37381:
OpenJDK 64-Bit Server VM version 11.0.22+7-post-Ubuntu-0ubuntu222.04.1
JDK 11.0.22
37381:
VM Arguments:
java_command: OrderService.OrderService
java_class_path (initial): .:./OrderService/jackson-annotations-2.16.1.jar:./OrderService/jackson-core-2.16.1.jar:./OrderService/jackson-databind-2.16.1.jar:./OrderService/postgresql-42.7.2.jar
Launcher Type: SUN_STANDARD
