37321:
#
# JRE version: OpenJDK Runtime Environment (11.0.22+7) (build 11.0.22+7-post-Ubuntu-0ubuntu222.04.1)
# Java VM: OpenJDK 64-Bit Server VM (11.0.22+7-post-Ubuntu-0ubuntu222.04.1, mixed mode, sharing, tiered, compressed oops, g1 gc, linux-amd64)

---------------  S U M M A R Y ------------

Command Line: UserService.UserService

Host: AMD Ryzen 5 3600 6-Core Processor, 12 cores, 7G, Ubuntu 22.04.3 LTS
Time: Sat Mar  9 14:13:40 2024 EST elapsed time: 3.235893 seconds (0d 0h 0m 3s)

---------------  P R O C E S S  ---------------

Heap address: 0x0000000084200000, size: 1982 MB, Compressed Oops mode: 32-bit
Narrow klass base: 0x0000000800000000, Narrow klass shift: 3
Compressed class space size: 1073741824 Address: 0x0000000840000000

Heap:
 garbage-first heap   total 129024K, used 5552K [0x0000000084200000, 0x0000000100000000)
  region size 1024K, 6 young (6144K), 3 survivors (3072K)
 Metaspace       used 9871K, capacity 10547K, committed 10752K, reserved 1058816K
  class space    used 1051K, capacity 1184K, committed 1280K, reserved 1048576K
Heap Regions: E=young(eden), S=young(survivor), O=old, HS=humongous(starts), HC=humongous(continues), CS=collection set, F=free, A=archive, TAMS=top-at-mark-start (previous, next)
|   0|0x0000000084200000, 0x0000000084200000, 0x0000000084300000|  0%| F|  |TAMS 0x0000000084200000, 0x0000000084200000| Untracked 
|   1|0x0000000084300000, 0x0000000084300000, 0x0000000084400000|  0%| F|  |TAMS 0x0000000084300000, 0x0000000084300000| Untracked 
|   2|0x0000000084400000, 0x0000000084400000, 0x0000000084500000|  0%| F|  |TAMS 0x0000000084400000, 0x0000000084400000| Untracked 
|   3|0x0000000084500000, 0x0000000084500000, 0x0000000084600000|  0%| F|  |TAMS 0x0000000084500000, 0x0000000084500000| Untracked 
|   4|0x0000000084600000, 0x0000000084600000, 0x0000000084700000|  0%| F|  |TAMS 0x0000000084600000, 0x0000000084600000| Untracked 
|   5|0x0000000084700000, 0x0000000084700000, 0x0000000084800000|  0%| F|  |TAMS 0x0000000084700000, 0x0000000084700000| Untracked 
|   6|0x0000000084800000, 0x0000000084800000, 0x0000000084900000|  0%| F|  |TAMS 0x0000000084800000, 0x0000000084800000| Untracked 
|   7|0x0000000084900000, 0x0000000084900000, 0x0000000084a00000|  0%| F|  |TAMS 0x0000000084900000, 0x0000000084900000| Untracked 
|   8|0x0000000084a00000, 0x0000000084a00000, 0x0000000084b00000|  0%| F|  |TAMS 0x0000000084a00000, 0x0000000084a00000| Untracked 
|   9|0x0000000084b00000, 0x0000000084b00000, 0x0000000084c00000|  0%| F|  |TAMS 0x0000000084b00000, 0x0000000084b00000| Untracked 
|  10|0x0000000084c00000, 0x0000000084c00000, 0x0000000084d00000|  0%| F|  |TAMS 0x0000000084c00000, 0x0000000084c00000| Untracked 
|  11|0x0000000084d00000, 0x0000000084d00000, 0x0000000084e00000|  0%| F|  |TAMS 0x0000000084d00000, 0x0000000084d00000| Untracked 
|  12|0x0000000084e00000, 0x0000000084e00000, 0x0000000084f00000|  0%| F|  |TAMS 0x0000000084e00000, 0x0000000084e00000| Untracked 
|  13|0x0000000084f00000, 0x0000000084f00000, 0x0000000085000000|  0%| F|  |TAMS 0x0000000084f00000, 0x0000000084f00000| Untracked 
|  14|0x0000000085000000, 0x0000000085000000, 0x0000000085100000|  0%| F|  |TAMS 0x0000000085000000, 0x0000000085000000| Untracked 
|  15|0x0000000085100000, 0x0000000085100000, 0x0000000085200000|  0%| F|  |TAMS 0x0000000085100000, 0x0000000085100000| Untracked 
|  16|0x0000000085200000, 0x0000000085200000, 0x0000000085300000|  0%| F|  |TAMS 0x0000000085200000, 0x0000000085200000| Untracked 
|  17|0x0000000085300000, 0x0000000085300000, 0x0000000085400000|  0%| F|  |TAMS 0x0000000085300000, 0x0000000085300000| Untracked 
|  18|0x0000000085400000, 0x0000000085400000, 0x0000000085500000|  0%| F|  |TAMS 0x0000000085400000, 0x0000000085400000| Untracked 
|  19|0x0000000085500000, 0x0000000085500000, 0x0000000085600000|  0%| F|  |TAMS 0x0000000085500000, 0x0000000085500000| Untracked 
|  20|0x0000000085600000, 0x0000000085600000, 0x0000000085700000|  0%| F|  |TAMS 0x0000000085600000, 0x0000000085600000| Untracked 
|  21|0x0000000085700000, 0x0000000085700000, 0x0000000085800000|  0%| F|  |TAMS 0x0000000085700000, 0x0000000085700000| Untracked 
|  22|0x0000000085800000, 0x0000000085800000, 0x0000000085900000|  0%| F|  |TAMS 0x0000000085800000, 0x0000000085800000| Untracked 
|  23|0x0000000085900000, 0x0000000085900000, 0x0000000085a00000|  0%| F|  |TAMS 0x0000000085900000, 0x0000000085900000| Untracked 
|  24|0x0000000085a00000, 0x0000000085a00000, 0x0000000085b00000|  0%| F|  |TAMS 0x0000000085a00000, 0x0000000085a00000| Untracked 
|  25|0x0000000085b00000, 0x0000000085b00000, 0x0000000085c00000|  0%| F|  |TAMS 0x0000000085b00000, 0x0000000085b00000| Untracked 
|  26|0x0000000085c00000, 0x0000000085c00000, 0x0000000085d00000|  0%| F|  |TAMS 0x0000000085c00000, 0x0000000085c00000| Untracked 
|  27|0x0000000085d00000, 0x0000000085d00000, 0x0000000085e00000|  0%| F|  |TAMS 0x0000000085d00000, 0x0000000085d00000| Untracked 
|  28|0x0000000085e00000, 0x0000000085e00000, 0x0000000085f00000|  0%| F|  |TAMS 0x0000000085e00000, 0x0000000085e00000| Untracked 
|  29|0x0000000085f00000, 0x0000000085f00000, 0x0000000086000000|  0%| F|  |TAMS 0x0000000085f00000, 0x0000000085f00000| Untracked 
|  30|0x0000000086000000, 0x0000000086000000, 0x0000000086100000|  0%| F|  |TAMS 0x0000000086000000, 0x0000000086000000| Untracked 
|  31|0x0000000086100000, 0x0000000086100000, 0x0000000086200000|  0%| F|  |TAMS 0x0000000086100000, 0x0000000086100000| Untracked 
|  32|0x0000000086200000, 0x0000000086200000, 0x0000000086300000|  0%| F|  |TAMS 0x0000000086200000, 0x0000000086200000| Untracked 
|  33|0x0000000086300000, 0x0000000086300000, 0x0000000086400000|  0%| F|  |TAMS 0x0000000086300000, 0x0000000086300000| Untracked 
|  34|0x0000000086400000, 0x0000000086400000, 0x0000000086500000|  0%| F|  |TAMS 0x0000000086400000, 0x0000000086400000| Untracked 
|  35|0x0000000086500000, 0x0000000086500000, 0x0000000086600000|  0%| F|  |TAMS 0x0000000086500000, 0x0000000086500000| Untracked 
|  36|0x0000000086600000, 0x0000000086600000, 0x0000000086700000|  0%| F|  |TAMS 0x0000000086600000, 0x0000000086600000| Untracked 
|  37|0x0000000086700000, 0x0000000086700000, 0x0000000086800000|  0%| F|  |TAMS 0x0000000086700000, 0x0000000086700000| Untracked 
|  38|0x0000000086800000, 0x0000000086800000, 0x0000000086900000|  0%| F|  |TAMS 0x0000000086800000, 0x0000000086800000| Untracked 
|  39|0x0000000086900000, 0x0000000086900000, 0x0000000086a00000|  0%| F|  |TAMS 0x0000000086900000, 0x0000000086900000| Untracked 
|  40|0x0000000086a00000, 0x0000000086a00000, 0x0000000086b00000|  0%| F|  |TAMS 0x0000000086a00000, 0x0000000086a00000| Untracked 
|  41|0x0000000086b00000, 0x0000000086b00000, 0x0000000086c00000|  0%| F|  |TAMS 0x0000000086b00000, 0x0000000086b00000| Untracked 
|  42|0x0000000086c00000, 0x0000000086c00000, 0x0000000086d00000|  0%| F|  |TAMS 0x0000000086c00000, 0x0000000086c00000| Untracked 
|  43|0x0000000086d00000, 0x0000000086d00000, 0x0000000086e00000|  0%| F|  |TAMS 0x0000000086d00000, 0x0000000086d00000| Untracked 
|  44|0x0000000086e00000, 0x0000000086e00000, 0x0000000086f00000|  0%| F|  |TAMS 0x0000000086e00000, 0x0000000086e00000| Untracked 
|  45|0x0000000086f00000, 0x0000000086f00000, 0x0000000087000000|  0%| F|  |TAMS 0x0000000086f00000, 0x0000000086f00000| Untracked 
|  46|0x0000000087000000, 0x0000000087000000, 0x0000000087100000|  0%| F|  |TAMS 0x0000000087000000, 0x0000000087000000| Untracked 
|  47|0x0000000087100000, 0x0000000087100000, 0x0000000087200000|  0%| F|  |TAMS 0x0000000087100000, 0x0000000087100000| Untracked 
|  48|0x0000000087200000, 0x0000000087200000, 0x0000000087300000|  0%| F|  |TAMS 0x0000000087200000, 0x0000000087200000| Untracked 
|  49|0x0000000087300000, 0x0000000087300000, 0x0000000087400000|  0%| F|  |TAMS 0x0000000087300000, 0x0000000087300000| Untracked 
|  50|0x0000000087400000, 0x0000000087400000, 0x0000000087500000|  0%| F|  |TAMS 0x0000000087400000, 0x0000000087400000| Untracked 
|  51|0x0000000087500000, 0x0000000087500000, 0x0000000087600000|  0%| F|  |TAMS 0x0000000087500000, 0x0000000087500000| Untracked 
|  52|0x0000000087600000, 0x0000000087600000, 0x0000000087700000|  0%| F|  |TAMS 0x0000000087600000, 0x0000000087600000| Untracked 
|  53|0x0000000087700000, 0x0000000087700000, 0x0000000087800000|  0%| F|  |TAMS 0x0000000087700000, 0x0000000087700000| Untracked 
|  54|0x0000000087800000, 0x0000000087800000, 0x0000000087900000|  0%| F|  |TAMS 0x0000000087800000, 0x0000000087800000| Untracked 
|  55|0x0000000087900000, 0x0000000087900000, 0x0000000087a00000|  0%| F|  |TAMS 0x0000000087900000, 0x0000000087900000| Untracked 
|  56|0x0000000087a00000, 0x0000000087a00000, 0x0000000087b00000|  0%| F|  |TAMS 0x0000000087a00000, 0x0000000087a00000| Untracked 
|  57|0x0000000087b00000, 0x0000000087b00000, 0x0000000087c00000|  0%| F|  |TAMS 0x0000000087b00000, 0x0000000087b00000| Untracked 
|  58|0x0000000087c00000, 0x0000000087c00000, 0x0000000087d00000|  0%| F|  |TAMS 0x0000000087c00000, 0x0000000087c00000| Untracked 
|  59|0x0000000087d00000, 0x0000000087d00000, 0x0000000087e00000|  0%| F|  |TAMS 0x0000000087d00000, 0x0000000087d00000| Untracked 
|  60|0x0000000087e00000, 0x0000000087e00000, 0x0000000087f00000|  0%| F|  |TAMS 0x0000000087e00000, 0x0000000087e00000| Untracked 
|  61|0x0000000087f00000, 0x0000000087f00000, 0x0000000088000000|  0%| F|  |TAMS 0x0000000087f00000, 0x0000000087f00000| Untracked 
|  62|0x0000000088000000, 0x0000000088000000, 0x0000000088100000|  0%| F|  |TAMS 0x0000000088000000, 0x0000000088000000| Untracked 
|  63|0x0000000088100000, 0x0000000088100000, 0x0000000088200000|  0%| F|  |TAMS 0x0000000088100000, 0x0000000088100000| Untracked 
|  64|0x0000000088200000, 0x0000000088200000, 0x0000000088300000|  0%| F|  |TAMS 0x0000000088200000, 0x0000000088200000| Untracked 
|  65|0x0000000088300000, 0x0000000088300000, 0x0000000088400000|  0%| F|  |TAMS 0x0000000088300000, 0x0000000088300000| Untracked 
|  66|0x0000000088400000, 0x0000000088400000, 0x0000000088500000|  0%| F|  |TAMS 0x0000000088400000, 0x0000000088400000| Untracked 
|  67|0x0000000088500000, 0x0000000088500000, 0x0000000088600000|  0%| F|  |TAMS 0x0000000088500000, 0x0000000088500000| Untracked 
|  68|0x0000000088600000, 0x0000000088600000, 0x0000000088700000|  0%| F|  |TAMS 0x0000000088600000, 0x0000000088600000| Untracked 
|  69|0x0000000088700000, 0x0000000088700000, 0x0000000088800000|  0%| F|  |TAMS 0x0000000088700000, 0x0000000088700000| Untracked 
|  70|0x0000000088800000, 0x0000000088800000, 0x0000000088900000|  0%| F|  |TAMS 0x0000000088800000, 0x0000000088800000| Untracked 
|  71|0x0000000088900000, 0x0000000088900000, 0x0000000088a00000|  0%| F|  |TAMS 0x0000000088900000, 0x0000000088900000| Untracked 
|  72|0x0000000088a00000, 0x0000000088a00000, 0x0000000088b00000|  0%| F|  |TAMS 0x0000000088a00000, 0x0000000088a00000| Untracked 
|  73|0x0000000088b00000, 0x0000000088b00000, 0x0000000088c00000|  0%| F|  |TAMS 0x0000000088b00000, 0x0000000088b00000| Untracked 
|  74|0x0000000088c00000, 0x0000000088c00000, 0x0000000088d00000|  0%| F|  |TAMS 0x0000000088c00000, 0x0000000088c00000| Untracked 
|  75|0x0000000088d00000, 0x0000000088d00000, 0x0000000088e00000|  0%| F|  |TAMS 0x0000000088d00000, 0x0000000088d00000| Untracked 
|  76|0x0000000088e00000, 0x0000000088e00000, 0x0000000088f00000|  0%| F|  |TAMS 0x0000000088e00000, 0x0000000088e00000| Untracked 
|  77|0x0000000088f00000, 0x0000000088f00000, 0x0000000089000000|  0%| F|  |TAMS 0x0000000088f00000, 0x0000000088f00000| Untracked 
|  78|0x0000000089000000, 0x0000000089000000, 0x0000000089100000|  0%| F|  |TAMS 0x0000000089000000, 0x0000000089000000| Untracked 
|  79|0x0000000089100000, 0x0000000089100000, 0x0000000089200000|  0%| F|  |TAMS 0x0000000089100000, 0x0000000089100000| Untracked 
|  80|0x0000000089200000, 0x0000000089200000, 0x0000000089300000|  0%| F|  |TAMS 0x0000000089200000, 0x0000000089200000| Untracked 
|  81|0x0000000089300000, 0x0000000089300000, 0x0000000089400000|  0%| F|  |TAMS 0x0000000089300000, 0x0000000089300000| Untracked 
|  82|0x0000000089400000, 0x0000000089400000, 0x0000000089500000|  0%| F|  |TAMS 0x0000000089400000, 0x0000000089400000| Untracked 
|  83|0x0000000089500000, 0x0000000089500000, 0x0000000089600000|  0%| F|  |TAMS 0x0000000089500000, 0x0000000089500000| Untracked 
|  84|0x0000000089600000, 0x0000000089600000, 0x0000000089700000|  0%| F|  |TAMS 0x0000000089600000, 0x0000000089600000| Untracked 
|  85|0x0000000089700000, 0x0000000089700000, 0x0000000089800000|  0%| F|  |TAMS 0x0000000089700000, 0x0000000089700000| Untracked 
|  86|0x0000000089800000, 0x0000000089800000, 0x0000000089900000|  0%| F|  |TAMS 0x0000000089800000, 0x0000000089800000| Untracked 
|  87|0x0000000089900000, 0x0000000089900000, 0x0000000089a00000|  0%| F|  |TAMS 0x0000000089900000, 0x0000000089900000| Untracked 
|  88|0x0000000089a00000, 0x0000000089a00000, 0x0000000089b00000|  0%| F|  |TAMS 0x0000000089a00000, 0x0000000089a00000| Untracked 
|  89|0x0000000089b00000, 0x0000000089b00000, 0x0000000089c00000|  0%| F|  |TAMS 0x0000000089b00000, 0x0000000089b00000| Untracked 
|  90|0x0000000089c00000, 0x0000000089c00000, 0x0000000089d00000|  0%| F|  |TAMS 0x0000000089c00000, 0x0000000089c00000| Untracked 
|  91|0x0000000089d00000, 0x0000000089d00000, 0x0000000089e00000|  0%| F|  |TAMS 0x0000000089d00000, 0x0000000089d00000| Untracked 
|  92|0x0000000089e00000, 0x0000000089e00000, 0x0000000089f00000|  0%| F|  |TAMS 0x0000000089e00000, 0x0000000089e00000| Untracked 
|  93|0x0000000089f00000, 0x0000000089f00000, 0x000000008a000000|  0%| F|  |TAMS 0x0000000089f00000, 0x0000000089f00000| Untracked 
|  94|0x000000008a000000, 0x000000008a000000, 0x000000008a100000|  0%| F|  |TAMS 0x000000008a000000, 0x000000008a000000| Untracked 
|  95|0x000000008a100000, 0x000000008a100000, 0x000000008a200000|  0%| F|  |TAMS 0x000000008a100000, 0x000000008a100000| Untracked 
|  96|0x000000008a200000, 0x000000008a200000, 0x000000008a300000|  0%| F|  |TAMS 0x000000008a200000, 0x000000008a200000| Untracked 
|  97|0x000000008a300000, 0x000000008a3b8128, 0x000000008a400000| 71%| S|CS|TAMS 0x000000008a300000, 0x000000008a300000| Complete 
|  98|0x000000008a400000, 0x000000008a500000, 0x000000008a500000|100%| S|CS|TAMS 0x000000008a400000, 0x000000008a400000| Complete 
|  99|0x000000008a500000, 0x000000008a600000, 0x000000008a600000|100%| S|CS|TAMS 0x000000008a500000, 0x000000008a500000| Complete 
| 100|0x000000008a600000, 0x000000008a600000, 0x000000008a700000|  0%| F|  |TAMS 0x000000008a600000, 0x000000008a600000| Untracked 
| 101|0x000000008a700000, 0x000000008a700000, 0x000000008a800000|  0%| F|  |TAMS 0x000000008a700000, 0x000000008a700000| Untracked 
| 102|0x000000008a800000, 0x000000008a800000, 0x000000008a900000|  0%| F|  |TAMS 0x000000008a800000, 0x000000008a800000| Untracked 
| 103|0x000000008a900000, 0x000000008a900000, 0x000000008aa00000|  0%| F|  |TAMS 0x000000008a900000, 0x000000008a900000| Untracked 
| 104|0x000000008aa00000, 0x000000008aa00000, 0x000000008ab00000|  0%| F|  |TAMS 0x000000008aa00000, 0x000000008aa00000| Untracked 
| 105|0x000000008ab00000, 0x000000008ab00000, 0x000000008ac00000|  0%| F|  |TAMS 0x000000008ab00000, 0x000000008ab00000| Untracked 
| 106|0x000000008ac00000, 0x000000008ac00000, 0x000000008ad00000|  0%| F|  |TAMS 0x000000008ac00000, 0x000000008ac00000| Untracked 
| 107|0x000000008ad00000, 0x000000008ad00000, 0x000000008ae00000|  0%| F|  |TAMS 0x000000008ad00000, 0x000000008ad00000| Untracked 
| 108|0x000000008ae00000, 0x000000008ae00000, 0x000000008af00000|  0%| F|  |TAMS 0x000000008ae00000, 0x000000008ae00000| Untracked 
| 109|0x000000008af00000, 0x000000008af00000, 0x000000008b000000|  0%| F|  |TAMS 0x000000008af00000, 0x000000008af00000| Untracked 
| 110|0x000000008b000000, 0x000000008b000000, 0x000000008b100000|  0%| F|  |TAMS 0x000000008b000000, 0x000000008b000000| Untracked 
| 111|0x000000008b100000, 0x000000008b100000, 0x000000008b200000|  0%| F|  |TAMS 0x000000008b100000, 0x000000008b100000| Untracked 
| 112|0x000000008b200000, 0x000000008b200000, 0x000000008b300000|  0%| F|  |TAMS 0x000000008b200000, 0x000000008b200000| Untracked 
| 113|0x000000008b300000, 0x000000008b300000, 0x000000008b400000|  0%| F|  |TAMS 0x000000008b300000, 0x000000008b300000| Untracked 
| 114|0x000000008b400000, 0x000000008b400000, 0x000000008b500000|  0%| F|  |TAMS 0x000000008b400000, 0x000000008b400000| Untracked 
| 115|0x000000008b500000, 0x000000008b500000, 0x000000008b600000|  0%| F|  |TAMS 0x000000008b500000, 0x000000008b500000| Untracked 
| 116|0x000000008b600000, 0x000000008b600000, 0x000000008b700000|  0%| F|  |TAMS 0x000000008b600000, 0x000000008b600000| Untracked 
| 117|0x000000008b700000, 0x000000008b700000, 0x000000008b800000|  0%| F|  |TAMS 0x000000008b700000, 0x000000008b700000| Untracked 
| 118|0x000000008b800000, 0x000000008b800000, 0x000000008b900000|  0%| F|  |TAMS 0x000000008b800000, 0x000000008b800000| Untracked 
| 119|0x000000008b900000, 0x000000008b900000, 0x000000008ba00000|  0%| F|  |TAMS 0x000000008b900000, 0x000000008b900000| Untracked 
| 120|0x000000008ba00000, 0x000000008ba00000, 0x000000008bb00000|  0%| F|  |TAMS 0x000000008ba00000, 0x000000008ba00000| Untracked 
| 121|0x000000008bb00000, 0x000000008bc00000, 0x000000008bc00000|100%| E|  |TAMS 0x000000008bb00000, 0x000000008bb00000| Complete 
| 122|0x000000008bc00000, 0x000000008bd00000, 0x000000008bd00000|100%| E|CS|TAMS 0x000000008bc00000, 0x000000008bc00000| Complete 
| 123|0x000000008bd00000, 0x000000008be00000, 0x000000008be00000|100%| E|CS|TAMS 0x000000008bd00000, 0x000000008bd00000| Complete 
|1980|0x00000000ffe00000, 0x00000000ffe48000, 0x00000000fff00000| 28%|OA|  |TAMS 0x00000000ffe00000, 0x00000000ffe00000| Untracked 
|1981|0x00000000fff00000, 0x00000000fff6c000, 0x0000000100000000| 42%|CA|  |TAMS 0x00000000fff00000, 0x00000000fff00000| Untracked 

Card table byte_map: [0x00007f8e9401d000,0x00007f8e943fc000] _byte_map_base: 0x00007f8e93bfc000

Marking Bits (Prev, Next): (CMBitMap*) 0x00007f8eac058758, (CMBitMap*) 0x00007f8eac058790
 Prev Bits: [0x00007f8e8dd29000, 0x00007f8e8fc21000)
 Next Bits: [0x00007f8e8be31000, 0x00007f8e8dd29000)

Polling page: 0x00007f8eb27dd000

Metaspace:

Usage:
  Non-class:      9.14 MB capacity,     8.61 MB ( 94%) used,   522.38 KB (  6%) free+waste,    20.62 KB ( <1%) overhead. 
      Class:      1.16 MB capacity,     1.03 MB ( 89%) used,   121.52 KB ( 10%) free+waste,    10.56 KB ( <1%) overhead. 
       Both:     10.30 MB capacity,     9.64 MB ( 94%) used,   643.90 KB (  6%) free+waste,    31.19 KB ( <1%) overhead. 

Virtual space:
  Non-class space:       10.00 MB reserved,       9.25 MB ( 92%) committed 
      Class space:        1.00 GB reserved,       1.25 MB ( <1%) committed 
             Both:        1.01 GB reserved,      10.50 MB (  1%) committed 

Chunk freelists:
   Non-Class:  0 bytes
       Class:  0 bytes
        Both:  0 bytes

MaxMetaspaceSize: unlimited
CompressedClassSpaceSize: 1.00 GB
Initial GC threshold: 20.80 MB
Current GC threshold: 20.80 MB
CDS: on

CodeHeap 'non-profiled nmethods': size=120032Kb used=372Kb max_used=372Kb free=119659Kb
 bounds [0x00007f8e9c2a3000, 0x00007f8e9c513000, 0x00007f8ea37db000]
CodeHeap 'profiled nmethods': size=120028Kb used=2229Kb max_used=2229Kb free=117798Kb
 bounds [0x00007f8e94d6c000, 0x00007f8e94fdc000, 0x00007f8e9c2a3000]
CodeHeap 'non-nmethods': size=5700Kb used=1179Kb max_used=1187Kb free=4521Kb
 bounds [0x00007f8e947db000, 0x00007f8e94a4b000, 0x00007f8e94d6c000]
 total_blobs=1592 nmethods=1145 adapters=361
 compilation: enabled
              stopped_count=0, restarted_count=0
 full_count=0

Compilation events (20 events):
Event: 1.089 Thread 0x00007f8eac13b800 1132       3       java.lang.AbstractStringBuilder::appendChars (130 bytes)
Event: 1.090 Thread 0x00007f8eac13b800 nmethod 1132 0x00007f8e94f8fe90 code [0x00007f8e94f90100, 0x00007f8e94f90c00]
Event: 1.090 Thread 0x00007f8eac13b800 1133       1       java.lang.invoke.LambdaForm$BasicType::basicTypeChar (5 bytes)
Event: 1.090 Thread 0x00007f8eac13b800 nmethod 1133 0x00007f8e9c2ff710 code [0x00007f8e9c2ff8c0, 0x00007f8e9c2ff990]
Event: 1.090 Thread 0x00007f8eac13b800 1126       3       java.lang.Class::cast (27 bytes)
Event: 1.090 Thread 0x00007f8eac13b800 nmethod 1126 0x00007f8e94f91190 code [0x00007f8e94f91360, 0x00007f8e94f91630]
Event: 1.090 Thread 0x00007f8eac13b800 1139       3       java.lang.invoke.InvokerBytecodeGenerator::isStaticallyInvocable (165 bytes)
Event: 1.092 Thread 0x00007f8eac13b800 nmethod 1139 0x00007f8e94f91710 code [0x00007f8e94f91c60, 0x00007f8e94f94650]
Event: 1.092 Thread 0x00007f8eac13b800 1140       3       java.lang.invoke.MemberName::isPrivate (8 bytes)
Event: 1.092 Thread 0x00007f8eac13b800 nmethod 1140 0x00007f8e94f95210 code [0x00007f8e94f953c0, 0x00007f8e94f95590]
Event: 1.092 Thread 0x00007f8eac13b800 1141       3       java.lang.invoke.InvokerBytecodeGenerator::emitStaticInvoke (258 bytes)
Event: 1.093 Thread 0x00007f8eac13b800 nmethod 1141 0x00007f8e94f95690 code [0x00007f8e94f959a0, 0x00007f8e94f96800]
Event: 1.093 Thread 0x00007f8eac13b800 1142       3       java.lang.invoke.InvokerBytecodeGenerator::refKindOpcode (112 bytes)
Event: 1.094 Thread 0x00007f8eac13b800 nmethod 1142 0x00007f8e94f96d90 code [0x00007f8e94f97000, 0x00007f8e94f979d0]
Event: 1.094 Thread 0x00007f8eac13b800 1137       3       jdk.internal.org.objectweb.asm.MethodWriter::visitAnnotation (82 bytes)
Event: 1.094 Thread 0x00007f8eac13b800 nmethod 1137 0x00007f8e94f97d10 code [0x00007f8e94f97f60, 0x00007f8e94f98850]
Event: 1.094 Thread 0x00007f8eac13b800 1138       3       jdk.internal.org.objectweb.asm.AnnotationWriter::<init> (34 bytes)
Event: 1.094 Thread 0x00007f8eac13b800 nmethod 1138 0x00007f8e94f98b10 code [0x00007f8e94f98ce0, 0x00007f8e94f98fe0]
Event: 1.095 Thread 0x00007f8eac13b800 1145       3       java.lang.String::toString (2 bytes)
Event: 1.095 Thread 0x00007f8eac13b800 nmethod 1145 0x00007f8e94f99110 code [0x00007f8e94f992c0, 0x00007f8e94f993d0]

GC Heap History (2 events):
Event: 1.008 GC heap before
{Heap before GC invocations=0 (full 0):
 garbage-first heap   total 129024K, used 24272K [0x0000000084200000, 0x0000000100000000)
  region size 1024K, 24 young (24576K), 0 survivors (0K)
 Metaspace       used 8857K, capacity 9768K, committed 9984K, reserved 1058816K
  class space    used 942K, capacity 1024K, committed 1024K, reserved 1048576K
}
Event: 1.015 GC heap after
{Heap after GC invocations=1 (full 0):
 garbage-first heap   total 129024K, used 3504K [0x0000000084200000, 0x0000000100000000)
  region size 1024K, 3 young (3072K), 3 survivors (3072K)
 Metaspace       used 8857K, capacity 9768K, committed 9984K, reserved 1058816K
  class space    used 942K, capacity 1024K, committed 1024K, reserved 1048576K
}

Deoptimization events (20 events):
Event: 0.954 Thread 0x00007f8eac015800 DEOPT PACKING pc=0x00007f8e9c2dc7cc sp=0x00007f8eb0f749d0
Event: 0.954 Thread 0x00007f8eac015800 DEOPT UNPACKING pc=0x00007f8e94824ea5 sp=0x00007f8eb0f74980 mode 2
Event: 0.958 Thread 0x00007f8eac015800 Uncommon trap: trap_request=0xffffff4d fr.pc=0x00007f8e9c2e352c relative=0x000000000000008c
Event: 0.958 Thread 0x00007f8eac015800 Uncommon trap: reason=unstable_if action=reinterpret pc=0x00007f8e9c2e352c method=java.lang.CharacterDataLatin1.digit(II)I @ 7 c2
Event: 0.958 Thread 0x00007f8eac015800 DEOPT PACKING pc=0x00007f8e9c2e352c sp=0x00007f8eb0f75020
Event: 0.958 Thread 0x00007f8eac015800 DEOPT UNPACKING pc=0x00007f8e94824ea5 sp=0x00007f8eb0f74f00 mode 2
Event: 0.958 Thread 0x00007f8eac015800 Uncommon trap: trap_request=0xffffff4d fr.pc=0x00007f8e9c2e2cb8 relative=0x0000000000000098
Event: 0.958 Thread 0x00007f8eac015800 Uncommon trap: reason=unstable_if action=reinterpret pc=0x00007f8e9c2e2cb8 method=java.lang.CharacterDataLatin1.digit(II)I @ 7 c2
Event: 0.958 Thread 0x00007f8eac015800 DEOPT PACKING pc=0x00007f8e9c2e2cb8 sp=0x00007f8eb0f74f80
Event: 0.958 Thread 0x00007f8eac015800 DEOPT UNPACKING pc=0x00007f8e94824ea5 sp=0x00007f8eb0f74f20 mode 2
Event: 0.980 Thread 0x00007f8eac015800 Uncommon trap: trap_request=0xffffffc6 fr.pc=0x00007f8e9c2f7fdc relative=0x0000000000000dbc
Event: 0.980 Thread 0x00007f8eac015800 Uncommon trap: reason=bimorphic_or_optimized_type_check action=maybe_recompile pc=0x00007f8e9c2f7fdc method=java.util.HashMap.putVal(ILjava/lang/Object;Ljava/lang/Object;ZZ)Ljava/lang/Object; @ 91 c2
Event: 0.980 Thread 0x00007f8eac015800 DEOPT PACKING pc=0x00007f8e9c2f7fdc sp=0x00007f8eb0f75320
Event: 0.980 Thread 0x00007f8eac015800 DEOPT UNPACKING pc=0x00007f8e94824ea5 sp=0x00007f8eb0f752d0 mode 2
Event: 1.045 Thread 0x00007f8eac015800 Uncommon trap: trap_request=0xffffff4d fr.pc=0x00007f8e9c2df7d4 relative=0x0000000000000174
Event: 1.045 Thread 0x00007f8eac015800 Uncommon trap: reason=unstable_if action=reinterpret pc=0x00007f8e9c2df7d4 method=java.util.concurrent.ConcurrentHashMap.addCount(JI)V @ 121 c2
Event: 1.045 Thread 0x00007f8eac015800 DEOPT PACKING pc=0x00007f8e9c2df7d4 sp=0x00007f8eb0f749a0
Event: 1.045 Thread 0x00007f8eac015800 DEOPT UNPACKING pc=0x00007f8e94824ea5 sp=0x00007f8eb0f74920 mode 2
Event: 1.048 Thread 0x00007f8eac015800 DEOPT PACKING pc=0x00007f8e94dc7934 sp=0x00007f8eb0f74b70
Event: 1.048 Thread 0x00007f8eac015800 DEOPT UNPACKING pc=0x00007f8e9482564a sp=0x00007f8eb0f740a8 mode 0

Classes redefined (0 events):
No events

Internal exceptions (9 events):
Event: 0.622 Thread 0x00007f8eac015800 Exception <a 'java/lang/NoSuchMethodError'{0x000000008ad80c90}: 'java.lang.Object java.lang.invoke.DirectMethodHandle$Holder.invokeVirtual(java.lang.Object, java.lang.Object, java.lang.Object, java.lang.Object)'> (0x000000008ad80c90) thrown at [./src/hotspot/share/interpreter/linkResolver.cpp, line 772]
Event: 0.639 Thread 0x00007f8eac015800 Exception <a 'java/lang/NoSuchMethodError'{0x000000008ade84f0}: 'int java.lang.invoke.DirectMethodHandle$Holder.invokeStaticInit(java.lang.Object, java.lang.Object, java.lang.Object, java.lang.Object)'> (0x000000008ade84f0) thrown at [./src/hotspot/share/interpreter/linkResolver.cpp, line 772]
Event: 0.640 Thread 0x00007f8eac015800 Exception <a 'java/lang/IncompatibleClassChangeError'{0x000000008adf1af8}: Found class java.lang.Object, but interface was expected> (0x000000008adf1af8) thrown at [./src/hotspot/share/interpreter/linkResolver.cpp, line 839]
Event: 0.640 Thread 0x00007f8eac015800 Exception <a 'java/lang/NoSuchMethodError'{0x000000008adf4a00}: 'void java.lang.invoke.DirectMethodHandle$Holder.invokeStaticInit(java.lang.Object, java.lang.Object)'> (0x000000008adf4a00) thrown at [./src/hotspot/share/interpreter/linkResolver.cpp, line 772]
Event: 0.641 Thread 0x00007f8eac015800 Exception <a 'java/lang/NoSuchMethodError'{0x000000008adfa2d8}: 'int java.lang.invoke.DirectMethodHandle$Holder.invokeStaticInit(java.lang.Object, java.lang.Object)'> (0x000000008adfa2d8) thrown at [./src/hotspot/share/interpreter/linkResolver.cpp, line 772]
Event: 0.703 Thread 0x00007f8eac015800 Exception <a 'java/lang/NoSuchMethodError'{0x000000008ab11a60}: 'java.lang.Object java.lang.invoke.DirectMethodHandle$Holder.invokeStaticInit(java.lang.Object, java.lang.Object, java.lang.Object)'> (0x000000008ab11a60) thrown at [./src/hotspot/share/interpreter/linkResolver.cpp, line 772]
Event: 0.848 Thread 0x00007f8eac015800 Exception <a 'java/lang/NoSuchMethodError'{0x000000008a9c6df8}: 'int java.lang.invoke.DirectMethodHandle$Holder.invokeSpecialIFC(java.lang.Object, java.lang.Object, int)'> (0x000000008a9c6df8) thrown at [./src/hotspot/share/interpreter/linkResolver.cpp, line 772]
Event: 1.089 Thread 0x00007f8eac015800 Exception <a 'java/lang/NoSuchMethodError'{0x000000008bc9a580}: 'java.lang.Object java.lang.invoke.DirectMethodHandle$Holder.invokeStatic(java.lang.Object, java.lang.Object, java.lang.Object, java.lang.Object, java.lang.Object, java.lang.Object, java.lang.Object, java.lang.Object, java.lang.Object, java.lang.Object, java.lang.Object, java.lang.Object, java.lang.Object, int)'> (0x000000008bc9a580) thrown at [./src/hotspot/share/interpreter/linkResolver.cpp, line 772]
Event: 1.090 Thread 0x00007f8eac015800 Exception <a 'java/lang/NoSuchMethodError'{0x000000008bca7438}: 'java.lang.Object java.lang.invoke.DirectMethodHandle$Holder.invokeStatic(java.lang.Object, java.lang.Object, java.lang.Object, java.lang.Object, java.lang.Object, java.lang.Object, java.lang.Object, java.lang.Object, java.lang.Object, java.lang.Object, java.lang.Object, java.lang.Object, java.lang.Object, int, int)'> (0x000000008bca7438) thrown at [./src/hotspot/share/interpreter/linkResolver.cpp, line 772]

Events (20 events):
Event: 1.090 loading class java/lang/invoke/BoundMethodHandle$Species_LLLLLLLLLLIIL done
Event: 1.092 loading class UserService/UserService$userHandler
Event: 1.092 loading class UserService/UserService$userHandler done
Event: 1.095 loading class UserService/UserService$killHandler
Event: 1.095 loading class UserService/UserService$killHandler done
Event: 1.099 Thread 0x00007f8eac488800 Thread added: 0x00007f8eac488800
Event: 1.099 Protecting memory [0x00007f8e632fd000,0x00007f8e63301000] with protection modes 0
Event: 1.099 loading class java/util/LinkedList$ListItr
Event: 1.099 loading class java/util/LinkedList$ListItr done
Event: 1.099 Thread 0x00007f8eac015800 Thread exited: 0x00007f8eac015800
Event: 1.099 Protecting memory [0x00007f8eb0e77000,0x00007f8eb0e7b000] with protection modes 0
Event: 1.099 Thread 0x00007f8eac015800 Thread added: 0x00007f8eac015800
Event: 1.099 Executing VM operation: RevokeBias
Event: 1.099 Executing VM operation: RevokeBias done
Event: 1.099 loading class java/nio/channels/spi/AbstractSelector$1
Event: 1.099 loading class sun/nio/ch/Interruptible
Event: 1.099 loading class sun/nio/ch/Interruptible done
Event: 1.099 loading class java/nio/channels/spi/AbstractSelector$1 done
Event: 3.135 Thread 0x00007f8e64001000 Thread added: 0x00007f8e64001000
Event: 3.135 Protecting memory [0x00007f8e631fd000,0x00007f8e63201000] with protection modes 0


Dynamic libraries:
84200000-8be00000 rw-p 00000000 00:00 0 
8be00000-ffe00000 ---p 00000000 00:00 0 
ffe00000-ffe48000 rw-p 00b14000 08:20 31009                              /usr/lib/jvm/java-11-openjdk-amd64/lib/server/classes.jsa
ffe48000-fff00000 rw-p 00000000 00:00 0 
fff00000-fff6c000 rw-p 00aa8000 08:20 31009                              /usr/lib/jvm/java-11-openjdk-amd64/lib/server/classes.jsa
fff6c000-100000000 rw-p 00000000 00:00 0 
800000000-800002000 rwxp 00001000 08:20 31009                            /usr/lib/jvm/java-11-openjdk-amd64/lib/server/classes.jsa
800002000-8003ce000 rw-p 00003000 08:20 31009                            /usr/lib/jvm/java-11-openjdk-amd64/lib/server/classes.jsa
8003ce000-800aa6000 r--p 003cf000 08:20 31009                            /usr/lib/jvm/java-11-openjdk-amd64/lib/server/classes.jsa
800aa6000-800aa7000 rw-p 00aa7000 08:20 31009                            /usr/lib/jvm/java-11-openjdk-amd64/lib/server/classes.jsa
840000000-840140000 rw-p 00000000 00:00 0 
840140000-880000000 ---p 00000000 00:00 0 
555f6158a000-555f6158b000 r--p 00000000 08:20 31789                      /usr/lib/jvm/java-11-openjdk-amd64/bin/java
555f6158b000-555f6158c000 r-xp 00001000 08:20 31789                      /usr/lib/jvm/java-11-openjdk-amd64/bin/java
555f6158c000-555f6158d000 r--p 00002000 08:20 31789                      /usr/lib/jvm/java-11-openjdk-amd64/bin/java
555f6158d000-555f6158e000 r--p 00002000 08:20 31789                      /usr/lib/jvm/java-11-openjdk-amd64/bin/java
555f6158e000-555f6158f000 rw-p 00003000 08:20 31789                      /usr/lib/jvm/java-11-openjdk-amd64/bin/java
555f62235000-555f62277000 rw-p 00000000 00:00 0                          [heap]
7f8e28000000-7f8e28021000 rw-p 00000000 00:00 0 
7f8e28021000-7f8e2c000000 ---p 00000000 00:00 0 
7f8e30000000-7f8e30021000 rw-p 00000000 00:00 0 
7f8e30021000-7f8e34000000 ---p 00000000 00:00 0 
7f8e34000000-7f8e34021000 rw-p 00000000 00:00 0 
7f8e34021000-7f8e38000000 ---p 00000000 00:00 0 
7f8e38000000-7f8e38021000 rw-p 00000000 00:00 0 
7f8e38021000-7f8e3c000000 ---p 00000000 00:00 0 
7f8e3c000000-7f8e3c021000 rw-p 00000000 00:00 0 
7f8e3c021000-7f8e40000000 ---p 00000000 00:00 0 
7f8e40000000-7f8e400df000 rw-p 00000000 00:00 0 
7f8e400df000-7f8e44000000 ---p 00000000 00:00 0 
7f8e44000000-7f8e44021000 rw-p 00000000 00:00 0 
7f8e44021000-7f8e48000000 ---p 00000000 00:00 0 
7f8e48000000-7f8e48021000 rw-p 00000000 00:00 0 
7f8e48021000-7f8e4c000000 ---p 00000000 00:00 0 
7f8e4c000000-7f8e4c148000 rw-p 00000000 00:00 0 
7f8e4c148000-7f8e50000000 ---p 00000000 00:00 0 
7f8e50000000-7f8e50021000 rw-p 00000000 00:00 0 
7f8e50021000-7f8e54000000 ---p 00000000 00:00 0 
7f8e54000000-7f8e54021000 rw-p 00000000 00:00 0 
7f8e54021000-7f8e58000000 ---p 00000000 00:00 0 
7f8e58000000-7f8e58411000 rw-p 00000000 00:00 0 
7f8e58411000-7f8e5c000000 ---p 00000000 00:00 0 
7f8e5c000000-7f8e5c3b9000 rw-p 00000000 00:00 0 
7f8e5c3b9000-7f8e60000000 ---p 00000000 00:00 0 
7f8e631fd000-7f8e63201000 ---p 00000000 00:00 0 
7f8e63201000-7f8e632fd000 rw-p 00000000 00:00 0 
7f8e632fd000-7f8e63301000 ---p 00000000 00:00 0 
7f8e63301000-7f8e633fd000 rw-p 00000000 00:00 0 
7f8e633fd000-7f8e63401000 ---p 00000000 00:00 0 
7f8e63401000-7f8e634fd000 rw-p 00000000 00:00 0 
7f8e634fd000-7f8e634fe000 ---p 00000000 00:00 0 
7f8e634fe000-7f8e635fe000 rw-p 00000000 00:00 0 
7f8e635fe000-7f8e635ff000 ---p 00000000 00:00 0 
7f8e635ff000-7f8e636ff000 rw-p 00000000 00:00 0 
7f8e636ff000-7f8e63703000 ---p 00000000 00:00 0 
7f8e63703000-7f8e6393f000 rw-p 00000000 00:00 0 
7f8e6393f000-7f8e639ff000 ---p 00000000 00:00 0 
7f8e639ff000-7f8e63a03000 ---p 00000000 00:00 0 
7f8e63a03000-7f8e63aff000 rw-p 00000000 00:00 0 
7f8e63aff000-7f8e63b03000 ---p 00000000 00:00 0 
7f8e63b03000-7f8e63bff000 rw-p 00000000 00:00 0 
7f8e63bff000-7f8e63c03000 ---p 00000000 00:00 0 
7f8e63c03000-7f8e63cff000 rw-p 00000000 00:00 0 
7f8e63cff000-7f8e63d00000 ---p 00000000 00:00 0 
7f8e63d00000-7f8e63e00000 rw-p 00000000 00:00 0 
7f8e63e00000-7f8e63e04000 ---p 00000000 00:00 0 
7f8e63e04000-7f8e63f00000 rw-p 00000000 00:00 0 
7f8e63f00000-7f8e63f04000 ---p 00000000 00:00 0 
7f8e63f04000-7f8e64000000 rw-p 00000000 00:00 0 
7f8e64000000-7f8e64021000 rw-p 00000000 00:00 0 
7f8e64021000-7f8e68000000 ---p 00000000 00:00 0 
7f8e68000000-7f8e68021000 rw-p 00000000 00:00 0 
7f8e68021000-7f8e6c000000 ---p 00000000 00:00 0 
7f8e6c000000-7f8e6c021000 rw-p 00000000 00:00 0 
7f8e6c021000-7f8e70000000 ---p 00000000 00:00 0 
7f8e70000000-7f8e70021000 rw-p 00000000 00:00 0 
7f8e70021000-7f8e74000000 ---p 00000000 00:00 0 
7f8e74000000-7f8e74021000 rw-p 00000000 00:00 0 
7f8e74021000-7f8e78000000 ---p 00000000 00:00 0 
7f8e78000000-7f8e78021000 rw-p 00000000 00:00 0 
7f8e78021000-7f8e7c000000 ---p 00000000 00:00 0 
7f8e7c000000-7f8e7c021000 rw-p 00000000 00:00 0 
7f8e7c021000-7f8e80000000 ---p 00000000 00:00 0 
7f8e80000000-7f8e80021000 rw-p 00000000 00:00 0 
7f8e80021000-7f8e84000000 ---p 00000000 00:00 0 
7f8e84000000-7f8e84021000 rw-p 00000000 00:00 0 
7f8e84021000-7f8e88000000 ---p 00000000 00:00 0 
7f8e8808c000-7f8e88094000 r--p 00000000 08:20 31863                      /usr/lib/jvm/java-11-openjdk-amd64/lib/libsunec.so
7f8e88094000-7f8e880ad000 r-xp 00008000 08:20 31863                      /usr/lib/jvm/java-11-openjdk-amd64/lib/libsunec.so
7f8e880ad000-7f8e880b7000 r--p 00021000 08:20 31863                      /usr/lib/jvm/java-11-openjdk-amd64/lib/libsunec.so
7f8e880b7000-7f8e880b8000 ---p 0002b000 08:20 31863                      /usr/lib/jvm/java-11-openjdk-amd64/lib/libsunec.so
7f8e880b8000-7f8e880bc000 r--p 0002b000 08:20 31863                      /usr/lib/jvm/java-11-openjdk-amd64/lib/libsunec.so
7f8e880bc000-7f8e880be000 rw-p 0002f000 08:20 31863                      /usr/lib/jvm/java-11-openjdk-amd64/lib/libsunec.so
7f8e880be000-7f8e880ef000 rw-p 00000000 00:00 0 
7f8e880ef000-7f8e880f3000 ---p 00000000 00:00 0 
7f8e880f3000-7f8e881ef000 rw-p 00000000 00:00 0 
7f8e881ef000-7f8e881f3000 ---p 00000000 00:00 0 
7f8e881f3000-7f8e882ef000 rw-p 00000000 00:00 0 
7f8e882ef000-7f8e882f3000 ---p 00000000 00:00 0 
7f8e882f3000-7f8e883ef000 rw-p 00000000 00:00 0 
7f8e883ef000-7f8e88446000 r--p 00000000 08:20 6538                       /usr/lib/locale/C.utf8/LC_CTYPE
7f8e88446000-7f8e8844a000 ---p 00000000 00:00 0 
7f8e8844a000-7f8e88546000 rw-p 00000000 00:00 0 
7f8e88546000-7f8e8854a000 ---p 00000000 00:00 0 
7f8e8854a000-7f8e88646000 rw-p 00000000 00:00 0 
7f8e88646000-7f8e88647000 ---p 00000000 00:00 0 
7f8e88647000-7f8e89023000 rw-p 00000000 00:00 0 
7f8e89023000-7f8e89024000 ---p 00000000 00:00 0 
7f8e89024000-7f8e89124000 rw-p 00000000 00:00 0 
7f8e89124000-7f8e89125000 ---p 00000000 00:00 0 
7f8e89125000-7f8e8bc2f000 rw-p 00000000 00:00 0 
7f8e8bc2f000-7f8e8bc30000 ---p 00000000 00:00 0 
7f8e8bc30000-7f8e8bd30000 rw-p 00000000 00:00 0 
7f8e8bd30000-7f8e8bd31000 ---p 00000000 00:00 0 
7f8e8bd31000-7f8e8c021000 rw-p 00000000 00:00 0 
7f8e8c021000-7f8e8dd21000 ---p 00000000 00:00 0 
7f8e8dd21000-7f8e8df19000 rw-p 00000000 00:00 0 
7f8e8df19000-7f8e8fc19000 ---p 00000000 00:00 0 
7f8e8fc19000-7f8e8fc5f000 rw-p 00000000 00:00 0 
7f8e8fc5f000-7f8e8ffff000 ---p 00000000 00:00 0 
7f8e8ffff000-7f8e90000000 rw-p 00000000 00:00 0 
7f8e90000000-7f8e90021000 rw-p 00000000 00:00 0 
7f8e90021000-7f8e94000000 ---p 00000000 00:00 0 
7f8e9400d000-7f8e9400f000 r--p 00000000 08:20 31855                      /usr/lib/jvm/java-11-openjdk-amd64/lib/libmanagement_ext.so
7f8e9400f000-7f8e94012000 r-xp 00002000 08:20 31855                      /usr/lib/jvm/java-11-openjdk-amd64/lib/libmanagement_ext.so
7f8e94012000-7f8e94014000 r--p 00005000 08:20 31855                      /usr/lib/jvm/java-11-openjdk-amd64/lib/libmanagement_ext.so
7f8e94014000-7f8e94015000 r--p 00006000 08:20 31855                      /usr/lib/jvm/java-11-openjdk-amd64/lib/libmanagement_ext.so
7f8e94015000-7f8e94016000 rw-p 00007000 08:20 31855                      /usr/lib/jvm/java-11-openjdk-amd64/lib/libmanagement_ext.so
7f8e94016000-7f8e94019000 r--p 00000000 08:20 31853                      /usr/lib/jvm/java-11-openjdk-amd64/lib/libmanagement.so
7f8e94019000-7f8e9401a000 r-xp 00003000 08:20 31853                      /usr/lib/jvm/java-11-openjdk-amd64/lib/libmanagement.so
7f8e9401a000-7f8e9401b000 r--p 00004000 08:20 31853                      /usr/lib/jvm/java-11-openjdk-amd64/lib/libmanagement.so
7f8e9401b000-7f8e9401c000 r--p 00004000 08:20 31853                      /usr/lib/jvm/java-11-openjdk-amd64/lib/libmanagement.so
7f8e9401c000-7f8e9401d000 rw-p 00005000 08:20 31853                      /usr/lib/jvm/java-11-openjdk-amd64/lib/libmanagement.so
7f8e9401d000-7f8e9405b000 rw-p 00000000 00:00 0 
7f8e9405b000-7f8e943fb000 ---p 00000000 00:00 0 
7f8e943fb000-7f8e9443a000 rw-p 00000000 00:00 0 
7f8e9443a000-7f8e947da000 ---p 00000000 00:00 0 
7f8e947da000-7f8e947db000 rw-p 00000000 00:00 0 
7f8e947db000-7f8e94a4b000 rwxp 00000000 00:00 0 
7f8e94a4b000-7f8e94d6c000 ---p 00000000 00:00 0 
7f8e94d6c000-7f8e94fdc000 rwxp 00000000 00:00 0 
7f8e94fdc000-7f8e9c2a3000 ---p 00000000 00:00 0 
7f8e9c2a3000-7f8e9c513000 rwxp 00000000 00:00 0 
7f8e9c513000-7f8ea37db000 ---p 00000000 00:00 0 
7f8ea37db000-7f8eac000000 r--s 00000000 08:20 31867                      /usr/lib/jvm/java-11-openjdk-amd64/lib/modules
7f8eac000000-7f8eac48c000 rw-p 00000000 00:00 0 
7f8eac48c000-7f8eb0000000 ---p 00000000 00:00 0 
7f8eb0004000-7f8eb0005000 r--p 00000000 08:20 31839                      /usr/lib/jvm/java-11-openjdk-amd64/lib/libextnet.so
7f8eb0005000-7f8eb0006000 r-xp 00001000 08:20 31839                      /usr/lib/jvm/java-11-openjdk-amd64/lib/libextnet.so
7f8eb0006000-7f8eb0007000 r--p 00002000 08:20 31839                      /usr/lib/jvm/java-11-openjdk-amd64/lib/libextnet.so
7f8eb0007000-7f8eb0008000 r--p 00002000 08:20 31839                      /usr/lib/jvm/java-11-openjdk-amd64/lib/libextnet.so
7f8eb0008000-7f8eb0009000 rw-p 00003000 08:20 31839                      /usr/lib/jvm/java-11-openjdk-amd64/lib/libextnet.so
7f8eb0009000-7f8eb000d000 r--p 00000000 08:20 31857                      /usr/lib/jvm/java-11-openjdk-amd64/lib/libnet.so
7f8eb000d000-7f8eb001b000 r-xp 00004000 08:20 31857                      /usr/lib/jvm/java-11-openjdk-amd64/lib/libnet.so
7f8eb001b000-7f8eb001f000 r--p 00012000 08:20 31857                      /usr/lib/jvm/java-11-openjdk-amd64/lib/libnet.so
7f8eb001f000-7f8eb0020000 r--p 00015000 08:20 31857                      /usr/lib/jvm/java-11-openjdk-amd64/lib/libnet.so
7f8eb0020000-7f8eb0021000 rw-p 00016000 08:20 31857                      /usr/lib/jvm/java-11-openjdk-amd64/lib/libnet.so
7f8eb0021000-7f8eb0028000 r--p 00000000 08:20 31858                      /usr/lib/jvm/java-11-openjdk-amd64/lib/libnio.so
7f8eb0028000-7f8eb0030000 r-xp 00007000 08:20 31858                      /usr/lib/jvm/java-11-openjdk-amd64/lib/libnio.so
7f8eb0030000-7f8eb0033000 r--p 0000f000 08:20 31858                      /usr/lib/jvm/java-11-openjdk-amd64/lib/libnio.so
7f8eb0033000-7f8eb0034000 r--p 00011000 08:20 31858                      /usr/lib/jvm/java-11-openjdk-amd64/lib/libnio.so
7f8eb0034000-7f8eb0035000 rw-p 00012000 08:20 31858                      /usr/lib/jvm/java-11-openjdk-amd64/lib/libnio.so
7f8eb0035000-7f8eb0036000 r--p 00000000 08:20 6544                       /usr/lib/locale/C.utf8/LC_NUMERIC
7f8eb0036000-7f8eb0037000 r--p 00000000 08:20 6547                       /usr/lib/locale/C.utf8/LC_TIME
7f8eb0037000-7f8eb0038000 r--p 00000000 08:20 6537                       /usr/lib/locale/C.utf8/LC_COLLATE
7f8eb0038000-7f8eb0039000 r--p 00000000 08:20 6542                       /usr/lib/locale/C.utf8/LC_MONETARY
7f8eb0039000-7f8eb0040000 r--s 00000000 08:20 33212                      /usr/lib/x86_64-linux-gnu/gconv/gconv-modules.cache
7f8eb0040000-7f8eb0b34000 rw-p 00000000 00:00 0 
7f8eb0b34000-7f8eb0b35000 ---p 00000000 00:00 0 
7f8eb0b35000-7f8eb0c3a000 rw-p 00000000 00:00 0 
7f8eb0c3a000-7f8eb0d20000 ---p 00000000 00:00 0 
7f8eb0d20000-7f8eb0d25000 rw-p 00000000 00:00 0 
7f8eb0d25000-7f8eb0e0b000 ---p 00000000 00:00 0 
7f8eb0e0b000-7f8eb0e10000 rw-p 00000000 00:00 0 
7f8eb0e10000-7f8eb0e17000 ---p 00000000 00:00 0 
7f8eb0e17000-7f8eb0e19000 r--p 00000000 08:20 31866                      /usr/lib/jvm/java-11-openjdk-amd64/lib/libzip.so
7f8eb0e19000-7f8eb0e1e000 r-xp 00002000 08:20 31866                      /usr/lib/jvm/java-11-openjdk-amd64/lib/libzip.so
7f8eb0e1e000-7f8eb0e20000 r--p 00007000 08:20 31866                      /usr/lib/jvm/java-11-openjdk-amd64/lib/libzip.so
7f8eb0e20000-7f8eb0e21000 r--p 00008000 08:20 31866                      /usr/lib/jvm/java-11-openjdk-amd64/lib/libzip.so
7f8eb0e21000-7f8eb0e22000 rw-p 00009000 08:20 31866                      /usr/lib/jvm/java-11-openjdk-amd64/lib/libzip.so
7f8eb0e22000-7f8eb0e2a000 rw-s 00000000 08:20 1236                       /tmp/hsperfdata_masa/37321
7f8eb0e2a000-7f8eb0e2c000 r--p 00000000 08:20 31849                      /usr/lib/jvm/java-11-openjdk-amd64/lib/libjimage.so
7f8eb0e2c000-7f8eb0e2f000 r-xp 00002000 08:20 31849                      /usr/lib/jvm/java-11-openjdk-amd64/lib/libjimage.so
7f8eb0e2f000-7f8eb0e30000 r--p 00005000 08:20 31849                      /usr/lib/jvm/java-11-openjdk-amd64/lib/libjimage.so
7f8eb0e30000-7f8eb0e31000 ---p 00006000 08:20 31849                      /usr/lib/jvm/java-11-openjdk-amd64/lib/libjimage.so
7f8eb0e31000-7f8eb0e32000 r--p 00006000 08:20 31849                      /usr/lib/jvm/java-11-openjdk-amd64/lib/libjimage.so
7f8eb0e32000-7f8eb0e33000 rw-p 00007000 08:20 31849                      /usr/lib/jvm/java-11-openjdk-amd64/lib/libjimage.so
7f8eb0e33000-7f8eb0e41000 r--p 00000000 08:20 31846                      /usr/lib/jvm/java-11-openjdk-amd64/lib/libjava.so
7f8eb0e41000-7f8eb0e57000 r-xp 0000e000 08:20 31846                      /usr/lib/jvm/java-11-openjdk-amd64/lib/libjava.so
7f8eb0e57000-7f8eb0e5e000 r--p 00024000 08:20 31846                      /usr/lib/jvm/java-11-openjdk-amd64/lib/libjava.so
7f8eb0e5e000-7f8eb0e5f000 r--p 0002a000 08:20 31846                      /usr/lib/jvm/java-11-openjdk-amd64/lib/libjava.so
7f8eb0e5f000-7f8eb0e60000 rw-p 0002b000 08:20 31846                      /usr/lib/jvm/java-11-openjdk-amd64/lib/libjava.so
7f8eb0e60000-7f8eb0e61000 rw-p 00000000 00:00 0 
7f8eb0e61000-7f8eb0e66000 r--p 00000000 08:20 31865                      /usr/lib/jvm/java-11-openjdk-amd64/lib/libverify.so
7f8eb0e66000-7f8eb0e6d000 r-xp 00005000 08:20 31865                      /usr/lib/jvm/java-11-openjdk-amd64/lib/libverify.so
7f8eb0e6d000-7f8eb0e6f000 r--p 0000c000 08:20 31865                      /usr/lib/jvm/java-11-openjdk-amd64/lib/libverify.so
7f8eb0e6f000-7f8eb0e71000 r--p 0000d000 08:20 31865                      /usr/lib/jvm/java-11-openjdk-amd64/lib/libverify.so
7f8eb0e71000-7f8eb0e72000 rw-p 0000f000 08:20 31865                      /usr/lib/jvm/java-11-openjdk-amd64/lib/libverify.so
7f8eb0e72000-7f8eb0e73000 r--p 00000000 08:20 32383                      /usr/lib/x86_64-linux-gnu/librt.so.1
7f8eb0e73000-7f8eb0e74000 r-xp 00001000 08:20 32383                      /usr/lib/x86_64-linux-gnu/librt.so.1
7f8eb0e74000-7f8eb0e75000 r--p 00002000 08:20 32383                      /usr/lib/x86_64-linux-gnu/librt.so.1
7f8eb0e75000-7f8eb0e76000 r--p 00002000 08:20 32383                      /usr/lib/x86_64-linux-gnu/librt.so.1
7f8eb0e76000-7f8eb0e77000 rw-p 00003000 08:20 32383                      /usr/lib/x86_64-linux-gnu/librt.so.1
7f8eb0e77000-7f8eb0e7b000 ---p 00000000 00:00 0 
7f8eb0e7b000-7f8eb0f77000 rw-p 00000000 00:00 0 
7f8eb0f77000-7f8eb0f7a000 r--p 00000000 08:20 6709                       /usr/lib/x86_64-linux-gnu/libgcc_s.so.1
7f8eb0f7a000-7f8eb0f91000 r-xp 00003000 08:20 6709                       /usr/lib/x86_64-linux-gnu/libgcc_s.so.1
7f8eb0f91000-7f8eb0f95000 r--p 0001a000 08:20 6709                       /usr/lib/x86_64-linux-gnu/libgcc_s.so.1
7f8eb0f95000-7f8eb0f96000 r--p 0001d000 08:20 6709                       /usr/lib/x86_64-linux-gnu/libgcc_s.so.1
7f8eb0f96000-7f8eb0f97000 rw-p 0001e000 08:20 6709                       /usr/lib/x86_64-linux-gnu/libgcc_s.so.1
7f8eb0f97000-7f8eb0fa5000 r--p 00000000 08:20 32259                      /usr/lib/x86_64-linux-gnu/libm.so.6
7f8eb0fa5000-7f8eb1021000 r-xp 0000e000 08:20 32259                      /usr/lib/x86_64-linux-gnu/libm.so.6
7f8eb1021000-7f8eb107c000 r--p 0008a000 08:20 32259                      /usr/lib/x86_64-linux-gnu/libm.so.6
7f8eb107c000-7f8eb107d000 r--p 000e4000 08:20 32259                      /usr/lib/x86_64-linux-gnu/libm.so.6
7f8eb107d000-7f8eb107e000 rw-p 000e5000 08:20 32259                      /usr/lib/x86_64-linux-gnu/libm.so.6
7f8eb107e000-7f8eb1118000 r--p 00000000 08:20 6947                       /usr/lib/x86_64-linux-gnu/libstdc++.so.6.0.30
7f8eb1118000-7f8eb1229000 r-xp 0009a000 08:20 6947                       /usr/lib/x86_64-linux-gnu/libstdc++.so.6.0.30
7f8eb1229000-7f8eb1298000 r--p 001ab000 08:20 6947                       /usr/lib/x86_64-linux-gnu/libstdc++.so.6.0.30
7f8eb1298000-7f8eb1299000 ---p 0021a000 08:20 6947                       /usr/lib/x86_64-linux-gnu/libstdc++.so.6.0.30
7f8eb1299000-7f8eb12a4000 r--p 0021a000 08:20 6947                       /usr/lib/x86_64-linux-gnu/libstdc++.so.6.0.30
7f8eb12a4000-7f8eb12a7000 rw-p 00225000 08:20 6947                       /usr/lib/x86_64-linux-gnu/libstdc++.so.6.0.30
7f8eb12a7000-7f8eb12aa000 rw-p 00000000 00:00 0 
7f8eb12aa000-7f8eb152c000 r--p 00000000 08:20 31870                      /usr/lib/jvm/java-11-openjdk-amd64/lib/server/libjvm.so
7f8eb152c000-7f8eb21ca000 r-xp 00282000 08:20 31870                      /usr/lib/jvm/java-11-openjdk-amd64/lib/server/libjvm.so
7f8eb21ca000-7f8eb2426000 r--p 00f20000 08:20 31870                      /usr/lib/jvm/java-11-openjdk-amd64/lib/server/libjvm.so
7f8eb2426000-7f8eb24ea000 r--p 0117b000 08:20 31870                      /usr/lib/jvm/java-11-openjdk-amd64/lib/server/libjvm.so
7f8eb24ea000-7f8eb2525000 rw-p 0123f000 08:20 31870                      /usr/lib/jvm/java-11-openjdk-amd64/lib/server/libjvm.so
7f8eb2525000-7f8eb257f000 rw-p 00000000 00:00 0 
7f8eb257f000-7f8eb25a7000 r--p 00000000 08:20 32240                      /usr/lib/x86_64-linux-gnu/libc.so.6
7f8eb25a7000-7f8eb273c000 r-xp 00028000 08:20 32240                      /usr/lib/x86_64-linux-gnu/libc.so.6
7f8eb273c000-7f8eb2794000 r--p 001bd000 08:20 32240                      /usr/lib/x86_64-linux-gnu/libc.so.6
7f8eb2794000-7f8eb2795000 ---p 00215000 08:20 32240                      /usr/lib/x86_64-linux-gnu/libc.so.6
7f8eb2795000-7f8eb2799000 r--p 00215000 08:20 32240                      /usr/lib/x86_64-linux-gnu/libc.so.6
7f8eb2799000-7f8eb279b000 rw-p 00219000 08:20 32240                      /usr/lib/x86_64-linux-gnu/libc.so.6
7f8eb279b000-7f8eb27a8000 rw-p 00000000 00:00 0 
7f8eb27a8000-7f8eb27ab000 r--p 00000000 08:20 31831                      /usr/lib/jvm/java-11-openjdk-amd64/lib/jli/libjli.so
7f8eb27ab000-7f8eb27b5000 r-xp 00003000 08:20 31831                      /usr/lib/jvm/java-11-openjdk-amd64/lib/jli/libjli.so
7f8eb27b5000-7f8eb27b8000 r--p 0000d000 08:20 31831                      /usr/lib/jvm/java-11-openjdk-amd64/lib/jli/libjli.so
7f8eb27b8000-7f8eb27b9000 ---p 00010000 08:20 31831                      /usr/lib/jvm/java-11-openjdk-amd64/lib/jli/libjli.so
7f8eb27b9000-7f8eb27ba000 r--p 00010000 08:20 31831                      /usr/lib/jvm/java-11-openjdk-amd64/lib/jli/libjli.so
7f8eb27ba000-7f8eb27bb000 rw-p 00011000 08:20 31831                      /usr/lib/jvm/java-11-openjdk-amd64/lib/jli/libjli.so
7f8eb27bb000-7f8eb27bd000 r--p 00000000 08:20 6997                       /usr/lib/x86_64-linux-gnu/libz.so.1.2.11
7f8eb27bd000-7f8eb27ce000 r-xp 00002000 08:20 6997                       /usr/lib/x86_64-linux-gnu/libz.so.1.2.11
7f8eb27ce000-7f8eb27d4000 r--p 00013000 08:20 6997                       /usr/lib/x86_64-linux-gnu/libz.so.1.2.11
7f8eb27d4000-7f8eb27d5000 ---p 00019000 08:20 6997                       /usr/lib/x86_64-linux-gnu/libz.so.1.2.11
7f8eb27d5000-7f8eb27d6000 r--p 00019000 08:20 6997                       /usr/lib/x86_64-linux-gnu/libz.so.1.2.11
7f8eb27d6000-7f8eb27d7000 rw-p 0001a000 08:20 6997                       /usr/lib/x86_64-linux-gnu/libz.so.1.2.11
7f8eb27d7000-7f8eb27d8000 r--p 00000000 08:20 6541                       /usr/lib/locale/C.utf8/LC_MESSAGES/SYS_LC_MESSAGES
7f8eb27d8000-7f8eb27d9000 r--p 00000000 08:20 6545                       /usr/lib/locale/C.utf8/LC_PAPER
7f8eb27d9000-7f8eb27da000 r--p 00000000 08:20 6543                       /usr/lib/locale/C.utf8/LC_NAME
7f8eb27da000-7f8eb27db000 r--p 00000000 08:20 6536                       /usr/lib/locale/C.utf8/LC_ADDRESS
7f8eb27db000-7f8eb27dc000 r--p 00000000 08:20 6546                       /usr/lib/locale/C.utf8/LC_TELEPHONE
7f8eb27dc000-7f8eb27dd000 r--p 00000000 08:20 6540                       /usr/lib/locale/C.utf8/LC_MEASUREMENT
7f8eb27dd000-7f8eb27de000 ---p 00000000 00:00 0 
7f8eb27de000-7f8eb27df000 r--p 00000000 00:00 0 
7f8eb27df000-7f8eb27e1000 rw-p 00000000 00:00 0 
7f8eb27e1000-7f8eb27e3000 r--p 00000000 08:20 31651                      /usr/lib/x86_64-linux-gnu/ld-linux-x86-64.so.2
7f8eb27e3000-7f8eb280d000 r-xp 00002000 08:20 31651                      /usr/lib/x86_64-linux-gnu/ld-linux-x86-64.so.2
7f8eb280d000-7f8eb2818000 r--p 0002c000 08:20 31651                      /usr/lib/x86_64-linux-gnu/ld-linux-x86-64.so.2
7f8eb2818000-7f8eb2819000 r--p 00000000 08:20 6539                       /usr/lib/locale/C.utf8/LC_IDENTIFICATION
7f8eb2819000-7f8eb281b000 r--p 00037000 08:20 31651                      /usr/lib/x86_64-linux-gnu/ld-linux-x86-64.so.2
7f8eb281b000-7f8eb281d000 rw-p 00039000 08:20 31651                      /usr/lib/x86_64-linux-gnu/ld-linux-x86-64.so.2
7ffc7d474000-7ffc7d495000 rw-p 00000000 00:00 0                          [stack]
7ffc7d560000-7ffc7d564000 r--p 00000000 00:00 0                          [vvar]
7ffc7d564000-7ffc7d566000 r-xp 00000000 00:00 0                          [vdso]

VM Arguments:
java_command: UserService.UserService
java_class_path (initial): .:./UserService/jackson-annotations-2.16.1.jar:./UserService/jackson-core-2.16.1.jar:./UserService/jackson-databind-2.16.1.jar:./UserService/postgresql-42.7.2.jar:./UserService/postgresql-42.7.2.jar
Launcher Type: SUN_STANDARD

Logging:
Available log levels: off, trace, debug, info, warning, error
Available log decorators: time (t), utctime (utc), uptime (u), timemillis (tm), uptimemillis (um), timenanos (tn), uptimenanos (un), hostname (hn), pid (p), tid (ti), level (l), tags (tg)
Available log tags: add, age, alloc, annotation, aot, arguments, attach, barrier, biasedlocking, blocks, bot, breakpoint, bytecode, cds, census, class, classhisto, cleanup, codecache, compaction, compilation, constantpool, constraints, container, coops, cpu, cset, data, datacreation, dcmd, decoder, defaultmethods, director, dump, ergo, event, exceptions, exit, fingerprint, free, freelist, gc, handshake, hashtables, heap, humongous, ihop, iklass, init, inlining, interpreter, itables, jfr, jit, jni, jvmti, liveness, load, loader, logging, malloc, mark, marking, membername, memops, metadata, metaspace, methodcomparator, mirror, mmu, module, monitorinflation, monitormismatch, nestmates, nmethod, normalize, objecttagging, obsolete, oldobject, oom, oopmap, oops, oopstorage, os, pagesize, parser, patch, path, perf, phases, plab, preorder, preview, promotion, protectiondomain, purge, redefine, ref, refine, region, reloc, remset, resolve, safepoint, sampling, scavenge, setting, smr, stackmap, stacktrace, stackwalk, start, startuptime, state, stats, stringdedup, stringtable, subclass, survivor, sweep, system, table, task, thread, time, timer, tlab, tracking, unload, unshareable, update, verification, verify, vmoperation, vmthread, vtables, vtablestubs, workgang
Described tag sets:
 logging: Logging for the log framework itself
Log output configuration:
 #0: stdout all=warning uptime,level,tags
 #1: stderr all=off uptime,level,tags

Environment Variables:
PATH=/usr/local/sbin:/usr/local/bin:/usr/sbin:/usr/bin:/sbin:/bin:/usr/games:/usr/local/games:/usr/lib/wsl/lib:/mnt/c/Program Files (x86)/Common Files/Oracle/Java/javapath:/mnt/c/Program Files/Eclipse Adoptium/jdk-21.0.1.12-hotspot/bin:/mnt/c/Program Files (x86)/Razer/ChromaBroadcast/bin:/mnt/c/Program Files/Razer/ChromaBroadcast/bin:/mnt/c/Program Files/Python312/Scripts/:/mnt/c/Program Files/Python312/:/mnt/c/Windows/system32:/mnt/c/Windows:/mnt/c/Windows/System32/Wbem:/mnt/c/Windows/System32/WindowsPowerShell/v1.0/:/mnt/c/Windows/System32/OpenSSH/:/mnt/c/Program Files/Microsoft VS Code/bin:/mnt/c/Program Files/Git/cmd:/mnt/c/Program Files/NVIDIA Corporation/NVIDIA NvDLISR:/mnt/c/Program Files (x86)/NVIDIA Corporation/PhysX/Common:/mnt/c/Program Files/nodejs/:/mnt/c/Program Files/dotnet/:/mnt/c/Windows/system32/config/systemprofile/AppData/Local/Microsoft/WindowsApps:/Docker/host/bin:/mnt/c/Users/faisa/AppData/Local/Microsoft/WindowsApps:/mnt/c/Users/faisa/AppData/Roaming/npm
SHELL=/bin/bash
DISPLAY=:0
HOSTTYPE=x86_64
LANG=C.UTF-8
TERM=xterm-256color

Signal Handlers:
SIGSEGV: [libjvm.so+0xbefa50], sa_mask[0]=11111111011111111101111111111110, sa_flags=SA_RESTART|SA_SIGINFO
SIGBUS: [libjvm.so+0xbefa50], sa_mask[0]=11111111011111111101111111111110, sa_flags=SA_RESTART|SA_SIGINFO
SIGFPE: [libjvm.so+0xbefa50], sa_mask[0]=11111111011111111101111111111110, sa_flags=SA_RESTART|SA_SIGINFO
SIGPIPE: [libjvm.so+0xbefa50], sa_mask[0]=11111111011111111101111111111110, sa_flags=SA_RESTART|SA_SIGINFO
SIGXFSZ: [libjvm.so+0xbefa50], sa_mask[0]=11111111011111111101111111111110, sa_flags=SA_RESTART|SA_SIGINFO
SIGILL: [libjvm.so+0xbefa50], sa_mask[0]=11111111011111111101111111111110, sa_flags=SA_RESTART|SA_SIGINFO
SIGUSR2: [libjvm.so+0xbef8f0], sa_mask[0]=00000000000000000000000000000000, sa_flags=SA_RESTART|SA_SIGINFO
SIGHUP: SIG_IGN, sa_mask[0]=00000000000000000000000000000000, sa_flags=none
SIGINT: SIG_IGN, sa_mask[0]=00000000000000000000000000000000, sa_flags=none
SIGTERM: [libjvm.so+0xbf00b0], sa_mask[0]=11111111011111111101111111111110, sa_flags=SA_RESTART|SA_SIGINFO
SIGQUIT: [libjvm.so+0xbf00b0], sa_mask[0]=11111111011111111101111111111110, sa_flags=SA_RESTART|SA_SIGINFO


---------------  S Y S T E M  ---------------

OS:DISTRIB_ID=Ubuntu
DISTRIB_RELEASE=22.04
DISTRIB_CODENAME=jammy
DISTRIB_DESCRIPTION="Ubuntu 22.04.3 LTS"
uname:Linux 5.15.146.1-microsoft-standard-WSL2 #1 SMP Thu Jan 11 04:09:03 UTC 2024 x86_64
OS uptime: 0 days 1:56 hours
libc:glibc 2.35 NPTL 2.35 
rlimit (soft/hard): STACK 8192k/infinity , CORE 0k/infinity , NPROC 31659/31659 , NOFILE 1048576/1048576 , AS infinity/infinity , CPU infinity/infinity , DATA infinity/infinity , FSIZE infinity/infinity , MEMLOCK 65536k/65536k
load average:0.06 0.14 0.09

/proc/meminfo:
MemTotal:        8111348 kB
MemFree:         4603476 kB
MemAvailable:    6304752 kB
Buffers:           71060 kB
Cached:          1842328 kB
SwapCached:            0 kB
Active:           515548 kB
Inactive:        2507420 kB
Active(anon):      15460 kB
Inactive(anon):  1120576 kB
Active(file):     500088 kB
Inactive(file):  1386844 kB
Unevictable:           0 kB
Mlocked:               0 kB
SwapTotal:       2097152 kB
SwapFree:        2097152 kB
Dirty:               288 kB
Writeback:             0 kB
AnonPages:       1088132 kB
Mapped:           624616 kB
Shmem:             26456 kB
KReclaimable:      61096 kB
Slab:             142676 kB
SReclaimable:      61096 kB
SUnreclaim:        81580 kB
KernelStack:       15992 kB
PageTables:        16220 kB
NFS_Unstable:          0 kB
Bounce:                0 kB
WritebackTmp:          0 kB
CommitLimit:     6152824 kB
Committed_AS:    5404632 kB
VmallocTotal:   34359738367 kB
VmallocUsed:       39136 kB
VmallocChunk:          0 kB
Percpu:             9856 kB
AnonHugePages:    573440 kB
ShmemHugePages:        0 kB
ShmemPmdMapped:        0 kB
FileHugePages:         0 kB
FilePmdMapped:         0 kB
HugePages_Total:       0
HugePages_Free:        0
HugePages_Rsvd:        0
HugePages_Surp:        0
Hugepagesize:       2048 kB
Hugetlb:               0 kB
DirectMap4k:      125952 kB
DirectMap2M:     7188480 kB
DirectMap1G:    10485760 kB

/sys/kernel/mm/transparent_hugepage/enabled:
[always] madvise never
/sys/kernel/mm/transparent_hugepage/defrag (defrag/compaction efforts parameter):
always defer defer+madvise [madvise] never

Process Memory:
Virtual Size: 5241440K (peak: 13467908K)
Resident Set Size: 94232K (peak: 94232K) (anon: 66048K, file: 28184K, shmem: 0K)
Swapped out: 0K
C-Heap outstanding allocations: 33246K, retained: 6421K
glibc malloc tunables: (default)

/proc/sys/kernel/threads-max (system-wide limit on the number of threads):
63319
/proc/sys/vm/max_map_count (maximum number of memory map areas a process may have):
262144
/proc/sys/kernel/pid_max (system-wide limit on number of process identifiers):
99999

container (cgroup) information:
container_type: cgroupv1
cpu_cpuset_cpus: 0-11
cpu_memory_nodes: 0
active_processor_count: 12
cpu_quota: no quota
cpu_period: 100000
cpu_shares: no shares
memory_limit_in_bytes: unlimited
memory_and_swap_limit_in_bytes: unlimited
memory_soft_limit_in_bytes: unlimited
memory_usage_in_bytes: 3002080 k
memory_max_usage_in_bytes: 1287764 k
kernel_memory_usage_in_bytes: 60156 k
kernel_memory_max_usage_in_bytes: unlimited
kernel_memory_limit_in_bytes: 63928 k
maximum number of tasks: not supported
current number of tasks: not supported

Hyper-V virtualization detected
Steal ticks since vm start: 0
Steal ticks percentage since vm start:  0.000

CPU:total 12 (initial active 12) (16 cores per cpu, 2 threads per core) family 23 model 113 stepping 0 microcode 0xffffffff, cmov, cx8, fxsr, mmx, sse, sse2, sse3, ssse3, sse4.1, sse4.2, popcnt, avx, avx2, aes, clmul, mmxext, 3dnowpref, lzcnt, sse4a, ht, tsc, tscinvbit, tscinv, bmi1, bmi2, adx, sha, fma
CPU Model and flags from /proc/cpuinfo:
model name	: AMD Ryzen 5 3600 6-Core Processor
flags		: fpu vme de pse tsc msr pae mce cx8 apic sep mtrr pge mca cmov pat pse36 clflush mmx fxsr sse sse2 ht syscall nx mmxext fxsr_opt pdpe1gb rdtscp lm constant_tsc rep_good nopl tsc_reliable nonstop_tsc cpuid extd_apicid pni pclmulqdq ssse3 fma cx16 sse4_1 sse4_2 movbe popcnt aes xsave avx f16c rdrand hypervisor lahf_lm cmp_legacy svm cr8_legacy abm sse4a misalignsse 3dnowprefetch osvw topoext perfctr_core ssbd ibpb stibp vmmcall fsgsbase bmi1 avx2 smep bmi2 rdseed adx smap clflushopt clwb sha_ni xsaveopt xsavec xgetbv1 clzero xsaveerptr arat npt nrip_save tsc_scale vmcb_clean flushbyasid decodeassists pausefilter pfthreshold v_vmsave_vmload umip rdpid
Online cpus:
0-11
Offline cpus:

BIOS frequency limitation:
<Not Available>
Frequency switch latency (ns):
<Not Available>
Available cpu frequencies:
<Not Available>
Current governor:
<Not Available>
Core performance/turbo boost:
<Not Available>

Memory: 4k page, physical 8111348k(4603476k free), swap 2097152k(2097152k free)

vm_info: OpenJDK 64-Bit Server VM (11.0.22+7-post-Ubuntu-0ubuntu222.04.1) for linux-amd64 JRE (11.0.22+7-post-Ubuntu-0ubuntu222.04.1), built on Feb  5 2024 20:45:01 by "unknown" with gcc 11.4.0

END.
37321:
 num     #instances         #bytes  class name (module)
-------------------------------------------------------
   1:         18329        1120720  [B (java.base@11.0.22)
   2:         17570         421680  java.lang.String (java.base@11.0.22)
   3:          2804         342176  java.lang.Class (java.base@11.0.22)
   4:          7556         241792  java.util.concurrent.ConcurrentHashMap$Node (java.base@11.0.22)
   5:          2834         180208  [Ljava.lang.Object; (java.base@11.0.22)
   6:          4561         145952  java.util.HashMap$Node (java.base@11.0.22)
   7:          1332          87712  [I (java.base@11.0.22)
   8:          1477          70896  sun.util.locale.LocaleObjectCache$CacheEntry (java.base@11.0.22)
   9:           115          68880  [Ljava.util.concurrent.ConcurrentHashMap$Node; (java.base@11.0.22)
  10:           517          64576  [Ljava.util.HashMap$Node; (java.base@11.0.22)
  11:           114          64464  [C (java.base@11.0.22)
  12:           935          37400  java.lang.ref.SoftReference (java.base@11.0.22)
  13:           671          32208  java.lang.invoke.MemberName (java.base@11.0.22)
  14:          1799          28784  java.lang.Object (java.base@11.0.22)
  15:           892          28544  java.lang.invoke.LambdaForm$Name (java.base@11.0.22)
  16:           549          26352  java.util.HashMap (java.base@11.0.22)
  17:           848          25632  [Ljava.lang.Class; (java.base@11.0.22)
  18:           738          23616  java.util.Locale (java.base@11.0.22)
  19:           737          23584  sun.util.locale.BaseLocale (java.base@11.0.22)
  20:           737          23584  sun.util.locale.BaseLocale$Key (java.base@11.0.22)
  21:           554          23456  [Ljava.lang.String; (java.base@11.0.22)
  22:           241          21208  java.lang.reflect.Method (java.base@11.0.22)
  23:           438          17520  java.math.BigInteger (java.base@11.0.22)
  24:           419          16760  java.lang.invoke.MethodType (java.base@11.0.22)
  25:           475          15200  java.lang.invoke.MethodType$ConcurrentWeakInternSet$WeakEntry (java.base@11.0.22)
  26:           220          14960  [Ljava.lang.ref.SoftReference; (java.base@11.0.22)
  27:           584          14016  java.security.Provider$ServiceKey (java.base@11.0.22)
  28:           228          12768  java.security.Provider$Service (java.base@11.0.22)
  29:           493          11832  java.lang.invoke.ResolvedMethodName (java.base@11.0.22)
  30:           140           8960  java.util.concurrent.ConcurrentHashMap (java.base@11.0.22)
  31:           363           8712  java.lang.module.ModuleDescriptor$Exports (java.base@11.0.22)
  32:           149           8696  [Ljava.lang.invoke.LambdaForm$Name; (java.base@11.0.22)
  33:           268           8576  java.lang.invoke.LambdaForm$NamedFunction (java.base@11.0.22)
  34:           337           8088  java.util.ArrayList (java.base@11.0.22)
  35:           247           7904  sun.security.util.KnownOIDs (java.base@11.0.22)
  36:           130           7280  java.lang.invoke.MethodTypeForm (java.base@11.0.22)
  37:           176           7040  java.util.LinkedHashMap$Entry (java.base@11.0.22)
  38:           289           6936  java.util.ImmutableCollections$Set12 (java.base@11.0.22)
  39:           144           6912  java.lang.invoke.LambdaForm (java.base@11.0.22)
  40:           415           6640  java.lang.Integer (java.base@11.0.22)
  41:           101           6464  java.lang.Class$ReflectionData (java.base@11.0.22)
  42:            79           6320  java.lang.reflect.Constructor (java.base@11.0.22)
  43:           256           6144  java.lang.Long (java.base@11.0.22)
  44:           142           5680  java.lang.invoke.DirectMethodHandle$Accessor (java.base@11.0.22)
  45:            45           5056  [J (java.base@11.0.22)
  46:            61           4880  java.net.URI (java.base@11.0.22)
  47:           201           4824  java.security.Provider$UString (java.base@11.0.22)
  48:            71           4544  java.net.URL (java.base@11.0.22)
  49:            57           4512  [Ljava.lang.invoke.MethodHandle; (java.base@11.0.22)
  50:           135           4320  java.lang.module.ModuleDescriptor$Requires (java.base@11.0.22)
  51:            57           4104  java.lang.reflect.Field (java.base@11.0.22)
  52:           171           4104  java.util.ImmutableCollections$SetN (java.base@11.0.22)
  53:           256           4096  java.lang.Byte (java.base@11.0.22)
  54:           128           4096  java.lang.invoke.DirectMethodHandle (java.base@11.0.22)
  55:            11           4048  java.lang.Thread (java.base@11.0.22)
  56:           166           3984  jdk.internal.module.ServicesCatalog$ServiceProvider (java.base@11.0.22)
  57:            62           3968  java.lang.module.ModuleDescriptor (java.base@11.0.22)
  58:            68           3808  java.lang.Module (java.base@11.0.22)
  59:           113           3616  sun.security.pkcs11.SunPKCS11$Descriptor (jdk.crypto.cryptoki@11.0.22)
  60:            61           3416  jdk.internal.module.ModuleReferenceImpl (java.base@11.0.22)
  61:           213           3408  java.util.HashSet (java.base@11.0.22)
  62:            59           3304  java.lang.invoke.LambdaFormEditor$Transform (java.base@11.0.22)
  63:            78           3120  org.postgresql.PGProperty
  64:            12           2544  [Z (java.base@11.0.22)
  65:            61           2440  java.lang.Package$VersionInfo (java.base@11.0.22)
  66:           145           2320  java.util.Collections$UnmodifiableSet (java.base@11.0.22)
  67:           142           2272  java.util.HashMap$EntrySet (java.base@11.0.22)
  68:            92           2208  java.util.ImmutableCollections$List12 (java.base@11.0.22)
  69:            91           2184  java.util.concurrent.CopyOnWriteArrayList (java.base@11.0.22)
  70:            53           2120  sun.security.util.NamedCurve (java.base@11.0.22)
  71:            66           2112  java.lang.invoke.LambdaForm$Kind (java.base@11.0.22)
  72:            37           2072  sun.util.calendar.ZoneInfo (java.base@11.0.22)
  73:           128           2048  java.lang.Character (java.base@11.0.22)
  74:            42           2016  java.util.logging.LogManager$LoggerWeakRef (java.logging@11.0.22)
  75:            61           1952  java.lang.Package (java.base@11.0.22)
  76:            48           1920  java.io.ObjectStreamField (java.base@11.0.22)
  77:            53           1696  java.security.spec.EllipticCurve (java.base@11.0.22)
  78:            53           1696  sun.security.util.ObjectIdentifier (java.base@11.0.22)
  79:            69           1656  [Ljava.lang.reflect.Constructor; (java.base@11.0.22)
  80:            69           1656  jdk.internal.reflect.NativeConstructorAccessorImpl (java.base@11.0.22)
  81:            39           1648  [Ljava.lang.reflect.Method; (java.base@11.0.22)
  82:            61           1464  java.lang.module.ResolvedModule (java.base@11.0.22)
  83:            61           1464  jdk.internal.module.SystemModuleFinders$2 (java.base@11.0.22)
  84:            61           1464  jdk.internal.module.SystemModuleFinders$SystemModuleReader (java.base@11.0.22)
  85:             2           1440  [[B (java.base@11.0.22)
  86:            30           1440  java.time.temporal.ValueRange (java.base@11.0.22)
  87:            60           1440  java.util.jar.Attributes$Name (java.base@11.0.22)
  88:            60           1440  jdk.internal.loader.BuiltinClassLoader$LoadedModule (java.base@11.0.22)
  89:            56           1344  java.lang.module.ModuleDescriptor$Provides (java.base@11.0.22)
  90:            54           1296  java.security.spec.ECPoint (java.base@11.0.22)
  91:            39           1280  [Ljava.math.BigInteger; (java.base@11.0.22)
  92:            40           1280  java.lang.invoke.BoundMethodHandle$Species_L (java.base@11.0.22)
  93:            32           1280  java.math.BigDecimal (java.base@11.0.22)
  94:            30           1200  java.time.temporal.ChronoField (java.base@11.0.22)
  95:            37           1184  java.util.logging.LogManager$LogNode (java.logging@11.0.22)
  96:             8           1152  [Ljava.lang.invoke.MemberName; (java.base@11.0.22)
  97:            69           1104  jdk.internal.reflect.DelegatingConstructorAccessorImpl (java.base@11.0.22)
  98:            34           1088  com.fasterxml.jackson.databind.MapperFeature
  99:            19           1064  java.util.logging.Logger (java.logging@11.0.22)
 100:            66           1056  java.util.ImmutableCollections$ListN (java.base@11.0.22)
 101:             1           1048  [Lsun.security.util.KnownOIDs; (java.base@11.0.22)
 102:             1           1040  [Ljava.lang.Byte; (java.base@11.0.22)
 103:             1           1040  [Ljava.lang.Integer; (java.base@11.0.22)
 104:             1           1040  [Ljava.lang.Long; (java.base@11.0.22)
 105:            31            992  java.lang.invoke.VarHandle$AccessMode (java.base@11.0.22)
 106:            20            960  java.lang.invoke.BoundMethodHandle$SpeciesData (java.base@11.0.22)
 107:            30            960  java.lang.ref.ReferenceQueue (java.base@11.0.22)
 108:            30            960  java.security.Provider$EngineDescription (java.base@11.0.22)
 109:            59            944  jdk.internal.module.SystemModuleFinders$3 (java.base@11.0.22)
 110:            28            896  com.fasterxml.jackson.databind.DeserializationFeature
 111:            37            888  java.util.regex.Pattern$BmpCharProperty (java.base@11.0.22)
 112:             6            840  [D (java.base@11.0.22)
 113:            26            832  com.fasterxml.jackson.databind.SerializationFeature
 114:            20            800  [Ljava.lang.invoke.BoundMethodHandle$SpeciesData; (java.base@11.0.22)
 115:            25            800  java.lang.ref.WeakReference (java.base@11.0.22)
 116:            20            800  java.util.logging.Logger$ConfigurationData (java.logging@11.0.22)
 117:            16            768  jdk.internal.ref.CleanerImpl$PhantomCleanableRef (java.base@11.0.22)
 118:            19            760  java.security.ProtectionDomain (java.base@11.0.22)
 119:            13            728  org.jcp.xml.dsig.internal.dom.XMLDSigRI$ProviderService (java.xml.crypto@11.0.22)
 120:            13            728  sun.security.ec.SunEC$ProviderService (jdk.crypto.ec@11.0.22)
 121:             9            720  [Ljava.util.WeakHashMap$Entry; (java.base@11.0.22)
 122:            17            680  java.security.CodeSource (java.base@11.0.22)
 123:            14            672  com.fasterxml.jackson.databind.type.SimpleType
 124:            28            672  java.time.LocalTime (java.base@11.0.22)
 125:            12            672  sun.security.ec.SunEC$ProviderServiceA (jdk.crypto.ec@11.0.22)
 126:            16            640  java.lang.invoke.BoundMethodHandle$Species_LL (java.base@11.0.22)
 127:            10            640  java.lang.invoke.BoundMethodHandle$Species_LLLLLLIIL (java.base@11.0.22)
 128:            16            640  java.security.AccessControlContext (java.base@11.0.22)
 129:             3            624  [Ljava.lang.invoke.LambdaForm; (java.base@11.0.22)
 130:            13            624  com.fasterxml.jackson.core.JsonToken
 131:            26            624  java.security.spec.ECFieldF2m (java.base@11.0.22)
 132:            19            608  com.fasterxml.jackson.core.JsonParser$Feature
 133:            18            576  java.lang.invoke.VarHandle$AccessDescriptor (java.base@11.0.22)
 134:             7            560  java.util.concurrent.TimeUnit (java.base@11.0.22)
 135:             1            528  [Ljava.lang.Character; (java.base@11.0.22)
 136:             1            528  [Ljava.util.TimerTask; (java.base@11.0.22)
 137:            18            520  [Ljava.io.ObjectStreamField; (java.base@11.0.22)
 138:            32            512  java.lang.ref.ReferenceQueue$Lock (java.base@11.0.22)
 139:            16            512  java.time.temporal.ChronoUnit (java.base@11.0.22)
 140:             8            512  java.util.zip.Inflater (java.base@11.0.22)
 141:             4            512  sun.nio.fs.UnixFileAttributes (java.base@11.0.22)
 142:             7            496  [Lsun.invoke.util.Wrapper; (java.base@11.0.22)
 143:            20            480  java.lang.RuntimePermission (java.base@11.0.22)
 144:            12            480  java.lang.invoke.VarHandleObjects$FieldInstanceReadWrite (java.base@11.0.22)
 145:            15            480  java.security.Permissions (java.base@11.0.22)
 146:            10            480  sun.invoke.util.Wrapper (java.base@11.0.22)
 147:            19            456  java.time.Duration (java.base@11.0.22)
 148:             7            448  java.nio.DirectByteBuffer (java.base@11.0.22)
 149:             8            448  java.util.LinkedHashMap (java.base@11.0.22)
 150:            14            448  sun.security.util.LazyCodeSourcePermissionCollection (java.base@11.0.22)
 151:            10            432  [Ljava.lang.invoke.MethodType; (java.base@11.0.22)
 152:            18            432  java.io.ExpiringCache$Entry (java.base@11.0.22)
 153:            27            432  java.security.spec.ECFieldFp (java.base@11.0.22)
 154:            18            432  java.text.DateFormat$Field (java.base@11.0.22)
 155:            18            432  java.util.concurrent.atomic.AtomicLong (java.base@11.0.22)
 156:            18            432  org.postgresql.core.ServerVersion
 157:             4            416  java.util.jar.JarFile$JarFileEntry (java.base@11.0.22)
 158:             5            400  com.fasterxml.jackson.databind.util.internal.PrivateMaxEntriesMap
 159:            10            400  java.io.FileDescriptor (java.base@11.0.22)
 160:            10            400  java.lang.OutOfMemoryError (java.base@11.0.22)
 161:            12            384  com.fasterxml.jackson.core.JsonGenerator$Feature
 162:            12            384  sun.security.jca.ProviderConfig (java.base@11.0.22)
 163:             1            376  java.lang.ref.Finalizer$FinalizerThread (java.base@11.0.22)
 164:             1            376  java.util.TimerThread (java.base@11.0.22)
 165:             1            376  java.util.logging.LogManager$Cleaner (java.logging@11.0.22)
 166:             1            376  jdk.internal.misc.InnocuousThread (java.base@11.0.22)
 167:             1            368  java.lang.ref.Reference$ReferenceHandler (java.base@11.0.22)
 168:             5            360  com.fasterxml.jackson.databind.introspect.AnnotatedClass
 169:             9            360  java.util.WeakHashMap$Entry (java.base@11.0.22)
 170:            15            360  org.postgresql.core.AsciiStringInterner$Key
 171:             5            336  [S (java.base@11.0.22)
 172:             6            336  java.io.FileCleanable (java.base@11.0.22)
 173:             6            336  java.nio.DirectLongBufferU (java.base@11.0.22)
 174:             7            336  java.util.WeakHashMap (java.base@11.0.22)
 175:             1            328  [Lorg.postgresql.PGProperty;
 176:            10            320  java.io.File (java.base@11.0.22)
 177:             8            320  java.lang.ClassLoader$NativeLibrary (java.base@11.0.22)
 178:             8            320  java.lang.invoke.DirectMethodHandle$Special (java.base@11.0.22)
 179:             5            320  java.nio.DirectByteBufferR (java.base@11.0.22)
 180:            10            320  java.util.Hashtable$Entry (java.base@11.0.22)
 181:            10            320  java.util.LinkedList (java.base@11.0.22)
 182:            10            320  java.util.concurrent.locks.ReentrantLock$NonfairSync (java.base@11.0.22)
 183:            10            320  sun.nio.fs.UnixPath (java.base@11.0.22)
 184:             3            312  [Ljava.lang.ClassValue$Entry; (java.base@11.0.22)
 185:            13            312  com.fasterxml.jackson.databind.type.LogicalType
 186:            13            312  java.lang.invoke.Invokers (java.base@11.0.22)
 187:             4            304  [Ljava.lang.reflect.Field; (java.base@11.0.22)
 188:            19            304  [Ljava.security.Principal; (java.base@11.0.22)
 189:            19            304  java.security.ProtectionDomain$Key (java.base@11.0.22)
 190:            12            288  java.lang.NamedPackage (java.base@11.0.22)
 191:            12            288  java.net.StandardSocketOptions$StdSocketOption (java.base@11.0.22)
 192:             2            288  java.text.DecimalFormat (java.base@11.0.22)
 193:             9            288  java.util.logging.Level (java.logging@11.0.22)
 194:             9            288  java.util.logging.Level$KnownLevel (java.logging@11.0.22)
 195:             4            288  java.util.zip.ZipFile$Source (java.base@11.0.22)
 196:             9            288  jdk.internal.org.objectweb.asm.Type (java.base@11.0.22)
 197:             6            288  sun.util.locale.provider.LocaleResources$ResourceReference (java.base@11.0.22)
 198:             1            280  [Ljava.lang.invoke.LambdaForm$Kind; (java.base@11.0.22)
 199:             5            280  java.util.Properties (java.base@11.0.22)
 200:             1            272  [[C (java.base@11.0.22)
 201:            17            272  sun.invoke.util.ValueConversions$WrapperCache (java.base@11.0.22)
 202:            11            264  com.fasterxml.jackson.annotation.JsonFormat$Shape
 203:            11            264  java.lang.invoke.MethodHandleImpl$Intrinsic (java.base@11.0.22)
 204:             2            256  [Lcom.fasterxml.jackson.databind.DeserializationFeature;
 205:             5            256  [Ljava.util.Hashtable$Entry; (java.base@11.0.22)
 206:             8            256  java.lang.reflect.ProxyGenerator$PrimitiveTypeInfo (java.base@11.0.22)
 207:             4            256  java.util.jar.JarFile (java.base@11.0.22)
 208:             2            240  [Lcom.fasterxml.jackson.databind.SerializationFeature;
 209:            10            240  com.fasterxml.jackson.databind.cfg.CoercionInputShape
 210:             5            240  com.fasterxml.jackson.databind.introspect.BasicBeanDescription
 211:            10            240  java.nio.charset.CoderResult (java.base@11.0.22)
 212:            10            240  java.nio.file.StandardOpenOption (java.base@11.0.22)
 213:             5            240  java.util.Hashtable (java.base@11.0.22)
 214:            10            240  java.util.LinkedList$Node (java.base@11.0.22)
 215:             5            224  [Ljava.lang.invoke.LambdaForm$NamedFunction; (java.base@11.0.22)
 216:            14            224  java.security.SecureClassLoader$CodeSourceKey (java.base@11.0.22)
 217:             2            224  java.util.GregorianCalendar (java.base@11.0.22)
 218:             7            224  org.postgresql.core.Parser$SqlParseState
 219:             9            216  java.util.regex.Pattern$BitClass (java.base@11.0.22)
 220:             9            216  jdk.internal.reflect.NativeMethodAccessorImpl (java.base@11.0.22)
 221:             9            216  org.postgresql.core.SqlCommandType
 222:             9            216  org.postgresql.shaded.com.ongres.scram.common.ScramAttributes
 223:             3            216  sun.security.provider.NativePRNG$RandomIO (java.base@11.0.22)
 224:            13            208  java.util.Collections$SingletonSet (java.base@11.0.22)
 225:             2            200  [Ljava.text.DateFormat$Field; (java.base@11.0.22)
 226:             5            200  java.lang.invoke.DirectMethodHandle$Interface (java.base@11.0.22)
 227:             5            200  java.lang.invoke.MethodHandleImpl$AsVarargsCollector (java.base@11.0.22)
 228:             5            200  java.util.EnumMap (java.base@11.0.22)
 229:             5            200  java.util.stream.StreamOpFlag (java.base@11.0.22)
 230:            12            192  com.fasterxml.jackson.databind.node.IntNode
 231:             6            192  java.lang.invoke.LambdaForm$BasicType (java.base@11.0.22)
 232:             8            192  java.lang.invoke.VarForm (java.base@11.0.22)
 233:             8            192  java.math.RoundingMode (java.base@11.0.22)
 234:             8            192  java.net.NetPermission (java.base@11.0.22)
 235:             6            192  java.util.ImmutableCollections$MapN (java.base@11.0.22)
 236:             8            192  java.util.zip.Inflater$InflaterZStreamRef (java.base@11.0.22)
 237:             4            192  jdk.internal.loader.URLClassPath$JarLoader (java.base@11.0.22)
 238:             4            192  org.postgresql.shaded.com.ongres.scram.common.ScramMechanisms
 239:             2            192  sun.util.calendar.Gregorian$Date (java.base@11.0.22)
 240:             4            192  sun.util.resources.Bundles$BundleReference (java.base@11.0.22)
 241:             2            176  java.util.regex.Pattern (java.base@11.0.22)
 242:             1            168  [[Ljava.math.BigInteger; (java.base@11.0.22)
 243:             7            168  com.fasterxml.jackson.annotation.JsonInclude$Include
 244:             7            168  java.lang.System$Logger$Level (java.base@11.0.22)
 245:             7            168  java.util.ArrayDeque (java.base@11.0.22)
 246:             3            160  [Ljava.util.logging.Level; (java.logging@11.0.22)
 247:             2            160  [[Ljava.lang.String; (java.base@11.0.22)
 248:             4            160  com.fasterxml.jackson.core.Base64Variant
 249:             5            160  com.fasterxml.jackson.core.JsonEncoding
 250:             5            160  java.lang.ClassValue$Entry (java.base@11.0.22)
 251:            10            160  java.lang.ThreadLocal (java.base@11.0.22)
 252:             4            160  java.lang.invoke.DirectMethodHandle$Constructor (java.base@11.0.22)
 253:             5            160  java.lang.invoke.VarHandle$AccessType (java.base@11.0.22)
 254:             5            160  java.lang.invoke.VarHandleInts$FieldInstanceReadWrite (java.base@11.0.22)
 255:             5            160  java.security.BasicPermissionCollection (java.base@11.0.22)
 256:             4            160  java.util.IdentityHashMap (java.base@11.0.22)
 257:             5            160  java.util.RegularEnumSet (java.base@11.0.22)
 258:            10            160  java.util.concurrent.atomic.AtomicLongArray (java.base@11.0.22)
 259:             5            160  java.util.regex.Pattern$Branch (java.base@11.0.22)
 260:             5            160  sun.util.locale.provider.LocaleProviderAdapter$Type (java.base@11.0.22)
 261:             1            152  [Lcom.fasterxml.jackson.databind.MapperFeature;
 262:             3            144  [F (java.base@11.0.22)
 263:             1            144  [Lcom.fasterxml.jackson.core.sym.CharsToNameCanonicalizer$Bucket;
 264:             1            144  [Ljava.lang.invoke.VarHandle$AccessMode; (java.base@11.0.22)
 265:             2            144  [Ljava.math.BigDecimal; (java.base@11.0.22)
 266:             6            144  com.fasterxml.jackson.annotation.JsonAutoDetect$Visibility
 267:             6            144  com.fasterxml.jackson.core.JsonParser$NumberType
 268:             3            144  java.lang.ThreadGroup (java.base@11.0.22)
 269:             6            144  java.lang.invoke.StringConcatFactory$Strategy (java.base@11.0.22)
 270:             6            144  java.lang.module.ModuleDescriptor$Requires$Modifier (java.base@11.0.22)
 271:             3            144  java.nio.HeapByteBuffer (java.base@11.0.22)
 272:             2            144  java.text.DecimalFormatSymbols (java.base@11.0.22)
 273:             9            144  java.util.concurrent.atomic.AtomicInteger (java.base@11.0.22)
 274:             9            144  java.util.regex.Pattern$$Lambda$3/0x0000000840066c40 (java.base@11.0.22)
 275:             9            144  java.util.regex.Pattern$BitClass$$Lambda$2/0x0000000840066840 (java.base@11.0.22)
 276:             6            144  jdk.internal.perf.PerfCounter (java.base@11.0.22)
 277:             9            144  jdk.internal.reflect.DelegatingMethodAccessorImpl (java.base@11.0.22)
 278:             6            144  org.postgresql.jdbc.SslMode
 279:             1            144  sun.security.pkcs11.SunPKCS11 (jdk.crypto.cryptoki@11.0.22)
 280:             1            136  [Ljava.time.temporal.ChronoField; (java.base@11.0.22)
 281:             4            136  [Lsun.invoke.util.ValueConversions$WrapperCache; (java.base@11.0.22)
 282:             5            128  [Ljava.security.ProtectionDomain; (java.base@11.0.22)
 283:             4            128  com.fasterxml.jackson.core.StreamReadCapability
 284:             4            128  com.fasterxml.jackson.core.io.SerializedString
 285:             4            128  com.fasterxml.jackson.core.util.Separators$Spacing
 286:             2            128  com.fasterxml.jackson.databind.cfg.BaseSettings
 287:             4            128  com.fasterxml.jackson.databind.cfg.JsonNodeFeature
 288:             2            128  java.io.ExpiringCache$1 (java.base@11.0.22)
 289:             4            128  java.io.RandomAccessFile (java.base@11.0.22)
 290:             2            128  java.lang.ClassValue$ClassValueMap (java.base@11.0.22)
 291:             2            128  java.text.DateFormatSymbols (java.base@11.0.22)
 292:             8            128  java.util.concurrent.atomic.AtomicReference (java.base@11.0.22)
 293:             4            128  java.util.concurrent.atomic.AtomicReferenceFieldUpdater$AtomicReferenceFieldUpdaterImpl (java.base@11.0.22)
 294:             4            128  java.util.zip.ZipFile$CleanableResource (java.base@11.0.22)
 295:             4            128  sun.util.locale.provider.LocaleResources (java.base@11.0.22)
 296:             4            128  sun.util.resources.Bundles$CacheKey (java.base@11.0.22)
 297:             3            120  [Ljava.lang.invoke.LambdaForm$BasicType; (java.base@11.0.22)
 298:             5            120  [Ljava.util.regex.Pattern$Node; (java.base@11.0.22)
 299:             1            120  [[Ljava.lang.Object; (java.base@11.0.22)
 300:             5            120  com.fasterxml.jackson.annotation.Nulls
 301:             5            120  com.fasterxml.jackson.core.JsonFactory$Feature
 302:             5            120  com.fasterxml.jackson.databind.util.LRUMap
 303:             5            120  com.fasterxml.jackson.databind.util.internal.LinkedDeque
 304:             3            120  java.io.FileInputStream (java.base@11.0.22)
 305:             3            120  java.lang.WeakPairMap$Pair$Weak (java.base@11.0.22)
 306:             5            120  java.time.LocalDate (java.base@11.0.22)
 307:             5            120  java.time.LocalDateTime (java.base@11.0.22)
 308:             5            120  java.util.Collections$SetFromMap (java.base@11.0.22)
 309:             5            120  java.util.Collections$SynchronizedSet (java.base@11.0.22)
 310:             5            120  java.util.concurrent.ConcurrentLinkedQueue (java.base@11.0.22)
 311:             5            120  java.util.concurrent.ConcurrentLinkedQueue$Node (java.base@11.0.22)
 312:             5            120  java.util.stream.StreamOpFlag$Type (java.base@11.0.22)
 313:             1            120  jdk.internal.loader.ClassLoaders$AppClassLoader (java.base@11.0.22)
 314:             5            120  jdk.internal.math.FloatingDecimal$PreparedASCIIToBinaryBuffer (java.base@11.0.22)
 315:             5            120  jdk.net.ExtendedSocketOptions$ExtSocketOption (jdk.net@11.0.22)
 316:             1            112  [Ljava.time.LocalTime; (java.base@11.0.22)
 317:             2            112  com.sun.security.sasl.gsskerb.JdkSASL$ProviderService (jdk.security.jgss@11.0.22)
 318:             2            112  java.nio.DirectIntBufferRU (java.base@11.0.22)
 319:             7            112  java.util.concurrent.locks.ReentrantLock (java.base@11.0.22)
 320:             1            112  jdk.internal.loader.ClassLoaders$BootClassLoader (java.base@11.0.22)
 321:             1            112  jdk.internal.loader.ClassLoaders$PlatformClassLoader (java.base@11.0.22)
 322:             1            112  sun.net.httpserver.ServerImpl (jdk.httpserver@11.0.22)
 323:             2            112  sun.security.jgss.SunProvider$ProviderService (java.security.jgss@11.0.22)
 324:             1            104  com.sun.crypto.provider.SunJCE (java.base@11.0.22)
 325:             1            104  com.sun.net.ssl.internal.ssl.Provider (java.base@11.0.22)
 326:             1            104  com.sun.security.sasl.gsskerb.JdkSASL (jdk.security.jgss@11.0.22)
 327:             1            104  org.jcp.xml.dsig.internal.dom.XMLDSigRI (java.xml.crypto@11.0.22)
 328:             1            104  sun.security.ec.SunEC (jdk.crypto.ec@11.0.22)
 329:             1            104  sun.security.jca.ProviderList$1 (java.base@11.0.22)
 330:             1            104  sun.security.jgss.SunProvider (java.security.jgss@11.0.22)
 331:             1            104  sun.security.provider.Sun (java.base@11.0.22)
 332:             1            104  sun.security.rsa.SunRsaSign (java.base@11.0.22)
 333:             1            104  sun.security.smartcardio.SunPCSC (java.smartcardio@11.0.22)
 334:             1             96  [Lcom.fasterxml.jackson.core.JsonParser$Feature;
 335:             3             96  [Ljava.lang.Thread; (java.base@11.0.22)
 336:             3             96  [Ljava.lang.invoke.LambdaFormEditor$Transform; (java.base@11.0.22)
 337:             2             96  [Lorg.postgresql.core.Parser$SqlParseState;
 338:             1             96  [[J (java.base@11.0.22)
 339:             1             96  com.fasterxml.jackson.databind.DeserializationConfig
 340:             4             96  com.fasterxml.jackson.databind.cfg.CoercionAction
 341:             6             96  com.fasterxml.jackson.databind.ser.std.ToStringSerializer
 342:             3             96  java.lang.Runtime$Version (java.base@11.0.22)
 343:             3             96  java.lang.WeakPairMap$Pair$Weak$1 (java.base@11.0.22)
 344:             3             96  java.lang.invoke.SimpleMethodHandle (java.base@11.0.22)
 345:             4             96  java.lang.module.ModuleDescriptor$Modifier (java.base@11.0.22)
 346:             4             96  java.lang.module.ModuleDescriptor$Opens (java.base@11.0.22)
 347:             3             96  java.net.InetAddress$InetAddressHolder (java.base@11.0.22)
 348:             1             96  java.net.SocksSocketImpl (java.base@11.0.22)
 349:             4             96  java.sql.SQLPermission (java.sql@11.0.22)
 350:             4             96  java.text.Normalizer$Form (java.base@11.0.22)
 351:             4             96  java.time.OffsetDateTime (java.base@11.0.22)
 352:             3             96  java.util.Collections$UnmodifiableMap (java.base@11.0.22)
 353:             6             96  java.util.HashMap$KeySet (java.base@11.0.22)
 354:             3             96  java.util.Vector (java.base@11.0.22)
 355:             4             96  java.util.jar.Manifest (java.base@11.0.22)
 356:             4             96  java.util.regex.Pattern$GroupHead (java.base@11.0.22)
 357:             4             96  java.util.regex.Pattern$GroupTail (java.base@11.0.22)
 358:             4             96  java.util.regex.Pattern$Qtype (java.base@11.0.22)
 359:             4             96  java.util.stream.StreamShape (java.base@11.0.22)
 360:             4             96  java.util.zip.ZipFile$Source$Key (java.base@11.0.22)
 361:             1             96  jdk.internal.jimage.ImageReader$SharedImageReader (java.base@11.0.22)
 362:             4             96  jdk.internal.loader.AbstractClassLoaderValue$Sub (java.base@11.0.22)
 363:             6             96  jdk.internal.loader.ClassLoaderValue (java.base@11.0.22)
 364:             4             96  jdk.internal.logger.BootstrapLogger$LoggingBackend (java.base@11.0.22)
 365:             4             96  org.postgresql.hostchooser.HostStatus
 366:             4             96  org.postgresql.jdbc.GSSEncMode
 367:             4             96  org.postgresql.jdbc.PreferQueryMode
 368:             4             96  org.postgresql.jdbc.StatementCancelState
 369:             4             96  org.postgresql.plugin.AuthenticationRequestType
 370:             4             96  org.postgresql.shaded.com.ongres.scram.common.gssapi.Gs2Attributes
 371:             2             96  sun.net.httpserver.HttpContextImpl (jdk.httpserver@11.0.22)
 372:             3             96  sun.net.spi.DefaultProxySelector$NonProxyInfo (java.base@11.0.22)
 373:             1             96  sun.nio.ch.ServerSocketChannelImpl (java.base@11.0.22)
 374:             2             96  sun.nio.cs.StreamEncoder (java.base@11.0.22)
 375:             2             96  sun.nio.cs.UTF_8$Encoder (java.base@11.0.22)
 376:             2             88  [Lcom.fasterxml.jackson.databind.cfg.CoercionAction;
 377:             1             88  [Lorg.postgresql.core.ServerVersion;
 378:             1             88  com.fasterxml.jackson.databind.SerializationConfig
 379:             1             88  sun.nio.ch.EPollSelectorImpl (java.base@11.0.22)
 380:             1             80  [Ljava.time.temporal.ChronoUnit; (java.base@11.0.22)
 381:             2             80  [Ljava.util.stream.StreamOpFlag$Type; (java.base@11.0.22)
 382:             2             80  [Lorg.postgresql.hostchooser.HostRequirement;
 383:             2             80  [Lorg.postgresql.jdbc.SslMode;
 384:             2             80  [Lsun.security.jca.ProviderConfig; (java.base@11.0.22)
 385:             1             80  com.fasterxml.jackson.databind.MappingJsonFactory
 386:             2             80  java.io.BufferedWriter (java.base@11.0.22)
 387:             2             80  java.io.ExpiringCache (java.base@11.0.22)
 388:             2             80  java.io.FileOutputStream (java.base@11.0.22)
 389:             2             80  java.io.PrintStream (java.base@11.0.22)
 390:             2             80  java.lang.ModuleLayer (java.base@11.0.22)
 391:             2             80  java.lang.VirtualMachineError (java.base@11.0.22)
 392:             1             80  java.lang.invoke.BoundMethodHandle$Species_LLLLLLLLLLIIL (java.base@11.0.22)
 393:             2             80  java.lang.module.Configuration (java.base@11.0.22)
 394:             2             80  java.lang.ref.Finalizer (java.base@11.0.22)
 395:             2             80  java.text.DigitList (java.base@11.0.22)
 396:             2             80  java.util.Locale$Category (java.base@11.0.22)
 397:             5             80  java.util.WeakHashMap$KeySet (java.base@11.0.22)
 398:             5             80  java.util.concurrent.atomic.AtomicBoolean (java.base@11.0.22)
 399:             5             80  java.util.concurrent.atomic.AtomicReferenceArray (java.base@11.0.22)
 400:             5             80  java.util.regex.Pattern$BranchConn (java.base@11.0.22)
 401:             2             80  jdk.internal.math.FloatingDecimal$BinaryToASCIIBuffer (java.base@11.0.22)
 402:             1             80  sun.text.normalizer.NormalizerImpl (java.base@11.0.22)
 403:             1             80  sun.util.cldr.CLDRLocaleProviderAdapter (java.base@11.0.22)
 404:             1             80  sun.util.locale.provider.LocaleProviderAdapter$NonExistentAdapter (java.base@11.0.22)
 405:             1             72  [Lcom.fasterxml.jackson.core.JsonToken;
 406:             1             72  [Lcom.fasterxml.jackson.databind.type.LogicalType;
 407:             3             72  com.fasterxml.jackson.core.Base64Variant$PaddingReadBehaviour
 408:             1             72  com.fasterxml.jackson.core.sym.ByteQuadsCanonicalizer
 409:             1             72  com.fasterxml.jackson.core.util.InternCache
 410:             1             72  com.fasterxml.jackson.databind.ObjectMapper
 411:             3             72  com.fasterxml.jackson.databind.PropertyName
 412:             1             72  com.fasterxml.jackson.databind.deser.DefaultDeserializationContext$Impl
 413:             1             72  com.fasterxml.jackson.databind.ser.DefaultSerializerProvider$Impl
 414:             3             72  com.fasterxml.jackson.databind.ser.std.NumberSerializer
 415:             3             72  java.lang.WeakPairMap (java.base@11.0.22)
 416:             3             72  java.lang.annotation.RetentionPolicy (java.base@11.0.22)
 417:             1             72  java.lang.invoke.BoundMethodHandle$Species_LLLLLLLIIL (java.base@11.0.22)
 418:             3             72  java.lang.invoke.MethodHandleNatives$CallSiteContext (java.base@11.0.22)
 419:             3             72  java.lang.invoke.MethodHandles$Lookup (java.base@11.0.22)
 420:             3             72  java.lang.invoke.StringConcatFactory$Mode (java.base@11.0.22)
 421:             3             72  java.net.Proxy$Type (java.base@11.0.22)
 422:             3             72  java.nio.file.AccessMode (java.base@11.0.22)
 423:             3             72  java.security.SecurityPermission (java.base@11.0.22)
 424:             3             72  java.time.Instant (java.base@11.0.22)
 425:             3             72  java.time.ZoneOffset (java.base@11.0.22)
 426:             3             72  java.util.Collections$UnmodifiableRandomAccessList (java.base@11.0.22)
 427:             3             72  java.util.concurrent.ConcurrentHashMap$KeySetView (java.base@11.0.22)
 428:             3             72  java.util.stream.Collector$Characteristics (java.base@11.0.22)
 429:             3             72  jdk.internal.math.FloatingDecimal$ExceptionalBinaryToASCIIBuffer (java.base@11.0.22)
 430:             3             72  jdk.internal.misc.Signal (java.base@11.0.22)
 431:             3             72  jdk.internal.module.IllegalAccessLogger$Mode (java.base@11.0.22)
 432:             3             72  org.postgresql.core.TransactionState
 433:             3             72  org.postgresql.jdbc.AutoSave
 434:             3             72  org.postgresql.jdbc.EscapeSyntaxCallMode
 435:             3             72  org.postgresql.jdbc.PgConnection$ReadOnlyBehavior
 436:             3             72  org.postgresql.shaded.com.ongres.scram.client.ScramClient$ChannelBinding
 437:             3             72  org.postgresql.shaded.com.ongres.scram.common.gssapi.Gs2CbindFlag
 438:             3             72  sun.security.provider.NativePRNG$Variant (java.base@11.0.22)
 439:             1             64  [Lcom.fasterxml.jackson.annotation.JsonFormat$Shape;
 440:             1             64  [Lcom.fasterxml.jackson.core.JsonGenerator$Feature;
 441:             1             64  [Lcom.fasterxml.jackson.databind.node.IntNode;
 442:             2             64  [Ljava.lang.annotation.RetentionPolicy; (java.base@11.0.22)
 443:             1             64  [Ljava.lang.invoke.MethodHandleImpl$Intrinsic; (java.base@11.0.22)
 444:             2             64  [Ljava.nio.charset.CoderResult; (java.base@11.0.22)
 445:             2             64  [Ljava.util.stream.Collector$Characteristics; (java.base@11.0.22)
 446:             2             64  [Lorg.postgresql.jdbc.AutoSave;
 447:             2             64  [Lorg.postgresql.jdbc.GSSEncMode;
 448:             2             64  [Lorg.postgresql.jdbc.PgConnection$ReadOnlyBehavior;
 449:             2             64  com.fasterxml.jackson.core.io.ContentReference
 450:             1             64  com.fasterxml.jackson.core.sym.CharsToNameCanonicalizer
 451:             2             64  com.fasterxml.jackson.databind.cfg.EnumFeature
 452:             2             64  com.fasterxml.jackson.databind.introspect.VisibilityChecker$Std
 453:             2             64  com.fasterxml.jackson.databind.ser.std.NumberSerializers$DoubleSerializer
 454:             2             64  com.fasterxml.jackson.databind.ser.std.NumberSerializers$IntegerSerializer
 455:             2             64  com.fasterxml.jackson.databind.ser.std.NumberSerializers$LongSerializer
 456:             2             64  java.io.BufferedOutputStream (java.base@11.0.22)
 457:             2             64  java.lang.ref.ReferenceQueue$Null (java.base@11.0.22)
 458:             2             64  java.nio.file.attribute.FileTime (java.base@11.0.22)
 459:             1             64  java.text.SimpleDateFormat (java.base@11.0.22)
 460:             4             64  java.util.concurrent.ConcurrentHashMap$ValuesView (java.base@11.0.22)
 461:             4             64  java.util.jar.Attributes (java.base@11.0.22)
 462:             1             64  java.util.logging.LogManager$RootLogger (java.logging@11.0.22)
 463:             2             64  java.util.stream.FindOps$FindOp (java.base@11.0.22)
 464:             4             64  sun.nio.fs.UnixFileAttributes$UnixAsBasicFileAttributes (java.base@11.0.22)
 465:             2             64  sun.reflect.annotation.AnnotationType (java.base@11.0.22)
 466:             2             64  sun.security.provider.FileInputStreamPool$StreamRef (java.base@11.0.22)
 467:             1             64  sun.text.normalizer.Trie2_16 (java.base@11.0.22)
 468:             1             56  [Lcom.fasterxml.jackson.databind.cfg.CoercionInputShape;
 469:             1             56  [Ljava.lang.Runnable; (java.base@11.0.22)
 470:             1             56  [Ljava.nio.file.StandardOpenOption; (java.base@11.0.22)
 471:             1             56  [Lorg.postgresql.core.SqlCommandType;
 472:             1             56  [Lorg.postgresql.shaded.com.ongres.scram.common.ScramAttributes;
 473:             1             56  [[I (java.base@11.0.22)
 474:             1             56  java.lang.invoke.BoundMethodHandle$Specializer (java.base@11.0.22)
 475:             1             56  java.net.SocketPermission (java.base@11.0.22)
 476:             1             56  java.util.ServiceLoader (java.base@11.0.22)
 477:             1             56  java.util.logging.LogManager (java.logging@11.0.22)
 478:             1             56  jdk.internal.ref.CleanerImpl$SoftCleanableRef (java.base@11.0.22)
 479:             1             56  sun.security.provider.SHA (java.base@11.0.22)
 480:             1             56  sun.security.smartcardio.SunPCSC$ProviderService (java.smartcardio@11.0.22)
 481:             1             48  [Lcom.fasterxml.jackson.annotation.JsonInclude$Include;
 482:             3             48  [Lcom.fasterxml.jackson.databind.JavaType;
 483:             1             48  [Ljava.lang.System$Logger$Level; (java.base@11.0.22)
 484:             3             48  [Ljava.lang.annotation.Annotation; (java.base@11.0.22)
 485:             1             48  [Ljava.math.RoundingMode; (java.base@11.0.22)
 486:             1             48  [Ljava.util.concurrent.TimeUnit; (java.base@11.0.22)
 487:             1             48  com.fasterxml.jackson.core.util.DefaultPrettyPrinter
 488:             1             48  com.fasterxml.jackson.databind.cfg.ConfigOverride$Empty
 489:             2             48  com.fasterxml.jackson.databind.ser.std.BooleanSerializer
 490:             1             48  com.fasterxml.jackson.databind.util.StdDateFormat
 491:             2             48  java.io.File$PathStatus (java.base@11.0.22)
 492:             2             48  java.io.OutputStreamWriter (java.base@11.0.22)
 493:             2             48  java.lang.ClassValue$Version (java.base@11.0.22)
 494:             1             48  java.lang.invoke.BoundMethodHandle$Specializer$Factory (java.base@11.0.22)
 495:             2             48  java.lang.reflect.ReflectPermission (java.base@11.0.22)
 496:             2             48  java.net.Inet4Address (java.base@11.0.22)
 497:             2             48  java.net.InetSocketAddress$InetSocketAddressHolder (java.base@11.0.22)
 498:             2             48  java.net.StandardProtocolFamily (java.base@11.0.22)
 499:             3             48  java.nio.charset.CodingErrorAction (java.base@11.0.22)
 500:             3             48  java.text.AttributedCharacterIterator$Attribute (java.base@11.0.22)
 501:             2             48  java.time.chrono.IsoEra (java.base@11.0.22)
 502:             3             48  java.util.Optional (java.base@11.0.22)
 503:             3             48  java.util.ResourceBundle$NoFallbackControl (java.base@11.0.22)
 504:             3             48  java.util.concurrent.ConcurrentHashMap$EntrySetView (java.base@11.0.22)
 505:             1             48  java.util.concurrent.ConcurrentSkipListMap (java.base@11.0.22)
 506:             2             48  java.util.concurrent.ConcurrentSkipListMap$Node (java.base@11.0.22)
 507:             2             48  java.util.logging.Logger$LoggerBundle (java.logging@11.0.22)
 508:             2             48  java.util.logging.LoggingPermission (java.logging@11.0.22)
 509:             2             48  java.util.regex.Pattern$Start (java.base@11.0.22)
 510:             1             48  jdk.internal.jimage.ImageHeader (java.base@11.0.22)
 511:             2             48  jdk.internal.misc.Signal$NativeHandler (java.base@11.0.22)
 512:             3             48  jdk.internal.module.ServicesCatalog (java.base@11.0.22)
 513:             1             48  jdk.internal.ref.CleanerImpl$WeakCleanableRef (java.base@11.0.22)
 514:             1             48  org.postgresql.core.AsciiStringInterner$StringReference
 515:             2             48  org.postgresql.core.Encoding
 516:             2             48  org.postgresql.core.JavaVersion
 517:             3             48  org.postgresql.jdbc.ResourceLock
 518:             1             48  sun.nio.ch.SelectionKeyImpl (java.base@11.0.22)
 519:             2             48  sun.security.jca.ProviderList (java.base@11.0.22)
 520:             2             48  sun.security.jca.ProviderList$3 (java.base@11.0.22)
 521:             1             40  [Lcom.fasterxml.jackson.annotation.JsonAutoDetect$Visibility;
 522:             1             40  [Lcom.fasterxml.jackson.annotation.Nulls;
 523:             1             40  [Lcom.fasterxml.jackson.core.JsonEncoding;
 524:             1             40  [Lcom.fasterxml.jackson.core.JsonFactory$Feature;
 525:             1             40  [Lcom.fasterxml.jackson.core.JsonParser$NumberType;
 526:             1             40  [Ljava.lang.invoke.StringConcatFactory$Strategy; (java.base@11.0.22)
 527:             1             40  [Ljava.lang.invoke.VarHandle$AccessType; (java.base@11.0.22)
 528:             1             40  [Ljava.util.stream.StreamOpFlag; (java.base@11.0.22)
 529:             1             40  [Lsun.util.locale.provider.LocaleProviderAdapter$Type; (java.base@11.0.22)
 530:             1             40  [[Ljava.lang.invoke.LambdaForm$Name; (java.base@11.0.22)
 531:             1             40  com.fasterxml.jackson.annotation.JsonFormat$Value
 532:             1             40  com.fasterxml.jackson.core.StreamReadConstraints
 533:             1             40  com.fasterxml.jackson.core.sym.ByteQuadsCanonicalizer$TableInfo
 534:             1             40  com.fasterxml.jackson.core.util.Separators
 535:             1             40  com.fasterxml.jackson.databind.cfg.ConfigOverrides
 536:             1             40  com.sun.management.internal.DiagnosticCommandImpl (jdk.management@11.0.22)
 537:             1             40  java.io.BufferedInputStream (java.base@11.0.22)
 538:             1             40  java.io.FilePermission (java.base@11.0.22)
 539:             1             40  java.lang.ArithmeticException (java.base@11.0.22)
 540:             1             40  java.lang.NullPointerException (java.base@11.0.22)
 541:             1             40  java.lang.invoke.MethodHandleImpl$IntrinsicMethodHandle (java.base@11.0.22)
 542:             1             40  java.lang.invoke.VarHandleObjects$Array (java.base@11.0.22)
 543:             1             40  java.net.InetAddress$CachedAddresses (java.base@11.0.22)
 544:             1             40  java.util.ResourceBundle$2 (java.base@11.0.22)
 545:             1             40  java.util.ServiceLoader$LazyClassPathLookupIterator (java.base@11.0.22)
 546:             1             40  javax.crypto.CryptoAllPermission (java.base@11.0.22)
 547:             1             40  jdk.internal.event.SecurityProviderServiceEvent (java.base@11.0.22)
 548:             1             40  jdk.internal.loader.URLClassPath (java.base@11.0.22)
 549:             1             40  jdk.internal.ref.CleanerImpl$CleanerCleanable (java.base@11.0.22)
 550:             1             40  org.postgresql.core.v3.SimpleParameterList
 551:             1             40  org.postgresql.jdbc.PgResultSet$1
 552:             1             40  org.postgresql.util.LazyCleaner
 553:             1             40  sun.net.httpserver.ServerImpl$IdleTimeoutTask (jdk.httpserver@11.0.22)
 554:             1             40  sun.text.normalizer.Trie2$UTrie2Header (java.base@11.0.22)
 555:             1             40  sun.text.resources.cldr.FormatData (java.base@11.0.22)
 556:             1             40  sun.text.resources.cldr.FormatData_en (java.base@11.0.22)
 557:             1             40  sun.util.resources.Bundles$1 (java.base@11.0.22)
 558:             1             40  sun.util.resources.cldr.CalendarData (java.base@11.0.22)
 559:             1             32  [Lcom.fasterxml.jackson.core.Base64Variant$PaddingReadBehaviour;
 560:             1             32  [Lcom.fasterxml.jackson.core.StreamReadCapability;
 561:             1             32  [Lcom.fasterxml.jackson.core.util.Separators$Spacing;
 562:             1             32  [Lcom.fasterxml.jackson.databind.cfg.JsonNodeFeature;
 563:             2             32  [Lcom.fasterxml.jackson.databind.deser.Deserializers;
 564:             1             32  [Lcom.fasterxml.jackson.databind.util.internal.PrivateMaxEntriesMap$DrainStatus;
 565:             1             32  [Ljava.lang.OutOfMemoryError; (java.base@11.0.22)
 566:             2             32  [Ljava.lang.StackTraceElement; (java.base@11.0.22)
 567:             1             32  [Ljava.lang.ThreadGroup; (java.base@11.0.22)
 568:             1             32  [Ljava.lang.invoke.StringConcatFactory$Mode; (java.base@11.0.22)
 569:             1             32  [Ljava.lang.module.ModuleDescriptor$Modifier; (java.base@11.0.22)
 570:             1             32  [Ljava.lang.module.ModuleDescriptor$Requires$Modifier; (java.base@11.0.22)
 571:             1             32  [Ljava.net.Proxy$Type; (java.base@11.0.22)
 572:             1             32  [Ljava.nio.file.AccessMode; (java.base@11.0.22)
 573:             1             32  [Ljava.text.Normalizer$Form; (java.base@11.0.22)
 574:             1             32  [Ljava.util.regex.Pattern$Qtype; (java.base@11.0.22)
 575:             1             32  [Ljava.util.stream.StreamShape; (java.base@11.0.22)
 576:             1             32  [Ljdk.internal.logger.BootstrapLogger$LoggingBackend; (java.base@11.0.22)
 577:             1             32  [Ljdk.internal.module.IllegalAccessLogger$Mode; (java.base@11.0.22)
 578:             1             32  [Lorg.postgresql.core.TransactionState;
 579:             1             32  [Lorg.postgresql.hostchooser.HostStatus;
 580:             1             32  [Lorg.postgresql.jdbc.EscapeSyntaxCallMode;
 581:             1             32  [Lorg.postgresql.jdbc.PreferQueryMode;
 582:             1             32  [Lorg.postgresql.jdbc.StatementCancelState;
 583:             1             32  [Lorg.postgresql.plugin.AuthenticationRequestType;
 584:             1             32  [Lorg.postgresql.shaded.com.ongres.scram.client.ScramClient$ChannelBinding;
 585:             1             32  [Lorg.postgresql.shaded.com.ongres.scram.common.ScramMechanisms;
 586:             1             32  [Lorg.postgresql.shaded.com.ongres.scram.common.gssapi.Gs2Attributes;
 587:             1             32  [Lorg.postgresql.shaded.com.ongres.scram.common.gssapi.Gs2CbindFlag;
 588:             1             32  [Lsun.security.provider.NativePRNG$Variant; (java.base@11.0.22)
 589:             1             32  com.fasterxml.jackson.annotation.JsonInclude$Value
 590:             1             32  com.fasterxml.jackson.core.sym.CharsToNameCanonicalizer$TableInfo
 591:             1             32  com.fasterxml.jackson.databind.cfg.CoercionConfigs
 592:             1             32  com.fasterxml.jackson.databind.cfg.DatatypeFeatures
 593:             1             32  com.fasterxml.jackson.databind.cfg.DeserializerFactoryConfig
 594:             1             32  com.fasterxml.jackson.databind.deser.std.JsonNodeDeserializer
 595:             1             32  com.fasterxml.jackson.databind.introspect.DefaultAccessorNamingStrategy$Provider
 596:             1             32  com.fasterxml.jackson.databind.ser.std.CalendarSerializer
 597:             1             32  com.fasterxml.jackson.databind.ser.std.DateSerializer
 598:             1             32  com.fasterxml.jackson.databind.ser.std.NumberSerializers$FloatSerializer
 599:             1             32  com.fasterxml.jackson.databind.ser.std.NumberSerializers$IntLikeSerializer
 600:             1             32  com.fasterxml.jackson.databind.ser.std.NumberSerializers$ShortSerializer
 601:             1             32  com.fasterxml.jackson.databind.type.TypeBindings
 602:             1             32  com.fasterxml.jackson.databind.type.TypeFactory
 603:             1             32  java.io.UnixFileSystem (java.base@11.0.22)
 604:             2             32  java.lang.Boolean (java.base@11.0.22)
 605:             2             32  java.lang.ClassValue$Identity (java.base@11.0.22)
 606:             2             32  java.lang.Shutdown$Lock (java.base@11.0.22)
 607:             1             32  java.lang.invoke.VarHandleLongs$Array (java.base@11.0.22)
 608:             1             32  java.lang.invoke.VarHandleLongs$FieldInstanceReadWrite (java.base@11.0.22)
 609:             1             32  java.lang.module.ModuleDescriptor$Version (java.base@11.0.22)
 610:             1             32  java.net.Inet6Address$Inet6AddressHolder (java.base@11.0.22)
 611:             2             32  java.net.InetSocketAddress (java.base@11.0.22)
 612:             2             32  java.nio.ByteOrder (java.base@11.0.22)
 613:             1             32  java.security.MessageDigest$Delegate (java.base@11.0.22)
 614:             1             32  java.util.Collections$SynchronizedMap (java.base@11.0.22)
 615:             2             32  java.util.HashMap$Values (java.base@11.0.22)
 616:             1             32  java.util.LinkedList$ListItr (java.base@11.0.22)
 617:             2             32  java.util.ResourceBundle$SingleFormatControl (java.base@11.0.22)
 618:             1             32  java.util.ServiceLoader$ModuleServicesLookupIterator (java.base@11.0.22)
 619:             1             32  java.util.concurrent.ThreadLocalRandom (java.base@11.0.22)
 620:             1             32  java.util.concurrent.atomic.AtomicIntegerFieldUpdater$AtomicIntegerFieldUpdaterImpl (java.base@11.0.22)
 621:             1             32  java.util.concurrent.atomic.LongAdder (java.base@11.0.22)
 622:             1             32  java.util.logging.LogManager$SystemLoggerContext (java.logging@11.0.22)
 623:             2             32  java.util.regex.Pattern$$Lambda$4/0x0000000840066040 (java.base@11.0.22)
 624:             1             32  jdk.internal.module.IllegalAccessLogger (java.base@11.0.22)
 625:             1             32  jdk.internal.ref.CleanerImpl (java.base@11.0.22)
 626:             1             32  org.postgresql.core.SqlCommand
 627:             1             32  org.postgresql.core.v3.Portal
 628:             1             32  org.postgresql.hostchooser.GlobalHostStatusTracker$HostSpecStatus
 629:             1             32  org.postgresql.util.SharedTimer
 630:             2             32  sun.net.httpserver.AuthFilter (jdk.httpserver@11.0.22)
 631:             1             32  sun.nio.ch.ServerSocketAdaptor (java.base@11.0.22)
 632:             1             32  sun.nio.cs.StandardCharsets (java.base@11.0.22)
 633:             1             32  sun.nio.fs.LinuxFileSystem (java.base@11.0.22)
 634:             1             32  sun.nio.fs.UnixFileKey (java.base@11.0.22)
 635:             2             32  sun.security.provider.FileInputStreamPool$UnclosableInputStream (java.base@11.0.22)
 636:             1             32  sun.security.provider.SecureRandom (java.base@11.0.22)
 637:             1             32  sun.security.util.KnownOIDs$1 (java.base@11.0.22)
 638:             1             32  sun.security.util.KnownOIDs$10 (java.base@11.0.22)
 639:             1             32  sun.security.util.KnownOIDs$2 (java.base@11.0.22)
 640:             1             32  sun.security.util.KnownOIDs$3 (java.base@11.0.22)
 641:             1             32  sun.security.util.KnownOIDs$4 (java.base@11.0.22)
 642:             1             32  sun.security.util.KnownOIDs$5 (java.base@11.0.22)
 643:             1             32  sun.security.util.KnownOIDs$6 (java.base@11.0.22)
 644:             1             32  sun.security.util.KnownOIDs$7 (java.base@11.0.22)
 645:             1             32  sun.security.util.KnownOIDs$8 (java.base@11.0.22)
 646:             1             32  sun.security.util.KnownOIDs$9 (java.base@11.0.22)
 647:             2             32  sun.util.resources.LocaleData (java.base@11.0.22)
 648:             1             24  [Lcom.fasterxml.jackson.databind.cfg.EnumFeature;
 649:             1             24  [Lcom.fasterxml.jackson.databind.deser.KeyDeserializers;
 650:             1             24  [Ljava.io.File$PathStatus; (java.base@11.0.22)
 651:             1             24  [Ljava.net.InetAddress; (java.base@11.0.22)
 652:             1             24  [Ljava.net.StandardProtocolFamily; (java.base@11.0.22)
 653:             1             24  [Ljava.net.URL; (java.base@11.0.22)
 654:             1             24  [Ljava.nio.channels.SelectionKey; (java.base@11.0.22)
 655:             1             24  [Ljava.time.chrono.IsoEra; (java.base@11.0.22)
 656:             1             24  [Ljava.util.Locale$Category; (java.base@11.0.22)
 657:             1             24  [Ljava.util.jar.Manifest; (java.base@11.0.22)
 658:             1             24  [Lorg.postgresql.core.JavaVersion;
 659:             1             24  [Lorg.postgresql.shaded.com.ongres.scram.common.stringprep.StringPreparations;
 660:             1             24  com.fasterxml.jackson.annotation.JsonFormat$Features
 661:             1             24  com.fasterxml.jackson.annotation.JsonSetter$Value
 662:             1             24  com.fasterxml.jackson.core.ErrorReportConfiguration
 663:             1             24  com.fasterxml.jackson.core.util.DefaultIndenter
 664:             1             24  com.fasterxml.jackson.databind.cfg.ContextAttributes$Impl
 665:             1             24  com.fasterxml.jackson.databind.cfg.DefaultCacheProvider
 666:             1             24  com.fasterxml.jackson.databind.cfg.MutableCoercionConfig
 667:             1             24  com.fasterxml.jackson.databind.cfg.SerializerFactoryConfig
 668:             1             24  com.fasterxml.jackson.databind.deser.DeserializerCache
 669:             1             24  com.fasterxml.jackson.databind.introspect.AnnotatedClass$Creators
 670:             1             24  com.fasterxml.jackson.databind.introspect.JacksonAnnotationIntrospector
 671:             1             24  com.fasterxml.jackson.databind.introspect.SimpleMixInResolver
 672:             1             24  com.fasterxml.jackson.databind.ser.SerializerCache
 673:             1             24  com.fasterxml.jackson.databind.ser.impl.FailingSerializer
 674:             1             24  com.fasterxml.jackson.databind.ser.std.UUIDSerializer
 675:             1             24  com.fasterxml.jackson.databind.util.internal.PrivateMaxEntriesMap$DrainStatus$1
 676:             1             24  com.fasterxml.jackson.databind.util.internal.PrivateMaxEntriesMap$DrainStatus$2
 677:             1             24  com.fasterxml.jackson.databind.util.internal.PrivateMaxEntriesMap$DrainStatus$3
 678:             1             24  com.sun.management.internal.PlatformMBeanProviderImpl$1 (jdk.management@11.0.22)
 679:             1             24  com.sun.management.internal.PlatformMBeanProviderImpl$2 (jdk.management@11.0.22)
 680:             1             24  com.sun.management.internal.PlatformMBeanProviderImpl$3 (jdk.management@11.0.22)
 681:             1             24  com.sun.management.internal.PlatformMBeanProviderImpl$4 (jdk.management@11.0.22)
 682:             1             24  com.sun.management.internal.PlatformMBeanProviderImpl$5 (jdk.management@11.0.22)
 683:             1             24  java.lang.Double (java.base@11.0.22)
 684:             1             24  java.lang.StringBuilder (java.base@11.0.22)
 685:             1             24  java.lang.invoke.MethodType$ConcurrentWeakInternSet (java.base@11.0.22)
 686:             1             24  java.lang.invoke.StringConcatFactory$Stringifiers$StringifierAny (java.base@11.0.22)
 687:             1             24  java.lang.invoke.StringConcatFactory$Stringifiers$StringifierMost (java.base@11.0.22)
 688:             1             24  java.lang.management.DefaultPlatformMBeanProvider$1 (java.management@11.0.22)
 689:             1             24  java.lang.management.DefaultPlatformMBeanProvider$10 (java.management@11.0.22)
 690:             1             24  java.lang.management.DefaultPlatformMBeanProvider$11 (java.management@11.0.22)
 691:             1             24  java.lang.management.DefaultPlatformMBeanProvider$2 (java.management@11.0.22)
 692:             1             24  java.lang.management.DefaultPlatformMBeanProvider$3 (java.management@11.0.22)
 693:             1             24  java.lang.management.DefaultPlatformMBeanProvider$4 (java.management@11.0.22)
 694:             1             24  java.lang.management.DefaultPlatformMBeanProvider$5 (java.management@11.0.22)
 695:             1             24  java.lang.management.DefaultPlatformMBeanProvider$6 (java.management@11.0.22)
 696:             1             24  java.lang.management.DefaultPlatformMBeanProvider$7 (java.management@11.0.22)
 697:             1             24  java.lang.management.DefaultPlatformMBeanProvider$8 (java.management@11.0.22)
 698:             1             24  java.lang.management.DefaultPlatformMBeanProvider$9 (java.management@11.0.22)
 699:             1             24  java.net.Inet6Address (java.base@11.0.22)
 700:             1             24  java.net.Inet6AddressImpl (java.base@11.0.22)
 701:             1             24  java.net.Proxy (java.base@11.0.22)
 702:             1             24  java.security.AllPermissionCollection (java.base@11.0.22)
 703:             1             24  java.sql.DriverInfo (java.sql@11.0.22)
 704:             1             24  java.util.BitSet (java.base@11.0.22)
 705:             1             24  java.util.Collections$EmptyMap (java.base@11.0.22)
 706:             1             24  java.util.Collections$SynchronizedCollection (java.base@11.0.22)
 707:             1             24  java.util.Date (java.base@11.0.22)
 708:             1             24  java.util.Locale$Cache (java.base@11.0.22)
 709:             1             24  java.util.ResourceBundle$Control$CandidateListCache (java.base@11.0.22)
 710:             1             24  java.util.ServiceLoader$2 (java.base@11.0.22)
 711:             1             24  java.util.TaskQueue (java.base@11.0.22)
 712:             1             24  java.util.Timer (java.base@11.0.22)
 713:             1             24  java.util.concurrent.ConcurrentSkipListMap$Index (java.base@11.0.22)
 714:             1             24  java.util.concurrent.CopyOnWriteArrayList$COWIterator (java.base@11.0.22)
 715:             1             24  java.util.logging.LogManager$LoggerContext (java.logging@11.0.22)
 716:             1             24  java.util.regex.Pattern$BmpCharPropertyGreedy (java.base@11.0.22)
 717:             1             24  java.util.regex.Pattern$Ques (java.base@11.0.22)
 718:             1             24  java.util.zip.ZipCoder$UTF8 (java.base@11.0.22)
 719:             1             24  javax.crypto.CryptoAllPermissionCollection (java.base@11.0.22)
 720:             1             24  javax.crypto.CryptoPermissions (java.base@11.0.22)
 721:             1             24  jdk.internal.jimage.ImageReader (java.base@11.0.22)
 722:             1             24  jdk.internal.loader.URLClassPath$FileLoader (java.base@11.0.22)
 723:             1             24  jdk.internal.logger.BootstrapLogger$RedirectedLoggers (java.base@11.0.22)
 724:             1             24  jdk.internal.module.ModuleHashes (java.base@11.0.22)
 725:             1             24  jdk.internal.module.SystemModuleFinders$SystemModuleFinder (java.base@11.0.22)
 726:             1             24  jdk.management.jfr.internal.FlightRecorderMXBeanProvider$SingleMBeanComponent (jdk.management.jfr@11.0.22)
 727:             1             24  org.postgresql.Driver
 728:             1             24  org.postgresql.core.AsciiStringInterner
 729:             1             24  org.postgresql.hostchooser.HostRequirement$1
 730:             1             24  org.postgresql.hostchooser.HostRequirement$2
 731:             1             24  org.postgresql.hostchooser.HostRequirement$3
 732:             1             24  org.postgresql.hostchooser.HostRequirement$4
 733:             1             24  org.postgresql.hostchooser.HostRequirement$5
 734:             1             24  org.postgresql.hostchooser.HostRequirement$6
 735:             1             24  org.postgresql.shaded.com.ongres.scram.common.bouncycastle.base64.Base64Encoder
 736:             1             24  org.postgresql.shaded.com.ongres.scram.common.stringprep.StringPreparations$1
 737:             1             24  org.postgresql.shaded.com.ongres.scram.common.stringprep.StringPreparations$2
 738:             1             24  org.postgresql.util.HostSpec
 739:             1             24  sun.management.MemoryImpl (java.management@11.0.22)
 740:             1             24  sun.management.VMManagementImpl (java.management@11.0.22)
 741:             1             24  sun.net.httpserver.ServerImpl$Dispatcher (jdk.httpserver@11.0.22)
 742:             1             24  sun.net.sdp.SdpProvider (java.base@11.0.22)
 743:             1             24  sun.net.www.protocol.http.Handler (java.base@11.0.22)
 744:             1             24  sun.nio.cs.ISO_8859_1 (java.base@11.0.22)
 745:             1             24  sun.nio.cs.ThreadLocalCoders$1 (java.base@11.0.22)
 746:             1             24  sun.nio.cs.ThreadLocalCoders$2 (java.base@11.0.22)
 747:             1             24  sun.nio.cs.US_ASCII (java.base@11.0.22)
 748:             1             24  sun.nio.cs.UTF_16 (java.base@11.0.22)
 749:             1             24  sun.nio.cs.UTF_16BE (java.base@11.0.22)
 750:             1             24  sun.nio.cs.UTF_16LE (java.base@11.0.22)
 751:             1             24  sun.nio.cs.UTF_8 (java.base@11.0.22)
 752:             1             24  sun.reflect.annotation.AnnotationInvocationHandler (java.base@11.0.22)
 753:             1             24  sun.text.normalizer.Norm2AllModes (java.base@11.0.22)
 754:             1             24  sun.text.normalizer.Norm2AllModes$ComposeNormalizer2 (java.base@11.0.22)
 755:             1             24  sun.text.normalizer.Norm2AllModes$Norm2AllModesSingleton (java.base@11.0.22)
 756:             1             24  sun.util.cldr.CLDRCalendarDataProviderImpl (java.base@11.0.22)
 757:             1             24  sun.util.locale.BaseLocale$Cache (java.base@11.0.22)
 758:             1             24  sun.util.locale.provider.CalendarProviderImpl (java.base@11.0.22)
 759:             1             24  sun.util.locale.provider.DateFormatSymbolsProviderImpl (java.base@11.0.22)
 760:             1             24  sun.util.locale.provider.DecimalFormatSymbolsProviderImpl (java.base@11.0.22)
 761:             1             24  sun.util.locale.provider.LocaleServiceProviderPool (java.base@11.0.22)
 762:             1             24  sun.util.locale.provider.NumberFormatProviderImpl (java.base@11.0.22)
 763:             1             16  [Lcom.fasterxml.jackson.databind.AbstractTypeResolver;
 764:             1             16  [Lcom.fasterxml.jackson.databind.deser.BeanDeserializerModifier;
 765:             1             16  [Lcom.fasterxml.jackson.databind.deser.ValueInstantiators;
 766:             1             16  [Lcom.fasterxml.jackson.databind.ser.BeanSerializerModifier;
 767:             1             16  [Lcom.fasterxml.jackson.databind.ser.Serializers;
 768:             1             16  [Lcom.fasterxml.jackson.databind.util.ClassUtil$Ctor;
 769:             1             16  [Ljava.lang.Throwable; (java.base@11.0.22)
 770:             1             16  [Ljava.nio.file.attribute.FileAttribute; (java.base@11.0.22)
 771:             1             16  [Ljava.security.Provider; (java.base@11.0.22)
 772:             1             16  [Ljava.security.cert.Certificate; (java.base@11.0.22)
 773:             1             16  [Ljava.text.FieldPosition; (java.base@11.0.22)
 774:             1             16  [Ljava.util.logging.Handler; (java.logging@11.0.22)
 775:             1             16  [Lorg.postgresql.core.Field;
 776:             1             16  UserService.UserService$killHandler
 777:             1             16  UserService.UserService$userHandler
 778:             1             16  com.fasterxml.jackson.core.StreamWriteConstraints
 779:             1             16  com.fasterxml.jackson.core.io.JsonStringEncoder
 780:             1             16  com.fasterxml.jackson.core.util.DefaultPrettyPrinter$FixedSpaceIndenter
 781:             1             16  com.fasterxml.jackson.core.util.DefaultPrettyPrinter$NopIndenter
 782:             1             16  com.fasterxml.jackson.core.util.JacksonFeatureSet
 783:             1             16  com.fasterxml.jackson.core.util.JsonRecyclerPools$ThreadLocalPool
 784:             1             16  com.fasterxml.jackson.databind.deser.BeanDeserializerFactory
 785:             1             16  com.fasterxml.jackson.databind.deser.std.StdKeyDeserializers
 786:             1             16  com.fasterxml.jackson.databind.ext.Java7SupportImpl
 787:             1             16  com.fasterxml.jackson.databind.introspect.AnnotationCollector$NoAnnotations
 788:             1             16  com.fasterxml.jackson.databind.introspect.BasicClassIntrospector
 789:             1             16  com.fasterxml.jackson.databind.jsontype.impl.LaissezFaireSubTypeValidator
 790:             1             16  com.fasterxml.jackson.databind.jsontype.impl.StdSubtypeResolver
 791:             1             16  com.fasterxml.jackson.databind.node.JsonNodeFactory
 792:             1             16  com.fasterxml.jackson.databind.node.TextNode
 793:             1             16  com.fasterxml.jackson.databind.ser.BeanSerializerFactory
 794:             1             16  com.fasterxml.jackson.databind.ser.impl.UnknownSerializer
 795:             1             16  com.fasterxml.jackson.databind.ser.std.NullSerializer
 796:             1             16  com.fasterxml.jackson.databind.ser.std.StringSerializer
 797:             1             16  com.fasterxml.jackson.databind.type.TypeParser
 798:             1             16  com.fasterxml.jackson.databind.util.RootNameLookup
 799:             1             16  com.sun.management.internal.PlatformMBeanProviderImpl (jdk.management@11.0.22)
 800:             1             16  com.sun.management.internal.PlatformMBeanProviderImpl$$Lambda$44/0x00000008400e0840 (jdk.management@11.0.22)
 801:             1             16  com.sun.proxy.jdk.proxy1.$Proxy1 (jdk.proxy1@)
 802:             1             16  java.io.FileDescriptor$1 (java.base@11.0.22)
 803:             1             16  java.io.FilePermission$1 (java.base@11.0.22)
 804:             1             16  java.io.RandomAccessFile$2 (java.base@11.0.22)
 805:             1             16  java.lang.ApplicationShutdownHooks$1 (java.base@11.0.22)
 806:             1             16  java.lang.CharacterDataLatin1 (java.base@11.0.22)
 807:             1             16  java.lang.Float (java.base@11.0.22)
 808:             1             16  java.lang.InheritableThreadLocal (java.base@11.0.22)
 809:             1             16  java.lang.Module$$Lambda$23/0x00000008400d2040 (java.base@11.0.22)
 810:             1             16  java.lang.Runtime (java.base@11.0.22)
 811:             1             16  java.lang.SecurityManager$$Lambda$29/0x00000008400d4040 (java.base@11.0.22)
 812:             1             16  java.lang.SecurityManager$$Lambda$31/0x00000008400d4c40 (java.base@11.0.22)
 813:             1             16  java.lang.SecurityManager$$Lambda$32/0x00000008400d5040 (java.base@11.0.22)
 814:             1             16  java.lang.SecurityManager$$Lambda$33/0x00000008400d5840 (java.base@11.0.22)
 815:             1             16  java.lang.SecurityManager$$Lambda$34/0x00000008400d6040 (java.base@11.0.22)
 816:             1             16  java.lang.SecurityManager$$Lambda$35/0x00000008400d6440 (java.base@11.0.22)
 817:             1             16  java.lang.SecurityManager$$Lambda$37/0x00000008400d6c40 (java.base@11.0.22)
 818:             1             16  java.lang.SecurityManager$$Lambda$38/0x00000008400d7040 (java.base@11.0.22)
 819:             1             16  java.lang.String$CaseInsensitiveComparator (java.base@11.0.22)
 820:             1             16  java.lang.StringCoding$1 (java.base@11.0.22)
 821:             1             16  java.lang.System$2 (java.base@11.0.22)
 822:             1             16  java.lang.System$LoggerFinder$$Lambda$71/0x0000000840118040 (java.base@11.0.22)
 823:             1             16  java.lang.Terminator$1 (java.base@11.0.22)
 824:             1             16  java.lang.invoke.ClassSpecializer$1 (java.base@11.0.22)
 825:             1             16  java.lang.invoke.MemberName$Factory (java.base@11.0.22)
 826:             1             16  java.lang.invoke.MethodHandleImpl$1 (java.base@11.0.22)
 827:             1             16  java.lang.invoke.StringConcatFactory$MethodHandleInlineCopyStrategy$1 (java.base@11.0.22)
 828:             1             16  java.lang.invoke.StringConcatFactory$MethodHandleInlineCopyStrategy$2 (java.base@11.0.22)
 829:             1             16  java.lang.invoke.StringConcatFactory$MethodHandleInlineCopyStrategy$3 (java.base@11.0.22)
 830:             1             16  java.lang.invoke.VarHandle$1 (java.base@11.0.22)
 831:             1             16  java.lang.management.DefaultPlatformMBeanProvider (java.management@11.0.22)
 832:             1             16  java.lang.management.ManagementFactory$$Lambda$41/0x00000008400d7c40 (java.management@11.0.22)
 833:             1             16  java.lang.management.ManagementFactory$PlatformMBeanFinder$$Lambda$42/0x00000008400e0040 (java.management@11.0.22)
 834:             1             16  java.lang.management.ManagementFactory$PlatformMBeanFinder$$Lambda$49/0x00000008400e1c40 (java.management@11.0.22)
 835:             1             16  java.lang.management.ManagementFactory$PlatformMBeanFinder$$Lambda$50/0x00000008400e2040 (java.management@11.0.22)
 836:             1             16  java.lang.management.ManagementFactory$PlatformMBeanFinder$$Lambda$52/0x00000008400e2c40 (java.management@11.0.22)
 837:             1             16  java.lang.management.ManagementFactory$PlatformMBeanFinder$$Lambda$56/0x00000008400e4040 (java.management@11.0.22)
 838:             1             16  java.lang.management.ManagementFactory$PlatformMBeanFinder$$Lambda$57/0x00000008400e4440 (java.management@11.0.22)
 839:             1             16  java.lang.module.ModuleDescriptor$1 (java.base@11.0.22)
 840:             1             16  java.lang.module.ModuleDescriptor$Builder$$Lambda$22/0x00000008400d1c40 (java.base@11.0.22)
 841:             1             16  java.lang.ref.Cleaner (java.base@11.0.22)
 842:             1             16  java.lang.ref.Cleaner$1 (java.base@11.0.22)
 843:             1             16  java.lang.ref.Reference$1 (java.base@11.0.22)
 844:             1             16  java.lang.reflect.Proxy$$Lambda$19/0x00000008400d1040 (java.base@11.0.22)
 845:             1             16  java.lang.reflect.Proxy$ProxyBuilder$$Lambda$21/0x00000008400d1840 (java.base@11.0.22)
 846:             1             16  java.lang.reflect.ReflectAccess (java.base@11.0.22)
 847:             1             16  java.math.BigDecimal$1 (java.base@11.0.22)
 848:             1             16  java.net.InetAddress$2 (java.base@11.0.22)
 849:             1             16  java.net.InetAddress$PlatformNameService (java.base@11.0.22)
 850:             1             16  java.net.ServerSocket$2 (java.base@11.0.22)
 851:             1             16  java.net.URI$1 (java.base@11.0.22)
 852:             1             16  java.net.URL$3 (java.base@11.0.22)
 853:             1             16  java.net.URL$DefaultFactory (java.base@11.0.22)
 854:             1             16  java.nio.Bits$1 (java.base@11.0.22)
 855:             1             16  java.nio.Buffer$1 (java.base@11.0.22)
 856:             1             16  java.nio.channels.spi.AbstractSelector$1 (java.base@11.0.22)
 857:             1             16  java.security.AllPermission (java.base@11.0.22)
 858:             1             16  java.security.ProtectionDomain$JavaSecurityAccessImpl (java.base@11.0.22)
 859:             1             16  java.util.Collections$EmptyEnumeration (java.base@11.0.22)
 860:             1             16  java.util.Collections$EmptyIterator (java.base@11.0.22)
 861:             1             16  java.util.Collections$EmptyList (java.base@11.0.22)
 862:             1             16  java.util.Collections$EmptySet (java.base@11.0.22)
 863:             1             16  java.util.Collections$UnmodifiableCollection (java.base@11.0.22)
 864:             1             16  java.util.EnumMap$1 (java.base@11.0.22)
 865:             1             16  java.util.IdentityHashMap$Values (java.base@11.0.22)
 866:             1             16  java.util.LinkedHashMap$LinkedValues (java.base@11.0.22)
 867:             1             16  java.util.LinkedHashSet (java.base@11.0.22)
 868:             1             16  java.util.ResourceBundle$1 (java.base@11.0.22)
 869:             1             16  java.util.ResourceBundle$Control (java.base@11.0.22)
 870:             1             16  java.util.Spliterators$EmptySpliterator$OfDouble (java.base@11.0.22)
 871:             1             16  java.util.Spliterators$EmptySpliterator$OfInt (java.base@11.0.22)
 872:             1             16  java.util.Spliterators$EmptySpliterator$OfLong (java.base@11.0.22)
 873:             1             16  java.util.Spliterators$EmptySpliterator$OfRef (java.base@11.0.22)
 874:             1             16  java.util.Timer$1 (java.base@11.0.22)
 875:             1             16  java.util.concurrent.ConcurrentSkipListMap$KeySet (java.base@11.0.22)
 876:             1             16  java.util.concurrent.ConcurrentSkipListSet (java.base@11.0.22)
 877:             1             16  java.util.function.Function$$Lambda$51/0x00000008400e2440 (java.base@11.0.22)
 878:             1             16  java.util.jar.JavaUtilJarAccessImpl (java.base@11.0.22)
 879:             1             16  java.util.logging.Level$$Lambda$12/0x00000008400c5440 (java.logging@11.0.22)
 880:             1             16  java.util.logging.Level$KnownLevel$$Lambda$13/0x00000008400c5840 (java.logging@11.0.22)
 881:             1             16  java.util.logging.LogManager$LoggingProviderAccess (java.logging@11.0.22)
 882:             1             16  java.util.logging.LogManager$VisitedLoggers (java.logging@11.0.22)
 883:             1             16  java.util.regex.CharPredicates$$Lambda$1/0x0000000840067040 (java.base@11.0.22)
 884:             1             16  java.util.regex.Pattern$1 (java.base@11.0.22)
 885:             1             16  java.util.regex.Pattern$LastNode (java.base@11.0.22)
 886:             1             16  java.util.regex.Pattern$Node (java.base@11.0.22)
 887:             1             16  java.util.stream.Collectors$$Lambda$45/0x00000008400e0c40 (java.base@11.0.22)
 888:             1             16  java.util.stream.Collectors$$Lambda$46/0x00000008400e1040 (java.base@11.0.22)
 889:             1             16  java.util.stream.Collectors$$Lambda$47/0x00000008400e1440 (java.base@11.0.22)
 890:             1             16  java.util.stream.Collectors$$Lambda$48/0x00000008400e1840 (java.base@11.0.22)
 891:             1             16  java.util.stream.Collectors$$Lambda$53/0x00000008400e3040 (java.base@11.0.22)
 892:             1             16  java.util.stream.Collectors$$Lambda$62/0x00000008400e5840 (java.base@11.0.22)
 893:             1             16  java.util.stream.Collectors$$Lambda$63/0x00000008400e5c40 (java.base@11.0.22)
 894:             1             16  java.util.stream.Collectors$$Lambda$64/0x00000008400e6040 (java.base@11.0.22)
 895:             1             16  java.util.stream.FindOps$FindSink$OfRef$$Lambda$14/0x00000008400c5c40 (java.base@11.0.22)
 896:             1             16  java.util.stream.FindOps$FindSink$OfRef$$Lambda$15/0x00000008400c6040 (java.base@11.0.22)
 897:             1             16  java.util.stream.FindOps$FindSink$OfRef$$Lambda$16/0x00000008400c6440 (java.base@11.0.22)
 898:             1             16  java.util.stream.FindOps$FindSink$OfRef$$Lambda$17/0x00000008400c6840 (java.base@11.0.22)
 899:             1             16  java.util.zip.ZipFile$1 (java.base@11.0.22)
 900:             1             16  javax.net.DefaultSocketFactory (java.base@11.0.22)
 901:             1             16  jdk.internal.jimage.ImageReaderFactory$1 (java.base@11.0.22)
 902:             1             16  jdk.internal.jimage.ImageStringsReader (java.base@11.0.22)
 903:             1             16  jdk.internal.jimage.decompressor.Decompressor (java.base@11.0.22)
 904:             1             16  jdk.internal.logger.LazyLoggers$1 (java.base@11.0.22)
 905:             1             16  jdk.internal.logger.LazyLoggers$LazyLoggerFactories (java.base@11.0.22)
 906:             1             16  jdk.internal.math.FloatingDecimal$1 (java.base@11.0.22)
 907:             1             16  jdk.internal.misc.TerminatingThreadLocal$1 (java.base@11.0.22)
 908:             1             16  jdk.internal.misc.Unsafe (java.base@11.0.22)
 909:             1             16  jdk.internal.module.ModulePatcher (java.base@11.0.22)
 910:             1             16  jdk.internal.module.ModuleTarget (java.base@11.0.22)
 911:             1             16  jdk.internal.module.SystemModules$default (java.base@11.0.22)
 912:             1             16  jdk.internal.perf.Perf (java.base@11.0.22)
 913:             1             16  jdk.internal.reflect.ReflectionFactory (java.base@11.0.22)
 914:             1             16  jdk.internal.util.Preconditions$1 (java.base@11.0.22)
 915:             1             16  jdk.net.ExtendedSocketOptions$1 (jdk.net@11.0.22)
 916:             1             16  jdk.net.LinuxSocketOptions (jdk.net@11.0.22)
 917:             1             16  jdk.net.LinuxSocketOptions$$Lambda$40/0x00000008400d7840 (jdk.net@11.0.22)
 918:             1             16  org.postgresql.Driver$$Lambda$25/0x00000008400d2840
 919:             1             16  org.postgresql.util.LazyCleaner$$Lambda$69/0x00000008400e6840
 920:             1             16  org.postgresql.util.LazyCleaner$1
 921:             1             16  sun.net.httpserver.ContextList (jdk.httpserver@11.0.22)
 922:             1             16  sun.net.httpserver.DefaultHttpServerProvider (jdk.httpserver@11.0.22)
 923:             1             16  sun.net.httpserver.HttpServerImpl (jdk.httpserver@11.0.22)
 924:             1             16  sun.net.httpserver.ServerImpl$DefaultExecutor (jdk.httpserver@11.0.22)
 925:             1             16  sun.net.spi.DefaultProxySelector (java.base@11.0.22)
 926:             1             16  sun.net.www.protocol.file.Handler (java.base@11.0.22)
 927:             1             16  sun.net.www.protocol.jar.Handler (java.base@11.0.22)
 928:             1             16  sun.net.www.protocol.jar.JarFileFactory (java.base@11.0.22)
 929:             1             16  sun.net.www.protocol.jrt.Handler (java.base@11.0.22)
 930:             1             16  sun.nio.ch.EPollSelectorProvider (java.base@11.0.22)
 931:             1             16  sun.nio.ch.Net$1 (java.base@11.0.22)
 932:             1             16  sun.nio.ch.SocketDispatcher (java.base@11.0.22)
 933:             1             16  sun.nio.ch.Util$1 (java.base@11.0.22)
 934:             1             16  sun.nio.ch.Util$2 (java.base@11.0.22)
 935:             1             16  sun.nio.fs.LinuxFileSystemProvider (java.base@11.0.22)
 936:             1             16  sun.nio.fs.NativeBuffers$1 (java.base@11.0.22)
 937:             1             16  sun.security.jca.ProviderConfig$ProviderLoader (java.base@11.0.22)
 938:             1             16  sun.security.util.ByteArrayLexOrder (java.base@11.0.22)
 939:             1             16  sun.security.util.ByteArrayTagOrder (java.base@11.0.22)
 940:             1             16  sun.text.normalizer.Norm2AllModes$DecomposeNormalizer2 (java.base@11.0.22)
 941:             1             16  sun.text.normalizer.Norm2AllModes$NoopNormalizer2 (java.base@11.0.22)
 942:             1             16  sun.text.normalizer.NormalizerBase$ModeImpl (java.base@11.0.22)
 943:             1             16  sun.text.normalizer.NormalizerBase$NFCMode (java.base@11.0.22)
 944:             1             16  sun.text.normalizer.NormalizerBase$NFDMode (java.base@11.0.22)
 945:             1             16  sun.text.normalizer.NormalizerBase$NFKCMode (java.base@11.0.22)
 946:             1             16  sun.text.normalizer.NormalizerBase$NFKDMode (java.base@11.0.22)
 947:             1             16  sun.text.normalizer.NormalizerBase$NONEMode (java.base@11.0.22)
 948:             1             16  sun.text.normalizer.NormalizerImpl$IsAcceptable (java.base@11.0.22)
 949:             1             16  sun.text.normalizer.Trie2$1 (java.base@11.0.22)
 950:             1             16  sun.text.normalizer.VersionInfo (java.base@11.0.22)
 951:             1             16  sun.util.calendar.Gregorian (java.base@11.0.22)
 952:             1             16  sun.util.cldr.CLDRBaseLocaleDataMetaInfo (java.base@11.0.22)
 953:             1             16  sun.util.locale.InternalLocaleBuilder$CaseInsensitiveChar (java.base@11.0.22)
 954:             1             16  sun.util.locale.provider.CalendarDataUtility$CalendarWeekParameterGetter (java.base@11.0.22)
 955:             1             16  sun.util.logging.internal.LoggingProviderImpl (java.logging@11.0.22)
 956:             1             16  sun.util.logging.internal.LoggingProviderImpl$JULWrapper (java.logging@11.0.22)
 957:             1             16  sun.util.resources.LocaleData$LocaleDataStrategy (java.base@11.0.22)
 958:             1             16  sun.util.resources.cldr.provider.CLDRLocaleDataMetaInfo (jdk.localedata@11.0.22)
Total         78850        3551640
37321:
 garbage-first heap   total 17408K, used 3468K [0x0000000084200000, 0x0000000100000000)
  region size 1024K, 0 young (0K), 0 survivors (0K)
 Metaspace       used 9871K, capacity 10547K, committed 10752K, reserved 1058816K
  class space    used 1051K, capacity 1184K, committed 1280K, reserved 1048576K
37321:
2024-03-09 14:13:40
Full thread dump OpenJDK 64-Bit Server VM (11.0.22+7-post-Ubuntu-0ubuntu222.04.1 mixed mode, sharing):

Threads class SMR info:
_java_thread_list=0x00007f8e64000c40, length=15, elements={
0x00007f8eac12b000, 0x00007f8eac12d000, 0x00007f8eac135800, 0x00007f8eac137800,
0x00007f8eac139800, 0x00007f8eac13b800, 0x00007f8eac13d800, 0x00007f8eac188800,
0x00007f8e582af000, 0x00007f8e4c005800, 0x00007f8eac44e000, 0x00007f8eac47a800,
0x00007f8eac488800, 0x00007f8eac015800, 0x00007f8e64001000
}

"Reference Handler" #2 daemon prio=10 os_prio=0 cpu=0.71ms elapsed=3.86s tid=0x00007f8eac12b000 nid=0x91d2 waiting on condition  [0x00007f8e88644000]
   java.lang.Thread.State: RUNNABLE
	at java.lang.ref.Reference.waitForReferencePendingList(java.base@11.0.22/Native Method)
	at java.lang.ref.Reference.processPendingReferences(java.base@11.0.22/Reference.java:241)
	at java.lang.ref.Reference$ReferenceHandler.run(java.base@11.0.22/Reference.java:213)

"Finalizer" #3 daemon prio=8 os_prio=0 cpu=0.43ms elapsed=3.86s tid=0x00007f8eac12d000 nid=0x91d3 in Object.wait()  [0x00007f8e88544000]
   java.lang.Thread.State: WAITING (on object monitor)
	at java.lang.Object.wait(java.base@11.0.22/Native Method)
	- waiting on <0x0000000089103530> (a java.lang.ref.ReferenceQueue$Lock)
	at java.lang.ref.ReferenceQueue.remove(java.base@11.0.22/ReferenceQueue.java:155)
	- waiting to re-lock in wait() <0x0000000089103530> (a java.lang.ref.ReferenceQueue$Lock)
	at java.lang.ref.ReferenceQueue.remove(java.base@11.0.22/ReferenceQueue.java:176)
	at java.lang.ref.Finalizer$FinalizerThread.run(java.base@11.0.22/Finalizer.java:170)

"Signal Dispatcher" #4 daemon prio=9 os_prio=0 cpu=0.41ms elapsed=3.85s tid=0x00007f8eac135800 nid=0x91d4 runnable  [0x0000000000000000]
   java.lang.Thread.State: RUNNABLE

"Service Thread" #5 daemon prio=9 os_prio=0 cpu=0.12ms elapsed=3.85s tid=0x00007f8eac137800 nid=0x91d5 runnable  [0x0000000000000000]
   java.lang.Thread.State: RUNNABLE

"C2 CompilerThread0" #6 daemon prio=9 os_prio=0 cpu=265.95ms elapsed=3.85s tid=0x00007f8eac139800 nid=0x91d6 waiting on condition  [0x0000000000000000]
   java.lang.Thread.State: RUNNABLE
   No compile task

"C1 CompilerThread0" #9 daemon prio=9 os_prio=0 cpu=301.84ms elapsed=3.85s tid=0x00007f8eac13b800 nid=0x91d7 waiting on condition  [0x0000000000000000]
   java.lang.Thread.State: RUNNABLE
   No compile task

"Sweeper thread" #10 daemon prio=9 os_prio=0 cpu=0.14ms elapsed=3.85s tid=0x00007f8eac13d800 nid=0x91d8 runnable  [0x0000000000000000]
   java.lang.Thread.State: RUNNABLE

"Common-Cleaner" #11 daemon prio=8 os_prio=0 cpu=0.80ms elapsed=3.82s tid=0x00007f8eac188800 nid=0x91da in Object.wait()  [0x00007f8e63cfd000]
   java.lang.Thread.State: TIMED_WAITING (on object monitor)
	at java.lang.Object.wait(java.base@11.0.22/Native Method)
	- waiting on <0x0000000089103e68> (a java.lang.ref.ReferenceQueue$Lock)
	at java.lang.ref.ReferenceQueue.remove(java.base@11.0.22/ReferenceQueue.java:155)
	- waiting to re-lock in wait() <0x0000000089103e68> (a java.lang.ref.ReferenceQueue$Lock)
	at jdk.internal.ref.CleanerImpl.run(java.base@11.0.22/CleanerImpl.java:148)
	at java.lang.Thread.run(java.base@11.0.22/Thread.java:829)
	at jdk.internal.misc.InnocuousThread.run(java.base@11.0.22/InnocuousThread.java:161)

"C2 CompilerThread1" #7 daemon prio=9 os_prio=0 cpu=113.20ms elapsed=3.27s tid=0x00007f8e582af000 nid=0x91e1 waiting on condition  [0x0000000000000000]
   java.lang.Thread.State: RUNNABLE
   No compile task

"C2 CompilerThread2" #8 daemon prio=9 os_prio=0 cpu=45.26ms elapsed=2.99s tid=0x00007f8e4c005800 nid=0x91f9 waiting on condition  [0x0000000000000000]
   java.lang.Thread.State: RUNNABLE
   No compile task

"PostgreSQL-JDBC-Cleaner" #13 daemon prio=5 os_prio=0 cpu=0.17ms elapsed=2.88s tid=0x00007f8eac44e000 nid=0x91fa in Object.wait()  [0x00007f8e637fd000]
   java.lang.Thread.State: TIMED_WAITING (on object monitor)
	at java.lang.Object.wait(java.base@11.0.22/Native Method)
	- waiting on <0x0000000089104308> (a java.lang.ref.ReferenceQueue$Lock)
	at java.lang.ref.ReferenceQueue.remove(java.base@11.0.22/ReferenceQueue.java:155)
	- waiting to re-lock in wait() <0x0000000089104308> (a java.lang.ref.ReferenceQueue$Lock)
	at org.postgresql.util.LazyCleaner$1.run(LazyCleaner.java:129)
	at java.lang.Thread.run(java.base@11.0.22/Thread.java:829)

"idle-timeout-task" #14 daemon prio=5 os_prio=0 cpu=0.22ms elapsed=2.79s tid=0x00007f8eac47a800 nid=0x91fe in Object.wait()  [0x00007f8e634fb000]
   java.lang.Thread.State: TIMED_WAITING (on object monitor)
	at java.lang.Object.wait(java.base@11.0.22/Native Method)
	- waiting on <0x0000000086fbe720> (a java.util.TaskQueue)
	at java.util.TimerThread.mainLoop(java.base@11.0.22/Timer.java:553)
	- waiting to re-lock in wait() <0x0000000086fbe720> (a java.util.TaskQueue)
	at java.util.TimerThread.run(java.base@11.0.22/Timer.java:506)

"HTTP-Dispatcher" #15 prio=5 os_prio=0 cpu=0.67ms elapsed=2.77s tid=0x00007f8eac488800 nid=0x9202 runnable  [0x00007f8e633fb000]
   java.lang.Thread.State: RUNNABLE
	at sun.nio.ch.EPoll.wait(java.base@11.0.22/Native Method)
	at sun.nio.ch.EPollSelectorImpl.doSelect(java.base@11.0.22/EPollSelectorImpl.java:120)
	at sun.nio.ch.SelectorImpl.lockAndDoSelect(java.base@11.0.22/SelectorImpl.java:124)
	- locked <0x0000000086fba2f0> (a sun.nio.ch.Util$2)
	- locked <0x0000000086fba130> (a sun.nio.ch.EPollSelectorImpl)
	at sun.nio.ch.SelectorImpl.select(java.base@11.0.22/SelectorImpl.java:136)
	at sun.net.httpserver.ServerImpl$Dispatcher.run(jdk.httpserver@11.0.22/ServerImpl.java:471)
	at java.lang.Thread.run(java.base@11.0.22/Thread.java:829)

"DestroyJavaVM" #16 prio=5 os_prio=0 cpu=639.47ms elapsed=2.77s tid=0x00007f8eac015800 nid=0x91cb waiting on condition  [0x0000000000000000]
   java.lang.Thread.State: RUNNABLE

"Attach Listener" #17 daemon prio=9 os_prio=0 cpu=1.62ms elapsed=0.73s tid=0x00007f8e64001000 nid=0x9243 waiting on condition  [0x0000000000000000]
   java.lang.Thread.State: RUNNABLE

"VM Thread" os_prio=0 cpu=9.35ms elapsed=3.86s tid=0x00007f8eac128800 nid=0x91d1 runnable  

"GC Thread#0" os_prio=0 cpu=10.57ms elapsed=3.87s tid=0x00007f8eac02f800 nid=0x91cc runnable  

"GC Thread#1" os_prio=0 cpu=9.46ms elapsed=2.86s tid=0x00007f8e78001000 nid=0x91fc runnable  

"GC Thread#2" os_prio=0 cpu=9.92ms elapsed=2.86s tid=0x00007f8e78002800 nid=0x91fd runnable  

"G1 Main Marker" os_prio=0 cpu=0.30ms elapsed=3.87s tid=0x00007f8eac061000 nid=0x91cd runnable  

"G1 Conc#0" os_prio=0 cpu=0.09ms elapsed=3.87s tid=0x00007f8eac063000 nid=0x91ce runnable  

"G1 Refine#0" os_prio=0 cpu=0.27ms elapsed=3.86s tid=0x00007f8eac0f4000 nid=0x91cf runnable  

"G1 Young RemSet Sampling" os_prio=0 cpu=0.53ms elapsed=3.86s tid=0x00007f8eac0f6000 nid=0x91d0 runnable  
"VM Periodic Task Thread" os_prio=0 cpu=1.45ms elapsed=3.82s tid=0x00007f8eac186800 nid=0x91d9 waiting on condition  

JNI global refs: 19, weak refs: 0

37321:
-XX:CICompilerCount=4 -XX:ConcGCThreads=3 -XX:G1ConcRefinementThreads=10 -XX:G1HeapRegionSize=1048576 -XX:GCDrainStackTargetSize=64 -XX:InitialHeapSize=130023424 -XX:MarkStackSize=4194304 -XX:MaxHeapSize=2078277632 -XX:MaxNewSize=1246756864 -XX:MinHeapDeltaBytes=1048576 -XX:NonNMethodCodeHeapSize=5836300 -XX:NonProfiledCodeHeapSize=122910970 -XX:ProfiledCodeHeapSize=122910970 -XX:ReservedCodeCacheSize=251658240 -XX:+SegmentedCodeCache -XX:+UseCompressedClassPointers -XX:+UseCompressedOops -XX:+UseG1GC 
37321:
#Sat Mar 09 14:13:41 EST 2024
awt.toolkit=sun.awt.X11.XToolkit
java.specification.version=11
sun.cpu.isalist=
sun.jnu.encoding=UTF-8
java.class.path=.\:./UserService/jackson-annotations-2.16.1.jar\:./UserService/jackson-core-2.16.1.jar\:./UserService/jackson-databind-2.16.1.jar\:./UserService/postgresql-42.7.2.jar\:./UserService/postgresql-42.7.2.jar
java.vm.vendor=Ubuntu
sun.arch.data.model=64
java.vendor.url=https\://ubuntu.com/
user.timezone=America/New_York
java.vm.specification.version=11
os.name=Linux
sun.java.launcher=SUN_STANDARD
sun.boot.library.path=/usr/lib/jvm/java-11-openjdk-amd64/lib
sun.java.command=UserService.UserService
jdk.debug=release
sun.cpu.endian=little
user.home=/home/masa
user.language=en
java.specification.vendor=Oracle Corporation
java.version.date=2024-01-16
java.home=/usr/lib/jvm/java-11-openjdk-amd64
file.separator=/
java.vm.compressedOopsMode=32-bit
line.separator=\n
java.vm.specification.vendor=Oracle Corporation
java.specification.name=Java Platform API Specification
java.awt.graphicsenv=sun.awt.X11GraphicsEnvironment
sun.management.compiler=HotSpot 64-Bit Tiered Compilers
java.runtime.version=11.0.22+7-post-Ubuntu-0ubuntu222.04.1
user.name=masa
path.separator=\:
os.version=5.15.146.1-microsoft-standard-WSL2
java.runtime.name=OpenJDK Runtime Environment
file.encoding=UTF-8
java.vm.name=OpenJDK 64-Bit Server VM
java.vendor.url.bug=https\://bugs.launchpad.net/ubuntu/+source/openjdk-lts
java.io.tmpdir=/tmp
java.version=11.0.22
user.dir=/mnt/c/Users/faisa/Documents/csc301/a2/Microservice/final/a2/compiled
os.arch=amd64
java.vm.specification.name=Java Virtual Machine Specification
java.awt.printerjob=sun.print.PSPrinterJob
sun.os.patch.level=unknown
java.library.path=/usr/java/packages/lib\:/usr/lib/x86_64-linux-gnu/jni\:/lib/x86_64-linux-gnu\:/usr/lib/x86_64-linux-gnu\:/usr/lib/jni\:/lib\:/usr/lib
java.vm.info=mixed mode, sharing
java.vendor=Ubuntu
java.vm.version=11.0.22+7-post-Ubuntu-0ubuntu222.04.1
java.specification.maintenance.version=2
sun.io.unicode.encoding=UnicodeLittle
java.class.version=55.0
37321:
OpenJDK 64-Bit Server VM version 11.0.22+7-post-Ubuntu-0ubuntu222.04.1
JDK 11.0.22
37321:
VM Arguments:
java_command: UserService.UserService
java_class_path (initial): .:./UserService/jackson-annotations-2.16.1.jar:./UserService/jackson-core-2.16.1.jar:./UserService/jackson-databind-2.16.1.jar:./UserService/postgresql-42.7.2.jar:./UserService/postgresql-42.7.2.jar
Launcher Type: SUN_STANDARD
