58812:
#
# JRE version: OpenJDK Runtime Environment (11.0.22+7) (build 11.0.22+7-post-Ubuntu-0ubuntu222.04.1)
# Java VM: OpenJDK 64-Bit Server VM (11.0.22+7-post-Ubuntu-0ubuntu222.04.1, mixed mode, sharing, tiered, compressed oops, g1 gc, linux-amd64)

---------------  S U M M A R Y ------------

Command Line: OrderService.OrderService

Host: AMD Ryzen 5 3600 6-Core Processor, 12 cores, 7G, Ubuntu 22.04.3 LTS
Time: Tue Mar 12 17:48:17 2024 EDT elapsed time: 3.302969 seconds (0d 0h 0m 3s)

---------------  P R O C E S S  ---------------

Heap address: 0x0000000084200000, size: 1982 MB, Compressed Oops mode: 32-bit
Narrow klass base: 0x0000000800000000, Narrow klass shift: 3
Compressed class space size: 1073741824 Address: 0x0000000840000000

Heap:
 garbage-first heap   total 129024K, used 18128K [0x0000000084200000, 0x0000000100000000)
  region size 1024K, 19 young (19456K), 0 survivors (0K)
 Metaspace       used 5519K, capacity 8525K, committed 8576K, reserved 1056768K
  class space    used 554K, capacity 882K, committed 896K, reserved 1048576K
Heap Regions: E=young(eden), S=young(survivor), O=old, HS=humongous(starts), HC=humongous(continues), CS=collection set, F=free, A=archive, TAMS=top-at-mark-start (previous, next)
|   0|0x0000000084200000, 0x0000000084200000, 0x0000000084300000|  0%| F|  |TAMS 0x0000000084200000, 0x0000000084200000| Untracked 
|   1|0x0000000084300000, 0x0000000084300000, 0x0000000084400000|  0%| F|  |TAMS 0x0000000084300000, 0x0000000084300000| Untracked 
|   2|0x0000000084400000, 0x0000000084400000, 0x0000000084500000|  0%| F|  |TAMS 0x0000000084400000, 0x0000000084400000| Untracked 
|   3|0x0000000084500000, 0x0000000084500000, 0x0000000084600000|  0%| F|  |TAMS 0x0000000084500000, 0x0000000084500000| Untracked 
|   4|0x0000000084600000, 0x0000000084600000, 0x0000000084700000|  0%| F|  |TAMS 0x0000000084600000, 0x0000000084600000| Untracked 
|   5|0x0000000084700000, 0x0000000084700000, 0x0000000084800000|  0%| F|  |TAMS 0x0000000084700000, 0x0000000084700000| Untracked 
|   6|0x0000000084800000, 0x0000000084800000, 0x0000000084900000|  0%| F|  |TAMS 0x0000000084800000, 0x0000000084800000| Untracked 
|   7|0x0000000084900000, 0x0000000084900000, 0x0000000084a00000|  0%| F|  |TAMS 0x0000000084900000, 0x0000000084900000| Untracked 
|   8|0x0000000084a00000, 0x0000000084a00000, 0x0000000084b00000|  0%| F|  |TAMS 0x0000000084a00000, 0x0000000084a00000| Untracked 
|   9|0x0000000084b00000, 0x0000000084b00000, 0x0000000084c00000|  0%| F|  |TAMS 0x0000000084b00000, 0x0000000084b00000| Untracked 
|  10|0x0000000084c00000, 0x0000000084c00000, 0x0000000084d00000|  0%| F|  |TAMS 0x0000000084c00000, 0x0000000084c00000| Untracked 
|  11|0x0000000084d00000, 0x0000000084d00000, 0x0000000084e00000|  0%| F|  |TAMS 0x0000000084d00000, 0x0000000084d00000| Untracked 
|  12|0x0000000084e00000, 0x0000000084e00000, 0x0000000084f00000|  0%| F|  |TAMS 0x0000000084e00000, 0x0000000084e00000| Untracked 
|  13|0x0000000084f00000, 0x0000000084f00000, 0x0000000085000000|  0%| F|  |TAMS 0x0000000084f00000, 0x0000000084f00000| Untracked 
|  14|0x0000000085000000, 0x0000000085000000, 0x0000000085100000|  0%| F|  |TAMS 0x0000000085000000, 0x0000000085000000| Untracked 
|  15|0x0000000085100000, 0x0000000085100000, 0x0000000085200000|  0%| F|  |TAMS 0x0000000085100000, 0x0000000085100000| Untracked 
|  16|0x0000000085200000, 0x0000000085200000, 0x0000000085300000|  0%| F|  |TAMS 0x0000000085200000, 0x0000000085200000| Untracked 
|  17|0x0000000085300000, 0x0000000085300000, 0x0000000085400000|  0%| F|  |TAMS 0x0000000085300000, 0x0000000085300000| Untracked 
|  18|0x0000000085400000, 0x0000000085400000, 0x0000000085500000|  0%| F|  |TAMS 0x0000000085400000, 0x0000000085400000| Untracked 
|  19|0x0000000085500000, 0x0000000085500000, 0x0000000085600000|  0%| F|  |TAMS 0x0000000085500000, 0x0000000085500000| Untracked 
|  20|0x0000000085600000, 0x0000000085600000, 0x0000000085700000|  0%| F|  |TAMS 0x0000000085600000, 0x0000000085600000| Untracked 
|  21|0x0000000085700000, 0x0000000085700000, 0x0000000085800000|  0%| F|  |TAMS 0x0000000085700000, 0x0000000085700000| Untracked 
|  22|0x0000000085800000, 0x0000000085800000, 0x0000000085900000|  0%| F|  |TAMS 0x0000000085800000, 0x0000000085800000| Untracked 
|  23|0x0000000085900000, 0x0000000085900000, 0x0000000085a00000|  0%| F|  |TAMS 0x0000000085900000, 0x0000000085900000| Untracked 
|  24|0x0000000085a00000, 0x0000000085a00000, 0x0000000085b00000|  0%| F|  |TAMS 0x0000000085a00000, 0x0000000085a00000| Untracked 
|  25|0x0000000085b00000, 0x0000000085b00000, 0x0000000085c00000|  0%| F|  |TAMS 0x0000000085b00000, 0x0000000085b00000| Untracked 
|  26|0x0000000085c00000, 0x0000000085c00000, 0x0000000085d00000|  0%| F|  |TAMS 0x0000000085c00000, 0x0000000085c00000| Untracked 
|  27|0x0000000085d00000, 0x0000000085d00000, 0x0000000085e00000|  0%| F|  |TAMS 0x0000000085d00000, 0x0000000085d00000| Untracked 
|  28|0x0000000085e00000, 0x0000000085e00000, 0x0000000085f00000|  0%| F|  |TAMS 0x0000000085e00000, 0x0000000085e00000| Untracked 
|  29|0x0000000085f00000, 0x0000000085f00000, 0x0000000086000000|  0%| F|  |TAMS 0x0000000085f00000, 0x0000000085f00000| Untracked 
|  30|0x0000000086000000, 0x0000000086000000, 0x0000000086100000|  0%| F|  |TAMS 0x0000000086000000, 0x0000000086000000| Untracked 
|  31|0x0000000086100000, 0x0000000086100000, 0x0000000086200000|  0%| F|  |TAMS 0x0000000086100000, 0x0000000086100000| Untracked 
|  32|0x0000000086200000, 0x0000000086200000, 0x0000000086300000|  0%| F|  |TAMS 0x0000000086200000, 0x0000000086200000| Untracked 
|  33|0x0000000086300000, 0x0000000086300000, 0x0000000086400000|  0%| F|  |TAMS 0x0000000086300000, 0x0000000086300000| Untracked 
|  34|0x0000000086400000, 0x0000000086400000, 0x0000000086500000|  0%| F|  |TAMS 0x0000000086400000, 0x0000000086400000| Untracked 
|  35|0x0000000086500000, 0x0000000086500000, 0x0000000086600000|  0%| F|  |TAMS 0x0000000086500000, 0x0000000086500000| Untracked 
|  36|0x0000000086600000, 0x0000000086600000, 0x0000000086700000|  0%| F|  |TAMS 0x0000000086600000, 0x0000000086600000| Untracked 
|  37|0x0000000086700000, 0x0000000086700000, 0x0000000086800000|  0%| F|  |TAMS 0x0000000086700000, 0x0000000086700000| Untracked 
|  38|0x0000000086800000, 0x0000000086800000, 0x0000000086900000|  0%| F|  |TAMS 0x0000000086800000, 0x0000000086800000| Untracked 
|  39|0x0000000086900000, 0x0000000086900000, 0x0000000086a00000|  0%| F|  |TAMS 0x0000000086900000, 0x0000000086900000| Untracked 
|  40|0x0000000086a00000, 0x0000000086a00000, 0x0000000086b00000|  0%| F|  |TAMS 0x0000000086a00000, 0x0000000086a00000| Untracked 
|  41|0x0000000086b00000, 0x0000000086b00000, 0x0000000086c00000|  0%| F|  |TAMS 0x0000000086b00000, 0x0000000086b00000| Untracked 
|  42|0x0000000086c00000, 0x0000000086c00000, 0x0000000086d00000|  0%| F|  |TAMS 0x0000000086c00000, 0x0000000086c00000| Untracked 
|  43|0x0000000086d00000, 0x0000000086d00000, 0x0000000086e00000|  0%| F|  |TAMS 0x0000000086d00000, 0x0000000086d00000| Untracked 
|  44|0x0000000086e00000, 0x0000000086e00000, 0x0000000086f00000|  0%| F|  |TAMS 0x0000000086e00000, 0x0000000086e00000| Untracked 
|  45|0x0000000086f00000, 0x0000000086f00000, 0x0000000087000000|  0%| F|  |TAMS 0x0000000086f00000, 0x0000000086f00000| Untracked 
|  46|0x0000000087000000, 0x0000000087000000, 0x0000000087100000|  0%| F|  |TAMS 0x0000000087000000, 0x0000000087000000| Untracked 
|  47|0x0000000087100000, 0x0000000087100000, 0x0000000087200000|  0%| F|  |TAMS 0x0000000087100000, 0x0000000087100000| Untracked 
|  48|0x0000000087200000, 0x0000000087200000, 0x0000000087300000|  0%| F|  |TAMS 0x0000000087200000, 0x0000000087200000| Untracked 
|  49|0x0000000087300000, 0x0000000087300000, 0x0000000087400000|  0%| F|  |TAMS 0x0000000087300000, 0x0000000087300000| Untracked 
|  50|0x0000000087400000, 0x0000000087400000, 0x0000000087500000|  0%| F|  |TAMS 0x0000000087400000, 0x0000000087400000| Untracked 
|  51|0x0000000087500000, 0x0000000087500000, 0x0000000087600000|  0%| F|  |TAMS 0x0000000087500000, 0x0000000087500000| Untracked 
|  52|0x0000000087600000, 0x0000000087600000, 0x0000000087700000|  0%| F|  |TAMS 0x0000000087600000, 0x0000000087600000| Untracked 
|  53|0x0000000087700000, 0x0000000087700000, 0x0000000087800000|  0%| F|  |TAMS 0x0000000087700000, 0x0000000087700000| Untracked 
|  54|0x0000000087800000, 0x0000000087800000, 0x0000000087900000|  0%| F|  |TAMS 0x0000000087800000, 0x0000000087800000| Untracked 
|  55|0x0000000087900000, 0x0000000087900000, 0x0000000087a00000|  0%| F|  |TAMS 0x0000000087900000, 0x0000000087900000| Untracked 
|  56|0x0000000087a00000, 0x0000000087a00000, 0x0000000087b00000|  0%| F|  |TAMS 0x0000000087a00000, 0x0000000087a00000| Untracked 
|  57|0x0000000087b00000, 0x0000000087b00000, 0x0000000087c00000|  0%| F|  |TAMS 0x0000000087b00000, 0x0000000087b00000| Untracked 
|  58|0x0000000087c00000, 0x0000000087c00000, 0x0000000087d00000|  0%| F|  |TAMS 0x0000000087c00000, 0x0000000087c00000| Untracked 
|  59|0x0000000087d00000, 0x0000000087d00000, 0x0000000087e00000|  0%| F|  |TAMS 0x0000000087d00000, 0x0000000087d00000| Untracked 
|  60|0x0000000087e00000, 0x0000000087e00000, 0x0000000087f00000|  0%| F|  |TAMS 0x0000000087e00000, 0x0000000087e00000| Untracked 
|  61|0x0000000087f00000, 0x0000000087f00000, 0x0000000088000000|  0%| F|  |TAMS 0x0000000087f00000, 0x0000000087f00000| Untracked 
|  62|0x0000000088000000, 0x0000000088000000, 0x0000000088100000|  0%| F|  |TAMS 0x0000000088000000, 0x0000000088000000| Untracked 
|  63|0x0000000088100000, 0x0000000088100000, 0x0000000088200000|  0%| F|  |TAMS 0x0000000088100000, 0x0000000088100000| Untracked 
|  64|0x0000000088200000, 0x0000000088200000, 0x0000000088300000|  0%| F|  |TAMS 0x0000000088200000, 0x0000000088200000| Untracked 
|  65|0x0000000088300000, 0x0000000088300000, 0x0000000088400000|  0%| F|  |TAMS 0x0000000088300000, 0x0000000088300000| Untracked 
|  66|0x0000000088400000, 0x0000000088400000, 0x0000000088500000|  0%| F|  |TAMS 0x0000000088400000, 0x0000000088400000| Untracked 
|  67|0x0000000088500000, 0x0000000088500000, 0x0000000088600000|  0%| F|  |TAMS 0x0000000088500000, 0x0000000088500000| Untracked 
|  68|0x0000000088600000, 0x0000000088600000, 0x0000000088700000|  0%| F|  |TAMS 0x0000000088600000, 0x0000000088600000| Untracked 
|  69|0x0000000088700000, 0x0000000088700000, 0x0000000088800000|  0%| F|  |TAMS 0x0000000088700000, 0x0000000088700000| Untracked 
|  70|0x0000000088800000, 0x0000000088800000, 0x0000000088900000|  0%| F|  |TAMS 0x0000000088800000, 0x0000000088800000| Untracked 
|  71|0x0000000088900000, 0x0000000088900000, 0x0000000088a00000|  0%| F|  |TAMS 0x0000000088900000, 0x0000000088900000| Untracked 
|  72|0x0000000088a00000, 0x0000000088a00000, 0x0000000088b00000|  0%| F|  |TAMS 0x0000000088a00000, 0x0000000088a00000| Untracked 
|  73|0x0000000088b00000, 0x0000000088b00000, 0x0000000088c00000|  0%| F|  |TAMS 0x0000000088b00000, 0x0000000088b00000| Untracked 
|  74|0x0000000088c00000, 0x0000000088c00000, 0x0000000088d00000|  0%| F|  |TAMS 0x0000000088c00000, 0x0000000088c00000| Untracked 
|  75|0x0000000088d00000, 0x0000000088d00000, 0x0000000088e00000|  0%| F|  |TAMS 0x0000000088d00000, 0x0000000088d00000| Untracked 
|  76|0x0000000088e00000, 0x0000000088e00000, 0x0000000088f00000|  0%| F|  |TAMS 0x0000000088e00000, 0x0000000088e00000| Untracked 
|  77|0x0000000088f00000, 0x0000000088f00000, 0x0000000089000000|  0%| F|  |TAMS 0x0000000088f00000, 0x0000000088f00000| Untracked 
|  78|0x0000000089000000, 0x0000000089000000, 0x0000000089100000|  0%| F|  |TAMS 0x0000000089000000, 0x0000000089000000| Untracked 
|  79|0x0000000089100000, 0x0000000089100000, 0x0000000089200000|  0%| F|  |TAMS 0x0000000089100000, 0x0000000089100000| Untracked 
|  80|0x0000000089200000, 0x0000000089200000, 0x0000000089300000|  0%| F|  |TAMS 0x0000000089200000, 0x0000000089200000| Untracked 
|  81|0x0000000089300000, 0x0000000089300000, 0x0000000089400000|  0%| F|  |TAMS 0x0000000089300000, 0x0000000089300000| Untracked 
|  82|0x0000000089400000, 0x0000000089400000, 0x0000000089500000|  0%| F|  |TAMS 0x0000000089400000, 0x0000000089400000| Untracked 
|  83|0x0000000089500000, 0x0000000089500000, 0x0000000089600000|  0%| F|  |TAMS 0x0000000089500000, 0x0000000089500000| Untracked 
|  84|0x0000000089600000, 0x0000000089600000, 0x0000000089700000|  0%| F|  |TAMS 0x0000000089600000, 0x0000000089600000| Untracked 
|  85|0x0000000089700000, 0x0000000089700000, 0x0000000089800000|  0%| F|  |TAMS 0x0000000089700000, 0x0000000089700000| Untracked 
|  86|0x0000000089800000, 0x0000000089800000, 0x0000000089900000|  0%| F|  |TAMS 0x0000000089800000, 0x0000000089800000| Untracked 
|  87|0x0000000089900000, 0x0000000089900000, 0x0000000089a00000|  0%| F|  |TAMS 0x0000000089900000, 0x0000000089900000| Untracked 
|  88|0x0000000089a00000, 0x0000000089a00000, 0x0000000089b00000|  0%| F|  |TAMS 0x0000000089a00000, 0x0000000089a00000| Untracked 
|  89|0x0000000089b00000, 0x0000000089b00000, 0x0000000089c00000|  0%| F|  |TAMS 0x0000000089b00000, 0x0000000089b00000| Untracked 
|  90|0x0000000089c00000, 0x0000000089c00000, 0x0000000089d00000|  0%| F|  |TAMS 0x0000000089c00000, 0x0000000089c00000| Untracked 
|  91|0x0000000089d00000, 0x0000000089d00000, 0x0000000089e00000|  0%| F|  |TAMS 0x0000000089d00000, 0x0000000089d00000| Untracked 
|  92|0x0000000089e00000, 0x0000000089e00000, 0x0000000089f00000|  0%| F|  |TAMS 0x0000000089e00000, 0x0000000089e00000| Untracked 
|  93|0x0000000089f00000, 0x0000000089f00000, 0x000000008a000000|  0%| F|  |TAMS 0x0000000089f00000, 0x0000000089f00000| Untracked 
|  94|0x000000008a000000, 0x000000008a000000, 0x000000008a100000|  0%| F|  |TAMS 0x000000008a000000, 0x000000008a000000| Untracked 
|  95|0x000000008a100000, 0x000000008a100000, 0x000000008a200000|  0%| F|  |TAMS 0x000000008a100000, 0x000000008a100000| Untracked 
|  96|0x000000008a200000, 0x000000008a200000, 0x000000008a300000|  0%| F|  |TAMS 0x000000008a200000, 0x000000008a200000| Untracked 
|  97|0x000000008a300000, 0x000000008a300000, 0x000000008a400000|  0%| F|  |TAMS 0x000000008a300000, 0x000000008a300000| Untracked 
|  98|0x000000008a400000, 0x000000008a400000, 0x000000008a500000|  0%| F|  |TAMS 0x000000008a400000, 0x000000008a400000| Untracked 
|  99|0x000000008a500000, 0x000000008a500000, 0x000000008a600000|  0%| F|  |TAMS 0x000000008a500000, 0x000000008a500000| Untracked 
| 100|0x000000008a600000, 0x000000008a600000, 0x000000008a700000|  0%| F|  |TAMS 0x000000008a600000, 0x000000008a600000| Untracked 
| 101|0x000000008a700000, 0x000000008a700000, 0x000000008a800000|  0%| F|  |TAMS 0x000000008a700000, 0x000000008a700000| Untracked 
| 102|0x000000008a800000, 0x000000008a800000, 0x000000008a900000|  0%| F|  |TAMS 0x000000008a800000, 0x000000008a800000| Untracked 
| 103|0x000000008a900000, 0x000000008a900000, 0x000000008aa00000|  0%| F|  |TAMS 0x000000008a900000, 0x000000008a900000| Untracked 
| 104|0x000000008aa00000, 0x000000008aa00000, 0x000000008ab00000|  0%| F|  |TAMS 0x000000008aa00000, 0x000000008aa00000| Untracked 
| 105|0x000000008ab00000, 0x000000008ab00800, 0x000000008ac00000|  0%| E|  |TAMS 0x000000008ab00000, 0x000000008ab00000| Complete 
| 106|0x000000008ac00000, 0x000000008ad00000, 0x000000008ad00000|100%| E|CS|TAMS 0x000000008ac00000, 0x000000008ac00000| Complete 
| 107|0x000000008ad00000, 0x000000008ae00000, 0x000000008ae00000|100%| E|CS|TAMS 0x000000008ad00000, 0x000000008ad00000| Complete 
| 108|0x000000008ae00000, 0x000000008af00000, 0x000000008af00000|100%| E|CS|TAMS 0x000000008ae00000, 0x000000008ae00000| Complete 
| 109|0x000000008af00000, 0x000000008b000000, 0x000000008b000000|100%| E|CS|TAMS 0x000000008af00000, 0x000000008af00000| Complete 
| 110|0x000000008b000000, 0x000000008b100000, 0x000000008b100000|100%| E|  |TAMS 0x000000008b000000, 0x000000008b000000| Complete 
| 111|0x000000008b100000, 0x000000008b200000, 0x000000008b200000|100%| E|CS|TAMS 0x000000008b100000, 0x000000008b100000| Complete 
| 112|0x000000008b200000, 0x000000008b300000, 0x000000008b300000|100%| E|CS|TAMS 0x000000008b200000, 0x000000008b200000| Complete 
| 113|0x000000008b300000, 0x000000008b400000, 0x000000008b400000|100%| E|CS|TAMS 0x000000008b300000, 0x000000008b300000| Complete 
| 114|0x000000008b400000, 0x000000008b500000, 0x000000008b500000|100%| E|CS|TAMS 0x000000008b400000, 0x000000008b400000| Complete 
| 115|0x000000008b500000, 0x000000008b600000, 0x000000008b600000|100%| E|CS|TAMS 0x000000008b500000, 0x000000008b500000| Complete 
| 116|0x000000008b600000, 0x000000008b700000, 0x000000008b700000|100%| E|CS|TAMS 0x000000008b600000, 0x000000008b600000| Complete 
| 117|0x000000008b700000, 0x000000008b800000, 0x000000008b800000|100%| E|CS|TAMS 0x000000008b700000, 0x000000008b700000| Complete 
| 118|0x000000008b800000, 0x000000008b900000, 0x000000008b900000|100%| E|CS|TAMS 0x000000008b800000, 0x000000008b800000| Complete 
| 119|0x000000008b900000, 0x000000008ba00000, 0x000000008ba00000|100%| E|CS|TAMS 0x000000008b900000, 0x000000008b900000| Complete 
| 120|0x000000008ba00000, 0x000000008bb00000, 0x000000008bb00000|100%| E|CS|TAMS 0x000000008ba00000, 0x000000008ba00000| Complete 
| 121|0x000000008bb00000, 0x000000008bc00000, 0x000000008bc00000|100%| E|CS|TAMS 0x000000008bb00000, 0x000000008bb00000| Complete 
| 122|0x000000008bc00000, 0x000000008bd00000, 0x000000008bd00000|100%| E|CS|TAMS 0x000000008bc00000, 0x000000008bc00000| Complete 
| 123|0x000000008bd00000, 0x000000008be00000, 0x000000008be00000|100%| E|CS|TAMS 0x000000008bd00000, 0x000000008bd00000| Complete 
|1980|0x00000000ffe00000, 0x00000000ffe48000, 0x00000000fff00000| 28%|OA|  |TAMS 0x00000000ffe00000, 0x00000000ffe00000| Untracked 
|1981|0x00000000fff00000, 0x00000000fff6c000, 0x0000000100000000| 42%|CA|  |TAMS 0x00000000fff00000, 0x00000000fff00000| Untracked 

Card table byte_map: [0x00007fc368d97000,0x00007fc369176000] _byte_map_base: 0x00007fc368976000

Marking Bits (Prev, Next): (CMBitMap*) 0x00007fc364058738, (CMBitMap*) 0x00007fc364058770
 Prev Bits: [0x00007fc346108000, 0x00007fc348000000)
 Next Bits: [0x00007fc344210000, 0x00007fc346108000)

Polling page: 0x00007fc36bc08000

Metaspace:

Usage:
  Non-class:      7.46 MB capacity,     4.85 MB ( 65%) used,     2.60 MB ( 35%) free+waste,    11.75 KB ( <1%) overhead. 
      Class:    882.00 KB capacity,   554.39 KB ( 63%) used,   321.98 KB ( 37%) free+waste,     5.62 KB ( <1%) overhead. 
       Both:      8.33 MB capacity,     5.39 MB ( 65%) used,     2.92 MB ( 35%) free+waste,    17.38 KB ( <1%) overhead. 

Virtual space:
  Non-class space:        8.00 MB reserved,       7.50 MB ( 94%) committed 
      Class space:        1.00 GB reserved,     896.00 KB ( <1%) committed 
             Both:        1.01 GB reserved,       8.38 MB ( <1%) committed 

Chunk freelists:
   Non-Class:  0 bytes
       Class:  0 bytes
        Both:  0 bytes

MaxMetaspaceSize: unlimited
CompressedClassSpaceSize: 1.00 GB
Initial GC threshold: 20.80 MB
Current GC threshold: 20.80 MB
CDS: on

CodeHeap 'non-profiled nmethods': size=120032Kb used=218Kb max_used=218Kb free=119814Kb
 bounds [0x00007fc3542a3000, 0x00007fc354513000, 0x00007fc35b7db000]
CodeHeap 'profiled nmethods': size=120028Kb used=1559Kb max_used=1559Kb free=118469Kb
 bounds [0x00007fc34cd6c000, 0x00007fc34cfdc000, 0x00007fc3542a3000]
CodeHeap 'non-nmethods': size=5700Kb used=1149Kb max_used=1161Kb free=4550Kb
 bounds [0x00007fc34c7db000, 0x00007fc34ca4b000, 0x00007fc34cd6c000]
 total_blobs=1204 nmethods=794 adapters=324
 compilation: enabled
              stopped_count=0, restarted_count=0
 full_count=0

Compilation events (20 events):
Event: 0.530 Thread 0x00007fc36413b800  784       3       java.lang.invoke.InvokerBytecodeGenerator::emitReferenceCast (185 bytes)
Event: 0.530 Thread 0x00007fc36413b800 nmethod 784 0x00007fc34ceecb90 code [0x00007fc34ceece80, 0x00007fc34ceedde0]
Event: 0.530 Thread 0x00007fc36413b800  787       3       sun.invoke.util.VerifyType::isNullType (18 bytes)
Event: 0.530 Thread 0x00007fc36413b800 nmethod 787 0x00007fc34ceee210 code [0x00007fc34ceee3c0, 0x00007fc34ceee550]
Event: 0.530 Thread 0x00007fc36413b800  780       3       java.lang.invoke.MemberName::getInvocationType (56 bytes)
Event: 0.530 Thread 0x00007fc36413b800 nmethod 780 0x00007fc34ceee610 code [0x00007fc34ceee840, 0x00007fc34ceef120]
Event: 0.531 Thread 0x00007fc36413b800  786       1       java.lang.invoke.LambdaForm$BasicType::basicTypeChar (5 bytes)
Event: 0.531 Thread 0x00007fc36413b800 nmethod 786 0x00007fc3542d9510 code [0x00007fc3542d96c0, 0x00007fc3542d9790]
Event: 0.536 Thread 0x00007fc36413b800  789       3       java.nio.DirectByteBuffer::<init> (35 bytes)
Event: 0.536 Thread 0x00007fc36413b800 nmethod 789 0x00007fc34ceef390 code [0x00007fc34ceef580, 0x00007fc34ceef990]
Event: 0.536 Thread 0x00007fc36413b800  790   !   3       jdk.internal.jimage.BasicImageReader::slice (32 bytes)
Event: 0.536 Thread 0x00007fc36413b800 nmethod 790 0x00007fc34ceefb10 code [0x00007fc34ceefd00, 0x00007fc34cef0200]
Event: 0.536 Thread 0x00007fc36413b800  791       3       java.nio.MappedByteBuffer::limit (6 bytes)
Event: 0.536 Thread 0x00007fc36413b800 nmethod 791 0x00007fc34cef0390 code [0x00007fc34cef0560, 0x00007fc34cef0780]
Event: 0.536 Thread 0x00007fc36413b800  792       3       java.nio.MappedByteBuffer::position (6 bytes)
Event: 0.537 Thread 0x00007fc36413b800 nmethod 792 0x00007fc34cef0890 code [0x00007fc34cef0a60, 0x00007fc34cef0c80]
Event: 0.537 Thread 0x00007fc36413b800  793       3       java.nio.DirectByteBufferR::<init> (19 bytes)
Event: 0.537 Thread 0x00007fc36413b800 nmethod 793 0x00007fc34cef0d90 code [0x00007fc34cef0f80, 0x00007fc34cef13f0]
Event: 0.537 Thread 0x00007fc36413b800  794       3       java.nio.DirectByteBufferR::slice (62 bytes)
Event: 0.537 Thread 0x00007fc36413b800 nmethod 794 0x00007fc34cef1610 code [0x00007fc34cef17e0, 0x00007fc34cef1ae0]

GC Heap History (0 events):
No events

Deoptimization events (14 events):
Event: 0.094 Thread 0x00007fc364015800 DEOPT PACKING pc=0x00007fc34cd8360b sp=0x00007fc36a39e2b0
Event: 0.094 Thread 0x00007fc364015800 DEOPT UNPACKING pc=0x00007fc34c82564a sp=0x00007fc36a39d770 mode 0
Event: 0.169 Thread 0x00007fc364015800 DEOPT PACKING pc=0x00007fc34cda0842 sp=0x00007fc36a39df10
Event: 0.169 Thread 0x00007fc364015800 DEOPT UNPACKING pc=0x00007fc34c82564a sp=0x00007fc36a39d398 mode 0
Event: 0.186 Thread 0x00007fc364015800 DEOPT PACKING pc=0x00007fc34cd8eccf sp=0x00007fc36a39dd00
Event: 0.186 Thread 0x00007fc364015800 DEOPT UNPACKING pc=0x00007fc34c82564a sp=0x00007fc36a39d1a8 mode 0
Event: 0.239 Thread 0x00007fc364015800 Uncommon trap: trap_request=0xffffff4d fr.pc=0x00007fc3542a909c relative=0x000000000000007c
Event: 0.239 Thread 0x00007fc364015800 Uncommon trap: reason=unstable_if action=reinterpret pc=0x00007fc3542a909c method=java.lang.String.isLatin1()Z @ 10 c2
Event: 0.239 Thread 0x00007fc364015800 DEOPT PACKING pc=0x00007fc3542a909c sp=0x00007fc36a39f4c0
Event: 0.239 Thread 0x00007fc364015800 DEOPT UNPACKING pc=0x00007fc34c824ea5 sp=0x00007fc36a39f420 mode 2
Event: 0.244 Thread 0x00007fc364015800 DEOPT PACKING pc=0x00007fc34cd9ba88 sp=0x00007fc36a39dd40
Event: 0.244 Thread 0x00007fc364015800 DEOPT UNPACKING pc=0x00007fc34c82564a sp=0x00007fc36a39d1b0 mode 0
Event: 0.458 Thread 0x00007fc364015800 DEOPT PACKING pc=0x00007fc34cdc9734 sp=0x00007fc36a39fb70
Event: 0.458 Thread 0x00007fc364015800 DEOPT UNPACKING pc=0x00007fc34c82564a sp=0x00007fc36a39f0a8 mode 0

Classes redefined (0 events):
No events

Internal exceptions (3 events):
Event: 0.494 Thread 0x00007fc364015800 Exception <a 'java/lang/NoSuchMethodError'{0x000000008ad680a8}: 'java.lang.Object java.lang.invoke.DirectMethodHandle$Holder.invokeStatic(java.lang.Object, java.lang.Object, java.lang.Object, java.lang.Object, java.lang.Object, java.lang.Object, java.lang.Object, java.lang.Object, java.lang.Object, java.lang.Object, java.lang.Object, java.lang.Object, java.lang.Object, int)'> (0x000000008ad680a8) thrown at [./src/hotspot/share/interpreter/linkResolver.cpp, line 772]
Event: 0.496 Thread 0x00007fc364015800 Exception <a 'java/lang/NoSuchMethodError'{0x000000008ad75f70}: 'java.lang.Object java.lang.invoke.DirectMethodHandle$Holder.invokeStatic(java.lang.Object, java.lang.Object, java.lang.Object, java.lang.Object, java.lang.Object, java.lang.Object, java.lang.Object, java.lang.Object, java.lang.Object, java.lang.Object, java.lang.Object, java.lang.Object, java.lang.Object, int, int)'> (0x000000008ad75f70) thrown at [./src/hotspot/share/interpreter/linkResolver.cpp, line 772]
Event: 0.498 Thread 0x00007fc364015800 Exception <a 'java/lang/NoSuchMethodError'{0x000000008ad903b0}: 'java.lang.Object java.lang.invoke.Invokers$Holder.linkToTargetMethod(java.lang.Object, int, java.lang.Object)'> (0x000000008ad903b0) thrown at [./src/hotspot/share/interpreter/linkResolver.cpp, line 772]

Events (20 events):
Event: 0.529 loading class OrderService/OrderService$userHandler done
Event: 0.532 loading class OrderService/OrderService$productHandler
Event: 0.532 loading class OrderService/OrderService$productHandler done
Event: 0.534 loading class OrderService/OrderService$killHandler
Event: 0.534 loading class OrderService/OrderService$killHandler done
Event: 0.536 Thread 0x00007fc36437b000 Thread added: 0x00007fc36437b000
Event: 0.536 Protecting memory [0x00007fc33cece000,0x00007fc33ced2000] with protection modes 0
Event: 0.536 loading class java/util/LinkedList$ListItr
Event: 0.536 Thread 0x00007fc364015800 Thread exited: 0x00007fc364015800
Event: 0.536 loading class java/util/LinkedList$ListItr done
Event: 0.536 Protecting memory [0x00007fc36a2a2000,0x00007fc36a2a6000] with protection modes 0
Event: 0.536 Thread 0x00007fc364015800 Thread added: 0x00007fc364015800
Event: 0.536 Executing VM operation: RevokeBias
Event: 0.536 Executing VM operation: RevokeBias done
Event: 0.537 loading class java/nio/channels/spi/AbstractSelector$1
Event: 0.537 loading class sun/nio/ch/Interruptible
Event: 0.537 loading class sun/nio/ch/Interruptible done
Event: 0.537 loading class java/nio/channels/spi/AbstractSelector$1 done
Event: 3.206 Thread 0x00007fc31c001000 Thread added: 0x00007fc31c001000
Event: 3.206 Protecting memory [0x00007fc33cdce000,0x00007fc33cdd2000] with protection modes 0


Dynamic libraries:
84200000-8be00000 rw-p 00000000 00:00 0 
8be00000-ffe00000 ---p 00000000 00:00 0 
ffe00000-ffe48000 rw-p 00b14000 08:20 31009                              /usr/lib/jvm/java-11-openjdk-amd64/lib/server/classes.jsa
ffe48000-fff00000 rw-p 00000000 00:00 0 
fff00000-fff6c000 rw-p 00aa8000 08:20 31009                              /usr/lib/jvm/java-11-openjdk-amd64/lib/server/classes.jsa
fff6c000-100000000 rw-p 00000000 00:00 0 
800000000-800002000 rwxp 00001000 08:20 31009                            /usr/lib/jvm/java-11-openjdk-amd64/lib/server/classes.jsa
800002000-8003ce000 rw-p 00003000 08:20 31009                            /usr/lib/jvm/java-11-openjdk-amd64/lib/server/classes.jsa
8003ce000-800aa6000 r--p 003cf000 08:20 31009                            /usr/lib/jvm/java-11-openjdk-amd64/lib/server/classes.jsa
800aa6000-800aa7000 rw-p 00aa7000 08:20 31009                            /usr/lib/jvm/java-11-openjdk-amd64/lib/server/classes.jsa
840000000-8400e0000 rw-p 00000000 00:00 0 
8400e0000-880000000 ---p 00000000 00:00 0 
559a6452c000-559a6452d000 r--p 00000000 08:20 31789                      /usr/lib/jvm/java-11-openjdk-amd64/bin/java
559a6452d000-559a6452e000 r-xp 00001000 08:20 31789                      /usr/lib/jvm/java-11-openjdk-amd64/bin/java
559a6452e000-559a6452f000 r--p 00002000 08:20 31789                      /usr/lib/jvm/java-11-openjdk-amd64/bin/java
559a6452f000-559a64530000 r--p 00002000 08:20 31789                      /usr/lib/jvm/java-11-openjdk-amd64/bin/java
559a64530000-559a64531000 rw-p 00003000 08:20 31789                      /usr/lib/jvm/java-11-openjdk-amd64/bin/java
559a65470000-559a654b2000 rw-p 00000000 00:00 0                          [heap]
7fc2fc000000-7fc2fc021000 rw-p 00000000 00:00 0 
7fc2fc021000-7fc300000000 ---p 00000000 00:00 0 
7fc300000000-7fc300021000 rw-p 00000000 00:00 0 
7fc300021000-7fc304000000 ---p 00000000 00:00 0 
7fc304000000-7fc304021000 rw-p 00000000 00:00 0 
7fc304021000-7fc308000000 ---p 00000000 00:00 0 
7fc308000000-7fc308021000 rw-p 00000000 00:00 0 
7fc308021000-7fc30c000000 ---p 00000000 00:00 0 
7fc30c000000-7fc30c021000 rw-p 00000000 00:00 0 
7fc30c021000-7fc310000000 ---p 00000000 00:00 0 
7fc310000000-7fc310021000 rw-p 00000000 00:00 0 
7fc310021000-7fc314000000 ---p 00000000 00:00 0 
7fc314000000-7fc314105000 rw-p 00000000 00:00 0 
7fc314105000-7fc318000000 ---p 00000000 00:00 0 
7fc318000000-7fc318562000 rw-p 00000000 00:00 0 
7fc318562000-7fc31c000000 ---p 00000000 00:00 0 
7fc31c000000-7fc31c021000 rw-p 00000000 00:00 0 
7fc31c021000-7fc320000000 ---p 00000000 00:00 0 
7fc320000000-7fc320021000 rw-p 00000000 00:00 0 
7fc320021000-7fc324000000 ---p 00000000 00:00 0 
7fc324000000-7fc324021000 rw-p 00000000 00:00 0 
7fc324021000-7fc328000000 ---p 00000000 00:00 0 
7fc328000000-7fc328021000 rw-p 00000000 00:00 0 
7fc328021000-7fc32c000000 ---p 00000000 00:00 0 
7fc32c000000-7fc32c021000 rw-p 00000000 00:00 0 
7fc32c021000-7fc330000000 ---p 00000000 00:00 0 
7fc330000000-7fc330021000 rw-p 00000000 00:00 0 
7fc330021000-7fc334000000 ---p 00000000 00:00 0 
7fc334000000-7fc334021000 rw-p 00000000 00:00 0 
7fc334021000-7fc338000000 ---p 00000000 00:00 0 
7fc338000000-7fc338021000 rw-p 00000000 00:00 0 
7fc338021000-7fc33c000000 ---p 00000000 00:00 0 
7fc33cdce000-7fc33cdd2000 ---p 00000000 00:00 0 
7fc33cdd2000-7fc33cece000 rw-p 00000000 00:00 0 
7fc33cece000-7fc33ced2000 ---p 00000000 00:00 0 
7fc33ced2000-7fc33cfce000 rw-p 00000000 00:00 0 
7fc33cfce000-7fc33cfd2000 ---p 00000000 00:00 0 
7fc33cfd2000-7fc33d0ff000 rw-p 00000000 00:00 0 
7fc33d0ff000-7fc33d103000 ---p 00000000 00:00 0 
7fc33d103000-7fc33d1ff000 rw-p 00000000 00:00 0 
7fc33d1ff000-7fc33d200000 ---p 00000000 00:00 0 
7fc33d200000-7fc33d300000 rw-p 00000000 00:00 0 
7fc33d300000-7fc33d304000 ---p 00000000 00:00 0 
7fc33d304000-7fc33d400000 rw-p 00000000 00:00 0 
7fc33d400000-7fc33d404000 ---p 00000000 00:00 0 
7fc33d404000-7fc33d500000 rw-p 00000000 00:00 0 
7fc33d500000-7fc33d504000 ---p 00000000 00:00 0 
7fc33d504000-7fc33d600000 rw-p 00000000 00:00 0 
7fc33d600000-7fc33d604000 ---p 00000000 00:00 0 
7fc33d604000-7fc33d700000 rw-p 00000000 00:00 0 
7fc33d700000-7fc33d704000 ---p 00000000 00:00 0 
7fc33d704000-7fc33df80000 rw-p 00000000 00:00 0 
7fc33df80000-7fc33e000000 ---p 00000000 00:00 0 
7fc33e000000-7fc340000000 rw-p 00000000 00:00 0 
7fc340000000-7fc340021000 rw-p 00000000 00:00 0 
7fc340021000-7fc344000000 ---p 00000000 00:00 0 
7fc344010000-7fc344014000 ---p 00000000 00:00 0 
7fc344014000-7fc344110000 rw-p 00000000 00:00 0 
7fc344110000-7fc344114000 ---p 00000000 00:00 0 
7fc344114000-7fc344400000 rw-p 00000000 00:00 0 
7fc344400000-7fc346100000 ---p 00000000 00:00 0 
7fc346100000-7fc3462f8000 rw-p 00000000 00:00 0 
7fc3462f8000-7fc347ff8000 ---p 00000000 00:00 0 
7fc347ff8000-7fc348000000 rw-p 00000000 00:00 0 
7fc348000000-7fc348021000 rw-p 00000000 00:00 0 
7fc348021000-7fc34c000000 ---p 00000000 00:00 0 
7fc34c028000-7fc34c029000 r--p 00000000 08:20 31839                      /usr/lib/jvm/java-11-openjdk-amd64/lib/libextnet.so
7fc34c029000-7fc34c02a000 r-xp 00001000 08:20 31839                      /usr/lib/jvm/java-11-openjdk-amd64/lib/libextnet.so
7fc34c02a000-7fc34c02b000 r--p 00002000 08:20 31839                      /usr/lib/jvm/java-11-openjdk-amd64/lib/libextnet.so
7fc34c02b000-7fc34c02c000 r--p 00002000 08:20 31839                      /usr/lib/jvm/java-11-openjdk-amd64/lib/libextnet.so
7fc34c02c000-7fc34c02d000 rw-p 00003000 08:20 31839                      /usr/lib/jvm/java-11-openjdk-amd64/lib/libextnet.so
7fc34c02d000-7fc34c031000 r--p 00000000 08:20 31857                      /usr/lib/jvm/java-11-openjdk-amd64/lib/libnet.so
7fc34c031000-7fc34c03f000 r-xp 00004000 08:20 31857                      /usr/lib/jvm/java-11-openjdk-amd64/lib/libnet.so
7fc34c03f000-7fc34c043000 r--p 00012000 08:20 31857                      /usr/lib/jvm/java-11-openjdk-amd64/lib/libnet.so
7fc34c043000-7fc34c044000 r--p 00015000 08:20 31857                      /usr/lib/jvm/java-11-openjdk-amd64/lib/libnet.so
7fc34c044000-7fc34c045000 rw-p 00016000 08:20 31857                      /usr/lib/jvm/java-11-openjdk-amd64/lib/libnet.so
7fc34c045000-7fc34c04c000 r--p 00000000 08:20 31858                      /usr/lib/jvm/java-11-openjdk-amd64/lib/libnio.so
7fc34c04c000-7fc34c054000 r-xp 00007000 08:20 31858                      /usr/lib/jvm/java-11-openjdk-amd64/lib/libnio.so
7fc34c054000-7fc34c057000 r--p 0000f000 08:20 31858                      /usr/lib/jvm/java-11-openjdk-amd64/lib/libnio.so
7fc34c057000-7fc34c058000 r--p 00011000 08:20 31858                      /usr/lib/jvm/java-11-openjdk-amd64/lib/libnio.so
7fc34c058000-7fc34c059000 rw-p 00012000 08:20 31858                      /usr/lib/jvm/java-11-openjdk-amd64/lib/libnio.so
7fc34c059000-7fc34c0b0000 r--p 00000000 08:20 6538                       /usr/lib/locale/C.utf8/LC_CTYPE
7fc34c0b0000-7fc34c0b1000 ---p 00000000 00:00 0 
7fc34c0b1000-7fc34c2d6000 rw-p 00000000 00:00 0 
7fc34c2d6000-7fc34c2d7000 ---p 00000000 00:00 0 
7fc34c2d7000-7fc34c3d7000 rw-p 00000000 00:00 0 
7fc34c3d7000-7fc34c3d8000 ---p 00000000 00:00 0 
7fc34c3d8000-7fc34c7db000 rw-p 00000000 00:00 0 
7fc34c7db000-7fc34ca4b000 rwxp 00000000 00:00 0 
7fc34ca4b000-7fc34cd6c000 ---p 00000000 00:00 0 
7fc34cd6c000-7fc34cfdc000 rwxp 00000000 00:00 0 
7fc34cfdc000-7fc3542a3000 ---p 00000000 00:00 0 
7fc3542a3000-7fc354513000 rwxp 00000000 00:00 0 
7fc354513000-7fc35b7db000 ---p 00000000 00:00 0 
7fc35b7db000-7fc364000000 r--s 00000000 08:20 31867                      /usr/lib/jvm/java-11-openjdk-amd64/lib/modules
7fc364000000-7fc36437f000 rw-p 00000000 00:00 0 
7fc36437f000-7fc368000000 ---p 00000000 00:00 0 
7fc368003000-7fc368004000 r--p 00000000 08:20 6544                       /usr/lib/locale/C.utf8/LC_NUMERIC
7fc368004000-7fc368005000 r--p 00000000 08:20 6547                       /usr/lib/locale/C.utf8/LC_TIME
7fc368005000-7fc368006000 r--p 00000000 08:20 6537                       /usr/lib/locale/C.utf8/LC_COLLATE
7fc368006000-7fc368007000 r--p 00000000 08:20 6542                       /usr/lib/locale/C.utf8/LC_MONETARY
7fc368007000-7fc36800e000 r--s 00000000 08:20 33212                      /usr/lib/x86_64-linux-gnu/gconv/gconv-modules.cache
7fc36800e000-7fc368736000 rw-p 00000000 00:00 0 
7fc368736000-7fc368737000 ---p 00000000 00:00 0 
7fc368737000-7fc368837000 rw-p 00000000 00:00 0 
7fc368837000-7fc368838000 ---p 00000000 00:00 0 
7fc368838000-7fc3689f6000 rw-p 00000000 00:00 0 
7fc3689f6000-7fc368d96000 ---p 00000000 00:00 0 
7fc368d96000-7fc368dd5000 rw-p 00000000 00:00 0 
7fc368dd5000-7fc369175000 ---p 00000000 00:00 0 
7fc369175000-7fc3691b4000 rw-p 00000000 00:00 0 
7fc3691b4000-7fc369554000 ---p 00000000 00:00 0 
7fc369554000-7fc369f5f000 rw-p 00000000 00:00 0 
7fc369f5f000-7fc369f60000 ---p 00000000 00:00 0 
7fc369f60000-7fc36a065000 rw-p 00000000 00:00 0 
7fc36a065000-7fc36a14b000 ---p 00000000 00:00 0 
7fc36a14b000-7fc36a150000 rw-p 00000000 00:00 0 
7fc36a150000-7fc36a236000 ---p 00000000 00:00 0 
7fc36a236000-7fc36a23b000 rw-p 00000000 00:00 0 
7fc36a23b000-7fc36a242000 ---p 00000000 00:00 0 
7fc36a242000-7fc36a244000 r--p 00000000 08:20 31866                      /usr/lib/jvm/java-11-openjdk-amd64/lib/libzip.so
7fc36a244000-7fc36a249000 r-xp 00002000 08:20 31866                      /usr/lib/jvm/java-11-openjdk-amd64/lib/libzip.so
7fc36a249000-7fc36a24b000 r--p 00007000 08:20 31866                      /usr/lib/jvm/java-11-openjdk-amd64/lib/libzip.so
7fc36a24b000-7fc36a24c000 r--p 00008000 08:20 31866                      /usr/lib/jvm/java-11-openjdk-amd64/lib/libzip.so
7fc36a24c000-7fc36a24d000 rw-p 00009000 08:20 31866                      /usr/lib/jvm/java-11-openjdk-amd64/lib/libzip.so
7fc36a24d000-7fc36a255000 rw-s 00000000 08:20 25192                      /tmp/hsperfdata_masa/58812
7fc36a255000-7fc36a257000 r--p 00000000 08:20 31849                      /usr/lib/jvm/java-11-openjdk-amd64/lib/libjimage.so
7fc36a257000-7fc36a25a000 r-xp 00002000 08:20 31849                      /usr/lib/jvm/java-11-openjdk-amd64/lib/libjimage.so
7fc36a25a000-7fc36a25b000 r--p 00005000 08:20 31849                      /usr/lib/jvm/java-11-openjdk-amd64/lib/libjimage.so
7fc36a25b000-7fc36a25c000 ---p 00006000 08:20 31849                      /usr/lib/jvm/java-11-openjdk-amd64/lib/libjimage.so
7fc36a25c000-7fc36a25d000 r--p 00006000 08:20 31849                      /usr/lib/jvm/java-11-openjdk-amd64/lib/libjimage.so
7fc36a25d000-7fc36a25e000 rw-p 00007000 08:20 31849                      /usr/lib/jvm/java-11-openjdk-amd64/lib/libjimage.so
7fc36a25e000-7fc36a26c000 r--p 00000000 08:20 31846                      /usr/lib/jvm/java-11-openjdk-amd64/lib/libjava.so
7fc36a26c000-7fc36a282000 r-xp 0000e000 08:20 31846                      /usr/lib/jvm/java-11-openjdk-amd64/lib/libjava.so
7fc36a282000-7fc36a289000 r--p 00024000 08:20 31846                      /usr/lib/jvm/java-11-openjdk-amd64/lib/libjava.so
7fc36a289000-7fc36a28a000 r--p 0002a000 08:20 31846                      /usr/lib/jvm/java-11-openjdk-amd64/lib/libjava.so
7fc36a28a000-7fc36a28b000 rw-p 0002b000 08:20 31846                      /usr/lib/jvm/java-11-openjdk-amd64/lib/libjava.so
7fc36a28b000-7fc36a28c000 rw-p 00000000 00:00 0 
7fc36a28c000-7fc36a291000 r--p 00000000 08:20 31865                      /usr/lib/jvm/java-11-openjdk-amd64/lib/libverify.so
7fc36a291000-7fc36a298000 r-xp 00005000 08:20 31865                      /usr/lib/jvm/java-11-openjdk-amd64/lib/libverify.so
7fc36a298000-7fc36a29a000 r--p 0000c000 08:20 31865                      /usr/lib/jvm/java-11-openjdk-amd64/lib/libverify.so
7fc36a29a000-7fc36a29c000 r--p 0000d000 08:20 31865                      /usr/lib/jvm/java-11-openjdk-amd64/lib/libverify.so
7fc36a29c000-7fc36a29d000 rw-p 0000f000 08:20 31865                      /usr/lib/jvm/java-11-openjdk-amd64/lib/libverify.so
7fc36a29d000-7fc36a29e000 r--p 00000000 08:20 32383                      /usr/lib/x86_64-linux-gnu/librt.so.1
7fc36a29e000-7fc36a29f000 r-xp 00001000 08:20 32383                      /usr/lib/x86_64-linux-gnu/librt.so.1
7fc36a29f000-7fc36a2a0000 r--p 00002000 08:20 32383                      /usr/lib/x86_64-linux-gnu/librt.so.1
7fc36a2a0000-7fc36a2a1000 r--p 00002000 08:20 32383                      /usr/lib/x86_64-linux-gnu/librt.so.1
7fc36a2a1000-7fc36a2a2000 rw-p 00003000 08:20 32383                      /usr/lib/x86_64-linux-gnu/librt.so.1
7fc36a2a2000-7fc36a2a6000 ---p 00000000 00:00 0 
7fc36a2a6000-7fc36a3a2000 rw-p 00000000 00:00 0 
7fc36a3a2000-7fc36a3a5000 r--p 00000000 08:20 6709                       /usr/lib/x86_64-linux-gnu/libgcc_s.so.1
7fc36a3a5000-7fc36a3bc000 r-xp 00003000 08:20 6709                       /usr/lib/x86_64-linux-gnu/libgcc_s.so.1
7fc36a3bc000-7fc36a3c0000 r--p 0001a000 08:20 6709                       /usr/lib/x86_64-linux-gnu/libgcc_s.so.1
7fc36a3c0000-7fc36a3c1000 r--p 0001d000 08:20 6709                       /usr/lib/x86_64-linux-gnu/libgcc_s.so.1
7fc36a3c1000-7fc36a3c2000 rw-p 0001e000 08:20 6709                       /usr/lib/x86_64-linux-gnu/libgcc_s.so.1
7fc36a3c2000-7fc36a3d0000 r--p 00000000 08:20 32259                      /usr/lib/x86_64-linux-gnu/libm.so.6
7fc36a3d0000-7fc36a44c000 r-xp 0000e000 08:20 32259                      /usr/lib/x86_64-linux-gnu/libm.so.6
7fc36a44c000-7fc36a4a7000 r--p 0008a000 08:20 32259                      /usr/lib/x86_64-linux-gnu/libm.so.6
7fc36a4a7000-7fc36a4a8000 r--p 000e4000 08:20 32259                      /usr/lib/x86_64-linux-gnu/libm.so.6
7fc36a4a8000-7fc36a4a9000 rw-p 000e5000 08:20 32259                      /usr/lib/x86_64-linux-gnu/libm.so.6
7fc36a4a9000-7fc36a543000 r--p 00000000 08:20 6947                       /usr/lib/x86_64-linux-gnu/libstdc++.so.6.0.30
7fc36a543000-7fc36a654000 r-xp 0009a000 08:20 6947                       /usr/lib/x86_64-linux-gnu/libstdc++.so.6.0.30
7fc36a654000-7fc36a6c3000 r--p 001ab000 08:20 6947                       /usr/lib/x86_64-linux-gnu/libstdc++.so.6.0.30
7fc36a6c3000-7fc36a6c4000 ---p 0021a000 08:20 6947                       /usr/lib/x86_64-linux-gnu/libstdc++.so.6.0.30
7fc36a6c4000-7fc36a6cf000 r--p 0021a000 08:20 6947                       /usr/lib/x86_64-linux-gnu/libstdc++.so.6.0.30
7fc36a6cf000-7fc36a6d2000 rw-p 00225000 08:20 6947                       /usr/lib/x86_64-linux-gnu/libstdc++.so.6.0.30
7fc36a6d2000-7fc36a6d5000 rw-p 00000000 00:00 0 
7fc36a6d5000-7fc36a957000 r--p 00000000 08:20 31870                      /usr/lib/jvm/java-11-openjdk-amd64/lib/server/libjvm.so
7fc36a957000-7fc36b5f5000 r-xp 00282000 08:20 31870                      /usr/lib/jvm/java-11-openjdk-amd64/lib/server/libjvm.so
7fc36b5f5000-7fc36b851000 r--p 00f20000 08:20 31870                      /usr/lib/jvm/java-11-openjdk-amd64/lib/server/libjvm.so
7fc36b851000-7fc36b915000 r--p 0117b000 08:20 31870                      /usr/lib/jvm/java-11-openjdk-amd64/lib/server/libjvm.so
7fc36b915000-7fc36b950000 rw-p 0123f000 08:20 31870                      /usr/lib/jvm/java-11-openjdk-amd64/lib/server/libjvm.so
7fc36b950000-7fc36b9aa000 rw-p 00000000 00:00 0 
7fc36b9aa000-7fc36b9d2000 r--p 00000000 08:20 32240                      /usr/lib/x86_64-linux-gnu/libc.so.6
7fc36b9d2000-7fc36bb67000 r-xp 00028000 08:20 32240                      /usr/lib/x86_64-linux-gnu/libc.so.6
7fc36bb67000-7fc36bbbf000 r--p 001bd000 08:20 32240                      /usr/lib/x86_64-linux-gnu/libc.so.6
7fc36bbbf000-7fc36bbc0000 ---p 00215000 08:20 32240                      /usr/lib/x86_64-linux-gnu/libc.so.6
7fc36bbc0000-7fc36bbc4000 r--p 00215000 08:20 32240                      /usr/lib/x86_64-linux-gnu/libc.so.6
7fc36bbc4000-7fc36bbc6000 rw-p 00219000 08:20 32240                      /usr/lib/x86_64-linux-gnu/libc.so.6
7fc36bbc6000-7fc36bbd3000 rw-p 00000000 00:00 0 
7fc36bbd3000-7fc36bbd6000 r--p 00000000 08:20 31831                      /usr/lib/jvm/java-11-openjdk-amd64/lib/jli/libjli.so
7fc36bbd6000-7fc36bbe0000 r-xp 00003000 08:20 31831                      /usr/lib/jvm/java-11-openjdk-amd64/lib/jli/libjli.so
7fc36bbe0000-7fc36bbe3000 r--p 0000d000 08:20 31831                      /usr/lib/jvm/java-11-openjdk-amd64/lib/jli/libjli.so
7fc36bbe3000-7fc36bbe4000 ---p 00010000 08:20 31831                      /usr/lib/jvm/java-11-openjdk-amd64/lib/jli/libjli.so
7fc36bbe4000-7fc36bbe5000 r--p 00010000 08:20 31831                      /usr/lib/jvm/java-11-openjdk-amd64/lib/jli/libjli.so
7fc36bbe5000-7fc36bbe6000 rw-p 00011000 08:20 31831                      /usr/lib/jvm/java-11-openjdk-amd64/lib/jli/libjli.so
7fc36bbe6000-7fc36bbe8000 r--p 00000000 08:20 6997                       /usr/lib/x86_64-linux-gnu/libz.so.1.2.11
7fc36bbe8000-7fc36bbf9000 r-xp 00002000 08:20 6997                       /usr/lib/x86_64-linux-gnu/libz.so.1.2.11
7fc36bbf9000-7fc36bbff000 r--p 00013000 08:20 6997                       /usr/lib/x86_64-linux-gnu/libz.so.1.2.11
7fc36bbff000-7fc36bc00000 ---p 00019000 08:20 6997                       /usr/lib/x86_64-linux-gnu/libz.so.1.2.11
7fc36bc00000-7fc36bc01000 r--p 00019000 08:20 6997                       /usr/lib/x86_64-linux-gnu/libz.so.1.2.11
7fc36bc01000-7fc36bc02000 rw-p 0001a000 08:20 6997                       /usr/lib/x86_64-linux-gnu/libz.so.1.2.11
7fc36bc02000-7fc36bc03000 r--p 00000000 08:20 6541                       /usr/lib/locale/C.utf8/LC_MESSAGES/SYS_LC_MESSAGES
7fc36bc03000-7fc36bc04000 r--p 00000000 08:20 6545                       /usr/lib/locale/C.utf8/LC_PAPER
7fc36bc04000-7fc36bc05000 r--p 00000000 08:20 6543                       /usr/lib/locale/C.utf8/LC_NAME
7fc36bc05000-7fc36bc06000 r--p 00000000 08:20 6536                       /usr/lib/locale/C.utf8/LC_ADDRESS
7fc36bc06000-7fc36bc07000 r--p 00000000 08:20 6546                       /usr/lib/locale/C.utf8/LC_TELEPHONE
7fc36bc07000-7fc36bc08000 r--p 00000000 08:20 6540                       /usr/lib/locale/C.utf8/LC_MEASUREMENT
7fc36bc08000-7fc36bc09000 ---p 00000000 00:00 0 
7fc36bc09000-7fc36bc0a000 r--p 00000000 00:00 0 
7fc36bc0a000-7fc36bc0c000 rw-p 00000000 00:00 0 
7fc36bc0c000-7fc36bc0e000 r--p 00000000 08:20 31651                      /usr/lib/x86_64-linux-gnu/ld-linux-x86-64.so.2
7fc36bc0e000-7fc36bc38000 r-xp 00002000 08:20 31651                      /usr/lib/x86_64-linux-gnu/ld-linux-x86-64.so.2
7fc36bc38000-7fc36bc43000 r--p 0002c000 08:20 31651                      /usr/lib/x86_64-linux-gnu/ld-linux-x86-64.so.2
7fc36bc43000-7fc36bc44000 r--p 00000000 08:20 6539                       /usr/lib/locale/C.utf8/LC_IDENTIFICATION
7fc36bc44000-7fc36bc46000 r--p 00037000 08:20 31651                      /usr/lib/x86_64-linux-gnu/ld-linux-x86-64.so.2
7fc36bc46000-7fc36bc48000 rw-p 00039000 08:20 31651                      /usr/lib/x86_64-linux-gnu/ld-linux-x86-64.so.2
7ffe65717000-7ffe65738000 rw-p 00000000 00:00 0                          [stack]
7ffe65780000-7ffe65784000 r--p 00000000 00:00 0                          [vvar]
7ffe65784000-7ffe65786000 r-xp 00000000 00:00 0                          [vdso]

VM Arguments:
java_command: OrderService.OrderService
java_class_path (initial): .:./OrderService/jackson-annotations-2.16.1.jar:./OrderService/jackson-core-2.16.1.jar:./OrderService/jackson-databind-2.16.1.jar
Launcher Type: SUN_STANDARD

Logging:
Available log levels: off, trace, debug, info, warning, error
Available log decorators: time (t), utctime (utc), uptime (u), timemillis (tm), uptimemillis (um), timenanos (tn), uptimenanos (un), hostname (hn), pid (p), tid (ti), level (l), tags (tg)
Available log tags: add, age, alloc, annotation, aot, arguments, attach, barrier, biasedlocking, blocks, bot, breakpoint, bytecode, cds, census, class, classhisto, cleanup, codecache, compaction, compilation, constantpool, constraints, container, coops, cpu, cset, data, datacreation, dcmd, decoder, defaultmethods, director, dump, ergo, event, exceptions, exit, fingerprint, free, freelist, gc, handshake, hashtables, heap, humongous, ihop, iklass, init, inlining, interpreter, itables, jfr, jit, jni, jvmti, liveness, load, loader, logging, malloc, mark, marking, membername, memops, metadata, metaspace, methodcomparator, mirror, mmu, module, monitorinflation, monitormismatch, nestmates, nmethod, normalize, objecttagging, obsolete, oldobject, oom, oopmap, oops, oopstorage, os, pagesize, parser, patch, path, perf, phases, plab, preorder, preview, promotion, protectiondomain, purge, redefine, ref, refine, region, reloc, remset, resolve, safepoint, sampling, scavenge, setting, smr, stackmap, stacktrace, stackwalk, start, startuptime, state, stats, stringdedup, stringtable, subclass, survivor, sweep, system, table, task, thread, time, timer, tlab, tracking, unload, unshareable, update, verification, verify, vmoperation, vmthread, vtables, vtablestubs, workgang
Described tag sets:
 logging: Logging for the log framework itself
Log output configuration:
 #0: stdout all=warning uptime,level,tags
 #1: stderr all=off uptime,level,tags

Environment Variables:
PATH=/usr/local/sbin:/usr/local/bin:/usr/sbin:/usr/bin:/sbin:/bin:/usr/games:/usr/local/games:/usr/lib/wsl/lib:/mnt/c/Program Files/Common Files/Oracle/Java/javapath:/mnt/c/Program Files (x86)/Common Files/Oracle/Java/javapath:/mnt/c/Program Files/Eclipse Adoptium/jdk-21.0.1.12-hotspot/bin:/mnt/c/Program Files (x86)/Razer/ChromaBroadcast/bin:/mnt/c/Program Files/Razer/ChromaBroadcast/bin:/mnt/c/Program Files/Python312/Scripts/:/mnt/c/Program Files/Python312/:/mnt/c/Windows/system32:/mnt/c/Windows:/mnt/c/Windows/System32/Wbem:/mnt/c/Windows/System32/WindowsPowerShell/v1.0/:/mnt/c/Windows/System32/OpenSSH/:/mnt/c/Program Files/Microsoft VS Code/bin:/mnt/c/Program Files/Git/cmd:/mnt/c/Program Files/NVIDIA Corporation/NVIDIA NvDLISR:/mnt/c/Program Files (x86)/NVIDIA Corporation/PhysX/Common:/mnt/c/Program Files/nodejs/:/mnt/c/Program Files/dotnet/:/mnt/c/Windows/system32/config/systemprofile/AppData/Local/Microsoft/WindowsApps:/Docker/host/bin:/mnt/c/Users/faisa/AppData/Local/Microsoft/WindowsApps:/mnt/c/Users/faisa/AppData/Roaming/npm
SHELL=/bin/bash
DISPLAY=:0
HOSTTYPE=x86_64
LANG=C.UTF-8
TERM=xterm-256color

Signal Handlers:
SIGSEGV: [libjvm.so+0xbefa50], sa_mask[0]=11111111011111111101111111111110, sa_flags=SA_RESTART|SA_SIGINFO
SIGBUS: [libjvm.so+0xbefa50], sa_mask[0]=11111111011111111101111111111110, sa_flags=SA_RESTART|SA_SIGINFO
SIGFPE: [libjvm.so+0xbefa50], sa_mask[0]=11111111011111111101111111111110, sa_flags=SA_RESTART|SA_SIGINFO
SIGPIPE: [libjvm.so+0xbefa50], sa_mask[0]=11111111011111111101111111111110, sa_flags=SA_RESTART|SA_SIGINFO
SIGXFSZ: [libjvm.so+0xbefa50], sa_mask[0]=11111111011111111101111111111110, sa_flags=SA_RESTART|SA_SIGINFO
SIGILL: [libjvm.so+0xbefa50], sa_mask[0]=11111111011111111101111111111110, sa_flags=SA_RESTART|SA_SIGINFO
SIGUSR2: [libjvm.so+0xbef8f0], sa_mask[0]=00000000000000000000000000000000, sa_flags=SA_RESTART|SA_SIGINFO
SIGHUP: SIG_IGN, sa_mask[0]=00000000000000000000000000000000, sa_flags=none
SIGINT: SIG_IGN, sa_mask[0]=00000000000000000000000000000000, sa_flags=none
SIGTERM: [libjvm.so+0xbf00b0], sa_mask[0]=11111111011111111101111111111110, sa_flags=SA_RESTART|SA_SIGINFO
SIGQUIT: [libjvm.so+0xbf00b0], sa_mask[0]=11111111011111111101111111111110, sa_flags=SA_RESTART|SA_SIGINFO


---------------  S Y S T E M  ---------------

OS:DISTRIB_ID=Ubuntu
DISTRIB_RELEASE=22.04
DISTRIB_CODENAME=jammy
DISTRIB_DESCRIPTION="Ubuntu 22.04.3 LTS"
uname:Linux 5.15.146.1-microsoft-standard-WSL2 #1 SMP Thu Jan 11 04:09:03 UTC 2024 x86_64
OS uptime: 0 days 14:38 hours
libc:glibc 2.35 NPTL 2.35 
rlimit (soft/hard): STACK 8192k/infinity , CORE 0k/infinity , NPROC 31659/31659 , NOFILE 1048576/1048576 , AS infinity/infinity , CPU infinity/infinity , DATA infinity/infinity , FSIZE infinity/infinity , MEMLOCK 65536k/65536k
load average:0.37 0.14 0.09

/proc/meminfo:
MemTotal:        8111348 kB
MemFree:         4294988 kB
MemAvailable:    6396316 kB
Buffers:          230160 kB
Cached:          2063308 kB
SwapCached:            0 kB
Active:           788960 kB
Inactive:        2518780 kB
Active(anon):      16100 kB
Inactive(anon):  1017708 kB
Active(file):     772860 kB
Inactive(file):  1501072 kB
Unevictable:           0 kB
Mlocked:               0 kB
SwapTotal:       2097152 kB
SwapFree:        2097152 kB
Dirty:              2128 kB
Writeback:             0 kB
AnonPages:        997488 kB
Mapped:           586760 kB
Shmem:             19536 kB
KReclaimable:      87200 kB
Slab:             171324 kB
SReclaimable:      87200 kB
SUnreclaim:        84124 kB
KernelStack:       16064 kB
PageTables:        15704 kB
NFS_Unstable:          0 kB
Bounce:                0 kB
WritebackTmp:          0 kB
CommitLimit:     6152824 kB
Committed_AS:    5146872 kB
VmallocTotal:   34359738367 kB
VmallocUsed:       39372 kB
VmallocChunk:          0 kB
Percpu:            10432 kB
AnonHugePages:    518144 kB
ShmemHugePages:        0 kB
ShmemPmdMapped:        0 kB
FileHugePages:         0 kB
FilePmdMapped:         0 kB
HugePages_Total:       0
HugePages_Free:        0
HugePages_Rsvd:        0
HugePages_Surp:        0
Hugepagesize:       2048 kB
Hugetlb:               0 kB
DirectMap4k:      152576 kB
DirectMap2M:     7161856 kB
DirectMap1G:    10485760 kB

/sys/kernel/mm/transparent_hugepage/enabled:
[always] madvise never
/sys/kernel/mm/transparent_hugepage/defrag (defrag/compaction efforts parameter):
always defer defer+madvise [madvise] never

Process Memory:
Virtual Size: 4906320K (peak: 13467908K)
Resident Set Size: 76872K (peak: 76872K) (anon: 49604K, file: 27268K, shmem: 0K)
Swapped out: 0K
C-Heap outstanding allocations: 31740K, retained: 2635K
glibc malloc tunables: (default)

/proc/sys/kernel/threads-max (system-wide limit on the number of threads):
63319
/proc/sys/vm/max_map_count (maximum number of memory map areas a process may have):
262144
/proc/sys/kernel/pid_max (system-wide limit on number of process identifiers):
99999

container (cgroup) information:
container_type: cgroupv1
cpu_cpuset_cpus: 0-11
cpu_memory_nodes: 0
active_processor_count: 12
cpu_quota: no quota
cpu_period: 100000
cpu_shares: no shares
memory_limit_in_bytes: unlimited
memory_and_swap_limit_in_bytes: unlimited
memory_soft_limit_in_bytes: unlimited
memory_usage_in_bytes: 3292072 k
memory_max_usage_in_bytes: 1646748 k
kernel_memory_usage_in_bytes: 78224 k
kernel_memory_max_usage_in_bytes: unlimited
kernel_memory_limit_in_bytes: 88428 k
maximum number of tasks: not supported
current number of tasks: not supported

Hyper-V virtualization detected
Steal ticks since vm start: 0
Steal ticks percentage since vm start:  0.000

CPU:total 12 (initial active 12) (16 cores per cpu, 2 threads per core) family 23 model 113 stepping 0 microcode 0xffffffff, cmov, cx8, fxsr, mmx, sse, sse2, sse3, ssse3, sse4.1, sse4.2, popcnt, avx, avx2, aes, clmul, mmxext, 3dnowpref, lzcnt, sse4a, ht, tsc, tscinvbit, tscinv, bmi1, bmi2, adx, sha, fma
CPU Model and flags from /proc/cpuinfo:
model name	: AMD Ryzen 5 3600 6-Core Processor
flags		: fpu vme de pse tsc msr pae mce cx8 apic sep mtrr pge mca cmov pat pse36 clflush mmx fxsr sse sse2 ht syscall nx mmxext fxsr_opt pdpe1gb rdtscp lm constant_tsc rep_good nopl tsc_reliable nonstop_tsc cpuid extd_apicid pni pclmulqdq ssse3 fma cx16 sse4_1 sse4_2 movbe popcnt aes xsave avx f16c rdrand hypervisor lahf_lm cmp_legacy svm cr8_legacy abm sse4a misalignsse 3dnowprefetch osvw topoext perfctr_core ssbd ibpb stibp vmmcall fsgsbase bmi1 avx2 smep bmi2 rdseed adx smap clflushopt clwb sha_ni xsaveopt xsavec xgetbv1 clzero xsaveerptr arat npt nrip_save tsc_scale vmcb_clean flushbyasid decodeassists pausefilter pfthreshold v_vmsave_vmload umip rdpid
Online cpus:
0-11
Offline cpus:

BIOS frequency limitation:
<Not Available>
Frequency switch latency (ns):
<Not Available>
Available cpu frequencies:
<Not Available>
Current governor:
<Not Available>
Core performance/turbo boost:
<Not Available>

Memory: 4k page, physical 8111348k(4294988k free), swap 2097152k(2097152k free)

vm_info: OpenJDK 64-Bit Server VM (11.0.22+7-post-Ubuntu-0ubuntu222.04.1) for linux-amd64 JRE (11.0.22+7-post-Ubuntu-0ubuntu222.04.1), built on Feb  5 2024 20:45:01 by "unknown" with gcc 11.4.0

END.
58812:
 num     #instances         #bytes  class name (module)
-------------------------------------------------------
   1:         11840         763176  [B (java.base@11.0.22)
   2:         11271         270504  java.lang.String (java.base@11.0.22)
   3:          1988         244056  java.lang.Class (java.base@11.0.22)
   4:          2075         133192  [Ljava.lang.Object; (java.base@11.0.22)
   5:          4099         131168  java.util.concurrent.ConcurrentHashMap$Node (java.base@11.0.22)
   6:          3829         122528  java.util.HashMap$Node (java.base@11.0.22)
   7:          1476          70848  sun.util.locale.LocaleObjectCache$CacheEntry (java.base@11.0.22)
   8:           644          57480  [I (java.base@11.0.22)
   9:           330          46656  [Ljava.util.HashMap$Node; (java.base@11.0.22)
  10:            67          36304  [Ljava.util.concurrent.ConcurrentHashMap$Node; (java.base@11.0.22)
  11:            33          35008  [C (java.base@11.0.22)
  12:           832          33280  java.lang.ref.SoftReference (java.base@11.0.22)
  13:           871          27872  java.lang.invoke.LambdaForm$Name (java.base@11.0.22)
  14:           738          23616  java.util.Locale (java.base@11.0.22)
  15:           737          23584  sun.util.locale.BaseLocale (java.base@11.0.22)
  16:           737          23584  sun.util.locale.BaseLocale$Key (java.base@11.0.22)
  17:           475          22800  java.lang.invoke.MemberName (java.base@11.0.22)
  18:          1130          18080  java.lang.Object (java.base@11.0.22)
  19:           537          17856  [Ljava.lang.Class; (java.base@11.0.22)
  20:           358          17184  java.util.HashMap (java.base@11.0.22)
  21:           218          14824  [Ljava.lang.ref.SoftReference; (java.base@11.0.22)
  22:           422          13504  java.lang.invoke.MethodType$ConcurrentWeakInternSet$WeakEntry (java.base@11.0.22)
  23:           300          12000  java.lang.invoke.MethodType (java.base@11.0.22)
  24:           127          11176  java.lang.reflect.Method (java.base@11.0.22)
  25:           172          10128  [Ljava.lang.String; (java.base@11.0.22)
  26:           363           8712  java.lang.module.ModuleDescriptor$Exports (java.base@11.0.22)
  27:           348           8352  java.lang.invoke.ResolvedMethodName (java.base@11.0.22)
  28:           129           8104  [Ljava.lang.invoke.LambdaForm$Name; (java.base@11.0.22)
  29:           126           7056  java.lang.invoke.MethodTypeForm (java.base@11.0.22)
  30:           217           6944  java.lang.invoke.LambdaForm$NamedFunction (java.base@11.0.22)
  31:           285           6840  java.util.ImmutableCollections$Set12 (java.base@11.0.22)
  32:           256           6144  java.lang.Long (java.base@11.0.22)
  33:           124           5952  java.lang.invoke.LambdaForm (java.base@11.0.22)
  34:            82           5248  java.util.concurrent.ConcurrentHashMap (java.base@11.0.22)
  35:            61           4880  java.net.URI (java.base@11.0.22)
  36:           115           4600  java.lang.invoke.DirectMethodHandle$Accessor (java.base@11.0.22)
  37:            35           4576  [J (java.base@11.0.22)
  38:            56           4456  [Ljava.lang.invoke.MethodHandle; (java.base@11.0.22)
  39:           111           4440  java.math.BigInteger (java.base@11.0.22)
  40:           134           4288  java.lang.module.ModuleDescriptor$Requires (java.base@11.0.22)
  41:            67           4288  java.net.URL (java.base@11.0.22)
  42:           262           4192  java.lang.Integer (java.base@11.0.22)
  43:           256           4096  java.lang.Byte (java.base@11.0.22)
  44:           170           4080  java.util.ImmutableCollections$SetN (java.base@11.0.22)
  45:           166           3984  jdk.internal.module.ServicesCatalog$ServiceProvider (java.base@11.0.22)
  46:            61           3904  java.lang.module.ModuleDescriptor (java.base@11.0.22)
  47:            67           3752  java.lang.Module (java.base@11.0.22)
  48:            10           3680  java.lang.Thread (java.base@11.0.22)
  49:            61           3416  jdk.internal.module.ModuleReferenceImpl (java.base@11.0.22)
  50:            84           3360  java.util.LinkedHashMap$Entry (java.base@11.0.22)
  51:           207           3312  java.util.HashSet (java.base@11.0.22)
  52:            59           3304  java.lang.invoke.LambdaFormEditor$Transform (java.base@11.0.22)
  53:            12           2544  [Z (java.base@11.0.22)
  54:            66           2112  java.lang.invoke.LambdaForm$Kind (java.base@11.0.22)
  55:            31           1984  java.lang.Class$ReflectionData (java.base@11.0.22)
  56:            62           1984  java.lang.invoke.DirectMethodHandle (java.base@11.0.22)
  57:           124           1984  java.util.Collections$UnmodifiableSet (java.base@11.0.22)
  58:            76           1824  java.util.ImmutableCollections$List12 (java.base@11.0.22)
  59:            69           1656  java.util.concurrent.CopyOnWriteArrayList (java.base@11.0.22)
  60:            41           1640  java.io.ObjectStreamField (java.base@11.0.22)
  61:            19           1520  java.lang.reflect.Constructor (java.base@11.0.22)
  62:            61           1464  java.lang.module.ResolvedModule (java.base@11.0.22)
  63:            61           1464  jdk.internal.module.SystemModuleFinders$2 (java.base@11.0.22)
  64:            61           1464  jdk.internal.module.SystemModuleFinders$SystemModuleReader (java.base@11.0.22)
  65:            60           1440  jdk.internal.loader.BuiltinClassLoader$LoadedModule (java.base@11.0.22)
  66:             1           1424  [[B (java.base@11.0.22)
  67:            56           1344  java.lang.module.ModuleDescriptor$Provides (java.base@11.0.22)
  68:            28           1344  jdk.internal.ref.CleanerImpl$PhantomCleanableRef (java.base@11.0.22)
  69:            39           1280  [Ljava.math.BigInteger; (java.base@11.0.22)
  70:            32           1280  java.lang.Package$VersionInfo (java.base@11.0.22)
  71:            32           1280  java.math.BigDecimal (java.base@11.0.22)
  72:            52           1248  java.util.jar.Attributes$Name (java.base@11.0.22)
  73:            34           1088  com.fasterxml.jackson.databind.MapperFeature
  74:             1           1040  [Ljava.lang.Byte; (java.base@11.0.22)
  75:             1           1040  [Ljava.lang.Integer; (java.base@11.0.22)
  76:             1           1040  [Ljava.lang.Long; (java.base@11.0.22)
  77:            32           1024  java.lang.Package (java.base@11.0.22)
  78:            31            992  java.lang.invoke.VarHandle$AccessMode (java.base@11.0.22)
  79:            59            944  jdk.internal.module.SystemModuleFinders$3 (java.base@11.0.22)
  80:            57            912  java.util.ImmutableCollections$ListN (java.base@11.0.22)
  81:            28            896  com.fasterxml.jackson.databind.DeserializationFeature
  82:            37            888  java.util.regex.Pattern$BmpCharProperty (java.base@11.0.22)
  83:             6            864  [Ljava.lang.invoke.MemberName; (java.base@11.0.22)
  84:            26            832  com.fasterxml.jackson.databind.SerializationFeature
  85:            17            816  java.lang.invoke.BoundMethodHandle$SpeciesData (java.base@11.0.22)
  86:            13            744  [Ljava.lang.reflect.Method; (java.base@11.0.22)
  87:            23            736  java.lang.ref.ReferenceQueue (java.base@11.0.22)
  88:            17            680  [Ljava.lang.invoke.BoundMethodHandle$SpeciesData; (java.base@11.0.22)
  89:            14            672  com.fasterxml.jackson.databind.type.SimpleType
  90:             8            640  [Ljava.util.WeakHashMap$Entry; (java.base@11.0.22)
  91:             3            624  [Ljava.lang.invoke.LambdaForm; (java.base@11.0.22)
  92:            13            624  com.fasterxml.jackson.core.JsonToken
  93:            19            608  com.fasterxml.jackson.core.JsonParser$Feature
  94:            14            560  java.security.AccessControlContext (java.base@11.0.22)
  95:             7            560  java.util.concurrent.TimeUnit (java.base@11.0.22)
  96:             3            528  [D (java.base@11.0.22)
  97:             1            528  [Ljava.util.TimerTask; (java.base@11.0.22)
  98:             7            496  [Lsun.invoke.util.Wrapper; (java.base@11.0.22)
  99:            12            480  java.lang.invoke.VarHandleObjects$FieldInstanceReadWrite (java.base@11.0.22)
 100:            10            480  sun.invoke.util.Wrapper (java.base@11.0.22)
 101:             4            456  [Ljava.lang.ClassValue$Entry; (java.base@11.0.22)
 102:            14            448  java.lang.invoke.VarHandle$AccessDescriptor (java.base@11.0.22)
 103:             7            448  java.nio.DirectByteBuffer (java.base@11.0.22)
 104:             8            448  sun.util.calendar.ZoneInfo (java.base@11.0.22)
 105:            11            440  java.util.WeakHashMap$Entry (java.base@11.0.22)
 106:             6            432  java.lang.reflect.Field (java.base@11.0.22)
 107:            18            432  java.text.DateFormat$Field (java.base@11.0.22)
 108:            13            416  java.util.LinkedList (java.base@11.0.22)
 109:            13            400  [Ljava.io.ObjectStreamField; (java.base@11.0.22)
 110:            10            400  java.lang.OutOfMemoryError (java.base@11.0.22)
 111:            25            400  java.lang.ref.ReferenceQueue$Lock (java.base@11.0.22)
 112:            10            400  java.security.ProtectionDomain (java.base@11.0.22)
 113:            12            384  com.fasterxml.jackson.core.JsonGenerator$Feature
 114:             6            384  java.util.zip.Inflater (java.base@11.0.22)
 115:             3            384  sun.nio.fs.UnixFileAttributes (java.base@11.0.22)
 116:             1            376  java.lang.ref.Finalizer$FinalizerThread (java.base@11.0.22)
 117:             1            376  java.util.TimerThread (java.base@11.0.22)
 118:             1            376  jdk.internal.misc.InnocuousThread (java.base@11.0.22)
 119:             1            368  java.lang.ref.Reference$ReferenceHandler (java.base@11.0.22)
 120:             5            360  com.fasterxml.jackson.databind.introspect.AnnotatedClass
 121:            15            360  java.lang.invoke.Invokers (java.base@11.0.22)
 122:            15            360  java.lang.invoke.MethodHandleNatives$CallSiteContext (java.base@11.0.22)
 123:             9            360  java.security.CodeSource (java.base@11.0.22)
 124:             8            352  [Ljava.lang.invoke.MethodType; (java.base@11.0.22)
 125:            14            336  [Ljava.lang.reflect.Constructor; (java.base@11.0.22)
 126:             5            336  [S (java.base@11.0.22)
 127:             6            336  java.nio.DirectLongBufferU (java.base@11.0.22)
 128:             5            320  java.nio.DirectByteBufferR (java.base@11.0.22)
 129:            13            312  com.fasterxml.jackson.databind.type.LogicalType
 130:             3            312  java.util.jar.JarFile$JarFileEntry (java.base@11.0.22)
 131:            13            312  jdk.internal.reflect.NativeConstructorAccessorImpl (java.base@11.0.22)
 132:            12            288  java.net.StandardSocketOptions$StdSocketOption (java.base@11.0.22)
 133:             2            288  java.text.DecimalFormat (java.base@11.0.22)
 134:             9            288  java.util.Hashtable$Entry (java.base@11.0.22)
 135:            12            288  java.util.LinkedList$Node (java.base@11.0.22)
 136:             9            288  jdk.internal.org.objectweb.asm.Type (java.base@11.0.22)
 137:             1            280  [Ljava.lang.invoke.LambdaForm$Kind; (java.base@11.0.22)
 138:             7            280  java.io.FileDescriptor (java.base@11.0.22)
 139:             7            280  java.lang.invoke.BoundMethodHandle$Species_LL (java.base@11.0.22)
 140:            17            272  sun.invoke.util.ValueConversions$WrapperCache (java.base@11.0.22)
 141:            11            264  com.fasterxml.jackson.annotation.JsonFormat$Shape
 142:            11            264  java.io.ExpiringCache$Entry (java.base@11.0.22)
 143:            11            264  java.lang.invoke.MethodHandleImpl$Intrinsic (java.base@11.0.22)
 144:             2            256  [Lcom.fasterxml.jackson.databind.DeserializationFeature;
 145:             2            240  [Lcom.fasterxml.jackson.databind.SerializationFeature;
 146:            10            240  com.fasterxml.jackson.databind.cfg.CoercionInputShape
 147:             5            240  com.fasterxml.jackson.databind.introspect.BasicBeanDescription
 148:            10            240  java.nio.charset.CoderResult (java.base@11.0.22)
 149:            10            240  java.nio.file.StandardOpenOption (java.base@11.0.22)
 150:            10            240  java.util.ArrayList (java.base@11.0.22)
 151:             5            240  java.util.WeakHashMap (java.base@11.0.22)
 152:             5            224  [Ljava.lang.invoke.LambdaForm$NamedFunction; (java.base@11.0.22)
 153:             2            224  java.util.GregorianCalendar (java.base@11.0.22)
 154:             9            216  java.util.regex.Pattern$BitClass (java.base@11.0.22)
 155:             3            216  java.util.zip.ZipFile$Source (java.base@11.0.22)
 156:             9            216  sun.util.logging.PlatformLogger$Level (java.base@11.0.22)
 157:            13            208  jdk.internal.reflect.DelegatingConstructorAccessorImpl (java.base@11.0.22)
 158:             2            200  [Ljava.text.DateFormat$Field; (java.base@11.0.22)
 159:             5            200  java.lang.ClassLoader$NativeLibrary (java.base@11.0.22)
 160:             5            200  java.lang.invoke.DirectMethodHandle$Special (java.base@11.0.22)
 161:             5            200  java.util.EnumMap (java.base@11.0.22)
 162:             5            200  java.util.stream.StreamOpFlag (java.base@11.0.22)
 163:             4            192  [Ljava.util.Hashtable$Entry; (java.base@11.0.22)
 164:            12            192  com.fasterxml.jackson.databind.node.IntNode
 165:             3            192  java.lang.ClassValue$ClassValueMap (java.base@11.0.22)
 166:             6            192  java.lang.ClassValue$Entry (java.base@11.0.22)
 167:             6            192  java.lang.invoke.LambdaForm$BasicType (java.base@11.0.22)
 168:             8            192  java.math.RoundingMode (java.base@11.0.22)
 169:             6            192  java.security.Permissions (java.base@11.0.22)
 170:             4            192  java.util.Hashtable (java.base@11.0.22)
 171:             3            192  java.util.jar.JarFile (java.base@11.0.22)
 172:             4            192  sun.net.httpserver.HttpContextImpl (jdk.httpserver@11.0.22)
 173:             6            192  sun.security.util.LazyCodeSourcePermissionCollection (java.base@11.0.22)
 174:             2            192  sun.util.calendar.Gregorian$Date (java.base@11.0.22)
 175:             4            192  sun.util.locale.provider.LocaleResources$ResourceReference (java.base@11.0.22)
 176:             4            192  sun.util.resources.Bundles$BundleReference (java.base@11.0.22)
 177:             2            176  java.util.regex.Pattern (java.base@11.0.22)
 178:             1            168  [[Ljava.math.BigInteger; (java.base@11.0.22)
 179:             7            168  com.fasterxml.jackson.annotation.JsonInclude$Include
 180:             3            168  java.io.FileCleanable (java.base@11.0.22)
 181:             7            168  java.lang.RuntimePermission (java.base@11.0.22)
 182:             7            168  java.lang.System$Logger$Level (java.base@11.0.22)
 183:             3            168  java.util.LinkedHashMap (java.base@11.0.22)
 184:             7            168  java.util.concurrent.atomic.AtomicLong (java.base@11.0.22)
 185:            10            160  [Ljava.security.Principal; (java.base@11.0.22)
 186:             4            160  com.fasterxml.jackson.core.Base64Variant
 187:             5            160  com.fasterxml.jackson.core.JsonEncoding
 188:             2            160  com.fasterxml.jackson.databind.util.internal.PrivateMaxEntriesMap
 189:             2            160  java.lang.invoke.BoundMethodHandle$Species_LLLLLLLLLLIIL (java.base@11.0.22)
 190:             5            160  java.lang.invoke.VarHandle$AccessType (java.base@11.0.22)
 191:            10            160  java.security.ProtectionDomain$Key (java.base@11.0.22)
 192:             5            160  java.util.ImmutableCollections$MapN (java.base@11.0.22)
 193:             5            160  java.util.regex.Pattern$Branch (java.base@11.0.22)
 194:             5            160  sun.nio.fs.UnixPath (java.base@11.0.22)
 195:             5            160  sun.util.locale.provider.LocaleProviderAdapter$Type (java.base@11.0.22)
 196:             1            152  [Lcom.fasterxml.jackson.databind.MapperFeature;
 197:             1            144  [Ljava.lang.invoke.VarHandle$AccessMode; (java.base@11.0.22)
 198:             2            144  [Ljava.math.BigDecimal; (java.base@11.0.22)
 199:             6            144  com.fasterxml.jackson.annotation.JsonAutoDetect$Visibility
 200:             6            144  com.fasterxml.jackson.core.JsonParser$NumberType
 201:             3            144  java.lang.ThreadGroup (java.base@11.0.22)
 202:             6            144  java.lang.invoke.StringConcatFactory$Strategy (java.base@11.0.22)
 203:             6            144  java.lang.invoke.VarForm (java.base@11.0.22)
 204:             6            144  java.lang.module.ModuleDescriptor$Requires$Modifier (java.base@11.0.22)
 205:             3            144  java.nio.HeapByteBuffer (java.base@11.0.22)
 206:             2            144  java.text.DecimalFormatSymbols (java.base@11.0.22)
 207:             6            144  java.util.ArrayDeque (java.base@11.0.22)
 208:             9            144  java.util.regex.Pattern$$Lambda$3/0x0000000840067440 (java.base@11.0.22)
 209:             9            144  java.util.regex.Pattern$BitClass$$Lambda$2/0x0000000840067040 (java.base@11.0.22)
 210:             6            144  java.util.zip.Inflater$InflaterZStreamRef (java.base@11.0.22)
 211:             3            144  jdk.internal.loader.URLClassPath$JarLoader (java.base@11.0.22)
 212:             6            144  jdk.internal.perf.PerfCounter (java.base@11.0.22)
 213:             4            136  [Lsun.invoke.util.ValueConversions$WrapperCache; (java.base@11.0.22)
 214:             4            128  com.fasterxml.jackson.core.StreamReadCapability
 215:             4            128  com.fasterxml.jackson.core.io.SerializedString
 216:             4            128  com.fasterxml.jackson.core.util.Separators$Spacing
 217:             4            128  com.fasterxml.jackson.databind.cfg.JsonNodeFeature
 218:             2            128  java.io.ExpiringCache$1 (java.base@11.0.22)
 219:             4            128  java.io.File (java.base@11.0.22)
 220:             4            128  java.lang.invoke.BoundMethodHandle$Species_L (java.base@11.0.22)
 221:             4            128  java.security.BasicPermissionCollection (java.base@11.0.22)
 222:             2            128  java.text.DateFormatSymbols (java.base@11.0.22)
 223:             4            128  sun.util.resources.Bundles$CacheKey (java.base@11.0.22)
 224:             3            120  [Ljava.lang.invoke.LambdaForm$BasicType; (java.base@11.0.22)
 225:             5            120  [Ljava.util.regex.Pattern$Node; (java.base@11.0.22)
 226:             1            120  [[Ljava.lang.String; (java.base@11.0.22)
 227:             5            120  com.fasterxml.jackson.annotation.Nulls
 228:             5            120  com.fasterxml.jackson.core.JsonFactory$Feature
 229:             5            120  java.util.Collections$SynchronizedSet (java.base@11.0.22)
 230:             5            120  java.util.stream.StreamOpFlag$Type (java.base@11.0.22)
 231:             1            120  jdk.internal.loader.ClassLoaders$AppClassLoader (java.base@11.0.22)
 232:             5            120  jdk.net.ExtendedSocketOptions$ExtSocketOption (jdk.net@11.0.22)
 233:             7            112  java.lang.ThreadLocal (java.base@11.0.22)
 234:             2            112  java.nio.DirectIntBufferRU (java.base@11.0.22)
 235:             1            112  jdk.internal.loader.ClassLoaders$BootClassLoader (java.base@11.0.22)
 236:             1            112  jdk.internal.loader.ClassLoaders$PlatformClassLoader (java.base@11.0.22)
 237:             1            112  sun.net.httpserver.ServerImpl (jdk.httpserver@11.0.22)
 238:             2            104  [Lsun.util.logging.PlatformLogger$Level; (java.base@11.0.22)
 239:             1             96  [Lcom.fasterxml.jackson.core.JsonParser$Feature;
 240:             2             96  [Ljava.lang.System$Logger$Level; (java.base@11.0.22)
 241:             3             96  [Ljava.lang.Thread; (java.base@11.0.22)
 242:             4             96  [Ljava.security.ProtectionDomain; (java.base@11.0.22)
 243:             1             96  [[J (java.base@11.0.22)
 244:             4             96  com.fasterxml.jackson.databind.cfg.CoercionAction
 245:             6             96  com.fasterxml.jackson.databind.ser.std.ToStringSerializer
 246:             3             96  java.io.RandomAccessFile (java.base@11.0.22)
 247:             4             96  java.lang.NamedPackage (java.base@11.0.22)
 248:             3             96  java.lang.Runtime$Version (java.base@11.0.22)
 249:             3             96  java.lang.invoke.SimpleMethodHandle (java.base@11.0.22)
 250:             3             96  java.lang.invoke.VarHandleInts$FieldInstanceReadWrite (java.base@11.0.22)
 251:             4             96  java.lang.module.ModuleDescriptor$Opens (java.base@11.0.22)
 252:             1             96  java.net.SocksSocketImpl (java.base@11.0.22)
 253:             6             96  java.security.SecureClassLoader$CodeSourceKey (java.base@11.0.22)
 254:             4             96  java.util.Collections$SetFromMap (java.base@11.0.22)
 255:             3             96  java.util.Collections$UnmodifiableMap (java.base@11.0.22)
 256:             3             96  java.util.Vector (java.base@11.0.22)
 257:             3             96  java.util.concurrent.locks.ReentrantLock$NonfairSync (java.base@11.0.22)
 258:             4             96  java.util.regex.Pattern$GroupHead (java.base@11.0.22)
 259:             4             96  java.util.regex.Pattern$GroupTail (java.base@11.0.22)
 260:             4             96  java.util.regex.Pattern$Qtype (java.base@11.0.22)
 261:             3             96  java.util.zip.ZipFile$CleanableResource (java.base@11.0.22)
 262:             1             96  jdk.internal.jimage.ImageReader$SharedImageReader (java.base@11.0.22)
 263:             4             96  jdk.internal.logger.BootstrapLogger$LoggingBackend (java.base@11.0.22)
 264:             4             96  jdk.internal.reflect.NativeMethodAccessorImpl (java.base@11.0.22)
 265:             1             96  sun.nio.ch.ServerSocketChannelImpl (java.base@11.0.22)
 266:             2             96  sun.nio.cs.StreamEncoder (java.base@11.0.22)
 267:             2             96  sun.nio.cs.UTF_8$Encoder (java.base@11.0.22)
 268:             3             96  sun.util.locale.provider.LocaleResources (java.base@11.0.22)
 269:             1             88  sun.nio.ch.EPollSelectorImpl (java.base@11.0.22)
 270:             2             80  [F (java.base@11.0.22)
 271:             2             80  [Ljava.util.stream.StreamOpFlag$Type; (java.base@11.0.22)
 272:             2             80  java.io.BufferedWriter (java.base@11.0.22)
 273:             2             80  java.io.ExpiringCache (java.base@11.0.22)
 274:             2             80  java.io.FileOutputStream (java.base@11.0.22)
 275:             2             80  java.io.PrintStream (java.base@11.0.22)
 276:             2             80  java.lang.ModuleLayer (java.base@11.0.22)
 277:             2             80  java.lang.VirtualMachineError (java.base@11.0.22)
 278:             2             80  java.lang.invoke.MethodHandleImpl$AsVarargsCollector (java.base@11.0.22)
 279:             2             80  java.lang.module.Configuration (java.base@11.0.22)
 280:             2             80  java.text.DigitList (java.base@11.0.22)
 281:             5             80  java.util.HashMap$KeySet (java.base@11.0.22)
 282:             5             80  java.util.concurrent.atomic.AtomicInteger (java.base@11.0.22)
 283:             5             80  java.util.regex.Pattern$BranchConn (java.base@11.0.22)
 284:             1             80  sun.util.cldr.CLDRLocaleProviderAdapter (java.base@11.0.22)
 285:             1             80  sun.util.locale.provider.LocaleProviderAdapter$NonExistentAdapter (java.base@11.0.22)
 286:             1             72  [Lcom.fasterxml.jackson.core.JsonToken;
 287:             1             72  [Lcom.fasterxml.jackson.databind.type.LogicalType;
 288:             3             72  com.fasterxml.jackson.core.Base64Variant$PaddingReadBehaviour
 289:             1             72  com.fasterxml.jackson.core.util.InternCache
 290:             3             72  com.fasterxml.jackson.databind.PropertyName
 291:             3             72  com.fasterxml.jackson.databind.ser.std.NumberSerializer
 292:             3             72  java.lang.WeakPairMap (java.base@11.0.22)
 293:             3             72  java.lang.invoke.MethodHandles$Lookup (java.base@11.0.22)
 294:             3             72  java.lang.invoke.StringConcatFactory$Mode (java.base@11.0.22)
 295:             3             72  java.util.jar.Manifest (java.base@11.0.22)
 296:             3             72  java.util.zip.ZipFile$InflaterCleanupAction (java.base@11.0.22)
 297:             3             72  java.util.zip.ZipFile$Source$Key (java.base@11.0.22)
 298:             3             72  jdk.internal.misc.Signal (java.base@11.0.22)
 299:             3             72  jdk.internal.module.IllegalAccessLogger$Mode (java.base@11.0.22)
 300:             1             64  [Lcom.fasterxml.jackson.annotation.JsonFormat$Shape;
 301:             1             64  [Lcom.fasterxml.jackson.core.JsonGenerator$Feature;
 302:             1             64  [Lcom.fasterxml.jackson.databind.node.IntNode;
 303:             1             64  [Ljava.lang.invoke.MethodHandleImpl$Intrinsic; (java.base@11.0.22)
 304:             2             64  [Ljava.nio.charset.CoderResult; (java.base@11.0.22)
 305:             2             64  com.fasterxml.jackson.core.io.ContentReference
 306:             1             64  com.fasterxml.jackson.databind.cfg.BaseSettings
 307:             2             64  com.fasterxml.jackson.databind.cfg.EnumFeature
 308:             2             64  com.fasterxml.jackson.databind.introspect.VisibilityChecker$Std
 309:             2             64  com.fasterxml.jackson.databind.ser.std.NumberSerializers$DoubleSerializer
 310:             2             64  com.fasterxml.jackson.databind.ser.std.NumberSerializers$IntegerSerializer
 311:             2             64  com.fasterxml.jackson.databind.ser.std.NumberSerializers$LongSerializer
 312:             2             64  java.io.BufferedOutputStream (java.base@11.0.22)
 313:             1             64  java.lang.invoke.BoundMethodHandle$Species_LLLLLLIIL (java.base@11.0.22)
 314:             2             64  java.lang.ref.ReferenceQueue$Null (java.base@11.0.22)
 315:             2             64  java.net.InetAddress$InetAddressHolder (java.base@11.0.22)
 316:             2             64  java.nio.file.attribute.FileTime (java.base@11.0.22)
 317:             1             64  java.text.SimpleDateFormat (java.base@11.0.22)
 318:             4             64  java.util.WeakHashMap$KeySet (java.base@11.0.22)
 319:             4             64  java.util.concurrent.ConcurrentHashMap$ValuesView (java.base@11.0.22)
 320:             4             64  java.util.concurrent.atomic.AtomicBoolean (java.base@11.0.22)
 321:             4             64  java.util.concurrent.atomic.AtomicLongArray (java.base@11.0.22)
 322:             4             64  jdk.internal.reflect.DelegatingMethodAccessorImpl (java.base@11.0.22)
 323:             4             64  sun.net.httpserver.AuthFilter (jdk.httpserver@11.0.22)
 324:             1             56  [Lcom.fasterxml.jackson.databind.cfg.CoercionInputShape;
 325:             1             56  [Ljava.nio.file.StandardOpenOption; (java.base@11.0.22)
 326:             1             56  [[I (java.base@11.0.22)
 327:             1             56  java.lang.invoke.BoundMethodHandle$Specializer (java.base@11.0.22)
 328:             1             56  java.util.Properties (java.base@11.0.22)
 329:             1             56  jdk.internal.ref.CleanerImpl$SoftCleanableRef (java.base@11.0.22)
 330:             1             48  [Lcom.fasterxml.jackson.annotation.JsonInclude$Include;
 331:             3             48  [Lcom.fasterxml.jackson.databind.JavaType;
 332:             3             48  [Ljava.lang.annotation.Annotation; (java.base@11.0.22)
 333:             1             48  [Ljava.math.RoundingMode; (java.base@11.0.22)
 334:             1             48  [Ljava.util.concurrent.TimeUnit; (java.base@11.0.22)
 335:             1             48  com.fasterxml.jackson.core.util.DefaultPrettyPrinter
 336:             1             48  com.fasterxml.jackson.databind.cfg.ConfigOverride$Empty
 337:             2             48  com.fasterxml.jackson.databind.ser.std.BooleanSerializer
 338:             2             48  com.fasterxml.jackson.databind.util.LRUMap
 339:             1             48  com.fasterxml.jackson.databind.util.StdDateFormat
 340:             2             48  com.fasterxml.jackson.databind.util.internal.LinkedDeque
 341:             2             48  java.io.File$PathStatus (java.base@11.0.22)
 342:             2             48  java.io.OutputStreamWriter (java.base@11.0.22)
 343:             2             48  java.lang.ClassValue$Version (java.base@11.0.22)
 344:             1             48  java.lang.invoke.BoundMethodHandle$Specializer$Factory (java.base@11.0.22)
 345:             2             48  java.net.InetSocketAddress$InetSocketAddressHolder (java.base@11.0.22)
 346:             2             48  java.net.StandardProtocolFamily (java.base@11.0.22)
 347:             3             48  java.nio.charset.CodingErrorAction (java.base@11.0.22)
 348:             3             48  java.text.AttributedCharacterIterator$Attribute (java.base@11.0.22)
 349:             3             48  java.util.Optional (java.base@11.0.22)
 350:             3             48  java.util.ResourceBundle$NoFallbackControl (java.base@11.0.22)
 351:             2             48  java.util.concurrent.ConcurrentLinkedQueue (java.base@11.0.22)
 352:             2             48  java.util.concurrent.ConcurrentLinkedQueue$Node (java.base@11.0.22)
 353:             1             48  java.util.concurrent.ConcurrentSkipListMap (java.base@11.0.22)
 354:             3             48  java.util.concurrent.locks.ReentrantLock (java.base@11.0.22)
 355:             3             48  java.util.jar.Attributes (java.base@11.0.22)
 356:             2             48  java.util.regex.Pattern$Start (java.base@11.0.22)
 357:             1             48  jdk.internal.jimage.ImageHeader (java.base@11.0.22)
 358:             2             48  jdk.internal.misc.Signal$NativeHandler (java.base@11.0.22)
 359:             3             48  jdk.internal.module.ServicesCatalog (java.base@11.0.22)
 360:             1             48  jdk.internal.ref.CleanerImpl$WeakCleanableRef (java.base@11.0.22)
 361:             1             48  sun.nio.ch.SelectionKeyImpl (java.base@11.0.22)
 362:             3             48  sun.nio.fs.UnixFileAttributes$UnixAsBasicFileAttributes (java.base@11.0.22)
 363:             1             40  [Lcom.fasterxml.jackson.annotation.JsonAutoDetect$Visibility;
 364:             1             40  [Lcom.fasterxml.jackson.annotation.Nulls;
 365:             1             40  [Lcom.fasterxml.jackson.core.JsonEncoding;
 366:             1             40  [Lcom.fasterxml.jackson.core.JsonFactory$Feature;
 367:             1             40  [Lcom.fasterxml.jackson.core.JsonParser$NumberType;
 368:             1             40  [Ljava.lang.invoke.StringConcatFactory$Strategy; (java.base@11.0.22)
 369:             1             40  [Ljava.lang.invoke.VarHandle$AccessType; (java.base@11.0.22)
 370:             1             40  [Ljava.lang.reflect.Field; (java.base@11.0.22)
 371:             1             40  [Ljava.util.stream.StreamOpFlag; (java.base@11.0.22)
 372:             1             40  [Lsun.util.locale.provider.LocaleProviderAdapter$Type; (java.base@11.0.22)
 373:             1             40  [[Ljava.lang.invoke.LambdaForm$Name; (java.base@11.0.22)
 374:             1             40  com.fasterxml.jackson.annotation.JsonFormat$Value
 375:             1             40  com.fasterxml.jackson.core.StreamReadConstraints
 376:             1             40  com.fasterxml.jackson.core.util.Separators
 377:             1             40  java.io.BufferedInputStream (java.base@11.0.22)
 378:             1             40  java.io.FileInputStream (java.base@11.0.22)
 379:             1             40  java.lang.ArithmeticException (java.base@11.0.22)
 380:             1             40  java.lang.NullPointerException (java.base@11.0.22)
 381:             1             40  java.lang.invoke.MethodHandleImpl$IntrinsicMethodHandle (java.base@11.0.22)
 382:             1             40  java.lang.invoke.VarHandleObjects$Array (java.base@11.0.22)
 383:             1             40  java.lang.ref.Finalizer (java.base@11.0.22)
 384:             1             40  java.util.ResourceBundle$2 (java.base@11.0.22)
 385:             1             40  jdk.internal.loader.URLClassPath (java.base@11.0.22)
 386:             1             40  jdk.internal.logger.LazyLoggers$LazyLoggerAccessor (java.base@11.0.22)
 387:             1             40  jdk.internal.ref.CleanerImpl$CleanerCleanable (java.base@11.0.22)
 388:             1             40  sun.net.httpserver.ServerImpl$IdleTimeoutTask (jdk.httpserver@11.0.22)
 389:             1             40  sun.text.resources.cldr.FormatData (java.base@11.0.22)
 390:             1             40  sun.text.resources.cldr.FormatData_en (java.base@11.0.22)
 391:             1             40  sun.util.resources.Bundles$1 (java.base@11.0.22)
 392:             1             40  sun.util.resources.cldr.CalendarData (java.base@11.0.22)
 393:             1             32  [Lcom.fasterxml.jackson.core.Base64Variant$PaddingReadBehaviour;
 394:             1             32  [Lcom.fasterxml.jackson.core.StreamReadCapability;
 395:             1             32  [Lcom.fasterxml.jackson.core.util.Separators$Spacing;
 396:             1             32  [Lcom.fasterxml.jackson.databind.cfg.CoercionAction;
 397:             1             32  [Lcom.fasterxml.jackson.databind.cfg.JsonNodeFeature;
 398:             2             32  [Lcom.fasterxml.jackson.databind.deser.Deserializers;
 399:             1             32  [Lcom.fasterxml.jackson.databind.util.internal.PrivateMaxEntriesMap$DrainStatus;
 400:             1             32  [Ljava.lang.OutOfMemoryError; (java.base@11.0.22)
 401:             2             32  [Ljava.lang.StackTraceElement; (java.base@11.0.22)
 402:             1             32  [Ljava.lang.ThreadGroup; (java.base@11.0.22)
 403:             1             32  [Ljava.lang.invoke.LambdaFormEditor$Transform; (java.base@11.0.22)
 404:             1             32  [Ljava.lang.invoke.StringConcatFactory$Mode; (java.base@11.0.22)
 405:             1             32  [Ljava.lang.module.ModuleDescriptor$Requires$Modifier; (java.base@11.0.22)
 406:             1             32  [Ljava.util.regex.Pattern$Qtype; (java.base@11.0.22)
 407:             1             32  [Ljdk.internal.logger.BootstrapLogger$LoggingBackend; (java.base@11.0.22)
 408:             1             32  [Ljdk.internal.module.IllegalAccessLogger$Mode; (java.base@11.0.22)
 409:             1             32  com.fasterxml.jackson.annotation.JsonInclude$Value
 410:             1             32  com.fasterxml.jackson.databind.cfg.DatatypeFeatures
 411:             1             32  com.fasterxml.jackson.databind.cfg.DeserializerFactoryConfig
 412:             1             32  com.fasterxml.jackson.databind.deser.std.JsonNodeDeserializer
 413:             1             32  com.fasterxml.jackson.databind.introspect.DefaultAccessorNamingStrategy$Provider
 414:             1             32  com.fasterxml.jackson.databind.ser.std.CalendarSerializer
 415:             1             32  com.fasterxml.jackson.databind.ser.std.DateSerializer
 416:             1             32  com.fasterxml.jackson.databind.ser.std.NumberSerializers$FloatSerializer
 417:             1             32  com.fasterxml.jackson.databind.ser.std.NumberSerializers$IntLikeSerializer
 418:             1             32  com.fasterxml.jackson.databind.ser.std.NumberSerializers$ShortSerializer
 419:             1             32  com.fasterxml.jackson.databind.type.TypeBindings
 420:             1             32  com.fasterxml.jackson.databind.type.TypeFactory
 421:             1             32  java.io.UnixFileSystem (java.base@11.0.22)
 422:             2             32  java.lang.Boolean (java.base@11.0.22)
 423:             2             32  java.lang.ClassValue$Identity (java.base@11.0.22)
 424:             1             32  java.lang.invoke.VarHandleLongs$Array (java.base@11.0.22)
 425:             1             32  java.lang.module.ModuleDescriptor$Version (java.base@11.0.22)
 426:             1             32  java.lang.ref.WeakReference (java.base@11.0.22)
 427:             1             32  java.net.Inet6Address$Inet6AddressHolder (java.base@11.0.22)
 428:             2             32  java.net.InetSocketAddress (java.base@11.0.22)
 429:             2             32  java.nio.ByteOrder (java.base@11.0.22)
 430:             1             32  java.util.LinkedList$ListItr (java.base@11.0.22)
 431:             2             32  java.util.ResourceBundle$SingleFormatControl (java.base@11.0.22)
 432:             2             32  java.util.concurrent.atomic.AtomicReference (java.base@11.0.22)
 433:             2             32  java.util.concurrent.atomic.AtomicReferenceArray (java.base@11.0.22)
 434:             1             32  java.util.concurrent.atomic.AtomicReferenceFieldUpdater$AtomicReferenceFieldUpdaterImpl (java.base@11.0.22)
 435:             2             32  java.util.regex.Pattern$$Lambda$4/0x0000000840066840 (java.base@11.0.22)
 436:             2             32  jdk.internal.loader.ClassLoaderValue (java.base@11.0.22)
 437:             1             32  jdk.internal.module.IllegalAccessLogger (java.base@11.0.22)
 438:             1             32  jdk.internal.ref.CleanerImpl (java.base@11.0.22)
 439:             1             32  sun.nio.ch.ServerSocketAdaptor (java.base@11.0.22)
 440:             1             32  sun.nio.cs.StandardCharsets (java.base@11.0.22)
 441:             1             32  sun.nio.fs.LinuxFileSystem (java.base@11.0.22)
 442:             2             32  sun.util.resources.LocaleData (java.base@11.0.22)
 443:             1             24  [Lcom.fasterxml.jackson.databind.cfg.EnumFeature;
 444:             1             24  [Lcom.fasterxml.jackson.databind.deser.KeyDeserializers;
 445:             1             24  [Ljava.io.File$PathStatus; (java.base@11.0.22)
 446:             1             24  [Ljava.net.StandardProtocolFamily; (java.base@11.0.22)
 447:             1             24  [Ljava.net.URL; (java.base@11.0.22)
 448:             1             24  [Ljava.nio.channels.SelectionKey; (java.base@11.0.22)
 449:             1             24  [Ljava.util.jar.Manifest; (java.base@11.0.22)
 450:             1             24  com.fasterxml.jackson.annotation.JsonFormat$Features
 451:             1             24  com.fasterxml.jackson.annotation.JsonSetter$Value
 452:             1             24  com.fasterxml.jackson.core.ErrorReportConfiguration
 453:             1             24  com.fasterxml.jackson.core.util.DefaultIndenter
 454:             1             24  com.fasterxml.jackson.databind.cfg.ContextAttributes$Impl
 455:             1             24  com.fasterxml.jackson.databind.cfg.DefaultCacheProvider
 456:             1             24  com.fasterxml.jackson.databind.cfg.SerializerFactoryConfig
 457:             1             24  com.fasterxml.jackson.databind.introspect.AnnotatedClass$Creators
 458:             1             24  com.fasterxml.jackson.databind.introspect.JacksonAnnotationIntrospector
 459:             1             24  com.fasterxml.jackson.databind.ser.impl.FailingSerializer
 460:             1             24  com.fasterxml.jackson.databind.ser.std.UUIDSerializer
 461:             1             24  com.fasterxml.jackson.databind.util.internal.PrivateMaxEntriesMap$DrainStatus$1
 462:             1             24  com.fasterxml.jackson.databind.util.internal.PrivateMaxEntriesMap$DrainStatus$2
 463:             1             24  com.fasterxml.jackson.databind.util.internal.PrivateMaxEntriesMap$DrainStatus$3
 464:             1             24  java.lang.Double (java.base@11.0.22)
 465:             1             24  java.lang.StringBuilder (java.base@11.0.22)
 466:             1             24  java.lang.invoke.MethodType$ConcurrentWeakInternSet (java.base@11.0.22)
 467:             1             24  java.lang.invoke.StringConcatFactory$Stringifiers$StringifierAny (java.base@11.0.22)
 468:             1             24  java.lang.invoke.StringConcatFactory$Stringifiers$StringifierMost (java.base@11.0.22)
 469:             1             24  java.lang.reflect.ReflectPermission (java.base@11.0.22)
 470:             1             24  java.net.Inet4Address (java.base@11.0.22)
 471:             1             24  java.net.Inet6Address (java.base@11.0.22)
 472:             1             24  java.net.Inet6AddressImpl (java.base@11.0.22)
 473:             1             24  java.util.Collections$EmptyMap (java.base@11.0.22)
 474:             1             24  java.util.Collections$UnmodifiableRandomAccessList (java.base@11.0.22)
 475:             1             24  java.util.Date (java.base@11.0.22)
 476:             1             24  java.util.Locale$Cache (java.base@11.0.22)
 477:             1             24  java.util.ResourceBundle$Control$CandidateListCache (java.base@11.0.22)
 478:             1             24  java.util.TaskQueue (java.base@11.0.22)
 479:             1             24  java.util.Timer (java.base@11.0.22)
 480:             1             24  java.util.concurrent.ConcurrentHashMap$KeySetView (java.base@11.0.22)
 481:             1             24  java.util.regex.Pattern$BmpCharPropertyGreedy (java.base@11.0.22)
 482:             1             24  java.util.regex.Pattern$Ques (java.base@11.0.22)
 483:             1             24  java.util.zip.ZipCoder$UTF8 (java.base@11.0.22)
 484:             1             24  jdk.internal.jimage.ImageReader (java.base@11.0.22)
 485:             1             24  jdk.internal.loader.URLClassPath$FileLoader (java.base@11.0.22)
 486:             1             24  jdk.internal.logger.BootstrapLogger$RedirectedLoggers (java.base@11.0.22)
 487:             1             24  jdk.internal.logger.SurrogateLogger (java.base@11.0.22)
 488:             1             24  jdk.internal.module.ModuleHashes (java.base@11.0.22)
 489:             1             24  jdk.internal.module.SystemModuleFinders$SystemModuleFinder (java.base@11.0.22)
 490:             1             24  sun.net.httpserver.ServerImpl$Dispatcher (jdk.httpserver@11.0.22)
 491:             1             24  sun.net.sdp.SdpProvider (java.base@11.0.22)
 492:             1             24  sun.nio.cs.ISO_8859_1 (java.base@11.0.22)
 493:             1             24  sun.nio.cs.US_ASCII (java.base@11.0.22)
 494:             1             24  sun.nio.cs.UTF_8 (java.base@11.0.22)
 495:             1             24  sun.util.cldr.CLDRCalendarDataProviderImpl (java.base@11.0.22)
 496:             1             24  sun.util.locale.BaseLocale$Cache (java.base@11.0.22)
 497:             1             24  sun.util.locale.provider.CalendarProviderImpl (java.base@11.0.22)
 498:             1             24  sun.util.locale.provider.DateFormatSymbolsProviderImpl (java.base@11.0.22)
 499:             1             24  sun.util.locale.provider.DecimalFormatSymbolsProviderImpl (java.base@11.0.22)
 500:             1             24  sun.util.locale.provider.LocaleServiceProviderPool (java.base@11.0.22)
 501:             1             24  sun.util.locale.provider.NumberFormatProviderImpl (java.base@11.0.22)
 502:             1             16  [Lcom.fasterxml.jackson.databind.AbstractTypeResolver;
 503:             1             16  [Lcom.fasterxml.jackson.databind.deser.BeanDeserializerModifier;
 504:             1             16  [Lcom.fasterxml.jackson.databind.deser.ValueInstantiators;
 505:             1             16  [Lcom.fasterxml.jackson.databind.ser.BeanSerializerModifier;
 506:             1             16  [Lcom.fasterxml.jackson.databind.ser.Serializers;
 507:             1             16  [Lcom.fasterxml.jackson.databind.util.ClassUtil$Ctor;
 508:             1             16  [Ljava.lang.Throwable; (java.base@11.0.22)
 509:             1             16  [Ljava.security.cert.Certificate; (java.base@11.0.22)
 510:             1             16  [Ljava.text.FieldPosition; (java.base@11.0.22)
 511:             1             16  OrderService.OrderService$killHandler
 512:             1             16  OrderService.OrderService$orderHandler
 513:             1             16  OrderService.OrderService$productHandler
 514:             1             16  OrderService.OrderService$userHandler
 515:             1             16  com.fasterxml.jackson.core.StreamWriteConstraints
 516:             1             16  com.fasterxml.jackson.core.io.JsonStringEncoder
 517:             1             16  com.fasterxml.jackson.core.util.DefaultPrettyPrinter$FixedSpaceIndenter
 518:             1             16  com.fasterxml.jackson.core.util.DefaultPrettyPrinter$NopIndenter
 519:             1             16  com.fasterxml.jackson.core.util.JacksonFeatureSet
 520:             1             16  com.fasterxml.jackson.core.util.JsonRecyclerPools$ThreadLocalPool
 521:             1             16  com.fasterxml.jackson.databind.deser.BeanDeserializerFactory
 522:             1             16  com.fasterxml.jackson.databind.deser.std.StdKeyDeserializers
 523:             1             16  com.fasterxml.jackson.databind.ext.Java7SupportImpl
 524:             1             16  com.fasterxml.jackson.databind.introspect.AnnotationCollector$NoAnnotations
 525:             1             16  com.fasterxml.jackson.databind.jsontype.impl.LaissezFaireSubTypeValidator
 526:             1             16  com.fasterxml.jackson.databind.node.JsonNodeFactory
 527:             1             16  com.fasterxml.jackson.databind.node.TextNode
 528:             1             16  com.fasterxml.jackson.databind.ser.BeanSerializerFactory
 529:             1             16  com.fasterxml.jackson.databind.ser.impl.UnknownSerializer
 530:             1             16  com.fasterxml.jackson.databind.ser.std.NullSerializer
 531:             1             16  com.fasterxml.jackson.databind.ser.std.StringSerializer
 532:             1             16  com.fasterxml.jackson.databind.type.TypeParser
 533:             1             16  java.io.FileDescriptor$1 (java.base@11.0.22)
 534:             1             16  java.io.RandomAccessFile$2 (java.base@11.0.22)
 535:             1             16  java.lang.CharacterDataLatin1 (java.base@11.0.22)
 536:             1             16  java.lang.Float (java.base@11.0.22)
 537:             1             16  java.lang.Runtime (java.base@11.0.22)
 538:             1             16  java.lang.String$CaseInsensitiveComparator (java.base@11.0.22)
 539:             1             16  java.lang.StringCoding$1 (java.base@11.0.22)
 540:             1             16  java.lang.System$2 (java.base@11.0.22)
 541:             1             16  java.lang.Terminator$1 (java.base@11.0.22)
 542:             1             16  java.lang.invoke.ClassSpecializer$1 (java.base@11.0.22)
 543:             1             16  java.lang.invoke.MemberName$Factory (java.base@11.0.22)
 544:             1             16  java.lang.invoke.MethodHandleImpl$1 (java.base@11.0.22)
 545:             1             16  java.lang.invoke.StringConcatFactory$MethodHandleInlineCopyStrategy$1 (java.base@11.0.22)
 546:             1             16  java.lang.invoke.StringConcatFactory$MethodHandleInlineCopyStrategy$2 (java.base@11.0.22)
 547:             1             16  java.lang.invoke.StringConcatFactory$MethodHandleInlineCopyStrategy$3 (java.base@11.0.22)
 548:             1             16  java.lang.invoke.VarHandle$1 (java.base@11.0.22)
 549:             1             16  java.lang.module.ModuleDescriptor$1 (java.base@11.0.22)
 550:             1             16  java.lang.ref.Cleaner (java.base@11.0.22)
 551:             1             16  java.lang.ref.Cleaner$1 (java.base@11.0.22)
 552:             1             16  java.lang.ref.Reference$1 (java.base@11.0.22)
 553:             1             16  java.lang.reflect.ReflectAccess (java.base@11.0.22)
 554:             1             16  java.math.BigDecimal$1 (java.base@11.0.22)
 555:             1             16  java.net.InetAddress$2 (java.base@11.0.22)
 556:             1             16  java.net.InetAddress$PlatformNameService (java.base@11.0.22)
 557:             1             16  java.net.ServerSocket$2 (java.base@11.0.22)
 558:             1             16  java.net.URI$1 (java.base@11.0.22)
 559:             1             16  java.net.URL$3 (java.base@11.0.22)
 560:             1             16  java.net.URL$DefaultFactory (java.base@11.0.22)
 561:             1             16  java.nio.Bits$1 (java.base@11.0.22)
 562:             1             16  java.nio.Buffer$1 (java.base@11.0.22)
 563:             1             16  java.nio.channels.spi.AbstractSelector$1 (java.base@11.0.22)
 564:             1             16  java.security.ProtectionDomain$JavaSecurityAccessImpl (java.base@11.0.22)
 565:             1             16  java.util.Collections$EmptyEnumeration (java.base@11.0.22)
 566:             1             16  java.util.Collections$EmptyIterator (java.base@11.0.22)
 567:             1             16  java.util.Collections$EmptyList (java.base@11.0.22)
 568:             1             16  java.util.Collections$EmptySet (java.base@11.0.22)
 569:             1             16  java.util.Collections$SingletonSet (java.base@11.0.22)
 570:             1             16  java.util.EnumMap$1 (java.base@11.0.22)
 571:             1             16  java.util.HashMap$Values (java.base@11.0.22)
 572:             1             16  java.util.ResourceBundle$1 (java.base@11.0.22)
 573:             1             16  java.util.ResourceBundle$Control (java.base@11.0.22)
 574:             1             16  java.util.Spliterators$EmptySpliterator$OfDouble (java.base@11.0.22)
 575:             1             16  java.util.Spliterators$EmptySpliterator$OfInt (java.base@11.0.22)
 576:             1             16  java.util.Spliterators$EmptySpliterator$OfLong (java.base@11.0.22)
 577:             1             16  java.util.Spliterators$EmptySpliterator$OfRef (java.base@11.0.22)
 578:             1             16  java.util.Timer$1 (java.base@11.0.22)
 579:             1             16  java.util.concurrent.ConcurrentHashMap$EntrySetView (java.base@11.0.22)
 580:             1             16  java.util.concurrent.ConcurrentSkipListSet (java.base@11.0.22)
 581:             1             16  java.util.jar.JavaUtilJarAccessImpl (java.base@11.0.22)
 582:             1             16  java.util.regex.CharPredicates$$Lambda$1/0x0000000840067840 (java.base@11.0.22)
 583:             1             16  java.util.regex.Pattern$1 (java.base@11.0.22)
 584:             1             16  java.util.regex.Pattern$LastNode (java.base@11.0.22)
 585:             1             16  java.util.regex.Pattern$Node (java.base@11.0.22)
 586:             1             16  java.util.zip.ZipFile$1 (java.base@11.0.22)
 587:             1             16  jdk.internal.jimage.ImageReaderFactory$1 (java.base@11.0.22)
 588:             1             16  jdk.internal.jimage.ImageStringsReader (java.base@11.0.22)
 589:             1             16  jdk.internal.jimage.decompressor.Decompressor (java.base@11.0.22)
 590:             1             16  jdk.internal.logger.LazyLoggers$1 (java.base@11.0.22)
 591:             1             16  jdk.internal.logger.LazyLoggers$JdkLazyLogger (java.base@11.0.22)
 592:             1             16  jdk.internal.logger.LazyLoggers$LazyLoggerFactories (java.base@11.0.22)
 593:             1             16  jdk.internal.misc.TerminatingThreadLocal$1 (java.base@11.0.22)
 594:             1             16  jdk.internal.misc.Unsafe (java.base@11.0.22)
 595:             1             16  jdk.internal.module.ModulePatcher (java.base@11.0.22)
 596:             1             16  jdk.internal.module.ModuleTarget (java.base@11.0.22)
 597:             1             16  jdk.internal.module.SystemModules$default (java.base@11.0.22)
 598:             1             16  jdk.internal.perf.Perf (java.base@11.0.22)
 599:             1             16  jdk.internal.reflect.ReflectionFactory (java.base@11.0.22)
 600:             1             16  jdk.internal.util.Preconditions$1 (java.base@11.0.22)
 601:             1             16  jdk.net.ExtendedSocketOptions$1 (jdk.net@11.0.22)
 602:             1             16  jdk.net.LinuxSocketOptions (jdk.net@11.0.22)
 603:             1             16  jdk.net.LinuxSocketOptions$$Lambda$12/0x00000008400cf840 (jdk.net@11.0.22)
 604:             1             16  sun.net.httpserver.ContextList (jdk.httpserver@11.0.22)
 605:             1             16  sun.net.httpserver.DefaultHttpServerProvider (jdk.httpserver@11.0.22)
 606:             1             16  sun.net.httpserver.HttpServerImpl (jdk.httpserver@11.0.22)
 607:             1             16  sun.net.httpserver.ServerImpl$DefaultExecutor (jdk.httpserver@11.0.22)
 608:             1             16  sun.net.www.protocol.file.Handler (java.base@11.0.22)
 609:             1             16  sun.net.www.protocol.jar.Handler (java.base@11.0.22)
 610:             1             16  sun.net.www.protocol.jrt.Handler (java.base@11.0.22)
 611:             1             16  sun.nio.ch.EPollSelectorProvider (java.base@11.0.22)
 612:             1             16  sun.nio.ch.Net$1 (java.base@11.0.22)
 613:             1             16  sun.nio.ch.SocketDispatcher (java.base@11.0.22)
 614:             1             16  sun.nio.ch.Util$1 (java.base@11.0.22)
 615:             1             16  sun.nio.ch.Util$2 (java.base@11.0.22)
 616:             1             16  sun.nio.fs.LinuxFileSystemProvider (java.base@11.0.22)
 617:             1             16  sun.nio.fs.NativeBuffers$1 (java.base@11.0.22)
 618:             1             16  sun.util.calendar.Gregorian (java.base@11.0.22)
 619:             1             16  sun.util.cldr.CLDRBaseLocaleDataMetaInfo (java.base@11.0.22)
 620:             1             16  sun.util.locale.InternalLocaleBuilder$CaseInsensitiveChar (java.base@11.0.22)
 621:             1             16  sun.util.locale.provider.CalendarDataUtility$CalendarWeekParameterGetter (java.base@11.0.22)
 622:             1             16  sun.util.resources.LocaleData$LocaleDataStrategy (java.base@11.0.22)
 623:             1             16  sun.util.resources.cldr.provider.CLDRLocaleDataMetaInfo (jdk.localedata@11.0.22)
Total         52099        2415688
58812:
 garbage-first heap   total 17408K, used 2359K [0x0000000084200000, 0x0000000100000000)
  region size 1024K, 0 young (0K), 0 survivors (0K)
 Metaspace       used 5519K, capacity 8525K, committed 8576K, reserved 1056768K
  class space    used 554K, capacity 882K, committed 896K, reserved 1048576K
58812:
2024-03-12 17:48:18
Full thread dump OpenJDK 64-Bit Server VM (11.0.22+7-post-Ubuntu-0ubuntu222.04.1 mixed mode, sharing):

Threads class SMR info:
_java_thread_list=0x00007fc31c000c40, length=12, elements={
0x00007fc36412b000, 0x00007fc36412d000, 0x00007fc364135800, 0x00007fc364137800,
0x00007fc364139800, 0x00007fc36413b800, 0x00007fc36413d800, 0x00007fc364181000,
0x00007fc36436d000, 0x00007fc36437b000, 0x00007fc364015800, 0x00007fc31c001000
}

"Reference Handler" #2 daemon prio=10 os_prio=0 cpu=0.33ms elapsed=4.28s tid=0x00007fc36412b000 nid=0xe5c5 waiting on condition  [0x00007fc34420e000]
   java.lang.Thread.State: RUNNABLE
	at java.lang.ref.Reference.waitForReferencePendingList(java.base@11.0.22/Native Method)
	at java.lang.ref.Reference.processPendingReferences(java.base@11.0.22/Reference.java:241)
	at java.lang.ref.Reference$ReferenceHandler.run(java.base@11.0.22/Reference.java:213)

"Finalizer" #3 daemon prio=8 os_prio=0 cpu=0.21ms elapsed=4.27s tid=0x00007fc36412d000 nid=0xe5c6 in Object.wait()  [0x00007fc34410e000]
   java.lang.Thread.State: WAITING (on object monitor)
	at java.lang.Object.wait(java.base@11.0.22/Native Method)
	- waiting on <0x0000000084391240> (a java.lang.ref.ReferenceQueue$Lock)
	at java.lang.ref.ReferenceQueue.remove(java.base@11.0.22/ReferenceQueue.java:155)
	- waiting to re-lock in wait() <0x0000000084391240> (a java.lang.ref.ReferenceQueue$Lock)
	at java.lang.ref.ReferenceQueue.remove(java.base@11.0.22/ReferenceQueue.java:176)
	at java.lang.ref.Finalizer$FinalizerThread.run(java.base@11.0.22/Finalizer.java:170)

"Signal Dispatcher" #4 daemon prio=9 os_prio=0 cpu=0.70ms elapsed=4.27s tid=0x00007fc364135800 nid=0xe5c7 runnable  [0x0000000000000000]
   java.lang.Thread.State: RUNNABLE

"Service Thread" #5 daemon prio=9 os_prio=0 cpu=0.19ms elapsed=4.27s tid=0x00007fc364137800 nid=0xe5c8 runnable  [0x0000000000000000]
   java.lang.Thread.State: RUNNABLE

"C2 CompilerThread0" #6 daemon prio=9 os_prio=0 cpu=164.02ms elapsed=4.27s tid=0x00007fc364139800 nid=0xe5c9 runnable  [0x0000000000000000]
   java.lang.Thread.State: RUNNABLE
   Compiling:  955   !   4       java.util.concurrent.ConcurrentHashMap::putVal (432 bytes)

"C1 CompilerThread0" #9 daemon prio=9 os_prio=0 cpu=202.83ms elapsed=4.27s tid=0x00007fc36413b800 nid=0xe5ca waiting on condition  [0x0000000000000000]
   java.lang.Thread.State: RUNNABLE
   No compile task

"Sweeper thread" #10 daemon prio=9 os_prio=0 cpu=0.16ms elapsed=4.27s tid=0x00007fc36413d800 nid=0xe5cb runnable  [0x0000000000000000]
   java.lang.Thread.State: RUNNABLE

"Common-Cleaner" #11 daemon prio=8 os_prio=0 cpu=0.30ms elapsed=4.24s tid=0x00007fc364181000 nid=0xe5cd in Object.wait()  [0x00007fc33d1fd000]
   java.lang.Thread.State: TIMED_WAITING (on object monitor)
	at java.lang.Object.wait(java.base@11.0.22/Native Method)
	- waiting on <0x00000000843ccc38> (a java.lang.ref.ReferenceQueue$Lock)
	at java.lang.ref.ReferenceQueue.remove(java.base@11.0.22/ReferenceQueue.java:155)
	- waiting to re-lock in wait() <0x00000000843ccc38> (a java.lang.ref.ReferenceQueue$Lock)
	at jdk.internal.ref.CleanerImpl.run(java.base@11.0.22/CleanerImpl.java:148)
	at java.lang.Thread.run(java.base@11.0.22/Thread.java:829)
	at jdk.internal.misc.InnocuousThread.run(java.base@11.0.22/InnocuousThread.java:161)

"idle-timeout-task" #12 daemon prio=5 os_prio=0 cpu=0.16ms elapsed=3.77s tid=0x00007fc36436d000 nid=0xe5d5 in Object.wait()  [0x00007fc33d0cc000]
   java.lang.Thread.State: TIMED_WAITING (on object monitor)
	at java.lang.Object.wait(java.base@11.0.22/Native Method)
	- waiting on <0x000000008432d900> (a java.util.TaskQueue)
	at java.util.TimerThread.mainLoop(java.base@11.0.22/Timer.java:553)
	- waiting to re-lock in wait() <0x000000008432d900> (a java.util.TaskQueue)
	at java.util.TimerThread.run(java.base@11.0.22/Timer.java:506)

"HTTP-Dispatcher" #13 prio=5 os_prio=0 cpu=82.68ms elapsed=3.75s tid=0x00007fc36437b000 nid=0xe5d6 runnable  [0x00007fc33cfc9000]
   java.lang.Thread.State: RUNNABLE
	at java.util.stream.ReferencePipeline$7.opWrapSink(java.base@11.0.22/ReferencePipeline.java:260)
	at java.util.stream.AbstractPipeline.wrapSink(java.base@11.0.22/AbstractPipeline.java:522)
	at java.util.stream.AbstractPipeline.wrapAndCopyInto(java.base@11.0.22/AbstractPipeline.java:474)
	at java.util.stream.ForEachOps$ForEachOp.evaluateSequential(java.base@11.0.22/ForEachOps.java:150)
	at java.util.stream.ForEachOps$ForEachOp$OfRef.evaluateSequential(java.base@11.0.22/ForEachOps.java:173)
	at java.util.stream.AbstractPipeline.evaluate(java.base@11.0.22/AbstractPipeline.java:234)
	at java.util.stream.ReferencePipeline.forEach(java.base@11.0.22/ReferencePipeline.java:497)
	at java.lang.SecurityManager.addNonExportedPackages(java.base@11.0.22/SecurityManager.java:1158)
	at java.lang.SecurityManager.<clinit>(java.base@11.0.22/SecurityManager.java:1143)
	at javax.crypto.Cipher.getConfiguredPermission(java.base@11.0.22/Cipher.java:2624)
	at javax.crypto.Cipher.getMaxAllowedKeyLength(java.base@11.0.22/Cipher.java:2646)
	at sun.security.ssl.SSLCipher.isUnlimited(java.base@11.0.22/SSLCipher.java:582)
	at sun.security.ssl.SSLCipher.<init>(java.base@11.0.22/SSLCipher.java:497)
	at sun.security.ssl.SSLCipher.<clinit>(java.base@11.0.22/SSLCipher.java:175)
	at sun.security.ssl.CipherSuite.<clinit>(java.base@11.0.22/CipherSuite.java:65)
	at sun.security.ssl.SSLContextImpl.getApplicableSupportedCipherSuites(java.base@11.0.22/SSLContextImpl.java:348)
	at sun.security.ssl.SSLContextImpl$AbstractTLSContext.<clinit>(java.base@11.0.22/SSLContextImpl.java:578)
	at java.lang.Class.forName0(java.base@11.0.22/Native Method)
	at java.lang.Class.forName(java.base@11.0.22/Class.java:315)
	at java.security.Provider$Service.getImplClass(java.base@11.0.22/Provider.java:1929)
	at java.security.Provider$Service.newInstance(java.base@11.0.22/Provider.java:1905)
	at sun.security.jca.GetInstance.getInstance(java.base@11.0.22/GetInstance.java:236)
	at sun.security.jca.GetInstance.getInstance(java.base@11.0.22/GetInstance.java:164)
	at javax.net.ssl.SSLContext.getInstance(java.base@11.0.22/SSLContext.java:168)
	at javax.net.ssl.SSLContext.getDefault(java.base@11.0.22/SSLContext.java:99)
	- locked <0x0000000084ff94a0> (a java.lang.Class for javax.net.ssl.SSLContext)
	at jdk.internal.net.http.HttpClientImpl.<init>(java.net.http@11.0.22/HttpClientImpl.java:266)
	at jdk.internal.net.http.HttpClientImpl.create(java.net.http@11.0.22/HttpClientImpl.java:253)
	at jdk.internal.net.http.HttpClientBuilderImpl.build(java.net.http@11.0.22/HttpClientBuilderImpl.java:135)
	at java.net.http.HttpClient.newHttpClient(java.net.http@11.0.22/HttpClient.java:158)
	at OrderService.OrderService.sendPostRequest(OrderService.java:417)
	at OrderService.OrderService.forwardRequest(OrderService.java:404)
	at OrderService.OrderService$userHandler.handle(OrderService.java:272)
	at com.sun.net.httpserver.Filter$Chain.doFilter(jdk.httpserver@11.0.22/Filter.java:77)
	at sun.net.httpserver.AuthFilter.doFilter(jdk.httpserver@11.0.22/AuthFilter.java:82)
	at com.sun.net.httpserver.Filter$Chain.doFilter(jdk.httpserver@11.0.22/Filter.java:80)
	at sun.net.httpserver.ServerImpl$Exchange$LinkHandler.handle(jdk.httpserver@11.0.22/ServerImpl.java:848)
	at com.sun.net.httpserver.Filter$Chain.doFilter(jdk.httpserver@11.0.22/Filter.java:77)
	at sun.net.httpserver.ServerImpl$Exchange.run(jdk.httpserver@11.0.22/ServerImpl.java:817)
	at sun.net.httpserver.ServerImpl$DefaultExecutor.execute(jdk.httpserver@11.0.22/ServerImpl.java:201)
	at sun.net.httpserver.ServerImpl$Dispatcher.handle(jdk.httpserver@11.0.22/ServerImpl.java:560)
	at sun.net.httpserver.ServerImpl$Dispatcher.run(jdk.httpserver@11.0.22/ServerImpl.java:526)
	at java.lang.Thread.run(java.base@11.0.22/Thread.java:829)

"DestroyJavaVM" #14 prio=5 os_prio=0 cpu=297.51ms elapsed=3.75s tid=0x00007fc364015800 nid=0xe5be waiting on condition  [0x0000000000000000]
   java.lang.Thread.State: RUNNABLE

"Attach Listener" #15 daemon prio=9 os_prio=0 cpu=2.52ms elapsed=1.08s tid=0x00007fc31c001000 nid=0xe683 waiting on condition  [0x0000000000000000]
   java.lang.Thread.State: RUNNABLE

"VM Thread" os_prio=0 cpu=10.98ms elapsed=4.28s tid=0x00007fc364128800 nid=0xe5c4 runnable  

"GC Thread#0" os_prio=0 cpu=4.19ms elapsed=4.29s tid=0x00007fc36402f800 nid=0xe5bf runnable  

"GC Thread#1" os_prio=0 cpu=6.23ms elapsed=0.58s tid=0x00007fc330001800 nid=0xe6da runnable  

"GC Thread#2" os_prio=0 cpu=5.08ms elapsed=0.58s tid=0x00007fc330003000 nid=0xe6db runnable  

"G1 Main Marker" os_prio=0 cpu=0.22ms elapsed=4.28s tid=0x00007fc364061000 nid=0xe5c0 runnable  

"G1 Conc#0" os_prio=0 cpu=0.10ms elapsed=4.28s tid=0x00007fc364063000 nid=0xe5c1 runnable  

"G1 Refine#0" os_prio=0 cpu=0.25ms elapsed=4.28s tid=0x00007fc3640f4000 nid=0xe5c2 runnable  

"G1 Young RemSet Sampling" os_prio=0 cpu=0.58ms elapsed=4.28s tid=0x00007fc3640f6000 nid=0xe5c3 runnable  
"VM Periodic Task Thread" os_prio=0 cpu=1.84ms elapsed=4.25s tid=0x00007fc36417e800 nid=0xe5cc waiting on condition  

JNI global refs: 15, weak refs: 0

58812:
-XX:CICompilerCount=4 -XX:ConcGCThreads=3 -XX:G1ConcRefinementThreads=10 -XX:G1HeapRegionSize=1048576 -XX:GCDrainStackTargetSize=64 -XX:InitialHeapSize=130023424 -XX:MarkStackSize=4194304 -XX:MaxHeapSize=2078277632 -XX:MaxNewSize=1246756864 -XX:MinHeapDeltaBytes=1048576 -XX:NonNMethodCodeHeapSize=5836300 -XX:NonProfiledCodeHeapSize=122910970 -XX:ProfiledCodeHeapSize=122910970 -XX:ReservedCodeCacheSize=251658240 -XX:+SegmentedCodeCache -XX:+UseCompressedClassPointers -XX:+UseCompressedOops -XX:+UseG1GC 
58812:
#Tue Mar 12 17:48:19 EDT 2024
awt.toolkit=sun.awt.X11.XToolkit
java.specification.version=11
sun.cpu.isalist=
sun.jnu.encoding=UTF-8
java.class.path=.\:./OrderService/jackson-annotations-2.16.1.jar\:./OrderService/jackson-core-2.16.1.jar\:./OrderService/jackson-databind-2.16.1.jar
java.vm.vendor=Ubuntu
sun.arch.data.model=64
java.vendor.url=https\://ubuntu.com/
user.timezone=America/New_York
java.vm.specification.version=11
os.name=Linux
sun.java.launcher=SUN_STANDARD
sun.boot.library.path=/usr/lib/jvm/java-11-openjdk-amd64/lib
sun.java.command=OrderService.OrderService
jdk.debug=release
sun.cpu.endian=little
user.home=/home/masa
user.language=en
java.specification.vendor=Oracle Corporation
java.version.date=2024-01-16
java.home=/usr/lib/jvm/java-11-openjdk-amd64
file.separator=/
java.vm.compressedOopsMode=32-bit
line.separator=\n
java.vm.specification.vendor=Oracle Corporation
java.specification.name=Java Platform API Specification
java.awt.graphicsenv=sun.awt.X11GraphicsEnvironment
sun.management.compiler=HotSpot 64-Bit Tiered Compilers
java.runtime.version=11.0.22+7-post-Ubuntu-0ubuntu222.04.1
user.name=masa
path.separator=\:
os.version=5.15.146.1-microsoft-standard-WSL2
java.runtime.name=OpenJDK Runtime Environment
file.encoding=UTF-8
java.vm.name=OpenJDK 64-Bit Server VM
java.vendor.url.bug=https\://bugs.launchpad.net/ubuntu/+source/openjdk-lts
java.io.tmpdir=/tmp
java.version=11.0.22
user.dir=/mnt/c/Users/faisa/Documents/csc301/a2/Microservice/final/preasync-1/compiled
os.arch=amd64
java.vm.specification.name=Java Virtual Machine Specification
java.awt.printerjob=sun.print.PSPrinterJob
sun.os.patch.level=unknown
java.library.path=/usr/java/packages/lib\:/usr/lib/x86_64-linux-gnu/jni\:/lib/x86_64-linux-gnu\:/usr/lib/x86_64-linux-gnu\:/usr/lib/jni\:/lib\:/usr/lib
java.vm.info=mixed mode, sharing
java.vendor=Ubuntu
java.vm.version=11.0.22+7-post-Ubuntu-0ubuntu222.04.1
java.specification.maintenance.version=2
sun.io.unicode.encoding=UnicodeLittle
java.class.version=55.0
58812:
OpenJDK 64-Bit Server VM version 11.0.22+7-post-Ubuntu-0ubuntu222.04.1
JDK 11.0.22
58812:
VM Arguments:
java_command: OrderService.OrderService
java_class_path (initial): .:./OrderService/jackson-annotations-2.16.1.jar:./OrderService/jackson-core-2.16.1.jar:./OrderService/jackson-databind-2.16.1.jar
Launcher Type: SUN_STANDARD
