58788:
#
# JRE version: OpenJDK Runtime Environment (11.0.22+7) (build 11.0.22+7-post-Ubuntu-0ubuntu222.04.1)
# Java VM: OpenJDK 64-Bit Server VM (11.0.22+7-post-Ubuntu-0ubuntu222.04.1, mixed mode, sharing, tiered, compressed oops, g1 gc, linux-amd64)

---------------  S U M M A R Y ------------

Command Line: ProductService.ProductService

Host: AMD Ryzen 5 3600 6-Core Processor, 12 cores, 7G, Ubuntu 22.04.3 LTS
Time: Tue Mar 12 17:48:17 2024 EDT elapsed time: 3.254128 seconds (0d 0h 0m 3s)

---------------  P R O C E S S  ---------------

Heap address: 0x0000000084200000, size: 1982 MB, Compressed Oops mode: 32-bit
Narrow klass base: 0x0000000800000000, Narrow klass shift: 3
Compressed class space size: 1073741824 Address: 0x0000000840000000

Heap:
 garbage-first heap   total 129024K, used 22224K [0x0000000084200000, 0x0000000100000000)
  region size 1024K, 23 young (23552K), 0 survivors (0K)
 Metaspace       used 7780K, capacity 9410K, committed 9472K, reserved 1058816K
  class space    used 805K, capacity 1012K, committed 1024K, reserved 1048576K
Heap Regions: E=young(eden), S=young(survivor), O=old, HS=humongous(starts), HC=humongous(continues), CS=collection set, F=free, A=archive, TAMS=top-at-mark-start (previous, next)
|   0|0x0000000084200000, 0x0000000084200000, 0x0000000084300000|  0%| F|  |TAMS 0x0000000084200000, 0x0000000084200000| Untracked 
|   1|0x0000000084300000, 0x0000000084300000, 0x0000000084400000|  0%| F|  |TAMS 0x0000000084300000, 0x0000000084300000| Untracked 
|   2|0x0000000084400000, 0x0000000084400000, 0x0000000084500000|  0%| F|  |TAMS 0x0000000084400000, 0x0000000084400000| Untracked 
|   3|0x0000000084500000, 0x0000000084500000, 0x0000000084600000|  0%| F|  |TAMS 0x0000000084500000, 0x0000000084500000| Untracked 
|   4|0x0000000084600000, 0x0000000084600000, 0x0000000084700000|  0%| F|  |TAMS 0x0000000084600000, 0x0000000084600000| Untracked 
|   5|0x0000000084700000, 0x0000000084700000, 0x0000000084800000|  0%| F|  |TAMS 0x0000000084700000, 0x0000000084700000| Untracked 
|   6|0x0000000084800000, 0x0000000084800000, 0x0000000084900000|  0%| F|  |TAMS 0x0000000084800000, 0x0000000084800000| Untracked 
|   7|0x0000000084900000, 0x0000000084900000, 0x0000000084a00000|  0%| F|  |TAMS 0x0000000084900000, 0x0000000084900000| Untracked 
|   8|0x0000000084a00000, 0x0000000084a00000, 0x0000000084b00000|  0%| F|  |TAMS 0x0000000084a00000, 0x0000000084a00000| Untracked 
|   9|0x0000000084b00000, 0x0000000084b00000, 0x0000000084c00000|  0%| F|  |TAMS 0x0000000084b00000, 0x0000000084b00000| Untracked 
|  10|0x0000000084c00000, 0x0000000084c00000, 0x0000000084d00000|  0%| F|  |TAMS 0x0000000084c00000, 0x0000000084c00000| Untracked 
|  11|0x0000000084d00000, 0x0000000084d00000, 0x0000000084e00000|  0%| F|  |TAMS 0x0000000084d00000, 0x0000000084d00000| Untracked 
|  12|0x0000000084e00000, 0x0000000084e00000, 0x0000000084f00000|  0%| F|  |TAMS 0x0000000084e00000, 0x0000000084e00000| Untracked 
|  13|0x0000000084f00000, 0x0000000084f00000, 0x0000000085000000|  0%| F|  |TAMS 0x0000000084f00000, 0x0000000084f00000| Untracked 
|  14|0x0000000085000000, 0x0000000085000000, 0x0000000085100000|  0%| F|  |TAMS 0x0000000085000000, 0x0000000085000000| Untracked 
|  15|0x0000000085100000, 0x0000000085100000, 0x0000000085200000|  0%| F|  |TAMS 0x0000000085100000, 0x0000000085100000| Untracked 
|  16|0x0000000085200000, 0x0000000085200000, 0x0000000085300000|  0%| F|  |TAMS 0x0000000085200000, 0x0000000085200000| Untracked 
|  17|0x0000000085300000, 0x0000000085300000, 0x0000000085400000|  0%| F|  |TAMS 0x0000000085300000, 0x0000000085300000| Untracked 
|  18|0x0000000085400000, 0x0000000085400000, 0x0000000085500000|  0%| F|  |TAMS 0x0000000085400000, 0x0000000085400000| Untracked 
|  19|0x0000000085500000, 0x0000000085500000, 0x0000000085600000|  0%| F|  |TAMS 0x0000000085500000, 0x0000000085500000| Untracked 
|  20|0x0000000085600000, 0x0000000085600000, 0x0000000085700000|  0%| F|  |TAMS 0x0000000085600000, 0x0000000085600000| Untracked 
|  21|0x0000000085700000, 0x0000000085700000, 0x0000000085800000|  0%| F|  |TAMS 0x0000000085700000, 0x0000000085700000| Untracked 
|  22|0x0000000085800000, 0x0000000085800000, 0x0000000085900000|  0%| F|  |TAMS 0x0000000085800000, 0x0000000085800000| Untracked 
|  23|0x0000000085900000, 0x0000000085900000, 0x0000000085a00000|  0%| F|  |TAMS 0x0000000085900000, 0x0000000085900000| Untracked 
|  24|0x0000000085a00000, 0x0000000085a00000, 0x0000000085b00000|  0%| F|  |TAMS 0x0000000085a00000, 0x0000000085a00000| Untracked 
|  25|0x0000000085b00000, 0x0000000085b00000, 0x0000000085c00000|  0%| F|  |TAMS 0x0000000085b00000, 0x0000000085b00000| Untracked 
|  26|0x0000000085c00000, 0x0000000085c00000, 0x0000000085d00000|  0%| F|  |TAMS 0x0000000085c00000, 0x0000000085c00000| Untracked 
|  27|0x0000000085d00000, 0x0000000085d00000, 0x0000000085e00000|  0%| F|  |TAMS 0x0000000085d00000, 0x0000000085d00000| Untracked 
|  28|0x0000000085e00000, 0x0000000085e00000, 0x0000000085f00000|  0%| F|  |TAMS 0x0000000085e00000, 0x0000000085e00000| Untracked 
|  29|0x0000000085f00000, 0x0000000085f00000, 0x0000000086000000|  0%| F|  |TAMS 0x0000000085f00000, 0x0000000085f00000| Untracked 
|  30|0x0000000086000000, 0x0000000086000000, 0x0000000086100000|  0%| F|  |TAMS 0x0000000086000000, 0x0000000086000000| Untracked 
|  31|0x0000000086100000, 0x0000000086100000, 0x0000000086200000|  0%| F|  |TAMS 0x0000000086100000, 0x0000000086100000| Untracked 
|  32|0x0000000086200000, 0x0000000086200000, 0x0000000086300000|  0%| F|  |TAMS 0x0000000086200000, 0x0000000086200000| Untracked 
|  33|0x0000000086300000, 0x0000000086300000, 0x0000000086400000|  0%| F|  |TAMS 0x0000000086300000, 0x0000000086300000| Untracked 
|  34|0x0000000086400000, 0x0000000086400000, 0x0000000086500000|  0%| F|  |TAMS 0x0000000086400000, 0x0000000086400000| Untracked 
|  35|0x0000000086500000, 0x0000000086500000, 0x0000000086600000|  0%| F|  |TAMS 0x0000000086500000, 0x0000000086500000| Untracked 
|  36|0x0000000086600000, 0x0000000086600000, 0x0000000086700000|  0%| F|  |TAMS 0x0000000086600000, 0x0000000086600000| Untracked 
|  37|0x0000000086700000, 0x0000000086700000, 0x0000000086800000|  0%| F|  |TAMS 0x0000000086700000, 0x0000000086700000| Untracked 
|  38|0x0000000086800000, 0x0000000086800000, 0x0000000086900000|  0%| F|  |TAMS 0x0000000086800000, 0x0000000086800000| Untracked 
|  39|0x0000000086900000, 0x0000000086900000, 0x0000000086a00000|  0%| F|  |TAMS 0x0000000086900000, 0x0000000086900000| Untracked 
|  40|0x0000000086a00000, 0x0000000086a00000, 0x0000000086b00000|  0%| F|  |TAMS 0x0000000086a00000, 0x0000000086a00000| Untracked 
|  41|0x0000000086b00000, 0x0000000086b00000, 0x0000000086c00000|  0%| F|  |TAMS 0x0000000086b00000, 0x0000000086b00000| Untracked 
|  42|0x0000000086c00000, 0x0000000086c00000, 0x0000000086d00000|  0%| F|  |TAMS 0x0000000086c00000, 0x0000000086c00000| Untracked 
|  43|0x0000000086d00000, 0x0000000086d00000, 0x0000000086e00000|  0%| F|  |TAMS 0x0000000086d00000, 0x0000000086d00000| Untracked 
|  44|0x0000000086e00000, 0x0000000086e00000, 0x0000000086f00000|  0%| F|  |TAMS 0x0000000086e00000, 0x0000000086e00000| Untracked 
|  45|0x0000000086f00000, 0x0000000086f00000, 0x0000000087000000|  0%| F|  |TAMS 0x0000000086f00000, 0x0000000086f00000| Untracked 
|  46|0x0000000087000000, 0x0000000087000000, 0x0000000087100000|  0%| F|  |TAMS 0x0000000087000000, 0x0000000087000000| Untracked 
|  47|0x0000000087100000, 0x0000000087100000, 0x0000000087200000|  0%| F|  |TAMS 0x0000000087100000, 0x0000000087100000| Untracked 
|  48|0x0000000087200000, 0x0000000087200000, 0x0000000087300000|  0%| F|  |TAMS 0x0000000087200000, 0x0000000087200000| Untracked 
|  49|0x0000000087300000, 0x0000000087300000, 0x0000000087400000|  0%| F|  |TAMS 0x0000000087300000, 0x0000000087300000| Untracked 
|  50|0x0000000087400000, 0x0000000087400000, 0x0000000087500000|  0%| F|  |TAMS 0x0000000087400000, 0x0000000087400000| Untracked 
|  51|0x0000000087500000, 0x0000000087500000, 0x0000000087600000|  0%| F|  |TAMS 0x0000000087500000, 0x0000000087500000| Untracked 
|  52|0x0000000087600000, 0x0000000087600000, 0x0000000087700000|  0%| F|  |TAMS 0x0000000087600000, 0x0000000087600000| Untracked 
|  53|0x0000000087700000, 0x0000000087700000, 0x0000000087800000|  0%| F|  |TAMS 0x0000000087700000, 0x0000000087700000| Untracked 
|  54|0x0000000087800000, 0x0000000087800000, 0x0000000087900000|  0%| F|  |TAMS 0x0000000087800000, 0x0000000087800000| Untracked 
|  55|0x0000000087900000, 0x0000000087900000, 0x0000000087a00000|  0%| F|  |TAMS 0x0000000087900000, 0x0000000087900000| Untracked 
|  56|0x0000000087a00000, 0x0000000087a00000, 0x0000000087b00000|  0%| F|  |TAMS 0x0000000087a00000, 0x0000000087a00000| Untracked 
|  57|0x0000000087b00000, 0x0000000087b00000, 0x0000000087c00000|  0%| F|  |TAMS 0x0000000087b00000, 0x0000000087b00000| Untracked 
|  58|0x0000000087c00000, 0x0000000087c00000, 0x0000000087d00000|  0%| F|  |TAMS 0x0000000087c00000, 0x0000000087c00000| Untracked 
|  59|0x0000000087d00000, 0x0000000087d00000, 0x0000000087e00000|  0%| F|  |TAMS 0x0000000087d00000, 0x0000000087d00000| Untracked 
|  60|0x0000000087e00000, 0x0000000087e00000, 0x0000000087f00000|  0%| F|  |TAMS 0x0000000087e00000, 0x0000000087e00000| Untracked 
|  61|0x0000000087f00000, 0x0000000087f00000, 0x0000000088000000|  0%| F|  |TAMS 0x0000000087f00000, 0x0000000087f00000| Untracked 
|  62|0x0000000088000000, 0x0000000088000000, 0x0000000088100000|  0%| F|  |TAMS 0x0000000088000000, 0x0000000088000000| Untracked 
|  63|0x0000000088100000, 0x0000000088100000, 0x0000000088200000|  0%| F|  |TAMS 0x0000000088100000, 0x0000000088100000| Untracked 
|  64|0x0000000088200000, 0x0000000088200000, 0x0000000088300000|  0%| F|  |TAMS 0x0000000088200000, 0x0000000088200000| Untracked 
|  65|0x0000000088300000, 0x0000000088300000, 0x0000000088400000|  0%| F|  |TAMS 0x0000000088300000, 0x0000000088300000| Untracked 
|  66|0x0000000088400000, 0x0000000088400000, 0x0000000088500000|  0%| F|  |TAMS 0x0000000088400000, 0x0000000088400000| Untracked 
|  67|0x0000000088500000, 0x0000000088500000, 0x0000000088600000|  0%| F|  |TAMS 0x0000000088500000, 0x0000000088500000| Untracked 
|  68|0x0000000088600000, 0x0000000088600000, 0x0000000088700000|  0%| F|  |TAMS 0x0000000088600000, 0x0000000088600000| Untracked 
|  69|0x0000000088700000, 0x0000000088700000, 0x0000000088800000|  0%| F|  |TAMS 0x0000000088700000, 0x0000000088700000| Untracked 
|  70|0x0000000088800000, 0x0000000088800000, 0x0000000088900000|  0%| F|  |TAMS 0x0000000088800000, 0x0000000088800000| Untracked 
|  71|0x0000000088900000, 0x0000000088900000, 0x0000000088a00000|  0%| F|  |TAMS 0x0000000088900000, 0x0000000088900000| Untracked 
|  72|0x0000000088a00000, 0x0000000088a00000, 0x0000000088b00000|  0%| F|  |TAMS 0x0000000088a00000, 0x0000000088a00000| Untracked 
|  73|0x0000000088b00000, 0x0000000088b00000, 0x0000000088c00000|  0%| F|  |TAMS 0x0000000088b00000, 0x0000000088b00000| Untracked 
|  74|0x0000000088c00000, 0x0000000088c00000, 0x0000000088d00000|  0%| F|  |TAMS 0x0000000088c00000, 0x0000000088c00000| Untracked 
|  75|0x0000000088d00000, 0x0000000088d00000, 0x0000000088e00000|  0%| F|  |TAMS 0x0000000088d00000, 0x0000000088d00000| Untracked 
|  76|0x0000000088e00000, 0x0000000088e00000, 0x0000000088f00000|  0%| F|  |TAMS 0x0000000088e00000, 0x0000000088e00000| Untracked 
|  77|0x0000000088f00000, 0x0000000088f00000, 0x0000000089000000|  0%| F|  |TAMS 0x0000000088f00000, 0x0000000088f00000| Untracked 
|  78|0x0000000089000000, 0x0000000089000000, 0x0000000089100000|  0%| F|  |TAMS 0x0000000089000000, 0x0000000089000000| Untracked 
|  79|0x0000000089100000, 0x0000000089100000, 0x0000000089200000|  0%| F|  |TAMS 0x0000000089100000, 0x0000000089100000| Untracked 
|  80|0x0000000089200000, 0x0000000089200000, 0x0000000089300000|  0%| F|  |TAMS 0x0000000089200000, 0x0000000089200000| Untracked 
|  81|0x0000000089300000, 0x0000000089300000, 0x0000000089400000|  0%| F|  |TAMS 0x0000000089300000, 0x0000000089300000| Untracked 
|  82|0x0000000089400000, 0x0000000089400000, 0x0000000089500000|  0%| F|  |TAMS 0x0000000089400000, 0x0000000089400000| Untracked 
|  83|0x0000000089500000, 0x0000000089500000, 0x0000000089600000|  0%| F|  |TAMS 0x0000000089500000, 0x0000000089500000| Untracked 
|  84|0x0000000089600000, 0x0000000089600000, 0x0000000089700000|  0%| F|  |TAMS 0x0000000089600000, 0x0000000089600000| Untracked 
|  85|0x0000000089700000, 0x0000000089700000, 0x0000000089800000|  0%| F|  |TAMS 0x0000000089700000, 0x0000000089700000| Untracked 
|  86|0x0000000089800000, 0x0000000089800000, 0x0000000089900000|  0%| F|  |TAMS 0x0000000089800000, 0x0000000089800000| Untracked 
|  87|0x0000000089900000, 0x0000000089900000, 0x0000000089a00000|  0%| F|  |TAMS 0x0000000089900000, 0x0000000089900000| Untracked 
|  88|0x0000000089a00000, 0x0000000089a00000, 0x0000000089b00000|  0%| F|  |TAMS 0x0000000089a00000, 0x0000000089a00000| Untracked 
|  89|0x0000000089b00000, 0x0000000089b00000, 0x0000000089c00000|  0%| F|  |TAMS 0x0000000089b00000, 0x0000000089b00000| Untracked 
|  90|0x0000000089c00000, 0x0000000089c00000, 0x0000000089d00000|  0%| F|  |TAMS 0x0000000089c00000, 0x0000000089c00000| Untracked 
|  91|0x0000000089d00000, 0x0000000089d00000, 0x0000000089e00000|  0%| F|  |TAMS 0x0000000089d00000, 0x0000000089d00000| Untracked 
|  92|0x0000000089e00000, 0x0000000089e00000, 0x0000000089f00000|  0%| F|  |TAMS 0x0000000089e00000, 0x0000000089e00000| Untracked 
|  93|0x0000000089f00000, 0x0000000089f00000, 0x000000008a000000|  0%| F|  |TAMS 0x0000000089f00000, 0x0000000089f00000| Untracked 
|  94|0x000000008a000000, 0x000000008a000000, 0x000000008a100000|  0%| F|  |TAMS 0x000000008a000000, 0x000000008a000000| Untracked 
|  95|0x000000008a100000, 0x000000008a100000, 0x000000008a200000|  0%| F|  |TAMS 0x000000008a100000, 0x000000008a100000| Untracked 
|  96|0x000000008a200000, 0x000000008a200000, 0x000000008a300000|  0%| F|  |TAMS 0x000000008a200000, 0x000000008a200000| Untracked 
|  97|0x000000008a300000, 0x000000008a300000, 0x000000008a400000|  0%| F|  |TAMS 0x000000008a300000, 0x000000008a300000| Untracked 
|  98|0x000000008a400000, 0x000000008a400000, 0x000000008a500000|  0%| F|  |TAMS 0x000000008a400000, 0x000000008a400000| Untracked 
|  99|0x000000008a500000, 0x000000008a500000, 0x000000008a600000|  0%| F|  |TAMS 0x000000008a500000, 0x000000008a500000| Untracked 
| 100|0x000000008a600000, 0x000000008a600000, 0x000000008a700000|  0%| F|  |TAMS 0x000000008a600000, 0x000000008a600000| Untracked 
| 101|0x000000008a700000, 0x000000008a700800, 0x000000008a800000|  0%| E|  |TAMS 0x000000008a700000, 0x000000008a700000| Complete 
| 102|0x000000008a800000, 0x000000008a900000, 0x000000008a900000|100%| E|CS|TAMS 0x000000008a800000, 0x000000008a800000| Complete 
| 103|0x000000008a900000, 0x000000008aa00000, 0x000000008aa00000|100%| E|CS|TAMS 0x000000008a900000, 0x000000008a900000| Complete 
| 104|0x000000008aa00000, 0x000000008ab00000, 0x000000008ab00000|100%| E|  |TAMS 0x000000008aa00000, 0x000000008aa00000| Complete 
| 105|0x000000008ab00000, 0x000000008ac00000, 0x000000008ac00000|100%| E|CS|TAMS 0x000000008ab00000, 0x000000008ab00000| Complete 
| 106|0x000000008ac00000, 0x000000008ad00000, 0x000000008ad00000|100%| E|CS|TAMS 0x000000008ac00000, 0x000000008ac00000| Complete 
| 107|0x000000008ad00000, 0x000000008ae00000, 0x000000008ae00000|100%| E|CS|TAMS 0x000000008ad00000, 0x000000008ad00000| Complete 
| 108|0x000000008ae00000, 0x000000008af00000, 0x000000008af00000|100%| E|CS|TAMS 0x000000008ae00000, 0x000000008ae00000| Complete 
| 109|0x000000008af00000, 0x000000008b000000, 0x000000008b000000|100%| E|CS|TAMS 0x000000008af00000, 0x000000008af00000| Complete 
| 110|0x000000008b000000, 0x000000008b100000, 0x000000008b100000|100%| E|CS|TAMS 0x000000008b000000, 0x000000008b000000| Complete 
| 111|0x000000008b100000, 0x000000008b200000, 0x000000008b200000|100%| E|CS|TAMS 0x000000008b100000, 0x000000008b100000| Complete 
| 112|0x000000008b200000, 0x000000008b300000, 0x000000008b300000|100%| E|CS|TAMS 0x000000008b200000, 0x000000008b200000| Complete 
| 113|0x000000008b300000, 0x000000008b400000, 0x000000008b400000|100%| E|CS|TAMS 0x000000008b300000, 0x000000008b300000| Complete 
| 114|0x000000008b400000, 0x000000008b500000, 0x000000008b500000|100%| E|CS|TAMS 0x000000008b400000, 0x000000008b400000| Complete 
| 115|0x000000008b500000, 0x000000008b600000, 0x000000008b600000|100%| E|CS|TAMS 0x000000008b500000, 0x000000008b500000| Complete 
| 116|0x000000008b600000, 0x000000008b700000, 0x000000008b700000|100%| E|CS|TAMS 0x000000008b600000, 0x000000008b600000| Complete 
| 117|0x000000008b700000, 0x000000008b800000, 0x000000008b800000|100%| E|CS|TAMS 0x000000008b700000, 0x000000008b700000| Complete 
| 118|0x000000008b800000, 0x000000008b900000, 0x000000008b900000|100%| E|CS|TAMS 0x000000008b800000, 0x000000008b800000| Complete 
| 119|0x000000008b900000, 0x000000008ba00000, 0x000000008ba00000|100%| E|CS|TAMS 0x000000008b900000, 0x000000008b900000| Complete 
| 120|0x000000008ba00000, 0x000000008bb00000, 0x000000008bb00000|100%| E|CS|TAMS 0x000000008ba00000, 0x000000008ba00000| Complete 
| 121|0x000000008bb00000, 0x000000008bc00000, 0x000000008bc00000|100%| E|CS|TAMS 0x000000008bb00000, 0x000000008bb00000| Complete 
| 122|0x000000008bc00000, 0x000000008bd00000, 0x000000008bd00000|100%| E|CS|TAMS 0x000000008bc00000, 0x000000008bc00000| Complete 
| 123|0x000000008bd00000, 0x000000008be00000, 0x000000008be00000|100%| E|CS|TAMS 0x000000008bd00000, 0x000000008bd00000| Complete 
|1980|0x00000000ffe00000, 0x00000000ffe48000, 0x00000000fff00000| 28%|OA|  |TAMS 0x00000000ffe00000, 0x00000000ffe00000| Untracked 
|1981|0x00000000fff00000, 0x00000000fff6c000, 0x0000000100000000| 42%|CA|  |TAMS 0x00000000fff00000, 0x00000000fff00000| Untracked 

Card table byte_map: [0x00007f5786a97000,0x00007f5786e76000] _byte_map_base: 0x00007f5786676000

Marking Bits (Prev, Next): (CMBitMap*) 0x00007f5780058788, (CMBitMap*) 0x00007f57800587c0
 Prev Bits: [0x00007f57847c0000, 0x00007f57866b8000)
 Next Bits: [0x00007f5762108000, 0x00007f5764000000)

Polling page: 0x00007f5789908000

Metaspace:

Usage:
  Non-class:      8.20 MB capacity,     6.81 MB ( 83%) used,     1.37 MB ( 17%) free+waste,    15.44 KB ( <1%) overhead. 
      Class:   1012.00 KB capacity,   805.70 KB ( 80%) used,   198.48 KB ( 20%) free+waste,     7.81 KB ( <1%) overhead. 
       Both:      9.19 MB capacity,     7.60 MB ( 83%) used,     1.57 MB ( 17%) free+waste,    23.25 KB ( <1%) overhead. 

Virtual space:
  Non-class space:       10.00 MB reserved,       8.25 MB ( 82%) committed 
      Class space:        1.00 GB reserved,       1.00 MB ( <1%) committed 
             Both:        1.01 GB reserved,       9.25 MB ( <1%) committed 

Chunk freelists:
   Non-Class:  0 bytes
       Class:  12.00 KB
        Both:  12.00 KB

MaxMetaspaceSize: unlimited
CompressedClassSpaceSize: 1.00 GB
Initial GC threshold: 20.80 MB
Current GC threshold: 20.80 MB
CDS: on

CodeHeap 'non-profiled nmethods': size=120032Kb used=287Kb max_used=287Kb free=119744Kb
 bounds [0x00007f57702a3000, 0x00007f5770513000, 0x00007f57777db000]
CodeHeap 'profiled nmethods': size=120028Kb used=1950Kb max_used=1950Kb free=118077Kb
 bounds [0x00007f5768d6c000, 0x00007f5768fdc000, 0x00007f57702a3000]
CodeHeap 'non-nmethods': size=5700Kb used=1175Kb max_used=1190Kb free=4524Kb
 bounds [0x00007f57687db000, 0x00007f5768a4b000, 0x00007f5768d6c000]
 total_blobs=1430 nmethods=987 adapters=357
 compilation: enabled
              stopped_count=0, restarted_count=0
 full_count=0

Compilation events (20 events):
Event: 0.872 Thread 0x00007f578013b800  967       3       jdk.internal.org.objectweb.asm.MethodWriter::visitTypeInsn (120 bytes)
Event: 0.872 Thread 0x00007f578013b800 nmethod 967 0x00007f5768f49390 code [0x00007f5768f49580, 0x00007f5768f49940]
Event: 0.872 Thread 0x00007f578013b800  972       3       java.lang.invoke.InvokerBytecodeGenerator::isStaticallyInvocable (165 bytes)
Event: 0.873 Thread 0x00007f5780139800  981       4       jdk.internal.org.objectweb.asm.Item::set (219 bytes)
Event: 0.874 Thread 0x00007f578013b800 nmethod 972 0x00007f5768f49b10 code [0x00007f5768f4a060, 0x00007f5768f4ca90]
Event: 0.874 Thread 0x00007f578013b800  973       3       java.lang.invoke.MemberName::isPrivate (8 bytes)
Event: 0.874 Thread 0x00007f578013b800 nmethod 973 0x00007f5768f4d610 code [0x00007f5768f4d7c0, 0x00007f5768f4d990]
Event: 0.874 Thread 0x00007f578013b800  974       3       java.lang.invoke.InvokerBytecodeGenerator::emitStaticInvoke (258 bytes)
Event: 0.874 Thread 0x00007f578013b800 nmethod 974 0x00007f5768f4da90 code [0x00007f5768f4dda0, 0x00007f5768f4ec20]
Event: 0.874 Thread 0x00007f578013b800  986       3       jdk.internal.org.objectweb.asm.Type::getType (269 bytes)
Event: 0.875 Thread 0x00007f578013b800 nmethod 986 0x00007f5768f4f210 code [0x00007f5768f4f460, 0x00007f5768f50090]
Event: 0.875 Thread 0x00007f578013b800  978       3       java.lang.invoke.MemberName::checkForTypeAlias (168 bytes)
Event: 0.876 Thread 0x00007f578013b800 nmethod 978 0x00007f5768f50390 code [0x00007f5768f50840, 0x00007f5768f52b10]
Event: 0.876 Thread 0x00007f578013b800  979       3       java.lang.invoke.LambdaForm$Name::newIndex (16 bytes)
Event: 0.876 Thread 0x00007f578013b800 nmethod 979 0x00007f5768f53510 code [0x00007f5768f536e0, 0x00007f5768f53960]
Event: 0.876 Thread 0x00007f578013b800  977       1       java.lang.invoke.LambdaForm$BasicType::basicTypeChar (5 bytes)
Event: 0.876 Thread 0x00007f578013b800 nmethod 977 0x00007f57702e9110 code [0x00007f57702e92c0, 0x00007f57702e9390]
Event: 0.888 Thread 0x00007f5780139800 nmethod 981 0x00007f57702e9410 code [0x00007f57702e95e0, 0x00007f57702ea498]
Event: 0.888 Thread 0x00007f5780139800  984       4       java.lang.invoke.MemberName::getReferenceKind (12 bytes)
Event: 0.888 Thread 0x00007f5780139800 nmethod 984 0x00007f57702eac10 code [0x00007f57702eada0, 0x00007f57702eae18]

GC Heap History (0 events):
No events

Deoptimization events (20 events):
Event: 0.608 Thread 0x00007f5780015800 DEOPT PACKING pc=0x00007f5768d84443 sp=0x00007f578809b370
Event: 0.608 Thread 0x00007f5780015800 DEOPT UNPACKING pc=0x00007f576882564a sp=0x00007f578809a860 mode 0
Event: 0.678 Thread 0x00007f5780015800 Uncommon trap: trap_request=0xffffff76 fr.pc=0x00007f57702bf994 relative=0x00000000000003d4
Event: 0.678 Thread 0x00007f5780015800 Uncommon trap: reason=loop_limit_check action=maybe_recompile pc=0x00007f57702bf994 method=java.lang.StringLatin1.indexOf([BI[BII)I @ 37 c2
Event: 0.678 Thread 0x00007f5780015800 DEOPT PACKING pc=0x00007f57702bf994 sp=0x00007f57880a0370
Event: 0.678 Thread 0x00007f5780015800 DEOPT UNPACKING pc=0x00007f5768824ea5 sp=0x00007f57880a02f0 mode 2
Event: 0.691 Thread 0x00007f5780015800 Uncommon trap: trap_request=0xffffff4d fr.pc=0x00007f57702bc47c relative=0x000000000000023c
Event: 0.691 Thread 0x00007f5780015800 Uncommon trap: reason=unstable_if action=reinterpret pc=0x00007f57702bc47c method=java.lang.String.startsWith(Ljava/lang/String;I)Z @ 14 c2
Event: 0.691 Thread 0x00007f5780015800 DEOPT PACKING pc=0x00007f57702bc47c sp=0x00007f578809fe50
Event: 0.691 Thread 0x00007f5780015800 DEOPT UNPACKING pc=0x00007f5768824ea5 sp=0x00007f578809fdd8 mode 2
Event: 0.758 Thread 0x00007f5780015800 DEOPT PACKING pc=0x00007f5768f0c673 sp=0x00007f57880a01e0
Event: 0.758 Thread 0x00007f5780015800 DEOPT UNPACKING pc=0x00007f576882564a sp=0x00007f578809f708 mode 0
Event: 0.775 Thread 0x00007f5780015800 Uncommon trap: trap_request=0xffffff4d fr.pc=0x00007f57702deba8 relative=0x0000000000000748
Event: 0.775 Thread 0x00007f5780015800 Uncommon trap: reason=unstable_if action=reinterpret pc=0x00007f57702deba8 method=org.sqlite.SQLiteJDBCLoader.contentsEquals(Ljava/io/InputStream;Ljava/io/InputStream;)Z @ 39 c2
Event: 0.775 Thread 0x00007f5780015800 DEOPT PACKING pc=0x00007f57702deba8 sp=0x00007f57880a0230
Event: 0.775 Thread 0x00007f5780015800 DEOPT UNPACKING pc=0x00007f5768824ea5 sp=0x00007f57880a0208 mode 2
Event: 0.833 Thread 0x00007f5780015800 DEOPT PACKING pc=0x00007f5768dc9cb4 sp=0x00007f578809fb70
Event: 0.833 Thread 0x00007f5780015800 DEOPT UNPACKING pc=0x00007f576882564a sp=0x00007f578809f0a8 mode 0
Event: 0.836 Thread 0x00007f5780015800 DEOPT PACKING pc=0x00007f5768da71a0 sp=0x00007f578809e360
Event: 0.836 Thread 0x00007f5780015800 DEOPT UNPACKING pc=0x00007f576882564a sp=0x00007f578809d898 mode 0

Classes redefined (0 events):
No events

Internal exceptions (12 events):
Event: 0.625 Thread 0x00007f5780015800 Exception <a 'java/lang/NoClassDefFoundError'{0x000000008aed2c68}: org/slf4j/impl/StaticLoggerBinder> (0x000000008aed2c68) thrown at [./src/hotspot/share/classfile/systemDictionary.cpp, line 219]
Event: 0.672 Thread 0x00007f5780015800 Exception <a 'java/lang/NoSuchMethodError'{0x000000008ac2ae80}: 'int java.lang.invoke.DirectMethodHandle$Holder.invokeSpecialIFC(java.lang.Object, java.lang.Object, int)'> (0x000000008ac2ae80) thrown at [./src/hotspot/share/interpreter/linkResolver.cpp, line 772]
Event: 0.700 Thread 0x00007f5780015800 Exception <a 'java/lang/NoSuchMethodError'{0x000000008ace05e0}: 'java.lang.Object java.lang.invoke.DirectMethodHandle$Holder.invokeStaticInit(java.lang.Object, java.lang.Object, long, java.lang.Object)'> (0x000000008ace05e0) thrown at [./src/hotspot/share/interpreter/linkResolver.cpp, line 772]
Event: 0.701 Thread 0x00007f5780015800 Exception <a 'java/lang/NoSuchMethodError'{0x000000008acec700}: 'java.lang.Object java.lang.invoke.Invokers$Holder.linkToTargetMethod(java.lang.Object, long, java.lang.Object)'> (0x000000008acec700) thrown at [./src/hotspot/share/interpreter/linkResolver.cpp, line 772]
Event: 0.702 Thread 0x00007f5780015800 Exception <a 'java/lang/NoSuchMethodError'{0x000000008acf3898}: 'java.lang.Object java.lang.invoke.DirectMethodHandle$Holder.invokeStatic(java.lang.Object, java.lang.Object, java.lang.Object, int)'> (0x000000008acf3898) thrown at [./src/hotspot/share/interpreter/linkResolver.cpp, line 772]
Event: 0.703 Thread 0x00007f5780015800 Exception <a 'java/lang/NoSuchMethodError'{0x000000008acf7510}: 'java.lang.Object java.lang.invoke.DirectMethodHandle$Holder.invokeSpecial(java.lang.Object, java.lang.Object, java.lang.Object, java.lang.Object, int)'> (0x000000008acf7510) thrown at [./src/hotspot/share/interpreter/linkResolver.cpp, line 772]
Event: 0.703 Thread 0x00007f5780015800 Exception <a 'java/lang/NoSuchMethodError'{0x000000008acfabe8}: 'java.lang.Object java.lang.invoke.Invokers$Holder.linkToTargetMethod(java.lang.Object, java.lang.Object, int, java.lang.Object)'> (0x000000008acfabe8) thrown at [./src/hotspot/share/interpreter/linkResolver.cpp, line 772]
Event: 0.722 Thread 0x00007f5780015800 Exception <a 'sun/nio/fs/UnixException'{0x000000008ab5cb78}> (0x000000008ab5cb78) thrown at [./src/hotspot/share/prims/jni.cpp, line 617]
Event: 0.723 Thread 0x00007f5780015800 Exception <a 'sun/nio/fs/UnixException'{0x000000008ab5f290}> (0x000000008ab5f290) thrown at [./src/hotspot/share/prims/jni.cpp, line 617]
Event: 0.803 Thread 0x00007f5780015800 Exception <a 'java/lang/NoSuchMethodError'{0x000000008aa92d88}: 'java.lang.Object java.lang.invoke.DirectMethodHandle$Holder.invokeSpecial(java.lang.Object, java.lang.Object, long)'> (0x000000008aa92d88) thrown at [./src/hotspot/share/interpreter/linkResolver.cpp, line 772]
Event: 0.872 Thread 0x00007f5780015800 Exception <a 'java/lang/NoSuchMethodError'{0x000000008a815c60}: 'java.lang.Object java.lang.invoke.DirectMethodHandle$Holder.invokeStatic(java.lang.Object, java.lang.Object, java.lang.Object, java.lang.Object, java.lang.Object, java.lang.Object, java.lang.Object, java.lang.Object, java.lang.Object, java.lang.Object, java.lang.Object, java.lang.Object, java.lang.Object, int)'> (0x000000008a815c60) thrown at [./src/hotspot/share/interpreter/linkResolver.cpp, line 772]
Event: 0.873 Thread 0x00007f5780015800 Exception <a 'java/lang/NoSuchMethodError'{0x000000008a822b18}: 'java.lang.Object java.lang.invoke.DirectMethodHandle$Holder.invokeStatic(java.lang.Object, java.lang.Object, java.lang.Object, java.lang.Object, java.lang.Object, java.lang.Object, java.lang.Object, java.lang.Object, java.lang.Object, java.lang.Object, java.lang.Object, java.lang.Object, java.lang.Object, int, int)'> (0x000000008a822b18) thrown at [./src/hotspot/share/interpreter/linkResolver.cpp, line 772]

Events (20 events):
Event: 0.874 loading class java/lang/invoke/BoundMethodHandle$Species_LLLLLLLLLLIIL done
Event: 0.875 loading class ProductService/ProductService$productHandler
Event: 0.875 loading class ProductService/ProductService$productHandler done
Event: 0.878 loading class ProductService/ProductService$killHandler
Event: 0.878 loading class ProductService/ProductService$killHandler done
Event: 0.881 Thread 0x00007f5780412000 Thread added: 0x00007f5780412000
Event: 0.881 Protecting memory [0x00007f5752600000,0x00007f5752604000] with protection modes 0
Event: 0.881 loading class java/util/LinkedList$ListItr
Event: 0.881 loading class java/util/LinkedList$ListItr done
Event: 0.881 Thread 0x00007f5780015800 Thread exited: 0x00007f5780015800
Event: 0.881 Protecting memory [0x00007f5787fa2000,0x00007f5787fa6000] with protection modes 0
Event: 0.881 Thread 0x00007f5780015800 Thread added: 0x00007f5780015800
Event: 0.881 Executing VM operation: RevokeBias
Event: 0.882 Executing VM operation: RevokeBias done
Event: 0.882 loading class java/nio/channels/spi/AbstractSelector$1
Event: 0.882 loading class sun/nio/ch/Interruptible
Event: 0.882 loading class sun/nio/ch/Interruptible done
Event: 0.882 loading class java/nio/channels/spi/AbstractSelector$1 done
Event: 3.153 Thread 0x00007f5738001000 Thread added: 0x00007f5738001000
Event: 3.153 Protecting memory [0x00007f5752500000,0x00007f5752504000] with protection modes 0


Dynamic libraries:
84200000-8be00000 rw-p 00000000 00:00 0 
8be00000-ffe00000 ---p 00000000 00:00 0 
ffe00000-ffe48000 rw-p 00b14000 08:20 31009                              /usr/lib/jvm/java-11-openjdk-amd64/lib/server/classes.jsa
ffe48000-fff00000 rw-p 00000000 00:00 0 
fff00000-fff6c000 rw-p 00aa8000 08:20 31009                              /usr/lib/jvm/java-11-openjdk-amd64/lib/server/classes.jsa
fff6c000-100000000 rw-p 00000000 00:00 0 
800000000-800002000 rwxp 00001000 08:20 31009                            /usr/lib/jvm/java-11-openjdk-amd64/lib/server/classes.jsa
800002000-8003ce000 rw-p 00003000 08:20 31009                            /usr/lib/jvm/java-11-openjdk-amd64/lib/server/classes.jsa
8003ce000-800aa6000 r--p 003cf000 08:20 31009                            /usr/lib/jvm/java-11-openjdk-amd64/lib/server/classes.jsa
800aa6000-800aa7000 rw-p 00aa7000 08:20 31009                            /usr/lib/jvm/java-11-openjdk-amd64/lib/server/classes.jsa
840000000-840100000 rw-p 00000000 00:00 0 
840100000-880000000 ---p 00000000 00:00 0 
55e56c3a6000-55e56c3a7000 r--p 00000000 08:20 31789                      /usr/lib/jvm/java-11-openjdk-amd64/bin/java
55e56c3a7000-55e56c3a8000 r-xp 00001000 08:20 31789                      /usr/lib/jvm/java-11-openjdk-amd64/bin/java
55e56c3a8000-55e56c3a9000 r--p 00002000 08:20 31789                      /usr/lib/jvm/java-11-openjdk-amd64/bin/java
55e56c3a9000-55e56c3aa000 r--p 00002000 08:20 31789                      /usr/lib/jvm/java-11-openjdk-amd64/bin/java
55e56c3aa000-55e56c3ab000 rw-p 00003000 08:20 31789                      /usr/lib/jvm/java-11-openjdk-amd64/bin/java
55e56e372000-55e56e3b4000 rw-p 00000000 00:00 0                          [heap]
7f5710000000-7f5710021000 rw-p 00000000 00:00 0 
7f5710021000-7f5714000000 ---p 00000000 00:00 0 
7f5718000000-7f5718021000 rw-p 00000000 00:00 0 
7f5718021000-7f571c000000 ---p 00000000 00:00 0 
7f571c000000-7f571c021000 rw-p 00000000 00:00 0 
7f571c021000-7f5720000000 ---p 00000000 00:00 0 
7f5720000000-7f5720021000 rw-p 00000000 00:00 0 
7f5720021000-7f5724000000 ---p 00000000 00:00 0 
7f5724000000-7f5724021000 rw-p 00000000 00:00 0 
7f5724021000-7f5728000000 ---p 00000000 00:00 0 
7f5728000000-7f5728021000 rw-p 00000000 00:00 0 
7f5728021000-7f572c000000 ---p 00000000 00:00 0 
7f572c000000-7f572c021000 rw-p 00000000 00:00 0 
7f572c021000-7f5730000000 ---p 00000000 00:00 0 
7f5730000000-7f57301c7000 rw-p 00000000 00:00 0 
7f57301c7000-7f5734000000 ---p 00000000 00:00 0 
7f5734000000-7f5734551000 rw-p 00000000 00:00 0 
7f5734551000-7f5738000000 ---p 00000000 00:00 0 
7f5738000000-7f5738021000 rw-p 00000000 00:00 0 
7f5738021000-7f573c000000 ---p 00000000 00:00 0 
7f573c000000-7f573c021000 rw-p 00000000 00:00 0 
7f573c021000-7f5740000000 ---p 00000000 00:00 0 
7f5740000000-7f5740021000 rw-p 00000000 00:00 0 
7f5740021000-7f5744000000 ---p 00000000 00:00 0 
7f5744000000-7f5744021000 rw-p 00000000 00:00 0 
7f5744021000-7f5748000000 ---p 00000000 00:00 0 
7f5748000000-7f5748021000 rw-p 00000000 00:00 0 
7f5748021000-7f574c000000 ---p 00000000 00:00 0 
7f574c000000-7f574c021000 rw-p 00000000 00:00 0 
7f574c021000-7f5750000000 ---p 00000000 00:00 0 
7f5752500000-7f5752504000 ---p 00000000 00:00 0 
7f5752504000-7f5752600000 rw-p 00000000 00:00 0 
7f5752600000-7f5752604000 ---p 00000000 00:00 0 
7f5752604000-7f5752700000 rw-p 00000000 00:00 0 
7f5752700000-7f5752704000 ---p 00000000 00:00 0 
7f5752704000-7f5752840000 rw-p 00000000 00:00 0 
7f5752840000-7f5752a00000 ---p 00000000 00:00 0 
7f5752a00000-7f5752af8000 r-xp 00000000 08:20 25762                      /tmp/sqlite-3.45.0.0-1a4f242f-8965-47e4-99c8-4a3ad8b06a81-libsqlitejdbc.so
7f5752af8000-7f5752cf8000 ---p 000f8000 08:20 25762                      /tmp/sqlite-3.45.0.0-1a4f242f-8965-47e4-99c8-4a3ad8b06a81-libsqlitejdbc.so
7f5752cf8000-7f5752d00000 rw-p 000f8000 08:20 25762                      /tmp/sqlite-3.45.0.0-1a4f242f-8965-47e4-99c8-4a3ad8b06a81-libsqlitejdbc.so
7f5752dcd000-7f5752dfe000 rw-p 00000000 00:00 0 
7f5752dfe000-7f5752e02000 ---p 00000000 00:00 0 
7f5752e02000-7f5752efe000 rw-p 00000000 00:00 0 
7f5752efe000-7f5752eff000 ---p 00000000 00:00 0 
7f5752eff000-7f5752fff000 rw-p 00000000 00:00 0 
7f5752fff000-7f5753003000 ---p 00000000 00:00 0 
7f5753003000-7f57530ff000 rw-p 00000000 00:00 0 
7f57530ff000-7f5753103000 ---p 00000000 00:00 0 
7f5753103000-7f57531ff000 rw-p 00000000 00:00 0 
7f57531ff000-7f5753203000 ---p 00000000 00:00 0 
7f5753203000-7f57532ff000 rw-p 00000000 00:00 0 
7f57532ff000-7f5753303000 ---p 00000000 00:00 0 
7f5753303000-7f57533ff000 rw-p 00000000 00:00 0 
7f57533ff000-7f5753403000 ---p 00000000 00:00 0 
7f5753403000-7f57534ff000 rw-p 00000000 00:00 0 
7f57534ff000-7f5753503000 ---p 00000000 00:00 0 
7f5753503000-7f57535ff000 rw-p 00000000 00:00 0 
7f57535ff000-7f5753603000 ---p 00000000 00:00 0 
7f5753603000-7f57536ff000 rw-p 00000000 00:00 0 
7f57536ff000-7f5753700000 ---p 00000000 00:00 0 
7f5753700000-7f5754000000 rw-p 00000000 00:00 0 
7f5754000000-7f5754021000 rw-p 00000000 00:00 0 
7f5754021000-7f5758000000 ---p 00000000 00:00 0 
7f5758000000-7f5758021000 rw-p 00000000 00:00 0 
7f5758021000-7f575c000000 ---p 00000000 00:00 0 
7f575c000000-7f575c021000 rw-p 00000000 00:00 0 
7f575c021000-7f5760000000 ---p 00000000 00:00 0 
7f576000e000-7f5760012000 ---p 00000000 00:00 0 
7f5760012000-7f5760030000 rw-p 00000000 00:00 0 
7f5760030000-7f5760087000 r--p 00000000 08:20 6538                       /usr/lib/locale/C.utf8/LC_CTYPE
7f5760087000-7f57622f8000 rw-p 00000000 00:00 0 
7f57622f8000-7f5763ff8000 ---p 00000000 00:00 0 
7f5763ff8000-7f5764000000 rw-p 00000000 00:00 0 
7f5764000000-7f5764021000 rw-p 00000000 00:00 0 
7f5764021000-7f5768000000 ---p 00000000 00:00 0 
7f5768004000-7f5768008000 r--p 00000000 08:20 31857                      /usr/lib/jvm/java-11-openjdk-amd64/lib/libnet.so
7f5768008000-7f5768016000 r-xp 00004000 08:20 31857                      /usr/lib/jvm/java-11-openjdk-amd64/lib/libnet.so
7f5768016000-7f576801a000 r--p 00012000 08:20 31857                      /usr/lib/jvm/java-11-openjdk-amd64/lib/libnet.so
7f576801a000-7f576801b000 r--p 00015000 08:20 31857                      /usr/lib/jvm/java-11-openjdk-amd64/lib/libnet.so
7f576801b000-7f576801c000 rw-p 00016000 08:20 31857                      /usr/lib/jvm/java-11-openjdk-amd64/lib/libnet.so
7f576801c000-7f5768023000 r--p 00000000 08:20 31858                      /usr/lib/jvm/java-11-openjdk-amd64/lib/libnio.so
7f5768023000-7f576802b000 r-xp 00007000 08:20 31858                      /usr/lib/jvm/java-11-openjdk-amd64/lib/libnio.so
7f576802b000-7f576802e000 r--p 0000f000 08:20 31858                      /usr/lib/jvm/java-11-openjdk-amd64/lib/libnio.so
7f576802e000-7f576802f000 r--p 00011000 08:20 31858                      /usr/lib/jvm/java-11-openjdk-amd64/lib/libnio.so
7f576802f000-7f5768030000 rw-p 00012000 08:20 31858                      /usr/lib/jvm/java-11-openjdk-amd64/lib/libnio.so
7f5768030000-7f57680d4000 rw-p 00000000 00:00 0 
7f57680d4000-7f57680d5000 ---p 00000000 00:00 0 
7f57680d5000-7f57681d5000 rw-p 00000000 00:00 0 
7f57681d5000-7f57681d6000 ---p 00000000 00:00 0 
7f57681d6000-7f57687db000 rw-p 00000000 00:00 0 
7f57687db000-7f5768a4b000 rwxp 00000000 00:00 0 
7f5768a4b000-7f5768d6c000 ---p 00000000 00:00 0 
7f5768d6c000-7f5768fdc000 rwxp 00000000 00:00 0 
7f5768fdc000-7f57702a3000 ---p 00000000 00:00 0 
7f57702a3000-7f5770513000 rwxp 00000000 00:00 0 
7f5770513000-7f57777db000 ---p 00000000 00:00 0 
7f57777db000-7f5780000000 r--s 00000000 08:20 31867                      /usr/lib/jvm/java-11-openjdk-amd64/lib/modules
7f5780000000-7f5780416000 rw-p 00000000 00:00 0 
7f5780416000-7f5784000000 ---p 00000000 00:00 0 
7f5784000000-7f5784001000 r--p 00000000 08:20 32342                      /usr/lib/x86_64-linux-gnu/libpthread.so.0
7f5784001000-7f5784002000 r-xp 00001000 08:20 32342                      /usr/lib/x86_64-linux-gnu/libpthread.so.0
7f5784002000-7f5784003000 r--p 00002000 08:20 32342                      /usr/lib/x86_64-linux-gnu/libpthread.so.0
7f5784003000-7f5784004000 r--p 00002000 08:20 32342                      /usr/lib/x86_64-linux-gnu/libpthread.so.0
7f5784004000-7f5784005000 rw-p 00003000 08:20 32342                      /usr/lib/x86_64-linux-gnu/libpthread.so.0
7f5784008000-7f5784009000 r--p 00000000 08:20 31839                      /usr/lib/jvm/java-11-openjdk-amd64/lib/libextnet.so
7f5784009000-7f578400a000 r-xp 00001000 08:20 31839                      /usr/lib/jvm/java-11-openjdk-amd64/lib/libextnet.so
7f578400a000-7f578400b000 r--p 00002000 08:20 31839                      /usr/lib/jvm/java-11-openjdk-amd64/lib/libextnet.so
7f578400b000-7f578400c000 r--p 00002000 08:20 31839                      /usr/lib/jvm/java-11-openjdk-amd64/lib/libextnet.so
7f578400c000-7f578400d000 rw-p 00003000 08:20 31839                      /usr/lib/jvm/java-11-openjdk-amd64/lib/libextnet.so
7f578400d000-7f578400e000 r--p 00000000 08:20 6544                       /usr/lib/locale/C.utf8/LC_NUMERIC
7f578400e000-7f578400f000 r--p 00000000 08:20 6547                       /usr/lib/locale/C.utf8/LC_TIME
7f578400f000-7f5784010000 r--p 00000000 08:20 6537                       /usr/lib/locale/C.utf8/LC_COLLATE
7f5784010000-7f5784011000 r--p 00000000 08:20 6542                       /usr/lib/locale/C.utf8/LC_MONETARY
7f5784011000-7f5784018000 r--s 00000000 08:20 33212                      /usr/lib/x86_64-linux-gnu/gconv/gconv-modules.cache
7f5784018000-7f578453e000 rw-p 00000000 00:00 0 
7f578453e000-7f578453f000 ---p 00000000 00:00 0 
7f578453f000-7f578463f000 rw-p 00000000 00:00 0 
7f578463f000-7f5784640000 ---p 00000000 00:00 0 
7f5784640000-7f57849b0000 rw-p 00000000 00:00 0 
7f57849b0000-7f57866b0000 ---p 00000000 00:00 0 
7f57866b0000-7f57866f6000 rw-p 00000000 00:00 0 
7f57866f6000-7f5786a96000 ---p 00000000 00:00 0 
7f5786a96000-7f5786ad5000 rw-p 00000000 00:00 0 
7f5786ad5000-7f5786e75000 ---p 00000000 00:00 0 
7f5786e75000-7f5786eb4000 rw-p 00000000 00:00 0 
7f5786eb4000-7f5787254000 ---p 00000000 00:00 0 
7f5787254000-7f5787c5f000 rw-p 00000000 00:00 0 
7f5787c5f000-7f5787c60000 ---p 00000000 00:00 0 
7f5787c60000-7f5787d65000 rw-p 00000000 00:00 0 
7f5787d65000-7f5787e4b000 ---p 00000000 00:00 0 
7f5787e4b000-7f5787e50000 rw-p 00000000 00:00 0 
7f5787e50000-7f5787f36000 ---p 00000000 00:00 0 
7f5787f36000-7f5787f3b000 rw-p 00000000 00:00 0 
7f5787f3b000-7f5787f42000 ---p 00000000 00:00 0 
7f5787f42000-7f5787f44000 r--p 00000000 08:20 31866                      /usr/lib/jvm/java-11-openjdk-amd64/lib/libzip.so
7f5787f44000-7f5787f49000 r-xp 00002000 08:20 31866                      /usr/lib/jvm/java-11-openjdk-amd64/lib/libzip.so
7f5787f49000-7f5787f4b000 r--p 00007000 08:20 31866                      /usr/lib/jvm/java-11-openjdk-amd64/lib/libzip.so
7f5787f4b000-7f5787f4c000 r--p 00008000 08:20 31866                      /usr/lib/jvm/java-11-openjdk-amd64/lib/libzip.so
7f5787f4c000-7f5787f4d000 rw-p 00009000 08:20 31866                      /usr/lib/jvm/java-11-openjdk-amd64/lib/libzip.so
7f5787f4d000-7f5787f55000 rw-s 00000000 08:20 4980                       /tmp/hsperfdata_masa/58788
7f5787f55000-7f5787f57000 r--p 00000000 08:20 31849                      /usr/lib/jvm/java-11-openjdk-amd64/lib/libjimage.so
7f5787f57000-7f5787f5a000 r-xp 00002000 08:20 31849                      /usr/lib/jvm/java-11-openjdk-amd64/lib/libjimage.so
7f5787f5a000-7f5787f5b000 r--p 00005000 08:20 31849                      /usr/lib/jvm/java-11-openjdk-amd64/lib/libjimage.so
7f5787f5b000-7f5787f5c000 ---p 00006000 08:20 31849                      /usr/lib/jvm/java-11-openjdk-amd64/lib/libjimage.so
7f5787f5c000-7f5787f5d000 r--p 00006000 08:20 31849                      /usr/lib/jvm/java-11-openjdk-amd64/lib/libjimage.so
7f5787f5d000-7f5787f5e000 rw-p 00007000 08:20 31849                      /usr/lib/jvm/java-11-openjdk-amd64/lib/libjimage.so
7f5787f5e000-7f5787f6c000 r--p 00000000 08:20 31846                      /usr/lib/jvm/java-11-openjdk-amd64/lib/libjava.so
7f5787f6c000-7f5787f82000 r-xp 0000e000 08:20 31846                      /usr/lib/jvm/java-11-openjdk-amd64/lib/libjava.so
7f5787f82000-7f5787f89000 r--p 00024000 08:20 31846                      /usr/lib/jvm/java-11-openjdk-amd64/lib/libjava.so
7f5787f89000-7f5787f8a000 r--p 0002a000 08:20 31846                      /usr/lib/jvm/java-11-openjdk-amd64/lib/libjava.so
7f5787f8a000-7f5787f8b000 rw-p 0002b000 08:20 31846                      /usr/lib/jvm/java-11-openjdk-amd64/lib/libjava.so
7f5787f8b000-7f5787f8c000 rw-p 00000000 00:00 0 
7f5787f8c000-7f5787f91000 r--p 00000000 08:20 31865                      /usr/lib/jvm/java-11-openjdk-amd64/lib/libverify.so
7f5787f91000-7f5787f98000 r-xp 00005000 08:20 31865                      /usr/lib/jvm/java-11-openjdk-amd64/lib/libverify.so
7f5787f98000-7f5787f9a000 r--p 0000c000 08:20 31865                      /usr/lib/jvm/java-11-openjdk-amd64/lib/libverify.so
7f5787f9a000-7f5787f9c000 r--p 0000d000 08:20 31865                      /usr/lib/jvm/java-11-openjdk-amd64/lib/libverify.so
7f5787f9c000-7f5787f9d000 rw-p 0000f000 08:20 31865                      /usr/lib/jvm/java-11-openjdk-amd64/lib/libverify.so
7f5787f9d000-7f5787f9e000 r--p 00000000 08:20 32383                      /usr/lib/x86_64-linux-gnu/librt.so.1
7f5787f9e000-7f5787f9f000 r-xp 00001000 08:20 32383                      /usr/lib/x86_64-linux-gnu/librt.so.1
7f5787f9f000-7f5787fa0000 r--p 00002000 08:20 32383                      /usr/lib/x86_64-linux-gnu/librt.so.1
7f5787fa0000-7f5787fa1000 r--p 00002000 08:20 32383                      /usr/lib/x86_64-linux-gnu/librt.so.1
7f5787fa1000-7f5787fa2000 rw-p 00003000 08:20 32383                      /usr/lib/x86_64-linux-gnu/librt.so.1
7f5787fa2000-7f5787fa6000 ---p 00000000 00:00 0 
7f5787fa6000-7f57880a2000 rw-p 00000000 00:00 0 
7f57880a2000-7f57880a5000 r--p 00000000 08:20 6709                       /usr/lib/x86_64-linux-gnu/libgcc_s.so.1
7f57880a5000-7f57880bc000 r-xp 00003000 08:20 6709                       /usr/lib/x86_64-linux-gnu/libgcc_s.so.1
7f57880bc000-7f57880c0000 r--p 0001a000 08:20 6709                       /usr/lib/x86_64-linux-gnu/libgcc_s.so.1
7f57880c0000-7f57880c1000 r--p 0001d000 08:20 6709                       /usr/lib/x86_64-linux-gnu/libgcc_s.so.1
7f57880c1000-7f57880c2000 rw-p 0001e000 08:20 6709                       /usr/lib/x86_64-linux-gnu/libgcc_s.so.1
7f57880c2000-7f57880d0000 r--p 00000000 08:20 32259                      /usr/lib/x86_64-linux-gnu/libm.so.6
7f57880d0000-7f578814c000 r-xp 0000e000 08:20 32259                      /usr/lib/x86_64-linux-gnu/libm.so.6
7f578814c000-7f57881a7000 r--p 0008a000 08:20 32259                      /usr/lib/x86_64-linux-gnu/libm.so.6
7f57881a7000-7f57881a8000 r--p 000e4000 08:20 32259                      /usr/lib/x86_64-linux-gnu/libm.so.6
7f57881a8000-7f57881a9000 rw-p 000e5000 08:20 32259                      /usr/lib/x86_64-linux-gnu/libm.so.6
7f57881a9000-7f5788243000 r--p 00000000 08:20 6947                       /usr/lib/x86_64-linux-gnu/libstdc++.so.6.0.30
7f5788243000-7f5788354000 r-xp 0009a000 08:20 6947                       /usr/lib/x86_64-linux-gnu/libstdc++.so.6.0.30
7f5788354000-7f57883c3000 r--p 001ab000 08:20 6947                       /usr/lib/x86_64-linux-gnu/libstdc++.so.6.0.30
7f57883c3000-7f57883c4000 ---p 0021a000 08:20 6947                       /usr/lib/x86_64-linux-gnu/libstdc++.so.6.0.30
7f57883c4000-7f57883cf000 r--p 0021a000 08:20 6947                       /usr/lib/x86_64-linux-gnu/libstdc++.so.6.0.30
7f57883cf000-7f57883d2000 rw-p 00225000 08:20 6947                       /usr/lib/x86_64-linux-gnu/libstdc++.so.6.0.30
7f57883d2000-7f57883d5000 rw-p 00000000 00:00 0 
7f57883d5000-7f5788657000 r--p 00000000 08:20 31870                      /usr/lib/jvm/java-11-openjdk-amd64/lib/server/libjvm.so
7f5788657000-7f57892f5000 r-xp 00282000 08:20 31870                      /usr/lib/jvm/java-11-openjdk-amd64/lib/server/libjvm.so
7f57892f5000-7f5789551000 r--p 00f20000 08:20 31870                      /usr/lib/jvm/java-11-openjdk-amd64/lib/server/libjvm.so
7f5789551000-7f5789615000 r--p 0117b000 08:20 31870                      /usr/lib/jvm/java-11-openjdk-amd64/lib/server/libjvm.so
7f5789615000-7f5789650000 rw-p 0123f000 08:20 31870                      /usr/lib/jvm/java-11-openjdk-amd64/lib/server/libjvm.so
7f5789650000-7f57896aa000 rw-p 00000000 00:00 0 
7f57896aa000-7f57896d2000 r--p 00000000 08:20 32240                      /usr/lib/x86_64-linux-gnu/libc.so.6
7f57896d2000-7f5789867000 r-xp 00028000 08:20 32240                      /usr/lib/x86_64-linux-gnu/libc.so.6
7f5789867000-7f57898bf000 r--p 001bd000 08:20 32240                      /usr/lib/x86_64-linux-gnu/libc.so.6
7f57898bf000-7f57898c0000 ---p 00215000 08:20 32240                      /usr/lib/x86_64-linux-gnu/libc.so.6
7f57898c0000-7f57898c4000 r--p 00215000 08:20 32240                      /usr/lib/x86_64-linux-gnu/libc.so.6
7f57898c4000-7f57898c6000 rw-p 00219000 08:20 32240                      /usr/lib/x86_64-linux-gnu/libc.so.6
7f57898c6000-7f57898d3000 rw-p 00000000 00:00 0 
7f57898d3000-7f57898d6000 r--p 00000000 08:20 31831                      /usr/lib/jvm/java-11-openjdk-amd64/lib/jli/libjli.so
7f57898d6000-7f57898e0000 r-xp 00003000 08:20 31831                      /usr/lib/jvm/java-11-openjdk-amd64/lib/jli/libjli.so
7f57898e0000-7f57898e3000 r--p 0000d000 08:20 31831                      /usr/lib/jvm/java-11-openjdk-amd64/lib/jli/libjli.so
7f57898e3000-7f57898e4000 ---p 00010000 08:20 31831                      /usr/lib/jvm/java-11-openjdk-amd64/lib/jli/libjli.so
7f57898e4000-7f57898e5000 r--p 00010000 08:20 31831                      /usr/lib/jvm/java-11-openjdk-amd64/lib/jli/libjli.so
7f57898e5000-7f57898e6000 rw-p 00011000 08:20 31831                      /usr/lib/jvm/java-11-openjdk-amd64/lib/jli/libjli.so
7f57898e6000-7f57898e8000 r--p 00000000 08:20 6997                       /usr/lib/x86_64-linux-gnu/libz.so.1.2.11
7f57898e8000-7f57898f9000 r-xp 00002000 08:20 6997                       /usr/lib/x86_64-linux-gnu/libz.so.1.2.11
7f57898f9000-7f57898ff000 r--p 00013000 08:20 6997                       /usr/lib/x86_64-linux-gnu/libz.so.1.2.11
7f57898ff000-7f5789900000 ---p 00019000 08:20 6997                       /usr/lib/x86_64-linux-gnu/libz.so.1.2.11
7f5789900000-7f5789901000 r--p 00019000 08:20 6997                       /usr/lib/x86_64-linux-gnu/libz.so.1.2.11
7f5789901000-7f5789902000 rw-p 0001a000 08:20 6997                       /usr/lib/x86_64-linux-gnu/libz.so.1.2.11
7f5789902000-7f5789903000 r--p 00000000 08:20 6541                       /usr/lib/locale/C.utf8/LC_MESSAGES/SYS_LC_MESSAGES
7f5789903000-7f5789904000 r--p 00000000 08:20 6545                       /usr/lib/locale/C.utf8/LC_PAPER
7f5789904000-7f5789905000 r--p 00000000 08:20 6543                       /usr/lib/locale/C.utf8/LC_NAME
7f5789905000-7f5789906000 r--p 00000000 08:20 6536                       /usr/lib/locale/C.utf8/LC_ADDRESS
7f5789906000-7f5789907000 r--p 00000000 08:20 6546                       /usr/lib/locale/C.utf8/LC_TELEPHONE
7f5789907000-7f5789908000 r--p 00000000 08:20 6540                       /usr/lib/locale/C.utf8/LC_MEASUREMENT
7f5789908000-7f5789909000 ---p 00000000 00:00 0 
7f5789909000-7f578990a000 r--p 00000000 00:00 0 
7f578990a000-7f578990c000 rw-p 00000000 00:00 0 
7f578990c000-7f578990e000 r--p 00000000 08:20 31651                      /usr/lib/x86_64-linux-gnu/ld-linux-x86-64.so.2
7f578990e000-7f5789938000 r-xp 00002000 08:20 31651                      /usr/lib/x86_64-linux-gnu/ld-linux-x86-64.so.2
7f5789938000-7f5789943000 r--p 0002c000 08:20 31651                      /usr/lib/x86_64-linux-gnu/ld-linux-x86-64.so.2
7f5789943000-7f5789944000 r--p 00000000 08:20 6539                       /usr/lib/locale/C.utf8/LC_IDENTIFICATION
7f5789944000-7f5789946000 r--p 00037000 08:20 31651                      /usr/lib/x86_64-linux-gnu/ld-linux-x86-64.so.2
7f5789946000-7f5789948000 rw-p 00039000 08:20 31651                      /usr/lib/x86_64-linux-gnu/ld-linux-x86-64.so.2
7ffe4bada000-7ffe4bafb000 rw-p 00000000 00:00 0                          [stack]
7ffe4bb17000-7ffe4bb1b000 r--p 00000000 00:00 0                          [vvar]
7ffe4bb1b000-7ffe4bb1d000 r-xp 00000000 00:00 0                          [vdso]

VM Arguments:
java_command: ProductService.ProductService
java_class_path (initial): .:./ProductService/jackson-annotations-2.16.1.jar:./ProductService/jackson-core-2.16.1.jar:./ProductService/jackson-databind-2.16.1.jar:./ProductService/slf4j-api-1.7.36.jar:./ProductService/sqlite-jdbc-3.45.0.0.jar
Launcher Type: SUN_STANDARD

Logging:
Available log levels: off, trace, debug, info, warning, error
Available log decorators: time (t), utctime (utc), uptime (u), timemillis (tm), uptimemillis (um), timenanos (tn), uptimenanos (un), hostname (hn), pid (p), tid (ti), level (l), tags (tg)
Available log tags: add, age, alloc, annotation, aot, arguments, attach, barrier, biasedlocking, blocks, bot, breakpoint, bytecode, cds, census, class, classhisto, cleanup, codecache, compaction, compilation, constantpool, constraints, container, coops, cpu, cset, data, datacreation, dcmd, decoder, defaultmethods, director, dump, ergo, event, exceptions, exit, fingerprint, free, freelist, gc, handshake, hashtables, heap, humongous, ihop, iklass, init, inlining, interpreter, itables, jfr, jit, jni, jvmti, liveness, load, loader, logging, malloc, mark, marking, membername, memops, metadata, metaspace, methodcomparator, mirror, mmu, module, monitorinflation, monitormismatch, nestmates, nmethod, normalize, objecttagging, obsolete, oldobject, oom, oopmap, oops, oopstorage, os, pagesize, parser, patch, path, perf, phases, plab, preorder, preview, promotion, protectiondomain, purge, redefine, ref, refine, region, reloc, remset, resolve, safepoint, sampling, scavenge, setting, smr, stackmap, stacktrace, stackwalk, start, startuptime, state, stats, stringdedup, stringtable, subclass, survivor, sweep, system, table, task, thread, time, timer, tlab, tracking, unload, unshareable, update, verification, verify, vmoperation, vmthread, vtables, vtablestubs, workgang
Described tag sets:
 logging: Logging for the log framework itself
Log output configuration:
 #0: stdout all=warning uptime,level,tags
 #1: stderr all=off uptime,level,tags

Environment Variables:
PATH=/usr/local/sbin:/usr/local/bin:/usr/sbin:/usr/bin:/sbin:/bin:/usr/games:/usr/local/games:/usr/lib/wsl/lib:/mnt/c/Program Files/Common Files/Oracle/Java/javapath:/mnt/c/Program Files (x86)/Common Files/Oracle/Java/javapath:/mnt/c/Program Files/Eclipse Adoptium/jdk-21.0.1.12-hotspot/bin:/mnt/c/Program Files (x86)/Razer/ChromaBroadcast/bin:/mnt/c/Program Files/Razer/ChromaBroadcast/bin:/mnt/c/Program Files/Python312/Scripts/:/mnt/c/Program Files/Python312/:/mnt/c/Windows/system32:/mnt/c/Windows:/mnt/c/Windows/System32/Wbem:/mnt/c/Windows/System32/WindowsPowerShell/v1.0/:/mnt/c/Windows/System32/OpenSSH/:/mnt/c/Program Files/Microsoft VS Code/bin:/mnt/c/Program Files/Git/cmd:/mnt/c/Program Files/NVIDIA Corporation/NVIDIA NvDLISR:/mnt/c/Program Files (x86)/NVIDIA Corporation/PhysX/Common:/mnt/c/Program Files/nodejs/:/mnt/c/Program Files/dotnet/:/mnt/c/Windows/system32/config/systemprofile/AppData/Local/Microsoft/WindowsApps:/Docker/host/bin:/mnt/c/Users/faisa/AppData/Local/Microsoft/WindowsApps:/mnt/c/Users/faisa/AppData/Roaming/npm
SHELL=/bin/bash
DISPLAY=:0
HOSTTYPE=x86_64
LANG=C.UTF-8
TERM=xterm-256color

Signal Handlers:
SIGSEGV: [libjvm.so+0xbefa50], sa_mask[0]=11111111011111111101111111111110, sa_flags=SA_RESTART|SA_SIGINFO
SIGBUS: [libjvm.so+0xbefa50], sa_mask[0]=11111111011111111101111111111110, sa_flags=SA_RESTART|SA_SIGINFO
SIGFPE: [libjvm.so+0xbefa50], sa_mask[0]=11111111011111111101111111111110, sa_flags=SA_RESTART|SA_SIGINFO
SIGPIPE: [libjvm.so+0xbefa50], sa_mask[0]=11111111011111111101111111111110, sa_flags=SA_RESTART|SA_SIGINFO
SIGXFSZ: [libjvm.so+0xbefa50], sa_mask[0]=11111111011111111101111111111110, sa_flags=SA_RESTART|SA_SIGINFO
SIGILL: [libjvm.so+0xbefa50], sa_mask[0]=11111111011111111101111111111110, sa_flags=SA_RESTART|SA_SIGINFO
SIGUSR2: [libjvm.so+0xbef8f0], sa_mask[0]=00000000000000000000000000000000, sa_flags=SA_RESTART|SA_SIGINFO
SIGHUP: SIG_IGN, sa_mask[0]=00000000000000000000000000000000, sa_flags=none
SIGINT: SIG_IGN, sa_mask[0]=00000000000000000000000000000000, sa_flags=none
SIGTERM: [libjvm.so+0xbf00b0], sa_mask[0]=11111111011111111101111111111110, sa_flags=SA_RESTART|SA_SIGINFO
SIGQUIT: [libjvm.so+0xbf00b0], sa_mask[0]=11111111011111111101111111111110, sa_flags=SA_RESTART|SA_SIGINFO


---------------  S Y S T E M  ---------------

OS:DISTRIB_ID=Ubuntu
DISTRIB_RELEASE=22.04
DISTRIB_CODENAME=jammy
DISTRIB_DESCRIPTION="Ubuntu 22.04.3 LTS"
uname:Linux 5.15.146.1-microsoft-standard-WSL2 #1 SMP Thu Jan 11 04:09:03 UTC 2024 x86_64
OS uptime: 0 days 14:38 hours
libc:glibc 2.35 NPTL 2.35 
rlimit (soft/hard): STACK 8192k/infinity , CORE 0k/infinity , NPROC 31659/31659 , NOFILE 1048576/1048576 , AS infinity/infinity , CPU infinity/infinity , DATA infinity/infinity , FSIZE infinity/infinity , MEMLOCK 65536k/65536k
load average:0.37 0.14 0.09

/proc/meminfo:
MemTotal:        8111348 kB
MemFree:         4296064 kB
MemAvailable:    6397360 kB
Buffers:          230160 kB
Cached:          2063276 kB
SwapCached:            0 kB
Active:           788928 kB
Inactive:        2522572 kB
Active(anon):      16100 kB
Inactive(anon):  1021500 kB
Active(file):     772828 kB
Inactive(file):  1501072 kB
Unevictable:           0 kB
Mlocked:               0 kB
SwapTotal:       2097152 kB
SwapFree:        2097152 kB
Dirty:              2080 kB
Writeback:           160 kB
AnonPages:       1002288 kB
Mapped:           585508 kB
Shmem:             19536 kB
KReclaimable:      87200 kB
Slab:             171316 kB
SReclaimable:      87200 kB
SUnreclaim:        84116 kB
KernelStack:       15852 kB
PageTables:        15244 kB
NFS_Unstable:          0 kB
Bounce:                0 kB
WritebackTmp:          0 kB
CommitLimit:     6152824 kB
Committed_AS:    5160764 kB
VmallocTotal:   34359738367 kB
VmallocUsed:       39084 kB
VmallocChunk:          0 kB
Percpu:            10432 kB
AnonHugePages:    530432 kB
ShmemHugePages:        0 kB
ShmemPmdMapped:        0 kB
FileHugePages:         0 kB
FilePmdMapped:         0 kB
HugePages_Total:       0
HugePages_Free:        0
HugePages_Rsvd:        0
HugePages_Surp:        0
Hugepagesize:       2048 kB
Hugetlb:               0 kB
DirectMap4k:      152576 kB
DirectMap2M:     7161856 kB
DirectMap1G:    10485760 kB

/sys/kernel/mm/transparent_hugepage/enabled:
[always] madvise never
/sys/kernel/mm/transparent_hugepage/defrag (defrag/compaction efforts parameter):
always defer defer+madvise [madvise] never

Process Memory:
Virtual Size: 4977132K (peak: 13467908K)
Resident Set Size: 84664K (peak: 84664K) (anon: 56472K, file: 28192K, shmem: 0K)
Swapped out: 0K
C-Heap outstanding allocations: 32382K, retained: 3037K
glibc malloc tunables: (default)

/proc/sys/kernel/threads-max (system-wide limit on the number of threads):
63319
/proc/sys/vm/max_map_count (maximum number of memory map areas a process may have):
262144
/proc/sys/kernel/pid_max (system-wide limit on number of process identifiers):
99999

container (cgroup) information:
container_type: cgroupv1
cpu_cpuset_cpus: 0-11
cpu_memory_nodes: 0
active_processor_count: 12
cpu_quota: no quota
cpu_period: 100000
cpu_shares: no shares
memory_limit_in_bytes: unlimited
memory_and_swap_limit_in_bytes: unlimited
memory_soft_limit_in_bytes: unlimited
memory_usage_in_bytes: 3296612 k
memory_max_usage_in_bytes: 1646748 k
kernel_memory_usage_in_bytes: 78220 k
kernel_memory_max_usage_in_bytes: unlimited
kernel_memory_limit_in_bytes: 88428 k
maximum number of tasks: not supported
current number of tasks: not supported

Hyper-V virtualization detected
Steal ticks since vm start: 0
Steal ticks percentage since vm start:  0.000

CPU:total 12 (initial active 12) (16 cores per cpu, 2 threads per core) family 23 model 113 stepping 0 microcode 0xffffffff, cmov, cx8, fxsr, mmx, sse, sse2, sse3, ssse3, sse4.1, sse4.2, popcnt, avx, avx2, aes, clmul, mmxext, 3dnowpref, lzcnt, sse4a, ht, tsc, tscinvbit, tscinv, bmi1, bmi2, adx, sha, fma
CPU Model and flags from /proc/cpuinfo:
model name	: AMD Ryzen 5 3600 6-Core Processor
flags		: fpu vme de pse tsc msr pae mce cx8 apic sep mtrr pge mca cmov pat pse36 clflush mmx fxsr sse sse2 ht syscall nx mmxext fxsr_opt pdpe1gb rdtscp lm constant_tsc rep_good nopl tsc_reliable nonstop_tsc cpuid extd_apicid pni pclmulqdq ssse3 fma cx16 sse4_1 sse4_2 movbe popcnt aes xsave avx f16c rdrand hypervisor lahf_lm cmp_legacy svm cr8_legacy abm sse4a misalignsse 3dnowprefetch osvw topoext perfctr_core ssbd ibpb stibp vmmcall fsgsbase bmi1 avx2 smep bmi2 rdseed adx smap clflushopt clwb sha_ni xsaveopt xsavec xgetbv1 clzero xsaveerptr arat npt nrip_save tsc_scale vmcb_clean flushbyasid decodeassists pausefilter pfthreshold v_vmsave_vmload umip rdpid
Online cpus:
0-11
Offline cpus:

BIOS frequency limitation:
<Not Available>
Frequency switch latency (ns):
<Not Available>
Available cpu frequencies:
<Not Available>
Current governor:
<Not Available>
Core performance/turbo boost:
<Not Available>

Memory: 4k page, physical 8111348k(4296064k free), swap 2097152k(2097152k free)

vm_info: OpenJDK 64-Bit Server VM (11.0.22+7-post-Ubuntu-0ubuntu222.04.1) for linux-amd64 JRE (11.0.22+7-post-Ubuntu-0ubuntu222.04.1), built on Feb  5 2024 20:45:01 by "unknown" with gcc 11.4.0

END.
58788:
 num     #instances         #bytes  class name (module)
-------------------------------------------------------
   1:         14171         890416  [B (java.base@11.0.22)
   2:         13514         324336  java.lang.String (java.base@11.0.22)
   3:          2368         290896  java.lang.Class (java.base@11.0.22)
   4:          5404         172928  java.util.concurrent.ConcurrentHashMap$Node (java.base@11.0.22)
   5:          2215         146496  [Ljava.lang.Object; (java.base@11.0.22)
   6:          4001         128032  java.util.HashMap$Node (java.base@11.0.22)
   7:          1478          70944  sun.util.locale.LocaleObjectCache$CacheEntry (java.base@11.0.22)
   8:           778          64168  [I (java.base@11.0.22)
   9:           377          51136  [Ljava.util.HashMap$Node; (java.base@11.0.22)
  10:            85          44080  [Ljava.util.concurrent.ConcurrentHashMap$Node; (java.base@11.0.22)
  11:            37          35200  [C (java.base@11.0.22)
  12:           874          34960  java.lang.ref.SoftReference (java.base@11.0.22)
  13:           607          29136  java.lang.invoke.MemberName (java.base@11.0.22)
  14:           773          24736  java.lang.invoke.LambdaForm$Name (java.base@11.0.22)
  15:           739          23648  java.util.Locale (java.base@11.0.22)
  16:           738          23616  sun.util.locale.BaseLocale (java.base@11.0.22)
  17:           738          23616  sun.util.locale.BaseLocale$Key (java.base@11.0.22)
  18:           730          23416  [Ljava.lang.Class; (java.base@11.0.22)
  19:          1406          22496  java.lang.Object (java.base@11.0.22)
  20:           404          19392  java.util.HashMap (java.base@11.0.22)
  21:           262          17816  [Ljava.lang.ref.SoftReference; (java.base@11.0.22)
  22:           548          17536  java.lang.invoke.MethodType$ConcurrentWeakInternSet$WeakEntry (java.base@11.0.22)
  23:           408          16320  java.lang.invoke.MethodType (java.base@11.0.22)
  24:           455          15984  [Ljava.lang.String; (java.base@11.0.22)
  25:           177          15576  java.lang.reflect.Method (java.base@11.0.22)
  26:           446          10704  java.lang.invoke.ResolvedMethodName (java.base@11.0.22)
  27:           363           8712  java.lang.module.ModuleDescriptor$Exports (java.base@11.0.22)
  28:           153           8568  java.lang.invoke.MethodTypeForm (java.base@11.0.22)
  29:           258           8256  java.lang.invoke.LambdaForm$NamedFunction (java.base@11.0.22)
  30:           247           7904  sun.security.util.KnownOIDs (java.base@11.0.22)
  31:           136           7856  [Ljava.lang.invoke.LambdaForm$Name; (java.base@11.0.22)
  32:           109           6976  java.util.concurrent.ConcurrentHashMap (java.base@11.0.22)
  33:           285           6840  java.util.ImmutableCollections$Set12 (java.base@11.0.22)
  34:           131           6288  java.lang.invoke.LambdaForm (java.base@11.0.22)
  35:           256           6144  java.lang.Long (java.base@11.0.22)
  36:           142           5680  java.lang.invoke.DirectMethodHandle$Accessor (java.base@11.0.22)
  37:            44           5008  [J (java.base@11.0.22)
  38:            61           4880  java.net.URI (java.base@11.0.22)
  39:           120           4800  java.util.LinkedHashMap$Entry (java.base@11.0.22)
  40:            72           4608  java.net.URL (java.base@11.0.22)
  41:            58           4544  [Ljava.lang.invoke.MethodHandle; (java.base@11.0.22)
  42:            19           4448  [Z (java.base@11.0.22)
  43:           111           4440  java.math.BigInteger (java.base@11.0.22)
  44:           134           4288  java.lang.module.ModuleDescriptor$Requires (java.base@11.0.22)
  45:           262           4192  java.lang.Integer (java.base@11.0.22)
  46:           256           4096  java.lang.Byte (java.base@11.0.22)
  47:           170           4080  java.util.ImmutableCollections$SetN (java.base@11.0.22)
  48:            11           4048  java.lang.Thread (java.base@11.0.22)
  49:           166           3984  jdk.internal.module.ServicesCatalog$ServiceProvider (java.base@11.0.22)
  50:            61           3904  java.lang.module.ModuleDescriptor (java.base@11.0.22)
  51:            67           3752  java.lang.Module (java.base@11.0.22)
  52:            61           3416  jdk.internal.module.ModuleReferenceImpl (java.base@11.0.22)
  53:            70           3360  jdk.internal.ref.CleanerImpl$PhantomCleanableRef (java.base@11.0.22)
  54:            52           3328  java.lang.Class$ReflectionData (java.base@11.0.22)
  55:           208           3328  java.util.HashSet (java.base@11.0.22)
  56:            94           3008  java.lang.invoke.DirectMethodHandle (java.base@11.0.22)
  57:            48           2688  java.lang.invoke.LambdaFormEditor$Transform (java.base@11.0.22)
  58:            32           2560  java.lang.reflect.Constructor (java.base@11.0.22)
  59:           101           2424  java.security.Provider$ServiceKey (java.base@11.0.22)
  60:            41           2296  java.security.Provider$Service (java.base@11.0.22)
  61:            53           2120  java.util.TreeMap$Entry (java.base@11.0.22)
  62:            66           2112  java.lang.invoke.LambdaForm$Kind (java.base@11.0.22)
  63:           128           2048  java.lang.Character (java.base@11.0.22)
  64:           124           1984  java.util.Collections$UnmodifiableSet (java.base@11.0.22)
  65:            82           1968  java.util.ImmutableCollections$List12 (java.base@11.0.22)
  66:            44           1760  java.io.ObjectStreamField (java.base@11.0.22)
  67:            53           1696  org.sqlite.SQLiteConfig$Pragma
  68:            70           1680  java.util.concurrent.CopyOnWriteArrayList (java.base@11.0.22)
  69:            21           1512  java.lang.reflect.Field (java.base@11.0.22)
  70:            61           1464  java.lang.module.ResolvedModule (java.base@11.0.22)
  71:            61           1464  jdk.internal.module.SystemModuleFinders$2 (java.base@11.0.22)
  72:            61           1464  jdk.internal.module.SystemModuleFinders$SystemModuleReader (java.base@11.0.22)
  73:            60           1440  jdk.internal.loader.BuiltinClassLoader$LoadedModule (java.base@11.0.22)
  74:             1           1424  [[B (java.base@11.0.22)
  75:            59           1416  java.util.jar.Attributes$Name (java.base@11.0.22)
  76:            35           1400  java.lang.Package$VersionInfo (java.base@11.0.22)
  77:            56           1344  java.lang.module.ModuleDescriptor$Provides (java.base@11.0.22)
  78:            41           1312  java.lang.Package (java.base@11.0.22)
  79:            39           1280  [Ljava.math.BigInteger; (java.base@11.0.22)
  80:            32           1280  java.math.BigDecimal (java.base@11.0.22)
  81:            53           1272  java.util.ArrayList (java.base@11.0.22)
  82:            53           1272  java.util.regex.Pattern$BmpCharProperty (java.base@11.0.22)
  83:             8           1152  [Ljava.lang.invoke.MemberName; (java.base@11.0.22)
  84:            48           1152  java.security.Provider$UString (java.base@11.0.22)
  85:            47           1128  java.lang.invoke.MethodHandleNatives$CallSiteContext (java.base@11.0.22)
  86:            34           1088  com.fasterxml.jackson.databind.MapperFeature
  87:            20           1064  [Ljava.lang.reflect.Method; (java.base@11.0.22)
  88:            66           1056  java.util.ImmutableCollections$ListN (java.base@11.0.22)
  89:             1           1048  [Lsun.security.util.KnownOIDs; (java.base@11.0.22)
  90:             1           1040  [Ljava.lang.Byte; (java.base@11.0.22)
  91:             1           1040  [Ljava.lang.Integer; (java.base@11.0.22)
  92:             1           1040  [Ljava.lang.Long; (java.base@11.0.22)
  93:            13           1040  [Ljava.util.WeakHashMap$Entry; (java.base@11.0.22)
  94:            31            992  java.lang.invoke.VarHandle$AccessMode (java.base@11.0.22)
  95:            20            960  java.lang.invoke.BoundMethodHandle$SpeciesData (java.base@11.0.22)
  96:            30            960  java.lang.ref.ReferenceQueue (java.base@11.0.22)
  97:            30            960  java.security.Provider$EngineDescription (java.base@11.0.22)
  98:            59            944  jdk.internal.module.SystemModuleFinders$3 (java.base@11.0.22)
  99:             9            936  java.util.jar.JarFile$JarFileEntry (java.base@11.0.22)
 100:            28            896  com.fasterxml.jackson.databind.DeserializationFeature
 101:             6            840  [D (java.base@11.0.22)
 102:            26            832  com.fasterxml.jackson.databind.SerializationFeature
 103:            20            800  [Ljava.lang.invoke.BoundMethodHandle$SpeciesData; (java.base@11.0.22)
 104:            18            720  java.lang.invoke.VarHandleObjects$FieldInstanceReadWrite (java.base@11.0.22)
 105:             8            704  java.util.regex.Pattern (java.base@11.0.22)
 106:            11            704  java.util.zip.Inflater (java.base@11.0.22)
 107:            14            672  com.fasterxml.jackson.databind.type.SimpleType
 108:            28            672  java.util.regex.Pattern$BmpCharPropertyGreedy (java.base@11.0.22)
 109:            27            648  [Ljava.lang.reflect.Constructor; (java.base@11.0.22)
 110:            16            640  java.lang.invoke.DirectMethodHandle$Special (java.base@11.0.22)
 111:            16            640  java.security.AccessControlContext (java.base@11.0.22)
 112:             5            640  sun.nio.fs.UnixFileAttributes (java.base@11.0.22)
 113:             3            624  [Ljava.lang.invoke.LambdaForm; (java.base@11.0.22)
 114:            13            624  com.fasterxml.jackson.core.JsonToken
 115:            26            624  jdk.internal.reflect.NativeConstructorAccessorImpl (java.base@11.0.22)
 116:            19            608  com.fasterxml.jackson.core.JsonParser$Feature
 117:            36            576  java.util.regex.Pattern$$Lambda$4/0x0000000840066040 (java.base@11.0.22)
 118:            14            560  java.security.ProtectionDomain (java.base@11.0.22)
 119:             7            560  java.util.concurrent.TimeUnit (java.base@11.0.22)
 120:            23            552  java.lang.RuntimePermission (java.base@11.0.22)
 121:            34            544  java.util.HashMap$EntrySet (java.base@11.0.22)
 122:             1            528  [Ljava.lang.Character; (java.base@11.0.22)
 123:             1            528  [Ljava.util.TimerTask; (java.base@11.0.22)
 124:            22            528  java.lang.ProcessEnvironment$Value (java.base@11.0.22)
 125:            22            528  java.lang.ProcessEnvironment$Variable (java.base@11.0.22)
 126:            11            528  java.util.WeakHashMap (java.base@11.0.22)
 127:            13            520  java.lang.invoke.BoundMethodHandle$Species_LL (java.base@11.0.22)
 128:            13            520  java.util.WeakHashMap$Entry (java.base@11.0.22)
 129:            16            512  java.lang.invoke.VarHandle$AccessDescriptor (java.base@11.0.22)
 130:            32            512  java.lang.ref.ReferenceQueue$Lock (java.base@11.0.22)
 131:            21            504  java.util.regex.Pattern$GroupHead (java.base@11.0.22)
 132:            21            504  java.util.regex.Pattern$GroupTail (java.base@11.0.22)
 133:             9            504  sun.util.calendar.ZoneInfo (java.base@11.0.22)
 134:             7            496  [Lsun.invoke.util.Wrapper; (java.base@11.0.22)
 135:            12            480  java.security.CodeSource (java.base@11.0.22)
 136:            15            480  java.util.regex.Pattern$Curly (java.base@11.0.22)
 137:            10            480  sun.invoke.util.Wrapper (java.base@11.0.22)
 138:            15            448  [Ljava.io.ObjectStreamField; (java.base@11.0.22)
 139:             7            448  java.nio.DirectByteBuffer (java.base@11.0.22)
 140:            11            440  java.io.FileDescriptor (java.base@11.0.22)
 141:            10            432  [Ljava.lang.invoke.MethodType; (java.base@11.0.22)
 142:            18            432  java.text.DateFormat$Field (java.base@11.0.22)
 143:            18            432  org.sqlite.SQLiteOpenMode
 144:            13            416  java.lang.invoke.BoundMethodHandle$Species_L (java.base@11.0.22)
 145:            26            416  jdk.internal.reflect.DelegatingConstructorAccessorImpl (java.base@11.0.22)
 146:             5            400  com.fasterxml.jackson.databind.util.internal.PrivateMaxEntriesMap
 147:            10            400  java.lang.OutOfMemoryError (java.base@11.0.22)
 148:             7            392  java.io.FileCleanable (java.base@11.0.22)
 149:             7            392  java.util.LinkedHashMap (java.base@11.0.22)
 150:            11            384  [Ljava.util.regex.Pattern$Node; (java.base@11.0.22)
 151:            12            384  com.fasterxml.jackson.core.JsonGenerator$Feature
 152:            16            384  java.util.regex.Pattern$BitClass (java.base@11.0.22)
 153:            12            384  sun.security.jca.ProviderConfig (java.base@11.0.22)
 154:             1            376  java.lang.ref.Finalizer$FinalizerThread (java.base@11.0.22)
 155:             1            376  java.util.TimerThread (java.base@11.0.22)
 156:             1            376  jdk.internal.misc.InnocuousThread (java.base@11.0.22)
 157:             1            368  java.lang.ref.Reference$ReferenceHandler (java.base@11.0.22)
 158:             5            360  com.fasterxml.jackson.databind.introspect.AnnotatedClass
 159:            15            360  java.util.concurrent.atomic.AtomicLong (java.base@11.0.22)
 160:             5            360  java.util.zip.ZipFile$Source (java.base@11.0.22)
 161:            11            352  java.io.File (java.base@11.0.22)
 162:            11            352  java.util.regex.Pattern$Branch (java.base@11.0.22)
 163:             5            336  [S (java.base@11.0.22)
 164:            14            336  java.lang.invoke.Invokers (java.base@11.0.22)
 165:             6            336  java.nio.DirectLongBufferU (java.base@11.0.22)
 166:            14            336  java.util.regex.Pattern$CharProperty (java.base@11.0.22)
 167:             1            328  java.util.concurrent.ForkJoinPool (java.base@11.0.22)
 168:             5            320  java.lang.invoke.BoundMethodHandle$Species_LLLLLLIIL (java.base@11.0.22)
 169:             5            320  java.nio.DirectByteBufferR (java.base@11.0.22)
 170:            10            320  java.security.Permissions (java.base@11.0.22)
 171:            10            320  java.util.LinkedList (java.base@11.0.22)
 172:             5            320  java.util.jar.JarFile (java.base@11.0.22)
 173:             4            320  sun.net.www.protocol.jar.URLJarFile (java.base@11.0.22)
 174:             3            312  [Ljava.lang.ClassValue$Entry; (java.base@11.0.22)
 175:            13            312  com.fasterxml.jackson.databind.type.LogicalType
 176:            13            312  org.sqlite.SQLiteLimits
 177:            12            288  java.net.StandardSocketOptions$StdSocketOption (java.base@11.0.22)
 178:             2            288  java.text.DecimalFormat (java.base@11.0.22)
 179:             9            288  java.util.Hashtable$Entry (java.base@11.0.22)
 180:             9            288  java.util.concurrent.locks.ReentrantLock$NonfairSync (java.base@11.0.22)
 181:             9            288  jdk.internal.org.objectweb.asm.Type (java.base@11.0.22)
 182:             9            288  sun.security.util.LazyCodeSourcePermissionCollection (java.base@11.0.22)
 183:             1            280  [Ljava.lang.invoke.LambdaForm$Kind; (java.base@11.0.22)
 184:            17            272  sun.invoke.util.ValueConversions$WrapperCache (java.base@11.0.22)
 185:            11            264  com.fasterxml.jackson.annotation.JsonFormat$Shape
 186:            11            264  java.lang.invoke.MethodHandleImpl$Intrinsic (java.base@11.0.22)
 187:            11            264  java.util.zip.Inflater$InflaterZStreamRef (java.base@11.0.22)
 188:             2            256  [Lcom.fasterxml.jackson.databind.DeserializationFeature;
 189:             5            256  [Ljava.util.Hashtable$Entry; (java.base@11.0.22)
 190:            16            256  java.util.regex.Pattern$$Lambda$3/0x0000000840066c40 (java.base@11.0.22)
 191:            16            256  java.util.regex.Pattern$BitClass$$Lambda$2/0x0000000840066840 (java.base@11.0.22)
 192:             2            240  [Lcom.fasterxml.jackson.databind.SerializationFeature;
 193:            10            240  com.fasterxml.jackson.databind.cfg.CoercionInputShape
 194:             5            240  com.fasterxml.jackson.databind.introspect.BasicBeanDescription
 195:             6            240  java.lang.ClassLoader$NativeLibrary (java.base@11.0.22)
 196:            10            240  java.nio.charset.CoderResult (java.base@11.0.22)
 197:            10            240  java.nio.file.StandardOpenOption (java.base@11.0.22)
 198:            10            240  java.util.Collections$SetFromMap (java.base@11.0.22)
 199:             6            240  java.util.EnumMap (java.base@11.0.22)
 200:             5            240  java.util.Hashtable (java.base@11.0.22)
 201:            10            240  java.util.LinkedList$Node (java.base@11.0.22)
 202:             5            240  jdk.internal.loader.URLClassPath$JarLoader (java.base@11.0.22)
 203:             5            240  sun.util.locale.provider.LocaleResources$ResourceReference (java.base@11.0.22)
 204:             1            232  [Lorg.sqlite.SQLiteConfig$Pragma;
 205:             5            224  [Ljava.lang.invoke.LambdaForm$NamedFunction; (java.base@11.0.22)
 206:            14            224  [Ljava.security.Principal; (java.base@11.0.22)
 207:             7            224  java.security.BasicPermissionCollection (java.base@11.0.22)
 208:            14            224  java.security.ProtectionDomain$Key (java.base@11.0.22)
 209:             2            224  java.util.GregorianCalendar (java.base@11.0.22)
 210:             7            224  sun.nio.fs.UnixPath (java.base@11.0.22)
 211:             9            216  java.util.ArrayDeque (java.base@11.0.22)
 212:             3            216  sun.security.provider.NativePRNG$RandomIO (java.base@11.0.22)
 213:             9            216  sun.util.logging.PlatformLogger$Level (java.base@11.0.22)
 214:             2            200  [Ljava.text.DateFormat$Field; (java.base@11.0.22)
 215:             5            200  java.lang.ref.Finalizer (java.base@11.0.22)
 216:             5            200  java.util.stream.StreamOpFlag (java.base@11.0.22)
 217:            12            192  com.fasterxml.jackson.databind.node.IntNode
 218:             6            192  java.lang.invoke.LambdaForm$BasicType (java.base@11.0.22)
 219:             8            192  java.lang.invoke.VarForm (java.base@11.0.22)
 220:             8            192  java.math.RoundingMode (java.base@11.0.22)
 221:             8            192  java.net.NetPermission (java.base@11.0.22)
 222:             3            192  java.text.DateFormatSymbols (java.base@11.0.22)
 223:             8            192  jdk.internal.reflect.NativeMethodAccessorImpl (java.base@11.0.22)
 224:             8            192  org.sqlite.SQLiteConfig$Encoding
 225:             2            192  sun.util.calendar.Gregorian$Date (java.base@11.0.22)
 226:             4            192  sun.util.resources.Bundles$BundleReference (java.base@11.0.22)
 227:            11            176  java.util.regex.Pattern$BranchConn (java.base@11.0.22)
 228:            11            176  org.sqlite.date.FastDateParser$NumberStrategy
 229:             1            168  [[Ljava.math.BigInteger; (java.base@11.0.22)
 230:             7            168  com.fasterxml.jackson.annotation.JsonInclude$Include
 231:             7            168  java.io.ExpiringCache$Entry (java.base@11.0.22)
 232:             7            168  java.lang.System$Logger$Level (java.base@11.0.22)
 233:             4            160  com.fasterxml.jackson.core.Base64Variant
 234:             5            160  com.fasterxml.jackson.core.JsonEncoding
 235:             5            160  java.io.RandomAccessFile (java.base@11.0.22)
 236:             5            160  java.lang.ClassValue$Entry (java.base@11.0.22)
 237:             5            160  java.lang.invoke.VarHandle$AccessType (java.base@11.0.22)
 238:             4            160  java.util.Collections$SingletonMap (java.base@11.0.22)
 239:            10            160  java.util.Formatter$Flags (java.base@11.0.22)
 240:             5            160  java.util.ImmutableCollections$MapN (java.base@11.0.22)
 241:            10            160  java.util.WeakHashMap$KeySet (java.base@11.0.22)
 242:            10            160  java.util.concurrent.atomic.AtomicLongArray (java.base@11.0.22)
 243:             5            160  java.util.zip.ZipFile$CleanableResource (java.base@11.0.22)
 244:             5            160  sun.util.locale.provider.LocaleProviderAdapter$Type (java.base@11.0.22)
 245:             1            152  [Lcom.fasterxml.jackson.databind.MapperFeature;
 246:             3            144  [F (java.base@11.0.22)
 247:             1            144  [Lcom.fasterxml.jackson.core.sym.CharsToNameCanonicalizer$Bucket;
 248:             1            144  [Ljava.lang.invoke.VarHandle$AccessMode; (java.base@11.0.22)
 249:             2            144  [Ljava.math.BigDecimal; (java.base@11.0.22)
 250:             1            144  [Ljava.util.concurrent.ForkJoinPool$WorkQueue; (java.base@11.0.22)
 251:             6            144  com.fasterxml.jackson.annotation.JsonAutoDetect$Visibility
 252:             6            144  com.fasterxml.jackson.core.JsonParser$NumberType
 253:             6            144  java.lang.Thread$State (java.base@11.0.22)
 254:             3            144  java.lang.ThreadGroup (java.base@11.0.22)
 255:             2            144  java.lang.invoke.BoundMethodHandle$Species_LLLLLLLIIL (java.base@11.0.22)
 256:             6            144  java.lang.invoke.StringConcatFactory$Strategy (java.base@11.0.22)
 257:             6            144  java.lang.module.ModuleDescriptor$Requires$Modifier (java.base@11.0.22)
 258:             3            144  java.nio.HeapByteBuffer (java.base@11.0.22)
 259:             9            144  java.security.SecureClassLoader$CodeSourceKey (java.base@11.0.22)
 260:             2            144  java.text.DecimalFormatSymbols (java.base@11.0.22)
 261:             9            144  java.util.concurrent.locks.ReentrantLock (java.base@11.0.22)
 262:             6            144  java.util.zip.ZipFile$InflaterCleanupAction (java.base@11.0.22)
 263:             6            144  jdk.internal.perf.PerfCounter (java.base@11.0.22)
 264:             6            144  org.sqlite.SQLiteConfig$JournalMode
 265:             4            136  [Lsun.invoke.util.ValueConversions$WrapperCache; (java.base@11.0.22)
 266:             4            128  com.fasterxml.jackson.core.StreamReadCapability
 267:             4            128  com.fasterxml.jackson.core.io.SerializedString
 268:             4            128  com.fasterxml.jackson.core.util.Separators$Spacing
 269:             2            128  com.fasterxml.jackson.databind.cfg.BaseSettings
 270:             4            128  com.fasterxml.jackson.databind.cfg.JsonNodeFeature
 271:             2            128  java.io.ExpiringCache$1 (java.base@11.0.22)
 272:             2            128  java.lang.ClassValue$ClassValueMap (java.base@11.0.22)
 273:             4            128  java.lang.ProcessImpl$Platform (java.base@11.0.22)
 274:             4            128  java.lang.invoke.VarHandleInts$FieldInstanceReadWrite (java.base@11.0.22)
 275:             4            128  java.util.Collections$UnmodifiableMap (java.base@11.0.22)
 276:             4            128  java.util.RegularEnumSet (java.base@11.0.22)
 277:             8            128  java.util.concurrent.atomic.AtomicReference (java.base@11.0.22)
 278:             4            128  java.util.zip.ZipFile$CleanableResource$FinalizableResource (java.base@11.0.22)
 279:             8            128  jdk.internal.reflect.DelegatingMethodAccessorImpl (java.base@11.0.22)
 280:             4            128  sun.util.locale.provider.LocaleResources (java.base@11.0.22)
 281:             4            128  sun.util.resources.Bundles$CacheKey (java.base@11.0.22)
 282:             3            120  [Ljava.lang.invoke.LambdaForm$BasicType; (java.base@11.0.22)
 283:             2            120  [Ljava.lang.reflect.Field; (java.base@11.0.22)
 284:             5            120  [Ljava.security.ProtectionDomain; (java.base@11.0.22)
 285:             1            120  [[Ljava.lang.String; (java.base@11.0.22)
 286:             5            120  com.fasterxml.jackson.annotation.Nulls
 287:             5            120  com.fasterxml.jackson.core.JsonFactory$Feature
 288:             5            120  com.fasterxml.jackson.databind.util.LRUMap
 289:             5            120  com.fasterxml.jackson.databind.util.internal.LinkedDeque
 290:             3            120  java.io.FileInputStream (java.base@11.0.22)
 291:             5            120  java.lang.NamedPackage (java.base@11.0.22)
 292:             3            120  java.lang.invoke.MethodHandleImpl$AsVarargsCollector (java.base@11.0.22)
 293:             5            120  java.util.Collections$SynchronizedSet (java.base@11.0.22)
 294:             5            120  java.util.concurrent.ConcurrentLinkedQueue (java.base@11.0.22)
 295:             5            120  java.util.concurrent.ConcurrentLinkedQueue$Node (java.base@11.0.22)
 296:             5            120  java.util.jar.Manifest (java.base@11.0.22)
 297:             5            120  java.util.stream.StreamOpFlag$Type (java.base@11.0.22)
 298:             5            120  java.util.zip.ZipFile$Source$Key (java.base@11.0.22)
 299:             1            120  jdk.internal.loader.ClassLoaders$AppClassLoader (java.base@11.0.22)
 300:             5            120  jdk.internal.math.FloatingDecimal$PreparedASCIIToBinaryBuffer (java.base@11.0.22)
 301:             5            120  jdk.net.ExtendedSocketOptions$ExtSocketOption (jdk.net@11.0.22)
 302:             3            112  [Ljava.lang.Thread; (java.base@11.0.22)
 303:             7            112  java.lang.ThreadLocal (java.base@11.0.22)
 304:             2            112  java.nio.DirectIntBufferRU (java.base@11.0.22)
 305:             2            112  java.util.Properties (java.base@11.0.22)
 306:             7            112  java.util.concurrent.atomic.AtomicInteger (java.base@11.0.22)
 307:             7            112  java.util.regex.CharPredicates$$Lambda$15/0x00000008400c5440 (java.base@11.0.22)
 308:             1            112  jdk.internal.loader.ClassLoaders$BootClassLoader (java.base@11.0.22)
 309:             1            112  jdk.internal.loader.ClassLoaders$PlatformClassLoader (java.base@11.0.22)
 310:             1            112  sun.net.httpserver.ServerImpl (jdk.httpserver@11.0.22)
 311:             2            104  [Lsun.util.logging.PlatformLogger$Level; (java.base@11.0.22)
 312:             1            104  sun.security.jca.ProviderList$1 (java.base@11.0.22)
 313:             1            104  sun.security.provider.Sun (java.base@11.0.22)
 314:             1             96  [Lcom.fasterxml.jackson.core.JsonParser$Feature;
 315:             2             96  [Ljava.lang.System$Logger$Level; (java.base@11.0.22)
 316:             1             96  [[J (java.base@11.0.22)
 317:             1             96  com.fasterxml.jackson.databind.DeserializationConfig
 318:             4             96  com.fasterxml.jackson.databind.cfg.CoercionAction
 319:             6             96  com.fasterxml.jackson.databind.ser.std.ToStringSerializer
 320:             3             96  java.lang.Runtime$Version (java.base@11.0.22)
 321:             3             96  java.lang.invoke.SimpleMethodHandle (java.base@11.0.22)
 322:             4             96  java.lang.module.ModuleDescriptor$Opens (java.base@11.0.22)
 323:             3             96  java.lang.ref.WeakReference (java.base@11.0.22)
 324:             1             96  java.net.SocksSocketImpl (java.base@11.0.22)
 325:             3             96  java.util.Vector (java.base@11.0.22)
 326:             6             96  java.util.concurrent.atomic.AtomicBoolean (java.base@11.0.22)
 327:             4             96  java.util.regex.Pattern$$Lambda$13/0x00000008400c5c40 (java.base@11.0.22)
 328:             4             96  java.util.regex.Pattern$BmpCharPredicate$$Lambda$14/0x00000008400c5040 (java.base@11.0.22)
 329:             4             96  java.util.regex.Pattern$Qtype (java.base@11.0.22)
 330:             4             96  java.util.regex.Pattern$Slice (java.base@11.0.22)
 331:             4             96  java.util.regex.Pattern$Start (java.base@11.0.22)
 332:             4             96  java.util.stream.StreamShape (java.base@11.0.22)
 333:             1             96  jdk.internal.jimage.ImageReader$SharedImageReader (java.base@11.0.22)
 334:             4             96  jdk.internal.logger.BootstrapLogger$LoggingBackend (java.base@11.0.22)
 335:             6             96  org.sqlite.date.FastDatePrinter$CharacterLiteral
 336:             2             96  sun.net.httpserver.HttpContextImpl (jdk.httpserver@11.0.22)
 337:             1             96  sun.nio.ch.ServerSocketChannelImpl (java.base@11.0.22)
 338:             2             96  sun.nio.cs.StreamEncoder (java.base@11.0.22)
 339:             2             96  sun.nio.cs.UTF_8$Encoder (java.base@11.0.22)
 340:             2             88  [Lcom.fasterxml.jackson.databind.cfg.CoercionAction;
 341:             1             88  [Ljava.util.concurrent.ConcurrentMap; (java.base@11.0.22)
 342:             1             88  [Lorg.sqlite.SQLiteOpenMode;
 343:             1             88  com.fasterxml.jackson.databind.SerializationConfig
 344:             1             88  sun.nio.ch.EPollSelectorImpl (java.base@11.0.22)
 345:             2             80  [Ljava.util.stream.StreamOpFlag$Type; (java.base@11.0.22)
 346:             2             80  [Lsun.security.jca.ProviderConfig; (java.base@11.0.22)
 347:             1             80  com.fasterxml.jackson.databind.MappingJsonFactory
 348:             2             80  java.io.BufferedWriter (java.base@11.0.22)
 349:             2             80  java.io.ExpiringCache (java.base@11.0.22)
 350:             2             80  java.io.FileOutputStream (java.base@11.0.22)
 351:             2             80  java.io.PrintStream (java.base@11.0.22)
 352:             2             80  java.lang.ModuleLayer (java.base@11.0.22)
 353:             2             80  java.lang.VirtualMachineError (java.base@11.0.22)
 354:             1             80  java.lang.invoke.BoundMethodHandle$Species_LLLLLLLLLLIIL (java.base@11.0.22)
 355:             2             80  java.lang.invoke.VarHandleObjects$Array (java.base@11.0.22)
 356:             2             80  java.lang.module.Configuration (java.base@11.0.22)
 357:             2             80  java.text.DigitList (java.base@11.0.22)
 358:             5             80  java.util.HashMap$KeySet (java.base@11.0.22)
 359:             2             80  java.util.Locale$Category (java.base@11.0.22)
 360:             5             80  java.util.concurrent.ConcurrentHashMap$ValuesView (java.base@11.0.22)
 361:             5             80  java.util.concurrent.atomic.AtomicReferenceArray (java.base@11.0.22)
 362:             5             80  java.util.jar.Attributes (java.base@11.0.22)
 363:             2             80  jdk.internal.math.FloatingDecimal$BinaryToASCIIBuffer (java.base@11.0.22)
 364:             5             80  sun.nio.fs.UnixFileAttributes$UnixAsBasicFileAttributes (java.base@11.0.22)
 365:             1             80  sun.util.cldr.CLDRLocaleProviderAdapter (java.base@11.0.22)
 366:             1             80  sun.util.locale.provider.LocaleProviderAdapter$NonExistentAdapter (java.base@11.0.22)
 367:             1             72  [Lcom.fasterxml.jackson.core.JsonToken;
 368:             1             72  [Lcom.fasterxml.jackson.databind.type.LogicalType;
 369:             1             72  [Lorg.sqlite.SQLiteLimits;
 370:             1             72  [Lorg.sqlite.date.FastDatePrinter$Rule;
 371:             3             72  com.fasterxml.jackson.core.Base64Variant$PaddingReadBehaviour
 372:             1             72  com.fasterxml.jackson.core.sym.ByteQuadsCanonicalizer
 373:             1             72  com.fasterxml.jackson.core.util.InternCache
 374:             1             72  com.fasterxml.jackson.databind.ObjectMapper
 375:             3             72  com.fasterxml.jackson.databind.PropertyName
 376:             1             72  com.fasterxml.jackson.databind.deser.DefaultDeserializationContext$Impl
 377:             1             72  com.fasterxml.jackson.databind.ser.DefaultSerializerProvider$Impl
 378:             3             72  com.fasterxml.jackson.databind.ser.std.NumberSerializer
 379:             3             72  java.lang.ProcessImpl$LaunchMechanism (java.base@11.0.22)
 380:             3             72  java.lang.WeakPairMap (java.base@11.0.22)
 381:             3             72  java.lang.invoke.MethodHandles$Lookup (java.base@11.0.22)
 382:             3             72  java.lang.invoke.StringConcatFactory$Mode (java.base@11.0.22)
 383:             3             72  java.nio.file.StandardCopyOption (java.base@11.0.22)
 384:             1             72  java.security.SecureRandom (java.base@11.0.22)
 385:             3             72  java.security.SecurityPermission (java.base@11.0.22)
 386:             1             72  java.util.concurrent.ThreadPoolExecutor (java.base@11.0.22)
 387:             3             72  java.util.concurrent.locks.AbstractQueuedSynchronizer$ConditionObject (java.base@11.0.22)
 388:             3             72  java.util.regex.Pattern$StartS (java.base@11.0.22)
 389:             3             72  java.util.stream.MatchOps$MatchKind (java.base@11.0.22)
 390:             3             72  jdk.internal.math.FloatingDecimal$ExceptionalBinaryToASCIIBuffer (java.base@11.0.22)
 391:             3             72  jdk.internal.misc.Signal (java.base@11.0.22)
 392:             3             72  jdk.internal.module.IllegalAccessLogger$Mode (java.base@11.0.22)
 393:             3             72  org.sqlite.SQLiteConfig$DateClass
 394:             3             72  org.sqlite.SQLiteConfig$HexKeyMode
 395:             3             72  org.sqlite.SQLiteConfig$SynchronousMode
 396:             3             72  org.sqlite.SQLiteConfig$TempStore
 397:             3             72  org.sqlite.SQLiteConfig$TransactionMode
 398:             3             72  sun.security.provider.NativePRNG$Variant (java.base@11.0.22)
 399:             1             64  [Lcom.fasterxml.jackson.annotation.JsonFormat$Shape;
 400:             1             64  [Lcom.fasterxml.jackson.core.JsonGenerator$Feature;
 401:             1             64  [Lcom.fasterxml.jackson.databind.node.IntNode;
 402:             2             64  [Ljava.lang.ProcessImpl$LaunchMechanism; (java.base@11.0.22)
 403:             2             64  [Ljava.lang.invoke.LambdaFormEditor$Transform; (java.base@11.0.22)
 404:             1             64  [Ljava.lang.invoke.MethodHandleImpl$Intrinsic; (java.base@11.0.22)
 405:             2             64  [Ljava.nio.charset.CoderResult; (java.base@11.0.22)
 406:             2             64  [Lorg.sqlite.SQLiteConfig$DateClass;
 407:             2             64  [Lorg.sqlite.SQLiteConfig$TransactionMode;
 408:             2             64  com.fasterxml.jackson.core.io.ContentReference
 409:             1             64  com.fasterxml.jackson.core.sym.CharsToNameCanonicalizer
 410:             2             64  com.fasterxml.jackson.databind.cfg.EnumFeature
 411:             2             64  com.fasterxml.jackson.databind.introspect.VisibilityChecker$Std
 412:             2             64  com.fasterxml.jackson.databind.ser.std.NumberSerializers$DoubleSerializer
 413:             2             64  com.fasterxml.jackson.databind.ser.std.NumberSerializers$IntegerSerializer
 414:             2             64  com.fasterxml.jackson.databind.ser.std.NumberSerializers$LongSerializer
 415:             2             64  java.io.BufferedOutputStream (java.base@11.0.22)
 416:             2             64  java.lang.ref.ReferenceQueue$Null (java.base@11.0.22)
 417:             2             64  java.net.InetAddress$InetAddressHolder (java.base@11.0.22)
 418:             2             64  java.nio.file.attribute.FileTime (java.base@11.0.22)
 419:             1             64  java.text.SimpleDateFormat (java.base@11.0.22)
 420:             4             64  java.util.regex.Pattern$CharPredicate$$Lambda$12/0x00000008400c5840 (java.base@11.0.22)
 421:             4             64  org.sqlite.date.FastDateParser$ISO8601TimeZoneStrategy
 422:             4             64  org.sqlite.date.FastDatePrinter$TwoDigitNumberField
 423:             2             64  sun.security.provider.FileInputStreamPool$StreamRef (java.base@11.0.22)
 424:             2             64  sun.util.locale.UnicodeLocaleExtension (java.base@11.0.22)
 425:             1             56  [Lcom.fasterxml.jackson.databind.cfg.CoercionInputShape;
 426:             1             56  [Ljava.lang.Runnable; (java.base@11.0.22)
 427:             1             56  [Ljava.nio.file.StandardOpenOption; (java.base@11.0.22)
 428:             1             56  [[I (java.base@11.0.22)
 429:             1             56  java.lang.invoke.BoundMethodHandle$Specializer (java.base@11.0.22)
 430:             1             56  java.net.SocketPermission (java.base@11.0.22)
 431:             1             56  jdk.internal.ref.CleanerImpl$SoftCleanableRef (java.base@11.0.22)
 432:             1             56  sun.security.provider.SHA (java.base@11.0.22)
 433:             1             48  [Lcom.fasterxml.jackson.annotation.JsonInclude$Include;
 434:             3             48  [Lcom.fasterxml.jackson.databind.JavaType;
 435:             3             48  [Ljava.lang.annotation.Annotation; (java.base@11.0.22)
 436:             1             48  [Ljava.math.RoundingMode; (java.base@11.0.22)
 437:             1             48  [Ljava.util.concurrent.TimeUnit; (java.base@11.0.22)
 438:             2             48  [Lorg.sqlite.SQLiteConfig$DatePrecision;
 439:             1             48  [Lorg.sqlite.SQLiteConfig$Encoding;
 440:             1             48  [Lorg.sqlite.date.FastDateParser$Strategy;
 441:             1             48  com.fasterxml.jackson.core.util.DefaultPrettyPrinter
 442:             1             48  com.fasterxml.jackson.databind.cfg.ConfigOverride$Empty
 443:             2             48  com.fasterxml.jackson.databind.ser.std.BooleanSerializer
 444:             1             48  com.fasterxml.jackson.databind.util.StdDateFormat
 445:             2             48  java.io.File$PathStatus (java.base@11.0.22)
 446:             2             48  java.io.OutputStreamWriter (java.base@11.0.22)
 447:             2             48  java.lang.ClassValue$Version (java.base@11.0.22)
 448:             1             48  java.lang.ProcessHandleImpl (java.base@11.0.22)
 449:             1             48  java.lang.invoke.BoundMethodHandle$Specializer$Factory (java.base@11.0.22)
 450:             2             48  java.lang.reflect.ReflectPermission (java.base@11.0.22)
 451:             2             48  java.net.InetSocketAddress$InetSocketAddressHolder (java.base@11.0.22)
 452:             2             48  java.net.StandardProtocolFamily (java.base@11.0.22)
 453:             3             48  java.nio.charset.CodingErrorAction (java.base@11.0.22)
 454:             2             48  java.sql.SQLPermission (java.sql@11.0.22)
 455:             3             48  java.text.AttributedCharacterIterator$Attribute (java.base@11.0.22)
 456:             3             48  java.util.Optional (java.base@11.0.22)
 457:             3             48  java.util.ResourceBundle$NoFallbackControl (java.base@11.0.22)
 458:             1             48  java.util.TreeMap (java.base@11.0.22)
 459:             1             48  java.util.concurrent.ConcurrentSkipListMap (java.base@11.0.22)
 460:             1             48  java.util.concurrent.LinkedBlockingQueue (java.base@11.0.22)
 461:             1             48  java.util.concurrent.ThreadPoolExecutor$Worker (java.base@11.0.22)
 462:             1             48  jdk.internal.jimage.ImageHeader (java.base@11.0.22)
 463:             2             48  jdk.internal.misc.Signal$NativeHandler (java.base@11.0.22)
 464:             3             48  jdk.internal.module.ServicesCatalog (java.base@11.0.22)
 465:             1             48  jdk.internal.ref.CleanerImpl$WeakCleanableRef (java.base@11.0.22)
 466:             2             48  org.sqlite.SQLiteConfig$DatePrecision
 467:             2             48  org.sqlite.SQLiteConfig$LockingMode
 468:             1             48  org.sqlite.date.FastDateParser
 469:             2             48  org.sqlite.date.FastDatePrinter$PaddedNumberField
 470:             1             48  sun.nio.ch.SelectionKeyImpl (java.base@11.0.22)
 471:             2             48  sun.security.jca.ProviderList (java.base@11.0.22)
 472:             2             48  sun.security.jca.ProviderList$3 (java.base@11.0.22)
 473:             2             48  sun.util.locale.LocaleExtensions (java.base@11.0.22)
 474:             1             40  [Lcom.fasterxml.jackson.annotation.JsonAutoDetect$Visibility;
 475:             1             40  [Lcom.fasterxml.jackson.annotation.Nulls;
 476:             1             40  [Lcom.fasterxml.jackson.core.JsonEncoding;
 477:             1             40  [Lcom.fasterxml.jackson.core.JsonFactory$Feature;
 478:             1             40  [Lcom.fasterxml.jackson.core.JsonParser$NumberType;
 479:             1             40  [Ljava.lang.Thread$State; (java.base@11.0.22)
 480:             1             40  [Ljava.lang.invoke.StringConcatFactory$Strategy; (java.base@11.0.22)
 481:             1             40  [Ljava.lang.invoke.VarHandle$AccessType; (java.base@11.0.22)
 482:             1             40  [Ljava.util.stream.StreamOpFlag; (java.base@11.0.22)
 483:             1             40  [Lorg.sqlite.SQLiteConfig$JournalMode;
 484:             1             40  [Lsun.util.locale.provider.LocaleProviderAdapter$Type; (java.base@11.0.22)
 485:             1             40  [[Ljava.lang.invoke.LambdaForm$Name; (java.base@11.0.22)
 486:             1             40  com.fasterxml.jackson.annotation.JsonFormat$Value
 487:             1             40  com.fasterxml.jackson.core.StreamReadConstraints
 488:             1             40  com.fasterxml.jackson.core.sym.ByteQuadsCanonicalizer$TableInfo
 489:             1             40  com.fasterxml.jackson.core.util.Separators
 490:             1             40  com.fasterxml.jackson.databind.cfg.ConfigOverrides
 491:             1             40  java.io.BufferedInputStream (java.base@11.0.22)
 492:             1             40  java.lang.ArithmeticException (java.base@11.0.22)
 493:             1             40  java.lang.NullPointerException (java.base@11.0.22)
 494:             1             40  java.lang.invoke.MethodHandleImpl$IntrinsicMethodHandle (java.base@11.0.22)
 495:             1             40  java.util.ResourceBundle$2 (java.base@11.0.22)
 496:             1             40  jdk.internal.event.SecurityProviderServiceEvent (java.base@11.0.22)
 497:             1             40  jdk.internal.loader.URLClassPath (java.base@11.0.22)
 498:             1             40  jdk.internal.logger.LazyLoggers$LazyLoggerAccessor (java.base@11.0.22)
 499:             1             40  jdk.internal.ref.CleanerImpl$CleanerCleanable (java.base@11.0.22)
 500:             1             40  sun.net.httpserver.ServerImpl$IdleTimeoutTask (jdk.httpserver@11.0.22)
 501:             1             40  sun.text.resources.cldr.FormatData (java.base@11.0.22)
 502:             1             40  sun.text.resources.cldr.FormatData_en (java.base@11.0.22)
 503:             1             40  sun.util.resources.Bundles$1 (java.base@11.0.22)
 504:             1             40  sun.util.resources.cldr.CalendarData (java.base@11.0.22)
 505:             1             32  [Lcom.fasterxml.jackson.core.Base64Variant$PaddingReadBehaviour;
 506:             1             32  [Lcom.fasterxml.jackson.core.StreamReadCapability;
 507:             1             32  [Lcom.fasterxml.jackson.core.util.Separators$Spacing;
 508:             1             32  [Lcom.fasterxml.jackson.databind.cfg.JsonNodeFeature;
 509:             2             32  [Lcom.fasterxml.jackson.databind.deser.Deserializers;
 510:             1             32  [Lcom.fasterxml.jackson.databind.util.internal.PrivateMaxEntriesMap$DrainStatus;
 511:             1             32  [Ljava.lang.OutOfMemoryError; (java.base@11.0.22)
 512:             1             32  [Ljava.lang.ProcessImpl$Platform; (java.base@11.0.22)
 513:             2             32  [Ljava.lang.StackTraceElement; (java.base@11.0.22)
 514:             1             32  [Ljava.lang.ThreadGroup; (java.base@11.0.22)
 515:             1             32  [Ljava.lang.invoke.StringConcatFactory$Mode; (java.base@11.0.22)
 516:             1             32  [Ljava.lang.module.ModuleDescriptor$Requires$Modifier; (java.base@11.0.22)
 517:             1             32  [Ljava.nio.file.StandardCopyOption; (java.base@11.0.22)
 518:             1             32  [Ljava.util.regex.Pattern$Qtype; (java.base@11.0.22)
 519:             1             32  [Ljava.util.stream.MatchOps$MatchKind; (java.base@11.0.22)
 520:             1             32  [Ljava.util.stream.StreamShape; (java.base@11.0.22)
 521:             1             32  [Ljdk.internal.logger.BootstrapLogger$LoggingBackend; (java.base@11.0.22)
 522:             1             32  [Ljdk.internal.module.IllegalAccessLogger$Mode; (java.base@11.0.22)
 523:             1             32  [Lorg.sqlite.SQLiteConfig$HexKeyMode;
 524:             1             32  [Lorg.sqlite.SQLiteConfig$SynchronousMode;
 525:             1             32  [Lorg.sqlite.SQLiteConfig$TempStore;
 526:             1             32  [Lsun.security.provider.NativePRNG$Variant; (java.base@11.0.22)
 527:             1             32  com.fasterxml.jackson.annotation.JsonInclude$Value
 528:             1             32  com.fasterxml.jackson.core.sym.CharsToNameCanonicalizer$TableInfo
 529:             1             32  com.fasterxml.jackson.databind.cfg.CoercionConfigs
 530:             1             32  com.fasterxml.jackson.databind.cfg.DatatypeFeatures
 531:             1             32  com.fasterxml.jackson.databind.cfg.DeserializerFactoryConfig
 532:             1             32  com.fasterxml.jackson.databind.deser.std.JsonNodeDeserializer
 533:             1             32  com.fasterxml.jackson.databind.introspect.DefaultAccessorNamingStrategy$Provider
 534:             1             32  com.fasterxml.jackson.databind.ser.std.CalendarSerializer
 535:             1             32  com.fasterxml.jackson.databind.ser.std.DateSerializer
 536:             1             32  com.fasterxml.jackson.databind.ser.std.NumberSerializers$FloatSerializer
 537:             1             32  com.fasterxml.jackson.databind.ser.std.NumberSerializers$IntLikeSerializer
 538:             1             32  com.fasterxml.jackson.databind.ser.std.NumberSerializers$ShortSerializer
 539:             1             32  com.fasterxml.jackson.databind.type.TypeBindings
 540:             1             32  com.fasterxml.jackson.databind.type.TypeFactory
 541:             1             32  java.io.UnixFileSystem (java.base@11.0.22)
 542:             2             32  java.lang.Boolean (java.base@11.0.22)
 543:             2             32  java.lang.ClassValue$Identity (java.base@11.0.22)
 544:             2             32  java.lang.Shutdown$Lock (java.base@11.0.22)
 545:             1             32  java.lang.invoke.VarHandleLongs$Array (java.base@11.0.22)
 546:             1             32  java.lang.invoke.VarHandleLongs$FieldInstanceReadWrite (java.base@11.0.22)
 547:             1             32  java.lang.module.ModuleDescriptor$Version (java.base@11.0.22)
 548:             1             32  java.net.Inet6Address$Inet6AddressHolder (java.base@11.0.22)
 549:             2             32  java.net.InetSocketAddress (java.base@11.0.22)
 550:             2             32  java.nio.ByteOrder (java.base@11.0.22)
 551:             1             32  java.security.MessageDigest$Delegate (java.base@11.0.22)
 552:             2             32  java.util.HashMap$Values (java.base@11.0.22)
 553:             2             32  java.util.LinkedHashSet (java.base@11.0.22)
 554:             1             32  java.util.LinkedList$ListItr (java.base@11.0.22)
 555:             2             32  java.util.ResourceBundle$SingleFormatControl (java.base@11.0.22)
 556:             1             32  java.util.concurrent.SynchronousQueue (java.base@11.0.22)
 557:             1             32  java.util.concurrent.SynchronousQueue$TransferStack$SNode (java.base@11.0.22)
 558:             1             32  java.util.concurrent.atomic.AtomicReferenceFieldUpdater$AtomicReferenceFieldUpdaterImpl (java.base@11.0.22)
 559:             1             32  java.util.regex.Pattern$BnM (java.base@11.0.22)
 560:             2             32  jdk.internal.loader.ClassLoaderValue (java.base@11.0.22)
 561:             1             32  jdk.internal.module.IllegalAccessLogger (java.base@11.0.22)
 562:             1             32  jdk.internal.ref.CleanerImpl (java.base@11.0.22)
 563:             1             32  org.sqlite.date.FastDatePrinter
 564:             2             32  sun.net.httpserver.AuthFilter (jdk.httpserver@11.0.22)
 565:             1             32  sun.nio.ch.ServerSocketAdaptor (java.base@11.0.22)
 566:             1             32  sun.nio.cs.StandardCharsets (java.base@11.0.22)
 567:             1             32  sun.nio.fs.LinuxFileSystem (java.base@11.0.22)
 568:             1             32  sun.nio.fs.UnixFileKey (java.base@11.0.22)
 569:             2             32  sun.security.provider.FileInputStreamPool$UnclosableInputStream (java.base@11.0.22)
 570:             1             32  sun.security.provider.SecureRandom (java.base@11.0.22)
 571:             1             32  sun.security.util.KnownOIDs$1 (java.base@11.0.22)
 572:             1             32  sun.security.util.KnownOIDs$10 (java.base@11.0.22)
 573:             1             32  sun.security.util.KnownOIDs$2 (java.base@11.0.22)
 574:             1             32  sun.security.util.KnownOIDs$3 (java.base@11.0.22)
 575:             1             32  sun.security.util.KnownOIDs$4 (java.base@11.0.22)
 576:             1             32  sun.security.util.KnownOIDs$5 (java.base@11.0.22)
 577:             1             32  sun.security.util.KnownOIDs$6 (java.base@11.0.22)
 578:             1             32  sun.security.util.KnownOIDs$7 (java.base@11.0.22)
 579:             1             32  sun.security.util.KnownOIDs$8 (java.base@11.0.22)
 580:             1             32  sun.security.util.KnownOIDs$9 (java.base@11.0.22)
 581:             2             32  sun.util.resources.LocaleData (java.base@11.0.22)
 582:             1             24  [Lcom.fasterxml.jackson.databind.cfg.EnumFeature;
 583:             1             24  [Lcom.fasterxml.jackson.databind.deser.KeyDeserializers;
 584:             1             24  [Ljava.io.File$PathStatus; (java.base@11.0.22)
 585:             1             24  [Ljava.net.StandardProtocolFamily; (java.base@11.0.22)
 586:             1             24  [Ljava.net.URL; (java.base@11.0.22)
 587:             1             24  [Ljava.nio.channels.SelectionKey; (java.base@11.0.22)
 588:             1             24  [Ljava.util.Locale$Category; (java.base@11.0.22)
 589:             1             24  [Ljava.util.jar.Manifest; (java.base@11.0.22)
 590:             1             24  [Lorg.sqlite.SQLiteConfig$LockingMode;
 591:             1             24  com.fasterxml.jackson.annotation.JsonFormat$Features
 592:             1             24  com.fasterxml.jackson.annotation.JsonSetter$Value
 593:             1             24  com.fasterxml.jackson.core.ErrorReportConfiguration
 594:             1             24  com.fasterxml.jackson.core.util.DefaultIndenter
 595:             1             24  com.fasterxml.jackson.databind.cfg.ContextAttributes$Impl
 596:             1             24  com.fasterxml.jackson.databind.cfg.DefaultCacheProvider
 597:             1             24  com.fasterxml.jackson.databind.cfg.MutableCoercionConfig
 598:             1             24  com.fasterxml.jackson.databind.cfg.SerializerFactoryConfig
 599:             1             24  com.fasterxml.jackson.databind.deser.DeserializerCache
 600:             1             24  com.fasterxml.jackson.databind.introspect.AnnotatedClass$Creators
 601:             1             24  com.fasterxml.jackson.databind.introspect.JacksonAnnotationIntrospector
 602:             1             24  com.fasterxml.jackson.databind.introspect.SimpleMixInResolver
 603:             1             24  com.fasterxml.jackson.databind.ser.SerializerCache
 604:             1             24  com.fasterxml.jackson.databind.ser.impl.FailingSerializer
 605:             1             24  com.fasterxml.jackson.databind.ser.std.UUIDSerializer
 606:             1             24  com.fasterxml.jackson.databind.util.internal.PrivateMaxEntriesMap$DrainStatus$1
 607:             1             24  com.fasterxml.jackson.databind.util.internal.PrivateMaxEntriesMap$DrainStatus$2
 608:             1             24  com.fasterxml.jackson.databind.util.internal.PrivateMaxEntriesMap$DrainStatus$3
 609:             1             24  java.lang.Double (java.base@11.0.22)
 610:             1             24  java.lang.ProcessEnvironment$StringEnvironment (java.base@11.0.22)
 611:             1             24  java.lang.ProcessHandleImpl$$Lambda$24/0x00000008400e0840 (java.base@11.0.22)
 612:             1             24  java.lang.StringBuilder (java.base@11.0.22)
 613:             1             24  java.lang.invoke.MethodType$ConcurrentWeakInternSet (java.base@11.0.22)
 614:             1             24  java.lang.invoke.StringConcatFactory$Stringifiers$StringifierAny (java.base@11.0.22)
 615:             1             24  java.lang.invoke.StringConcatFactory$Stringifiers$StringifierMost (java.base@11.0.22)
 616:             1             24  java.net.Inet4Address (java.base@11.0.22)
 617:             1             24  java.net.Inet6Address (java.base@11.0.22)
 618:             1             24  java.net.Inet6AddressImpl (java.base@11.0.22)
 619:             1             24  java.sql.DriverInfo (java.sql@11.0.22)
 620:             1             24  java.util.Collections$EmptyMap (java.base@11.0.22)
 621:             1             24  java.util.Collections$UnmodifiableRandomAccessList (java.base@11.0.22)
 622:             1             24  java.util.Date (java.base@11.0.22)
 623:             1             24  java.util.Locale$Cache (java.base@11.0.22)
 624:             1             24  java.util.ResourceBundle$Control$CandidateListCache (java.base@11.0.22)
 625:             1             24  java.util.TaskQueue (java.base@11.0.22)
 626:             1             24  java.util.Timer (java.base@11.0.22)
 627:             1             24  java.util.concurrent.ConcurrentHashMap$KeySetView (java.base@11.0.22)
 628:             1             24  java.util.concurrent.LinkedBlockingQueue$Node (java.base@11.0.22)
 629:             1             24  java.util.regex.Pattern$CharPropertyGreedy (java.base@11.0.22)
 630:             1             24  java.util.regex.Pattern$Ques (java.base@11.0.22)
 631:             1             24  java.util.zip.ZipCoder$UTF8 (java.base@11.0.22)
 632:             1             24  jdk.internal.jimage.ImageReader (java.base@11.0.22)
 633:             1             24  jdk.internal.loader.URLClassPath$FileLoader (java.base@11.0.22)
 634:             1             24  jdk.internal.logger.BootstrapLogger$RedirectedLoggers (java.base@11.0.22)
 635:             1             24  jdk.internal.logger.SurrogateLogger (java.base@11.0.22)
 636:             1             24  jdk.internal.module.ModuleHashes (java.base@11.0.22)
 637:             1             24  jdk.internal.module.SystemModuleFinders$SystemModuleFinder (java.base@11.0.22)
 638:             1             24  org.slf4j.helpers.SubstituteLoggerFactory
 639:             1             24  org.sqlite.date.FastDateFormat
 640:             1             24  org.sqlite.date.FormatCache$MultipartKey
 641:             1             24  sun.net.httpserver.ServerImpl$Dispatcher (jdk.httpserver@11.0.22)
 642:             1             24  sun.net.sdp.SdpProvider (java.base@11.0.22)
 643:             1             24  sun.nio.cs.ISO_8859_1 (java.base@11.0.22)
 644:             1             24  sun.nio.cs.US_ASCII (java.base@11.0.22)
 645:             1             24  sun.nio.cs.UTF_16 (java.base@11.0.22)
 646:             1             24  sun.nio.cs.UTF_16BE (java.base@11.0.22)
 647:             1             24  sun.nio.cs.UTF_16LE (java.base@11.0.22)
 648:             1             24  sun.nio.cs.UTF_8 (java.base@11.0.22)
 649:             1             24  sun.util.cldr.CLDRCalendarDataProviderImpl (java.base@11.0.22)
 650:             1             24  sun.util.locale.BaseLocale$Cache (java.base@11.0.22)
 651:             1             24  sun.util.locale.provider.CalendarProviderImpl (java.base@11.0.22)
 652:             1             24  sun.util.locale.provider.DateFormatSymbolsProviderImpl (java.base@11.0.22)
 653:             1             24  sun.util.locale.provider.DecimalFormatSymbolsProviderImpl (java.base@11.0.22)
 654:             1             24  sun.util.locale.provider.LocaleServiceProviderPool (java.base@11.0.22)
 655:             1             24  sun.util.locale.provider.NumberFormatProviderImpl (java.base@11.0.22)
 656:             1             16  [Lcom.fasterxml.jackson.databind.AbstractTypeResolver;
 657:             1             16  [Lcom.fasterxml.jackson.databind.deser.BeanDeserializerModifier;
 658:             1             16  [Lcom.fasterxml.jackson.databind.deser.ValueInstantiators;
 659:             1             16  [Lcom.fasterxml.jackson.databind.ser.BeanSerializerModifier;
 660:             1             16  [Lcom.fasterxml.jackson.databind.ser.Serializers;
 661:             1             16  [Lcom.fasterxml.jackson.databind.util.ClassUtil$Ctor;
 662:             1             16  [Ljava.lang.Throwable; (java.base@11.0.22)
 663:             1             16  [Ljava.nio.file.attribute.FileAttribute; (java.base@11.0.22)
 664:             1             16  [Ljava.security.Provider; (java.base@11.0.22)
 665:             1             16  [Ljava.security.cert.Certificate; (java.base@11.0.22)
 666:             1             16  [Ljava.text.FieldPosition; (java.base@11.0.22)
 667:             1             16  ProductService.ProductService$killHandler
 668:             1             16  ProductService.ProductService$productHandler
 669:             1             16  com.fasterxml.jackson.core.StreamWriteConstraints
 670:             1             16  com.fasterxml.jackson.core.io.JsonStringEncoder
 671:             1             16  com.fasterxml.jackson.core.util.DefaultPrettyPrinter$FixedSpaceIndenter
 672:             1             16  com.fasterxml.jackson.core.util.DefaultPrettyPrinter$NopIndenter
 673:             1             16  com.fasterxml.jackson.core.util.JacksonFeatureSet
 674:             1             16  com.fasterxml.jackson.core.util.JsonRecyclerPools$ThreadLocalPool
 675:             1             16  com.fasterxml.jackson.databind.deser.BeanDeserializerFactory
 676:             1             16  com.fasterxml.jackson.databind.deser.std.StdKeyDeserializers
 677:             1             16  com.fasterxml.jackson.databind.ext.Java7SupportImpl
 678:             1             16  com.fasterxml.jackson.databind.introspect.AnnotationCollector$NoAnnotations
 679:             1             16  com.fasterxml.jackson.databind.introspect.BasicClassIntrospector
 680:             1             16  com.fasterxml.jackson.databind.jsontype.impl.LaissezFaireSubTypeValidator
 681:             1             16  com.fasterxml.jackson.databind.jsontype.impl.StdSubtypeResolver
 682:             1             16  com.fasterxml.jackson.databind.node.JsonNodeFactory
 683:             1             16  com.fasterxml.jackson.databind.node.TextNode
 684:             1             16  com.fasterxml.jackson.databind.ser.BeanSerializerFactory
 685:             1             16  com.fasterxml.jackson.databind.ser.impl.UnknownSerializer
 686:             1             16  com.fasterxml.jackson.databind.ser.std.NullSerializer
 687:             1             16  com.fasterxml.jackson.databind.ser.std.StringSerializer
 688:             1             16  com.fasterxml.jackson.databind.type.TypeParser
 689:             1             16  com.fasterxml.jackson.databind.util.RootNameLookup
 690:             1             16  java.io.DeleteOnExitHook$1 (java.base@11.0.22)
 691:             1             16  java.io.FileDescriptor$1 (java.base@11.0.22)
 692:             1             16  java.io.RandomAccessFile$2 (java.base@11.0.22)
 693:             1             16  java.lang.CharacterDataLatin1 (java.base@11.0.22)
 694:             1             16  java.lang.Float (java.base@11.0.22)
 695:             1             16  java.lang.InheritableThreadLocal (java.base@11.0.22)
 696:             1             16  java.lang.ProcessBuilder$NullInputStream (java.base@11.0.22)
 697:             1             16  java.lang.ProcessBuilder$NullOutputStream (java.base@11.0.22)
 698:             1             16  java.lang.ProcessHandleImpl$$Lambda$23/0x00000008400c3440 (java.base@11.0.22)
 699:             1             16  java.lang.Runtime (java.base@11.0.22)
 700:             1             16  java.lang.String$CaseInsensitiveComparator (java.base@11.0.22)
 701:             1             16  java.lang.StringCoding$1 (java.base@11.0.22)
 702:             1             16  java.lang.System$2 (java.base@11.0.22)
 703:             1             16  java.lang.Terminator$1 (java.base@11.0.22)
 704:             1             16  java.lang.invoke.ClassSpecializer$1 (java.base@11.0.22)
 705:             1             16  java.lang.invoke.MemberName$Factory (java.base@11.0.22)
 706:             1             16  java.lang.invoke.MethodHandleImpl$1 (java.base@11.0.22)
 707:             1             16  java.lang.invoke.StringConcatFactory$MethodHandleInlineCopyStrategy$1 (java.base@11.0.22)
 708:             1             16  java.lang.invoke.StringConcatFactory$MethodHandleInlineCopyStrategy$2 (java.base@11.0.22)
 709:             1             16  java.lang.invoke.StringConcatFactory$MethodHandleInlineCopyStrategy$3 (java.base@11.0.22)
 710:             1             16  java.lang.invoke.VarHandle$1 (java.base@11.0.22)
 711:             1             16  java.lang.module.ModuleDescriptor$1 (java.base@11.0.22)
 712:             1             16  java.lang.ref.Cleaner (java.base@11.0.22)
 713:             1             16  java.lang.ref.Cleaner$1 (java.base@11.0.22)
 714:             1             16  java.lang.ref.Reference$1 (java.base@11.0.22)
 715:             1             16  java.lang.reflect.ReflectAccess (java.base@11.0.22)
 716:             1             16  java.math.BigDecimal$1 (java.base@11.0.22)
 717:             1             16  java.net.InetAddress$2 (java.base@11.0.22)
 718:             1             16  java.net.InetAddress$PlatformNameService (java.base@11.0.22)
 719:             1             16  java.net.ServerSocket$2 (java.base@11.0.22)
 720:             1             16  java.net.URI$1 (java.base@11.0.22)
 721:             1             16  java.net.URL$3 (java.base@11.0.22)
 722:             1             16  java.net.URL$DefaultFactory (java.base@11.0.22)
 723:             1             16  java.nio.Bits$1 (java.base@11.0.22)
 724:             1             16  java.nio.Buffer$1 (java.base@11.0.22)
 725:             1             16  java.nio.channels.spi.AbstractSelector$1 (java.base@11.0.22)
 726:             1             16  java.nio.file.Files$AcceptAllFilter (java.base@11.0.22)
 727:             1             16  java.security.AllPermission (java.base@11.0.22)
 728:             1             16  java.security.ProtectionDomain$JavaSecurityAccessImpl (java.base@11.0.22)
 729:             1             16  java.util.Collections$EmptyEnumeration (java.base@11.0.22)
 730:             1             16  java.util.Collections$EmptyIterator (java.base@11.0.22)
 731:             1             16  java.util.Collections$EmptyList (java.base@11.0.22)
 732:             1             16  java.util.Collections$EmptySet (java.base@11.0.22)
 733:             1             16  java.util.Collections$SingletonSet (java.base@11.0.22)
 734:             1             16  java.util.EnumMap$1 (java.base@11.0.22)
 735:             1             16  java.util.ResourceBundle$1 (java.base@11.0.22)
 736:             1             16  java.util.ResourceBundle$Control (java.base@11.0.22)
 737:             1             16  java.util.Spliterators$EmptySpliterator$OfDouble (java.base@11.0.22)
 738:             1             16  java.util.Spliterators$EmptySpliterator$OfInt (java.base@11.0.22)
 739:             1             16  java.util.Spliterators$EmptySpliterator$OfLong (java.base@11.0.22)
 740:             1             16  java.util.Spliterators$EmptySpliterator$OfRef (java.base@11.0.22)
 741:             1             16  java.util.Timer$1 (java.base@11.0.22)
 742:             1             16  java.util.TreeSet (java.base@11.0.22)
 743:             1             16  java.util.concurrent.CompletableFuture$AltResult (java.base@11.0.22)
 744:             1             16  java.util.concurrent.ConcurrentHashMap$EntrySetView (java.base@11.0.22)
 745:             1             16  java.util.concurrent.ConcurrentSkipListSet (java.base@11.0.22)
 746:             1             16  java.util.concurrent.ForkJoinPool$DefaultForkJoinWorkerThreadFactory (java.base@11.0.22)
 747:             1             16  java.util.concurrent.SynchronousQueue$TransferStack (java.base@11.0.22)
 748:             1             16  java.util.concurrent.ThreadPoolExecutor$AbortPolicy (java.base@11.0.22)
 749:             1             16  java.util.jar.JavaUtilJarAccessImpl (java.base@11.0.22)
 750:             1             16  java.util.regex.CharPredicates$$Lambda$1/0x0000000840067040 (java.base@11.0.22)
 751:             1             16  java.util.regex.CharPredicates$$Lambda$28/0x00000008400e3040 (java.base@11.0.22)
 752:             1             16  java.util.regex.Pattern$$Lambda$27/0x00000008400e2c40 (java.base@11.0.22)
 753:             1             16  java.util.regex.Pattern$1 (java.base@11.0.22)
 754:             1             16  java.util.regex.Pattern$LastNode (java.base@11.0.22)
 755:             1             16  java.util.regex.Pattern$Node (java.base@11.0.22)
 756:             1             16  java.util.zip.ZipFile$1 (java.base@11.0.22)
 757:             1             16  jdk.internal.jimage.ImageReaderFactory$1 (java.base@11.0.22)
 758:             1             16  jdk.internal.jimage.ImageStringsReader (java.base@11.0.22)
 759:             1             16  jdk.internal.jimage.decompressor.Decompressor (java.base@11.0.22)
 760:             1             16  jdk.internal.logger.LazyLoggers$1 (java.base@11.0.22)
 761:             1             16  jdk.internal.logger.LazyLoggers$JdkLazyLogger (java.base@11.0.22)
 762:             1             16  jdk.internal.logger.LazyLoggers$LazyLoggerFactories (java.base@11.0.22)
 763:             1             16  jdk.internal.math.FloatingDecimal$1 (java.base@11.0.22)
 764:             1             16  jdk.internal.misc.TerminatingThreadLocal$1 (java.base@11.0.22)
 765:             1             16  jdk.internal.misc.Unsafe (java.base@11.0.22)
 766:             1             16  jdk.internal.module.ModulePatcher (java.base@11.0.22)
 767:             1             16  jdk.internal.module.ModuleTarget (java.base@11.0.22)
 768:             1             16  jdk.internal.module.SystemModules$default (java.base@11.0.22)
 769:             1             16  jdk.internal.perf.Perf (java.base@11.0.22)
 770:             1             16  jdk.internal.reflect.ReflectionFactory (java.base@11.0.22)
 771:             1             16  jdk.internal.util.Preconditions$1 (java.base@11.0.22)
 772:             1             16  jdk.net.ExtendedSocketOptions$1 (jdk.net@11.0.22)
 773:             1             16  jdk.net.LinuxSocketOptions (jdk.net@11.0.22)
 774:             1             16  jdk.net.LinuxSocketOptions$$Lambda$39/0x00000008400e7840 (jdk.net@11.0.22)
 775:             1             16  org.slf4j.helpers.NOPLogger
 776:             1             16  org.slf4j.helpers.NOPLoggerFactory
 777:             1             16  org.sqlite.JDBC
 778:             1             16  org.sqlite.SQLiteJDBCLoader$$Lambda$18/0x00000008400c4040
 779:             1             16  org.sqlite.core.CoreResultSet$$Lambda$37/0x00000008400e6840
 780:             1             16  org.sqlite.core.CoreStatement$$Lambda$31/0x00000008400e4440
 781:             1             16  org.sqlite.date.FastDateFormat$1
 782:             1             16  org.sqlite.date.FastDateParser$1
 783:             1             16  org.sqlite.date.FastDateParser$2
 784:             1             16  org.sqlite.date.FastDateParser$3
 785:             1             16  org.sqlite.date.FastDateParser$4
 786:             1             16  org.sqlite.date.FastDatePrinter$TwoDigitMonthField
 787:             1             16  org.sqlite.jdbc3.JDBC3Statement$$Lambda$35/0x00000008400e5c40
 788:             1             16  org.sqlite.jdbc3.JDBC3Statement$$Lambda$36/0x00000008400e6440
 789:             1             16  org.sqlite.util.OSInfo$$Lambda$19/0x00000008400c4440
 790:             1             16  org.sqlite.util.OSInfo$$Lambda$20/0x00000008400c3840
 791:             1             16  org.sqlite.util.ProcessRunner
 792:             1             16  sun.net.httpserver.ContextList (jdk.httpserver@11.0.22)
 793:             1             16  sun.net.httpserver.DefaultHttpServerProvider (jdk.httpserver@11.0.22)
 794:             1             16  sun.net.httpserver.HttpServerImpl (jdk.httpserver@11.0.22)
 795:             1             16  sun.net.httpserver.ServerImpl$DefaultExecutor (jdk.httpserver@11.0.22)
 796:             1             16  sun.net.www.protocol.file.Handler (java.base@11.0.22)
 797:             1             16  sun.net.www.protocol.jar.Handler (java.base@11.0.22)
 798:             1             16  sun.net.www.protocol.jar.JarFileFactory (java.base@11.0.22)
 799:             1             16  sun.net.www.protocol.jrt.Handler (java.base@11.0.22)
 800:             1             16  sun.nio.ch.EPollSelectorProvider (java.base@11.0.22)
 801:             1             16  sun.nio.ch.Net$1 (java.base@11.0.22)
 802:             1             16  sun.nio.ch.SocketDispatcher (java.base@11.0.22)
 803:             1             16  sun.nio.ch.Util$1 (java.base@11.0.22)
 804:             1             16  sun.nio.ch.Util$2 (java.base@11.0.22)
 805:             1             16  sun.nio.fs.LinuxFileSystemProvider (java.base@11.0.22)
 806:             1             16  sun.nio.fs.NativeBuffers$1 (java.base@11.0.22)
 807:             1             16  sun.security.provider.NativePRNG (java.base@11.0.22)
 808:             1             16  sun.util.calendar.Gregorian (java.base@11.0.22)
 809:             1             16  sun.util.cldr.CLDRBaseLocaleDataMetaInfo (java.base@11.0.22)
 810:             1             16  sun.util.locale.InternalLocaleBuilder$CaseInsensitiveChar (java.base@11.0.22)
 811:             1             16  sun.util.locale.provider.CalendarDataUtility$CalendarWeekParameterGetter (java.base@11.0.22)
 812:             1             16  sun.util.resources.LocaleData$LocaleDataStrategy (java.base@11.0.22)
 813:             1             16  sun.util.resources.cldr.provider.CLDRLocaleDataMetaInfo (jdk.localedata@11.0.22)
Total         62249        2834368
58788:
 garbage-first heap   total 17408K, used 2767K [0x0000000084200000, 0x0000000100000000)
  region size 1024K, 0 young (0K), 0 survivors (0K)
 Metaspace       used 7781K, capacity 9410K, committed 9472K, reserved 1058816K
  class space    used 805K, capacity 1012K, committed 1024K, reserved 1048576K
58788:
2024-03-12 17:48:17
Full thread dump OpenJDK 64-Bit Server VM (11.0.22+7-post-Ubuntu-0ubuntu222.04.1 mixed mode, sharing):

Threads class SMR info:
_java_thread_list=0x00007f5738000c40, length=13, elements={
0x00007f578012b000, 0x00007f578012d000, 0x00007f5780135800, 0x00007f5780137800,
0x00007f5780139800, 0x00007f578013b800, 0x00007f578013d800, 0x00007f5780199000,
0x00007f57803b2000, 0x00007f5780405800, 0x00007f5780412000, 0x00007f5780015800,
0x00007f5738001000
}

"Reference Handler" #2 daemon prio=10 os_prio=0 cpu=0.50ms elapsed=4.08s tid=0x00007f578012b000 nid=0xe5ad waiting on condition  [0x00007f57536fd000]
   java.lang.Thread.State: RUNNABLE
	at java.lang.ref.Reference.waitForReferencePendingList(java.base@11.0.22/Native Method)
	at java.lang.ref.Reference.processPendingReferences(java.base@11.0.22/Reference.java:241)
	at java.lang.ref.Reference$ReferenceHandler.run(java.base@11.0.22/Reference.java:213)

"Finalizer" #3 daemon prio=8 os_prio=0 cpu=0.35ms elapsed=4.08s tid=0x00007f578012d000 nid=0xe5ae in Object.wait()  [0x00007f57535fd000]
   java.lang.Thread.State: WAITING (on object monitor)
	at java.lang.Object.wait(java.base@11.0.22/Native Method)
	- waiting on <0x0000000087474020> (a java.lang.ref.ReferenceQueue$Lock)
	at java.lang.ref.ReferenceQueue.remove(java.base@11.0.22/ReferenceQueue.java:155)
	- waiting to re-lock in wait() <0x0000000087474020> (a java.lang.ref.ReferenceQueue$Lock)
	at java.lang.ref.ReferenceQueue.remove(java.base@11.0.22/ReferenceQueue.java:176)
	at java.lang.ref.Finalizer$FinalizerThread.run(java.base@11.0.22/Finalizer.java:170)

"Signal Dispatcher" #4 daemon prio=9 os_prio=0 cpu=0.73ms elapsed=4.08s tid=0x00007f5780135800 nid=0xe5af runnable  [0x0000000000000000]
   java.lang.Thread.State: RUNNABLE

"Service Thread" #5 daemon prio=9 os_prio=0 cpu=0.09ms elapsed=4.08s tid=0x00007f5780137800 nid=0xe5b0 runnable  [0x0000000000000000]
   java.lang.Thread.State: RUNNABLE

"C2 CompilerThread0" #6 daemon prio=9 os_prio=0 cpu=177.25ms elapsed=4.08s tid=0x00007f5780139800 nid=0xe5b1 waiting on condition  [0x0000000000000000]
   java.lang.Thread.State: RUNNABLE
   No compile task

"C1 CompilerThread0" #9 daemon prio=9 os_prio=0 cpu=232.23ms elapsed=4.08s tid=0x00007f578013b800 nid=0xe5b2 waiting on condition  [0x0000000000000000]
   java.lang.Thread.State: RUNNABLE
   No compile task

"Sweeper thread" #10 daemon prio=9 os_prio=0 cpu=0.12ms elapsed=4.08s tid=0x00007f578013d800 nid=0xe5b3 runnable  [0x0000000000000000]
   java.lang.Thread.State: RUNNABLE

"Common-Cleaner" #11 daemon prio=8 os_prio=0 cpu=0.45ms elapsed=4.04s tid=0x00007f5780199000 nid=0xe5b5 in Object.wait()  [0x00007f5752efc000]
   java.lang.Thread.State: TIMED_WAITING (on object monitor)
	at java.lang.Object.wait(java.base@11.0.22/Native Method)
	- waiting on <0x00000000874af7a0> (a java.lang.ref.ReferenceQueue$Lock)
	at java.lang.ref.ReferenceQueue.remove(java.base@11.0.22/ReferenceQueue.java:155)
	- waiting to re-lock in wait() <0x00000000874af7a0> (a java.lang.ref.ReferenceQueue$Lock)
	at jdk.internal.ref.CleanerImpl.run(java.base@11.0.22/CleanerImpl.java:148)
	at java.lang.Thread.run(java.base@11.0.22/Thread.java:829)
	at jdk.internal.misc.InnocuousThread.run(java.base@11.0.22/InnocuousThread.java:161)

"process reaper" #12 daemon prio=10 os_prio=0 cpu=0.71ms elapsed=3.39s tid=0x00007f57803b2000 nid=0xe5d2 waiting on condition  [0x00007f576002e000]
   java.lang.Thread.State: TIMED_WAITING (parking)
	at jdk.internal.misc.Unsafe.park(java.base@11.0.22/Native Method)
	- parking to wait for  <0x0000000084b1e668> (a java.util.concurrent.SynchronousQueue$TransferStack)
	at java.util.concurrent.locks.LockSupport.parkNanos(java.base@11.0.22/LockSupport.java:234)
	at java.util.concurrent.SynchronousQueue$TransferStack.awaitFulfill(java.base@11.0.22/SynchronousQueue.java:462)
	at java.util.concurrent.SynchronousQueue$TransferStack.transfer(java.base@11.0.22/SynchronousQueue.java:361)
	at java.util.concurrent.SynchronousQueue.poll(java.base@11.0.22/SynchronousQueue.java:937)
	at java.util.concurrent.ThreadPoolExecutor.getTask(java.base@11.0.22/ThreadPoolExecutor.java:1053)
	at java.util.concurrent.ThreadPoolExecutor.runWorker(java.base@11.0.22/ThreadPoolExecutor.java:1114)
	at java.util.concurrent.ThreadPoolExecutor$Worker.run(java.base@11.0.22/ThreadPoolExecutor.java:628)
	at java.lang.Thread.run(java.base@11.0.22/Thread.java:829)

"idle-timeout-task" #13 daemon prio=5 os_prio=0 cpu=0.22ms elapsed=3.23s tid=0x00007f5780405800 nid=0xe5d3 in Object.wait()  [0x00007f57527fe000]
   java.lang.Thread.State: TIMED_WAITING (on object monitor)
	at java.lang.Object.wait(java.base@11.0.22/Native Method)
	- waiting on <0x0000000084212810> (a java.util.TaskQueue)
	at java.util.TimerThread.mainLoop(java.base@11.0.22/Timer.java:553)
	- waiting to re-lock in wait() <0x0000000084212810> (a java.util.TaskQueue)
	at java.util.TimerThread.run(java.base@11.0.22/Timer.java:506)

"HTTP-Dispatcher" #14 prio=5 os_prio=0 cpu=0.97ms elapsed=3.22s tid=0x00007f5780412000 nid=0xe5d4 runnable  [0x00007f57526fe000]
   java.lang.Thread.State: RUNNABLE
	at sun.nio.ch.EPoll.wait(java.base@11.0.22/Native Method)
	at sun.nio.ch.EPollSelectorImpl.doSelect(java.base@11.0.22/EPollSelectorImpl.java:120)
	at sun.nio.ch.SelectorImpl.lockAndDoSelect(java.base@11.0.22/SelectorImpl.java:124)
	- locked <0x0000000084211250> (a sun.nio.ch.Util$2)
	- locked <0x0000000084211090> (a sun.nio.ch.EPollSelectorImpl)
	at sun.nio.ch.SelectorImpl.select(java.base@11.0.22/SelectorImpl.java:136)
	at sun.net.httpserver.ServerImpl$Dispatcher.run(jdk.httpserver@11.0.22/ServerImpl.java:471)
	at java.lang.Thread.run(java.base@11.0.22/Thread.java:829)

"DestroyJavaVM" #15 prio=5 os_prio=0 cpu=466.60ms elapsed=3.22s tid=0x00007f5780015800 nid=0xe5a6 waiting on condition  [0x0000000000000000]
   java.lang.Thread.State: RUNNABLE

"Attach Listener" #16 daemon prio=9 os_prio=0 cpu=1.94ms elapsed=0.94s tid=0x00007f5738001000 nid=0xe614 runnable  [0x0000000000000000]
   java.lang.Thread.State: RUNNABLE

"VM Thread" os_prio=0 cpu=9.11ms elapsed=4.08s tid=0x00007f5780128800 nid=0xe5ac runnable  

"GC Thread#0" os_prio=0 cpu=6.62ms elapsed=4.09s tid=0x00007f578002f800 nid=0xe5a7 runnable  

"GC Thread#1" os_prio=0 cpu=5.60ms elapsed=0.59s tid=0x00007f5748001800 nid=0xe664 runnable  

"GC Thread#2" os_prio=0 cpu=5.64ms elapsed=0.59s tid=0x00007f5748003000 nid=0xe665 runnable  

"G1 Main Marker" os_prio=0 cpu=0.23ms elapsed=4.09s tid=0x00007f5780061000 nid=0xe5a8 runnable  

"G1 Conc#0" os_prio=0 cpu=0.09ms elapsed=4.09s tid=0x00007f5780063000 nid=0xe5a9 runnable  

"G1 Refine#0" os_prio=0 cpu=0.20ms elapsed=4.09s tid=0x00007f57800f4000 nid=0xe5aa runnable  

"G1 Young RemSet Sampling" os_prio=0 cpu=0.68ms elapsed=4.09s tid=0x00007f57800f6000 nid=0xe5ab runnable  
"VM Periodic Task Thread" os_prio=0 cpu=1.75ms elapsed=4.04s tid=0x00007f5780196800 nid=0xe5b4 waiting on condition  

JNI global refs: 15, weak refs: 10

58788:
-XX:CICompilerCount=4 -XX:ConcGCThreads=3 -XX:G1ConcRefinementThreads=10 -XX:G1HeapRegionSize=1048576 -XX:GCDrainStackTargetSize=64 -XX:InitialHeapSize=130023424 -XX:MarkStackSize=4194304 -XX:MaxHeapSize=2078277632 -XX:MaxNewSize=1246756864 -XX:MinHeapDeltaBytes=1048576 -XX:NonNMethodCodeHeapSize=5836300 -XX:NonProfiledCodeHeapSize=122910970 -XX:ProfiledCodeHeapSize=122910970 -XX:ReservedCodeCacheSize=251658240 -XX:+SegmentedCodeCache -XX:+UseCompressedClassPointers -XX:+UseCompressedOops -XX:+UseG1GC 
58788:
#Tue Mar 12 17:48:18 EDT 2024
awt.toolkit=sun.awt.X11.XToolkit
java.specification.version=11
sun.cpu.isalist=
sun.jnu.encoding=UTF-8
java.class.path=.\:./ProductService/jackson-annotations-2.16.1.jar\:./ProductService/jackson-core-2.16.1.jar\:./ProductService/jackson-databind-2.16.1.jar\:./ProductService/slf4j-api-1.7.36.jar\:./ProductService/sqlite-jdbc-3.45.0.0.jar
java.vm.vendor=Ubuntu
sun.arch.data.model=64
java.vendor.url=https\://ubuntu.com/
user.timezone=America/New_York
java.vm.specification.version=11
os.name=Linux
sun.java.launcher=SUN_STANDARD
sun.boot.library.path=/usr/lib/jvm/java-11-openjdk-amd64/lib
sun.java.command=ProductService.ProductService
jdk.debug=release
sun.cpu.endian=little
user.home=/home/masa
user.language=en
java.specification.vendor=Oracle Corporation
java.version.date=2024-01-16
java.home=/usr/lib/jvm/java-11-openjdk-amd64
file.separator=/
java.vm.compressedOopsMode=32-bit
line.separator=\n
java.vm.specification.vendor=Oracle Corporation
java.specification.name=Java Platform API Specification
java.awt.graphicsenv=sun.awt.X11GraphicsEnvironment
sun.management.compiler=HotSpot 64-Bit Tiered Compilers
java.runtime.version=11.0.22+7-post-Ubuntu-0ubuntu222.04.1
user.name=masa
path.separator=\:
os.version=5.15.146.1-microsoft-standard-WSL2
java.runtime.name=OpenJDK Runtime Environment
file.encoding=UTF-8
java.vm.name=OpenJDK 64-Bit Server VM
java.vendor.url.bug=https\://bugs.launchpad.net/ubuntu/+source/openjdk-lts
java.io.tmpdir=/tmp
java.version=11.0.22
user.dir=/mnt/c/Users/faisa/Documents/csc301/a2/Microservice/final/preasync-1/compiled
os.arch=amd64
java.vm.specification.name=Java Virtual Machine Specification
java.awt.printerjob=sun.print.PSPrinterJob
sun.os.patch.level=unknown
java.library.path=/usr/java/packages/lib\:/usr/lib/x86_64-linux-gnu/jni\:/lib/x86_64-linux-gnu\:/usr/lib/x86_64-linux-gnu\:/usr/lib/jni\:/lib\:/usr/lib
java.vm.info=mixed mode, sharing
java.vendor=Ubuntu
java.vm.version=11.0.22+7-post-Ubuntu-0ubuntu222.04.1
java.specification.maintenance.version=2
sun.io.unicode.encoding=UnicodeLittle
java.class.version=55.0
58788:
OpenJDK 64-Bit Server VM version 11.0.22+7-post-Ubuntu-0ubuntu222.04.1
JDK 11.0.22
58788:
VM Arguments:
java_command: ProductService.ProductService
java_class_path (initial): .:./ProductService/jackson-annotations-2.16.1.jar:./ProductService/jackson-core-2.16.1.jar:./ProductService/jackson-databind-2.16.1.jar:./ProductService/slf4j-api-1.7.36.jar:./ProductService/sqlite-jdbc-3.45.0.0.jar
Launcher Type: SUN_STANDARD
