nohup: appending output to 'nohup.out'
38748:
#
# JRE version: OpenJDK Runtime Environment (11.0.22+7) (build 11.0.22+7-post-Ubuntu-0ubuntu222.04.1)
# Java VM: OpenJDK 64-Bit Server VM (11.0.22+7-post-Ubuntu-0ubuntu222.04.1, mixed mode, sharing, tiered, compressed oops, g1 gc, linux-amd64)

---------------  S U M M A R Y ------------

Command Line: OrderService.OrderService

Host: AMD Ryzen 5 3600 6-Core Processor, 12 cores, 7G, Ubuntu 22.04.3 LTS
Time: Sat Mar  9 14:15:39 2024 EST elapsed time: 3.273983 seconds (0d 0h 0m 3s)

---------------  P R O C E S S  ---------------

Heap address: 0x0000000084200000, size: 1982 MB, Compressed Oops mode: 32-bit
Narrow klass base: 0x0000000800000000, Narrow klass shift: 3
Compressed class space size: 1073741824 Address: 0x0000000840000000

Heap:
 garbage-first heap   total 129024K, used 6568K [0x0000000084200000, 0x0000000100000000)
  region size 1024K, 7 young (7168K), 3 survivors (3072K)
 Metaspace       used 9871K, capacity 10511K, committed 10752K, reserved 1058816K
  class space    used 1049K, capacity 1172K, committed 1280K, reserved 1048576K
Heap Regions: E=young(eden), S=young(survivor), O=old, HS=humongous(starts), HC=humongous(continues), CS=collection set, F=free, A=archive, TAMS=top-at-mark-start (previous, next)
|   0|0x0000000084200000, 0x0000000084200000, 0x0000000084300000|  0%| F|  |TAMS 0x0000000084200000, 0x0000000084200000| Untracked
|   1|0x0000000084300000, 0x0000000084300000, 0x0000000084400000|  0%| F|  |TAMS 0x0000000084300000, 0x0000000084300000| Untracked
|   2|0x0000000084400000, 0x0000000084400000, 0x0000000084500000|  0%| F|  |TAMS 0x0000000084400000, 0x0000000084400000| Untracked
|   3|0x0000000084500000, 0x0000000084500000, 0x0000000084600000|  0%| F|  |TAMS 0x0000000084500000, 0x0000000084500000| Untracked
|   4|0x0000000084600000, 0x0000000084600000, 0x0000000084700000|  0%| F|  |TAMS 0x0000000084600000, 0x0000000084600000| Untracked
|   5|0x0000000084700000, 0x0000000084700000, 0x0000000084800000|  0%| F|  |TAMS 0x0000000084700000, 0x0000000084700000| Untracked
|   6|0x0000000084800000, 0x0000000084800000, 0x0000000084900000|  0%| F|  |TAMS 0x0000000084800000, 0x0000000084800000| Untracked
|   7|0x0000000084900000, 0x0000000084900000, 0x0000000084a00000|  0%| F|  |TAMS 0x0000000084900000, 0x0000000084900000| Untracked
|   8|0x0000000084a00000, 0x0000000084a00000, 0x0000000084b00000|  0%| F|  |TAMS 0x0000000084a00000, 0x0000000084a00000| Untracked
|   9|0x0000000084b00000, 0x0000000084b00000, 0x0000000084c00000|  0%| F|  |TAMS 0x0000000084b00000, 0x0000000084b00000| Untracked
|  10|0x0000000084c00000, 0x0000000084c00000, 0x0000000084d00000|  0%| F|  |TAMS 0x0000000084c00000, 0x0000000084c00000| Untracked
|  11|0x0000000084d00000, 0x0000000084d00000, 0x0000000084e00000|  0%| F|  |TAMS 0x0000000084d00000, 0x0000000084d00000| Untracked
|  12|0x0000000084e00000, 0x0000000084e00000, 0x0000000084f00000|  0%| F|  |TAMS 0x0000000084e00000, 0x0000000084e00000| Untracked
|  13|0x0000000084f00000, 0x0000000084f00000, 0x0000000085000000|  0%| F|  |TAMS 0x0000000084f00000, 0x0000000084f00000| Untracked
|  14|0x0000000085000000, 0x0000000085000000, 0x0000000085100000|  0%| F|  |TAMS 0x0000000085000000, 0x0000000085000000| Untracked
|  15|0x0000000085100000, 0x0000000085100000, 0x0000000085200000|  0%| F|  |TAMS 0x0000000085100000, 0x0000000085100000| Untracked
|  16|0x0000000085200000, 0x0000000085200000, 0x0000000085300000|  0%| F|  |TAMS 0x0000000085200000, 0x0000000085200000| Untracked
|  17|0x0000000085300000, 0x0000000085300000, 0x0000000085400000|  0%| F|  |TAMS 0x0000000085300000, 0x0000000085300000| Untracked
|  18|0x0000000085400000, 0x0000000085400000, 0x0000000085500000|  0%| F|  |TAMS 0x0000000085400000, 0x0000000085400000| Untracked
|  19|0x0000000085500000, 0x0000000085500000, 0x0000000085600000|  0%| F|  |TAMS 0x0000000085500000, 0x0000000085500000| Untracked
|  20|0x0000000085600000, 0x0000000085600000, 0x0000000085700000|  0%| F|  |TAMS 0x0000000085600000, 0x0000000085600000| Untracked
|  21|0x0000000085700000, 0x0000000085700000, 0x0000000085800000|  0%| F|  |TAMS 0x0000000085700000, 0x0000000085700000| Untracked
|  22|0x0000000085800000, 0x0000000085800000, 0x0000000085900000|  0%| F|  |TAMS 0x0000000085800000, 0x0000000085800000| Untracked
|  23|0x0000000085900000, 0x0000000085900000, 0x0000000085a00000|  0%| F|  |TAMS 0x0000000085900000, 0x0000000085900000| Untracked
|  24|0x0000000085a00000, 0x0000000085a00000, 0x0000000085b00000|  0%| F|  |TAMS 0x0000000085a00000, 0x0000000085a00000| Untracked
|  25|0x0000000085b00000, 0x0000000085b00000, 0x0000000085c00000|  0%| F|  |TAMS 0x0000000085b00000, 0x0000000085b00000| Untracked
|  26|0x0000000085c00000, 0x0000000085c00000, 0x0000000085d00000|  0%| F|  |TAMS 0x0000000085c00000, 0x0000000085c00000| Untracked
|  27|0x0000000085d00000, 0x0000000085d00000, 0x0000000085e00000|  0%| F|  |TAMS 0x0000000085d00000, 0x0000000085d00000| Untracked
|  28|0x0000000085e00000, 0x0000000085e00000, 0x0000000085f00000|  0%| F|  |TAMS 0x0000000085e00000, 0x0000000085e00000| Untracked
|  29|0x0000000085f00000, 0x0000000085f00000, 0x0000000086000000|  0%| F|  |TAMS 0x0000000085f00000, 0x0000000085f00000| Untracked
|  30|0x0000000086000000, 0x0000000086000000, 0x0000000086100000|  0%| F|  |TAMS 0x0000000086000000, 0x0000000086000000| Untracked
|  31|0x0000000086100000, 0x0000000086100000, 0x0000000086200000|  0%| F|  |TAMS 0x0000000086100000, 0x0000000086100000| Untracked
|  32|0x0000000086200000, 0x0000000086200000, 0x0000000086300000|  0%| F|  |TAMS 0x0000000086200000, 0x0000000086200000| Untracked
|  33|0x0000000086300000, 0x0000000086300000, 0x0000000086400000|  0%| F|  |TAMS 0x0000000086300000, 0x0000000086300000| Untracked
|  34|0x0000000086400000, 0x0000000086400000, 0x0000000086500000|  0%| F|  |TAMS 0x0000000086400000, 0x0000000086400000| Untracked
|  35|0x0000000086500000, 0x0000000086500000, 0x0000000086600000|  0%| F|  |TAMS 0x0000000086500000, 0x0000000086500000| Untracked
|  36|0x0000000086600000, 0x0000000086600000, 0x0000000086700000|  0%| F|  |TAMS 0x0000000086600000, 0x0000000086600000| Untracked
|  37|0x0000000086700000, 0x0000000086700000, 0x0000000086800000|  0%| F|  |TAMS 0x0000000086700000, 0x0000000086700000| Untracked
|  38|0x0000000086800000, 0x0000000086800000, 0x0000000086900000|  0%| F|  |TAMS 0x0000000086800000, 0x0000000086800000| Untracked
|  39|0x0000000086900000, 0x0000000086900000, 0x0000000086a00000|  0%| F|  |TAMS 0x0000000086900000, 0x0000000086900000| Untracked
|  40|0x0000000086a00000, 0x0000000086a00000, 0x0000000086b00000|  0%| F|  |TAMS 0x0000000086a00000, 0x0000000086a00000| Untracked
|  41|0x0000000086b00000, 0x0000000086b00000, 0x0000000086c00000|  0%| F|  |TAMS 0x0000000086b00000, 0x0000000086b00000| Untracked
|  42|0x0000000086c00000, 0x0000000086c00000, 0x0000000086d00000|  0%| F|  |TAMS 0x0000000086c00000, 0x0000000086c00000| Untracked
|  43|0x0000000086d00000, 0x0000000086d00000, 0x0000000086e00000|  0%| F|  |TAMS 0x0000000086d00000, 0x0000000086d00000| Untracked
|  44|0x0000000086e00000, 0x0000000086e00000, 0x0000000086f00000|  0%| F|  |TAMS 0x0000000086e00000, 0x0000000086e00000| Untracked
|  45|0x0000000086f00000, 0x0000000086f00000, 0x0000000087000000|  0%| F|  |TAMS 0x0000000086f00000, 0x0000000086f00000| Untracked
|  46|0x0000000087000000, 0x0000000087000000, 0x0000000087100000|  0%| F|  |TAMS 0x0000000087000000, 0x0000000087000000| Untracked
|  47|0x0000000087100000, 0x0000000087100000, 0x0000000087200000|  0%| F|  |TAMS 0x0000000087100000, 0x0000000087100000| Untracked
|  48|0x0000000087200000, 0x0000000087200000, 0x0000000087300000|  0%| F|  |TAMS 0x0000000087200000, 0x0000000087200000| Untracked
|  49|0x0000000087300000, 0x0000000087300000, 0x0000000087400000|  0%| F|  |TAMS 0x0000000087300000, 0x0000000087300000| Untracked
|  50|0x0000000087400000, 0x0000000087400000, 0x0000000087500000|  0%| F|  |TAMS 0x0000000087400000, 0x0000000087400000| Untracked
|  51|0x0000000087500000, 0x0000000087500000, 0x0000000087600000|  0%| F|  |TAMS 0x0000000087500000, 0x0000000087500000| Untracked
|  52|0x0000000087600000, 0x0000000087600000, 0x0000000087700000|  0%| F|  |TAMS 0x0000000087600000, 0x0000000087600000| Untracked
|  53|0x0000000087700000, 0x0000000087700000, 0x0000000087800000|  0%| F|  |TAMS 0x0000000087700000, 0x0000000087700000| Untracked
|  54|0x0000000087800000, 0x0000000087800000, 0x0000000087900000|  0%| F|  |TAMS 0x0000000087800000, 0x0000000087800000| Untracked
|  55|0x0000000087900000, 0x0000000087900000, 0x0000000087a00000|  0%| F|  |TAMS 0x0000000087900000, 0x0000000087900000| Untracked
|  56|0x0000000087a00000, 0x0000000087a00000, 0x0000000087b00000|  0%| F|  |TAMS 0x0000000087a00000, 0x0000000087a00000| Untracked
|  57|0x0000000087b00000, 0x0000000087b00000, 0x0000000087c00000|  0%| F|  |TAMS 0x0000000087b00000, 0x0000000087b00000| Untracked
|  58|0x0000000087c00000, 0x0000000087c00000, 0x0000000087d00000|  0%| F|  |TAMS 0x0000000087c00000, 0x0000000087c00000| Untracked
|  59|0x0000000087d00000, 0x0000000087d00000, 0x0000000087e00000|  0%| F|  |TAMS 0x0000000087d00000, 0x0000000087d00000| Untracked
|  60|0x0000000087e00000, 0x0000000087e00000, 0x0000000087f00000|  0%| F|  |TAMS 0x0000000087e00000, 0x0000000087e00000| Untracked
|  61|0x0000000087f00000, 0x0000000087f00000, 0x0000000088000000|  0%| F|  |TAMS 0x0000000087f00000, 0x0000000087f00000| Untracked
|  62|0x0000000088000000, 0x0000000088000000, 0x0000000088100000|  0%| F|  |TAMS 0x0000000088000000, 0x0000000088000000| Untracked
|  63|0x0000000088100000, 0x0000000088100000, 0x0000000088200000|  0%| F|  |TAMS 0x0000000088100000, 0x0000000088100000| Untracked
|  64|0x0000000088200000, 0x0000000088200000, 0x0000000088300000|  0%| F|  |TAMS 0x0000000088200000, 0x0000000088200000| Untracked
|  65|0x0000000088300000, 0x0000000088300000, 0x0000000088400000|  0%| F|  |TAMS 0x0000000088300000, 0x0000000088300000| Untracked
|  66|0x0000000088400000, 0x0000000088400000, 0x0000000088500000|  0%| F|  |TAMS 0x0000000088400000, 0x0000000088400000| Untracked
|  67|0x0000000088500000, 0x0000000088500000, 0x0000000088600000|  0%| F|  |TAMS 0x0000000088500000, 0x0000000088500000| Untracked
|  68|0x0000000088600000, 0x0000000088600000, 0x0000000088700000|  0%| F|  |TAMS 0x0000000088600000, 0x0000000088600000| Untracked
|  69|0x0000000088700000, 0x0000000088700000, 0x0000000088800000|  0%| F|  |TAMS 0x0000000088700000, 0x0000000088700000| Untracked
|  70|0x0000000088800000, 0x0000000088800000, 0x0000000088900000|  0%| F|  |TAMS 0x0000000088800000, 0x0000000088800000| Untracked
|  71|0x0000000088900000, 0x0000000088900000, 0x0000000088a00000|  0%| F|  |TAMS 0x0000000088900000, 0x0000000088900000| Untracked
|  72|0x0000000088a00000, 0x0000000088a00000, 0x0000000088b00000|  0%| F|  |TAMS 0x0000000088a00000, 0x0000000088a00000| Untracked
|  73|0x0000000088b00000, 0x0000000088b00000, 0x0000000088c00000|  0%| F|  |TAMS 0x0000000088b00000, 0x0000000088b00000| Untracked
|  74|0x0000000088c00000, 0x0000000088c00000, 0x0000000088d00000|  0%| F|  |TAMS 0x0000000088c00000, 0x0000000088c00000| Untracked
|  75|0x0000000088d00000, 0x0000000088d00000, 0x0000000088e00000|  0%| F|  |TAMS 0x0000000088d00000, 0x0000000088d00000| Untracked
|  76|0x0000000088e00000, 0x0000000088e00000, 0x0000000088f00000|  0%| F|  |TAMS 0x0000000088e00000, 0x0000000088e00000| Untracked
|  77|0x0000000088f00000, 0x0000000088f00000, 0x0000000089000000|  0%| F|  |TAMS 0x0000000088f00000, 0x0000000088f00000| Untracked
|  78|0x0000000089000000, 0x0000000089000000, 0x0000000089100000|  0%| F|  |TAMS 0x0000000089000000, 0x0000000089000000| Untracked
|  79|0x0000000089100000, 0x0000000089100000, 0x0000000089200000|  0%| F|  |TAMS 0x0000000089100000, 0x0000000089100000| Untracked
|  80|0x0000000089200000, 0x0000000089200000, 0x0000000089300000|  0%| F|  |TAMS 0x0000000089200000, 0x0000000089200000| Untracked
|  81|0x0000000089300000, 0x0000000089300000, 0x0000000089400000|  0%| F|  |TAMS 0x0000000089300000, 0x0000000089300000| Untracked
|  82|0x0000000089400000, 0x0000000089400000, 0x0000000089500000|  0%| F|  |TAMS 0x0000000089400000, 0x0000000089400000| Untracked
|  83|0x0000000089500000, 0x0000000089500000, 0x0000000089600000|  0%| F|  |TAMS 0x0000000089500000, 0x0000000089500000| Untracked
|  84|0x0000000089600000, 0x0000000089600000, 0x0000000089700000|  0%| F|  |TAMS 0x0000000089600000, 0x0000000089600000| Untracked
|  85|0x0000000089700000, 0x0000000089700000, 0x0000000089800000|  0%| F|  |TAMS 0x0000000089700000, 0x0000000089700000| Untracked
|  86|0x0000000089800000, 0x0000000089800000, 0x0000000089900000|  0%| F|  |TAMS 0x0000000089800000, 0x0000000089800000| Untracked
|  87|0x0000000089900000, 0x0000000089900000, 0x0000000089a00000|  0%| F|  |TAMS 0x0000000089900000, 0x0000000089900000| Untracked
|  88|0x0000000089a00000, 0x0000000089a00000, 0x0000000089b00000|  0%| F|  |TAMS 0x0000000089a00000, 0x0000000089a00000| Untracked
|  89|0x0000000089b00000, 0x0000000089b00000, 0x0000000089c00000|  0%| F|  |TAMS 0x0000000089b00000, 0x0000000089b00000| Untracked
|  90|0x0000000089c00000, 0x0000000089c00000, 0x0000000089d00000|  0%| F|  |TAMS 0x0000000089c00000, 0x0000000089c00000| Untracked
|  91|0x0000000089d00000, 0x0000000089d00000, 0x0000000089e00000|  0%| F|  |TAMS 0x0000000089d00000, 0x0000000089d00000| Untracked
|  92|0x0000000089e00000, 0x0000000089e00000, 0x0000000089f00000|  0%| F|  |TAMS 0x0000000089e00000, 0x0000000089e00000| Untracked
|  93|0x0000000089f00000, 0x0000000089f00000, 0x000000008a000000|  0%| F|  |TAMS 0x0000000089f00000, 0x0000000089f00000| Untracked
|  94|0x000000008a000000, 0x000000008a000000, 0x000000008a100000|  0%| F|  |TAMS 0x000000008a000000, 0x000000008a000000| Untracked
|  95|0x000000008a100000, 0x000000008a100000, 0x000000008a200000|  0%| F|  |TAMS 0x000000008a100000, 0x000000008a100000| Untracked
|  96|0x000000008a200000, 0x000000008a200000, 0x000000008a300000|  0%| F|  |TAMS 0x000000008a200000, 0x000000008a200000| Untracked
|  97|0x000000008a300000, 0x000000008a3b6048, 0x000000008a400000| 71%| S|CS|TAMS 0x000000008a300000, 0x000000008a300000| Complete
|  98|0x000000008a400000, 0x000000008a500000, 0x000000008a500000|100%| S|CS|TAMS 0x000000008a400000, 0x000000008a400000| Complete
|  99|0x000000008a500000, 0x000000008a600000, 0x000000008a600000|100%| S|CS|TAMS 0x000000008a500000, 0x000000008a500000| Complete
| 100|0x000000008a600000, 0x000000008a600000, 0x000000008a700000|  0%| F|  |TAMS 0x000000008a600000, 0x000000008a600000| Untracked
| 101|0x000000008a700000, 0x000000008a700000, 0x000000008a800000|  0%| F|  |TAMS 0x000000008a700000, 0x000000008a700000| Untracked
| 102|0x000000008a800000, 0x000000008a800000, 0x000000008a900000|  0%| F|  |TAMS 0x000000008a800000, 0x000000008a800000| Untracked
| 103|0x000000008a900000, 0x000000008a900000, 0x000000008aa00000|  0%| F|  |TAMS 0x000000008a900000, 0x000000008a900000| Untracked
| 104|0x000000008aa00000, 0x000000008aa00000, 0x000000008ab00000|  0%| F|  |TAMS 0x000000008aa00000, 0x000000008aa00000| Untracked
| 105|0x000000008ab00000, 0x000000008ab00000, 0x000000008ac00000|  0%| F|  |TAMS 0x000000008ab00000, 0x000000008ab00000| Untracked
| 106|0x000000008ac00000, 0x000000008ac00000, 0x000000008ad00000|  0%| F|  |TAMS 0x000000008ac00000, 0x000000008ac00000| Untracked
| 107|0x000000008ad00000, 0x000000008ad00000, 0x000000008ae00000|  0%| F|  |TAMS 0x000000008ad00000, 0x000000008ad00000| Untracked
| 108|0x000000008ae00000, 0x000000008ae00000, 0x000000008af00000|  0%| F|  |TAMS 0x000000008ae00000, 0x000000008ae00000| Untracked
| 109|0x000000008af00000, 0x000000008af00000, 0x000000008b000000|  0%| F|  |TAMS 0x000000008af00000, 0x000000008af00000| Untracked
| 110|0x000000008b000000, 0x000000008b000000, 0x000000008b100000|  0%| F|  |TAMS 0x000000008b000000, 0x000000008b000000| Untracked
| 111|0x000000008b100000, 0x000000008b100000, 0x000000008b200000|  0%| F|  |TAMS 0x000000008b100000, 0x000000008b100000| Untracked
| 112|0x000000008b200000, 0x000000008b200000, 0x000000008b300000|  0%| F|  |TAMS 0x000000008b200000, 0x000000008b200000| Untracked
| 113|0x000000008b300000, 0x000000008b300000, 0x000000008b400000|  0%| F|  |TAMS 0x000000008b300000, 0x000000008b300000| Untracked
| 114|0x000000008b400000, 0x000000008b400000, 0x000000008b500000|  0%| F|  |TAMS 0x000000008b400000, 0x000000008b400000| Untracked
| 115|0x000000008b500000, 0x000000008b500000, 0x000000008b600000|  0%| F|  |TAMS 0x000000008b500000, 0x000000008b500000| Untracked
| 116|0x000000008b600000, 0x000000008b600000, 0x000000008b700000|  0%| F|  |TAMS 0x000000008b600000, 0x000000008b600000| Untracked
| 117|0x000000008b700000, 0x000000008b700000, 0x000000008b800000|  0%| F|  |TAMS 0x000000008b700000, 0x000000008b700000| Untracked
| 118|0x000000008b800000, 0x000000008b800000, 0x000000008b900000|  0%| F|  |TAMS 0x000000008b800000, 0x000000008b800000| Untracked
| 119|0x000000008b900000, 0x000000008b900000, 0x000000008ba00000|  0%| F|  |TAMS 0x000000008b900000, 0x000000008b900000| Untracked
| 120|0x000000008ba00000, 0x000000008ba80800, 0x000000008bb00000| 50%| E|  |TAMS 0x000000008ba00000, 0x000000008ba00000| Complete
| 121|0x000000008bb00000, 0x000000008bc00000, 0x000000008bc00000|100%| E|CS|TAMS 0x000000008bb00000, 0x000000008bb00000| Complete
| 122|0x000000008bc00000, 0x000000008bd00000, 0x000000008bd00000|100%| E|CS|TAMS 0x000000008bc00000, 0x000000008bc00000| Complete
| 123|0x000000008bd00000, 0x000000008be00000, 0x000000008be00000|100%| E|CS|TAMS 0x000000008bd00000, 0x000000008bd00000| Complete
|1980|0x00000000ffe00000, 0x00000000ffe48000, 0x00000000fff00000| 28%|OA|  |TAMS 0x00000000ffe00000, 0x00000000ffe00000| Untracked
|1981|0x00000000fff00000, 0x00000000fff6c000, 0x0000000100000000| 42%|CA|  |TAMS 0x00000000fff00000, 0x00000000fff00000| Untracked

Card table byte_map: [0x00007f3fdc3fc000,0x00007f3fdc7db000] _byte_map_base: 0x00007f3fdbfdb000

Marking Bits (Prev, Next): (CMBitMap*) 0x00007f3ff4058758, (CMBitMap*) 0x00007f3ff4058790
 Prev Bits: [0x00007f3fd6108000, 0x00007f3fd8000000)
 Next Bits: [0x00007f3fd4210000, 0x00007f3fd6108000)

Polling page: 0x00007f3ffac02000

Metaspace:

Usage:
  Non-class:      9.12 MB capacity,     8.62 MB ( 94%) used,   493.97 KB (  5%) free+waste,    23.06 KB ( <1%) overhead.

      Class:      1.14 MB capacity,     1.02 MB ( 90%) used,   111.12 KB (  9%) free+waste,    11.75 KB (  1%) overhead.

       Both:     10.26 MB capacity,     9.64 MB ( 94%) used,   605.09 KB (  6%) free+waste,    34.81 KB ( <1%) overhead.


Virtual space:
  Non-class space:       10.00 MB reserved,       9.25 MB ( 92%) committed
      Class space:        1.00 GB reserved,       1.25 MB ( <1%) committed
             Both:        1.01 GB reserved,      10.50 MB (  1%) committed

Chunk freelists:
   Non-Class:  5.00 KB
       Class:  0 bytes
        Both:  5.00 KB

MaxMetaspaceSize: unlimited
CompressedClassSpaceSize: 1.00 GB
Initial GC threshold: 20.80 MB
Current GC threshold: 20.80 MB
CDS: on

CodeHeap 'non-profiled nmethods': size=120032Kb used=382Kb max_used=382Kb free=119649Kb
 bounds [0x00007f3fe42a3000, 0x00007f3fe4513000, 0x00007f3feb7db000]
CodeHeap 'profiled nmethods': size=120028Kb used=2264Kb max_used=2264Kb free=117763Kb
 bounds [0x00007f3fdcd6c000, 0x00007f3fdcfdc000, 0x00007f3fe42a3000]
CodeHeap 'non-nmethods': size=5700Kb used=1180Kb max_used=1197Kb free=4519Kb
 bounds [0x00007f3fdc7db000, 0x00007f3fdca4b000, 0x00007f3fdcd6c000]
 total_blobs=1620 nmethods=1170 adapters=364
 compilation: enabled
              stopped_count=0, restarted_count=0
 full_count=0

Compilation events (20 events):
Event: 0.953 Thread 0x00007f3ff4143800 1161       3       jdk.internal.org.objectweb.asm.Type::getDescriptor (18 bytes)
Event: 0.953 Thread 0x00007f3ff4143800 nmethod 1161 0x00007f3fdcf9c610 code [0x00007f3fdcf9c840, 0x00007f3fdcf9ceb0]
Event: 0.953 Thread 0x00007f3ff4143800 1162       3       jdk.internal.org.objectweb.asm.ClassWriter::newFieldItem (77 bytes)
Event: 0.953 Thread 0x00007f3fa40af800 1163       4       java.lang.ref.Reference::<init> (25 bytes)
Event: 0.953 Thread 0x00007f3ff4143800 nmethod 1162 0x00007f3fdcf9d110 code [0x00007f3fdcf9d360, 0x00007f3fdcf9d8b0]
Event: 0.954 Thread 0x00007f3ff4141800 1164       4       jdk.internal.org.objectweb.asm.Item::<init> (66 bytes)
Event: 0.954 Thread 0x00007f3f90005000 1165       4       jdk.internal.org.objectweb.asm.ClassWriter::put (152 bytes)
Event: 0.954 Thread 0x00007f3ff4143800 1166       3       java.lang.invoke.InvokerBytecodeGenerator::isStaticallyNameable (148 bytes)
Event: 0.954 Thread 0x00007f3fa40af800 nmethod 1163 0x00007f3fe42ffa90 code [0x00007f3fe42ffc20, 0x00007f3fe42ffe38]
Event: 0.955 Thread 0x00007f3fa40af800 1169       4       java.lang.invoke.LambdaForm$Name::replaceNames (174 bytes)
Event: 0.955 Thread 0x00007f3ff4143800 nmethod 1166 0x00007f3fdcf9dc10 code [0x00007f3fdcf9e120, 0x00007f3fdcfa0870]
Event: 0.955 Thread 0x00007f3ff4143800 1167       3       java.lang.invoke.InvokerBytecodeGenerator::assertStaticType (58 bytes)
Event: 0.955 Thread 0x00007f3ff4141800 nmethod 1164 0x00007f3fe42ffe90 code [0x00007f3fe4300020, 0x00007f3fe4300318]
Event: 0.955 Thread 0x00007f3ff4141800 1170       4       java.lang.invoke.LambdaForm$Name::useCount (42 bytes)
Event: 0.955 Thread 0x00007f3f90005000 nmethod 1165 0x00007f3fe4300390 code [0x00007f3fe4300520, 0x00007f3fe43007f8]
Event: 0.955 Thread 0x00007f3ff4143800 nmethod 1167 0x00007f3fdcfa1410 code [0x00007f3fdcfa1600, 0x00007f3fdcfa1b10]
Event: 0.955 Thread 0x00007f3ff4143800 1168       3       jdk.internal.org.objectweb.asm.ClassWriter::visitMethod (20 bytes)
Event: 0.956 Thread 0x00007f3ff4143800 nmethod 1168 0x00007f3fdcfa1d10 code [0x00007f3fdcfa1ec0, 0x00007f3fdcfa20c0]
Event: 0.956 Thread 0x00007f3ff4141800 nmethod 1170 0x00007f3fe4300990 code [0x00007f3fe4300b20, 0x00007f3fe4300c38]
Event: 0.974 Thread 0x00007f3fa40af800 nmethod 1169 0x00007f3fe4300d10 code [0x00007f3fe4300f60, 0x00007f3fe43020b0]

GC Heap History (2 events):
Event: 0.885 GC heap before
{Heap before GC invocations=0 (full 0):
 garbage-first heap   total 129024K, used 24272K [0x0000000084200000, 0x0000000100000000)
  region size 1024K, 24 young (24576K), 0 survivors (0K)
 Metaspace       used 8738K, capacity 9705K, committed 9728K, reserved 1058816K
  class space    used 927K, capacity 1024K, committed 1024K, reserved 1048576K
}
Event: 0.890 GC heap after
{Heap after GC invocations=1 (full 0):
 garbage-first heap   total 129024K, used 3496K [0x0000000084200000, 0x0000000100000000)
  region size 1024K, 3 young (3072K), 3 survivors (3072K)
 Metaspace       used 8738K, capacity 9705K, committed 9728K, reserved 1058816K
  class space    used 927K, capacity 1024K, committed 1024K, reserved 1048576K
}

Deoptimization events (20 events):
Event: 0.780 Thread 0x00007f3ff4015800 DEOPT PACKING pc=0x00007f3fdcf2f462 sp=0x00007f3ff9399760
Event: 0.780 Thread 0x00007f3ff4015800 DEOPT UNPACKING pc=0x00007f3fdc82564a sp=0x00007f3ff9398bd8 mode 0
Event: 0.826 Thread 0x00007f3ff4015800 Uncommon trap: trap_request=0xffffff4d fr.pc=0x00007f3fe42e1dd8 relative=0x00000000000002f8
Event: 0.826 Thread 0x00007f3ff4015800 Uncommon trap: reason=unstable_if action=reinterpret pc=0x00007f3fe42e1dd8 method=java.lang.Integer.parseInt(Ljava/lang/String;I)I @ 119 c2
Event: 0.826 Thread 0x00007f3ff4015800 DEOPT PACKING pc=0x00007f3fe42e1dd8 sp=0x00007f3ff939a220
Event: 0.826 Thread 0x00007f3ff4015800 DEOPT UNPACKING pc=0x00007f3fdc824ea5 sp=0x00007f3ff939a1b8 mode 2
Event: 0.838 Thread 0x00007f3ff4015800 Uncommon trap: trap_request=0xffffff4d fr.pc=0x00007f3fe42df8ac relative=0x000000000000008c
Event: 0.838 Thread 0x00007f3ff4015800 Uncommon trap: reason=unstable_if action=reinterpret pc=0x00007f3fe42df8ac method=java.lang.CharacterDataLatin1.digit(II)I @ 7 c2
Event: 0.838 Thread 0x00007f3ff4015800 DEOPT PACKING pc=0x00007f3fe42df8ac sp=0x00007f3ff939a010
Event: 0.838 Thread 0x00007f3ff4015800 DEOPT UNPACKING pc=0x00007f3fdc824ea5 sp=0x00007f3ff9399ef0 mode 2
Event: 0.838 Thread 0x00007f3ff4015800 Uncommon trap: trap_request=0xffffff4d fr.pc=0x00007f3fe42ded38 relative=0x0000000000000098
Event: 0.838 Thread 0x00007f3ff4015800 Uncommon trap: reason=unstable_if action=reinterpret pc=0x00007f3fe42ded38 method=java.lang.CharacterDataLatin1.digit(II)I @ 7 c2
Event: 0.838 Thread 0x00007f3ff4015800 DEOPT PACKING pc=0x00007f3fe42ded38 sp=0x00007f3ff9399f70
Event: 0.838 Thread 0x00007f3ff4015800 DEOPT UNPACKING pc=0x00007f3fdc824ea5 sp=0x00007f3ff9399f10 mode 2
Event: 0.914 Thread 0x00007f3ff4015800 Uncommon trap: trap_request=0xffffff4d fr.pc=0x00007f3fe42e29d0 relative=0x0000000000000170
Event: 0.914 Thread 0x00007f3ff4015800 Uncommon trap: reason=unstable_if action=reinterpret pc=0x00007f3fe42e29d0 method=java.util.concurrent.ConcurrentHashMap.addCount(JI)V @ 121 c2
Event: 0.914 Thread 0x00007f3ff4015800 DEOPT PACKING pc=0x00007f3fe42e29d0 sp=0x00007f3ff9399a00
Event: 0.914 Thread 0x00007f3ff4015800 DEOPT UNPACKING pc=0x00007f3fdc824ea5 sp=0x00007f3ff9399980 mode 2
Event: 0.916 Thread 0x00007f3ff4015800 DEOPT PACKING pc=0x00007f3fdcdca134 sp=0x00007f3ff9399bd0
Event: 0.916 Thread 0x00007f3ff4015800 DEOPT UNPACKING pc=0x00007f3fdc82564a sp=0x00007f3ff9399108 mode 0

Classes redefined (0 events):
No events

Internal exceptions (10 events):
Event: 0.614 Thread 0x00007f3ff4015800 Exception <a 'java/lang/NoSuchMethodError'{0x000000008ad893b8}: 'java.lang.Object java.lang.invoke.DirectMethodHandle$Holder.invokeVirtual(java.lang.Object, java.lang.Object, java.lang.Object, java.lang.Object)'> (0x000000008ad893b8) thrown at [./src/hotspot/share/interpreter/linkResolver.cpp, line 772]
Event: 0.633 Thread 0x00007f3ff4015800 Exception <a 'java/lang/NoSuchMethodError'{0x000000008adf13f8}: 'int java.lang.invoke.DirectMethodHandle$Holder.invokeStaticInit(java.lang.Object, java.lang.Object, java.lang.Object, java.lang.Object)'> (0x000000008adf13f8) thrown at [./src/hotspot/share/interpreter/linkResolver.cpp, line 772]
Event: 0.634 Thread 0x00007f3ff4015800 Exception <a 'java/lang/IncompatibleClassChangeError'{0x000000008adfac40}: Found class java.lang.Object, but interface was expected> (0x000000008adfac40) thrown at [./src/hotspot/share/interpreter/linkResolver.cpp, line 839]
Event: 0.634 Thread 0x00007f3ff4015800 Exception <a 'java/lang/NoSuchMethodError'{0x000000008adfdb48}: 'void java.lang.invoke.DirectMethodHandle$Holder.invokeStaticInit(java.lang.Object, java.lang.Object)'> (0x000000008adfdb48) thrown at [./src/hotspot/share/interpreter/linkResolver.cpp, line 772]
Event: 0.635 Thread 0x00007f3ff4015800 Exception <a 'java/lang/NoSuchMethodError'{0x000000008ac03660}: 'int java.lang.invoke.DirectMethodHandle$Holder.invokeStaticInit(java.lang.Object, java.lang.Object)'> (0x000000008ac03660) thrown at [./src/hotspot/share/interpreter/linkResolver.cpp, line 772]
Event: 0.679 Thread 0x00007f3ff4015800 Exception <a 'java/lang/NoSuchMethodError'{0x000000008ab17628}: 'java.lang.Object java.lang.invoke.DirectMethodHandle$Holder.invokeStaticInit(java.lang.Object, java.lang.Object, java.lang.Object)'> (0x000000008ab17628) thrown at [./src/hotspot/share/interpreter/linkResolver.cpp, line 772]
Event: 0.751 Thread 0x00007f3ff4015800 Exception <a 'java/lang/NoSuchMethodError'{0x000000008a9b5d78}: 'int java.lang.invoke.DirectMethodHandle$Holder.invokeSpecialIFC(java.lang.Object, java.lang.Object, int)'> (0x000000008a9b5d78) thrown at [./src/hotspot/share/interpreter/linkResolver.cpp, line 772]
Event: 0.941 Thread 0x00007f3ff4015800 Exception <a 'java/lang/NoSuchMethodError'{0x000000008bc81f78}: 'java.lang.Object java.lang.invoke.DirectMethodHandle$Holder.invokeStatic(java.lang.Object, java.lang.Object, java.lang.Object, java.lang.Object, java.lang.Object, java.lang.Object, java.lang.Object, java.lang.Object, java.lang.Object, java.lang.Object, java.lang.Object, java.lang.Object, java.lang.Object, int)'> (0x000000008bc81f78) thrown at [./src/hotspot/share/interpreter/linkResolver.cpp, line 772]
Event: 0.942 Thread 0x00007f3ff4015800 Exception <a 'java/lang/NoSuchMethodError'{0x000000008bc8f108}: 'java.lang.Object java.lang.invoke.DirectMethodHandle$Holder.invokeStatic(java.lang.Object, java.lang.Object, java.lang.Object, java.lang.Object, java.lang.Object, java.lang.Object, java.lang.Object, java.lang.Object, java.lang.Object, java.lang.Object, java.lang.Object, java.lang.Object, java.lang.Object, int, int)'> (0x000000008bc8f108) thrown at [./src/hotspot/share/interpreter/linkResolver.cpp, line 772]
Event: 0.944 Thread 0x00007f3ff4015800 Exception <a 'java/lang/NoSuchMethodError'{0x000000008bca93b0}: 'java.lang.Object java.lang.invoke.Invokers$Holder.linkToTargetMethod(java.lang.Object, int, java.lang.Object)'> (0x000000008bca93b0) thrown at [./src/hotspot/share/interpreter/linkResolver.cpp, line 772]

Events (20 events):
Event: 0.961 loading class OrderService/OrderService$productHandler done
Event: 0.963 loading class OrderService/OrderService$userPurchasedHandler
Event: 0.963 loading class OrderService/OrderService$userPurchasedHandler done
Event: 0.966 loading class OrderService/OrderService$killHandler
Event: 0.966 loading class OrderService/OrderService$killHandler done
Event: 0.968 Thread 0x00007f3ff4493800 Thread added: 0x00007f3ff4493800
Event: 0.968 Protecting memory [0x00007f3f9b6fe000,0x00007f3f9b702000] with protection modes 0
Event: 0.968 loading class java/util/LinkedList$ListItr
Event: 0.968 loading class java/util/LinkedList$ListItr done
Event: 0.968 Thread 0x00007f3ff4015800 Thread exited: 0x00007f3ff4015800
Event: 0.968 Protecting memory [0x00007f3ff929c000,0x00007f3ff92a0000] with protection modes 0
Event: 0.968 Thread 0x00007f3ff4015800 Thread added: 0x00007f3ff4015800
Event: 0.968 Executing VM operation: RevokeBias
Event: 0.968 Executing VM operation: RevokeBias done
Event: 0.968 loading class java/nio/channels/spi/AbstractSelector$1
Event: 0.968 loading class sun/nio/ch/Interruptible
Event: 0.968 loading class sun/nio/ch/Interruptible done
Event: 0.968 loading class java/nio/channels/spi/AbstractSelector$1 done
Event: 3.173 Thread 0x00007f3fac001000 Thread added: 0x00007f3fac001000
Event: 3.173 Protecting memory [0x00007f3f9b5fe000,0x00007f3f9b602000] with protection modes 0


Dynamic libraries:
84200000-8be00000 rw-p 00000000 00:00 0
8be00000-ffe00000 ---p 00000000 00:00 0
ffe00000-ffe48000 rw-p 00b14000 08:20 31009                              /usr/lib/jvm/java-11-openjdk-amd64/lib/server/classes.jsa
ffe48000-fff00000 rw-p 00000000 00:00 0
fff00000-fff6c000 rw-p 00aa8000 08:20 31009                              /usr/lib/jvm/java-11-openjdk-amd64/lib/server/classes.jsa
fff6c000-100000000 rw-p 00000000 00:00 0
800000000-800002000 rwxp 00001000 08:20 31009                            /usr/lib/jvm/java-11-openjdk-amd64/lib/server/classes.jsa
800002000-8003ce000 rw-p 00003000 08:20 31009                            /usr/lib/jvm/java-11-openjdk-amd64/lib/server/classes.jsa
8003ce000-800aa6000 r--p 003cf000 08:20 31009                            /usr/lib/jvm/java-11-openjdk-amd64/lib/server/classes.jsa
800aa6000-800aa7000 rw-p 00aa7000 08:20 31009                            /usr/lib/jvm/java-11-openjdk-amd64/lib/server/classes.jsa
840000000-840140000 rw-p 00000000 00:00 0
840140000-880000000 ---p 00000000 00:00 0
5634edde0000-5634edde1000 r--p 00000000 08:20 31789                      /usr/lib/jvm/java-11-openjdk-amd64/bin/java
5634edde1000-5634edde2000 r-xp 00001000 08:20 31789                      /usr/lib/jvm/java-11-openjdk-amd64/bin/java
5634edde2000-5634edde3000 r--p 00002000 08:20 31789                      /usr/lib/jvm/java-11-openjdk-amd64/bin/java
5634edde3000-5634edde4000 r--p 00002000 08:20 31789                      /usr/lib/jvm/java-11-openjdk-amd64/bin/java
5634edde4000-5634edde5000 rw-p 00003000 08:20 31789                      /usr/lib/jvm/java-11-openjdk-amd64/bin/java
5634ef821000-5634ef863000 rw-p 00000000 00:00 0                          [heap]
7f3f70000000-7f3f70021000 rw-p 00000000 00:00 0
7f3f70021000-7f3f74000000 ---p 00000000 00:00 0
7f3f78000000-7f3f78021000 rw-p 00000000 00:00 0
7f3f78021000-7f3f7c000000 ---p 00000000 00:00 0
7f3f7c000000-7f3f7c021000 rw-p 00000000 00:00 0
7f3f7c021000-7f3f80000000 ---p 00000000 00:00 0
7f3f80000000-7f3f80021000 rw-p 00000000 00:00 0
7f3f80021000-7f3f84000000 ---p 00000000 00:00 0
7f3f84000000-7f3f84021000 rw-p 00000000 00:00 0
7f3f84021000-7f3f88000000 ---p 00000000 00:00 0
7f3f88000000-7f3f88141000 rw-p 00000000 00:00 0
7f3f88141000-7f3f8c000000 ---p 00000000 00:00 0
7f3f8c000000-7f3f8c021000 rw-p 00000000 00:00 0
7f3f8c021000-7f3f90000000 ---p 00000000 00:00 0
7f3f90000000-7f3f90134000 rw-p 00000000 00:00 0
7f3f90134000-7f3f94000000 ---p 00000000 00:00 0
7f3f94000000-7f3f94021000 rw-p 00000000 00:00 0
7f3f94021000-7f3f98000000 ---p 00000000 00:00 0
7f3f9b5fe000-7f3f9b602000 ---p 00000000 00:00 0
7f3f9b602000-7f3f9b6fe000 rw-p 00000000 00:00 0
7f3f9b6fe000-7f3f9b702000 ---p 00000000 00:00 0
7f3f9b702000-7f3f9b7fe000 rw-p 00000000 00:00 0
7f3f9b7fe000-7f3f9b802000 ---p 00000000 00:00 0
7f3f9b802000-7f3f9b8fe000 rw-p 00000000 00:00 0
7f3f9b8fe000-7f3f9b8ff000 ---p 00000000 00:00 0
7f3f9b8ff000-7f3f9b9ff000 rw-p 00000000 00:00 0
7f3f9b9ff000-7f3f9ba00000 ---p 00000000 00:00 0
7f3f9ba00000-7f3f9bb00000 rw-p 00000000 00:00 0
7f3f9bb00000-7f3f9bb04000 ---p 00000000 00:00 0
7f3f9bb04000-7f3f9bd40000 rw-p 00000000 00:00 0
7f3f9bd40000-7f3f9be00000 ---p 00000000 00:00 0
7f3f9be00000-7f3f9be04000 ---p 00000000 00:00 0
7f3f9be04000-7f3f9bf00000 rw-p 00000000 00:00 0
7f3f9bf00000-7f3f9bf04000 ---p 00000000 00:00 0
7f3f9bf04000-7f3f9c000000 rw-p 00000000 00:00 0
7f3f9c000000-7f3f9c021000 rw-p 00000000 00:00 0
7f3f9c021000-7f3fa0000000 ---p 00000000 00:00 0
7f3fa0000000-7f3fa0021000 rw-p 00000000 00:00 0
7f3fa0021000-7f3fa4000000 ---p 00000000 00:00 0
7f3fa4000000-7f3fa43b2000 rw-p 00000000 00:00 0
7f3fa43b2000-7f3fa8000000 ---p 00000000 00:00 0
7f3fa8000000-7f3fa841a000 rw-p 00000000 00:00 0
7f3fa841a000-7f3fac000000 ---p 00000000 00:00 0
7f3fac000000-7f3fac021000 rw-p 00000000 00:00 0
7f3fac021000-7f3fb0000000 ---p 00000000 00:00 0
7f3fb0000000-7f3fb0021000 rw-p 00000000 00:00 0
7f3fb0021000-7f3fb4000000 ---p 00000000 00:00 0
7f3fb4000000-7f3fb4021000 rw-p 00000000 00:00 0
7f3fb4021000-7f3fb8000000 ---p 00000000 00:00 0
7f3fb8000000-7f3fb8021000 rw-p 00000000 00:00 0
7f3fb8021000-7f3fbc000000 ---p 00000000 00:00 0
7f3fbc000000-7f3fbc021000 rw-p 00000000 00:00 0
7f3fbc021000-7f3fc0000000 ---p 00000000 00:00 0
7f3fc0000000-7f3fc0021000 rw-p 00000000 00:00 0
7f3fc0021000-7f3fc4000000 ---p 00000000 00:00 0
7f3fc4000000-7f3fc4021000 rw-p 00000000 00:00 0
7f3fc4021000-7f3fc8000000 ---p 00000000 00:00 0
7f3fc8000000-7f3fc8021000 rw-p 00000000 00:00 0
7f3fc8021000-7f3fcc000000 ---p 00000000 00:00 0
7f3fcc0b7000-7f3fcc0bf000 r--p 00000000 08:20 31863                      /usr/lib/jvm/java-11-openjdk-amd64/lib/libsunec.so
7f3fcc0bf000-7f3fcc0d8000 r-xp 00008000 08:20 31863                      /usr/lib/jvm/java-11-openjdk-amd64/lib/libsunec.so
7f3fcc0d8000-7f3fcc0e2000 r--p 00021000 08:20 31863                      /usr/lib/jvm/java-11-openjdk-amd64/lib/libsunec.so
7f3fcc0e2000-7f3fcc0e3000 ---p 0002b000 08:20 31863                      /usr/lib/jvm/java-11-openjdk-amd64/lib/libsunec.so
7f3fcc0e3000-7f3fcc0e7000 r--p 0002b000 08:20 31863                      /usr/lib/jvm/java-11-openjdk-amd64/lib/libsunec.so
7f3fcc0e7000-7f3fcc0e9000 rw-p 0002f000 08:20 31863                      /usr/lib/jvm/java-11-openjdk-amd64/lib/libsunec.so
7f3fcc0e9000-7f3fcc11a000 rw-p 00000000 00:00 0
7f3fcc11a000-7f3fcc11e000 ---p 00000000 00:00 0
7f3fcc11e000-7f3fcc21a000 rw-p 00000000 00:00 0
7f3fcc21a000-7f3fcc21b000 ---p 00000000 00:00 0
7f3fcc21b000-7f3fcc31b000 rw-p 00000000 00:00 0
7f3fcc31b000-7f3fcc31f000 ---p 00000000 00:00 0
7f3fcc31f000-7f3fcc41b000 rw-p 00000000 00:00 0
7f3fcc41b000-7f3fcc41f000 ---p 00000000 00:00 0
7f3fcc41f000-7f3fcc51b000 rw-p 00000000 00:00 0
7f3fcc51b000-7f3fcc51f000 ---p 00000000 00:00 0
7f3fcc51f000-7f3fcc61b000 rw-p 00000000 00:00 0
7f3fcc61b000-7f3fcc61f000 ---p 00000000 00:00 0
7f3fcc61f000-7f3fcc71b000 rw-p 00000000 00:00 0
7f3fcc71b000-7f3fcc71f000 ---p 00000000 00:00 0
7f3fcc71f000-7f3fcc81b000 rw-p 00000000 00:00 0
7f3fcc81b000-7f3fcc872000 r--p 00000000 08:20 6538                       /usr/lib/locale/C.utf8/LC_CTYPE
7f3fcc872000-7f3fcc876000 ---p 00000000 00:00 0
7f3fcc876000-7f3fcc972000 rw-p 00000000 00:00 0
7f3fcc972000-7f3fcc976000 ---p 00000000 00:00 0
7f3fcc976000-7f3fcca72000 rw-p 00000000 00:00 0
7f3fcca72000-7f3fcca73000 ---p 00000000 00:00 0
7f3fcca73000-7f3fcd3f4000 rw-p 00000000 00:00 0
7f3fcd3f4000-7f3fcd3f5000 ---p 00000000 00:00 0
7f3fcd3f5000-7f3fcd4f5000 rw-p 00000000 00:00 0
7f3fcd4f5000-7f3fcd4f6000 ---p 00000000 00:00 0
7f3fcd4f6000-7f3fd0000000 rw-p 00000000 00:00 0
7f3fd0000000-7f3fd0021000 rw-p 00000000 00:00 0
7f3fd0021000-7f3fd4000000 ---p 00000000 00:00 0
7f3fd4005000-7f3fd4007000 r--p 00000000 08:20 31855                      /usr/lib/jvm/java-11-openjdk-amd64/lib/libmanagement_ext.so
7f3fd4007000-7f3fd400a000 r-xp 00002000 08:20 31855                      /usr/lib/jvm/java-11-openjdk-amd64/lib/libmanagement_ext.so
7f3fd400a000-7f3fd400c000 r--p 00005000 08:20 31855                      /usr/lib/jvm/java-11-openjdk-amd64/lib/libmanagement_ext.so
7f3fd400c000-7f3fd400d000 r--p 00006000 08:20 31855                      /usr/lib/jvm/java-11-openjdk-amd64/lib/libmanagement_ext.so
7f3fd400d000-7f3fd400e000 rw-p 00007000 08:20 31855                      /usr/lib/jvm/java-11-openjdk-amd64/lib/libmanagement_ext.so
7f3fd400e000-7f3fd400f000 ---p 00000000 00:00 0
7f3fd400f000-7f3fd410f000 rw-p 00000000 00:00 0
7f3fd410f000-7f3fd4110000 ---p 00000000 00:00 0
7f3fd4110000-7f3fd4400000 rw-p 00000000 00:00 0
7f3fd4400000-7f3fd6100000 ---p 00000000 00:00 0
7f3fd6100000-7f3fd62f8000 rw-p 00000000 00:00 0
7f3fd62f8000-7f3fd7ff8000 ---p 00000000 00:00 0
7f3fd7ff8000-7f3fd8000000 rw-p 00000000 00:00 0
7f3fd8000000-7f3fd8021000 rw-p 00000000 00:00 0
7f3fd8021000-7f3fdc000000 ---p 00000000 00:00 0
7f3fdc005000-7f3fdc009000 r--p 00000000 08:20 31857                      /usr/lib/jvm/java-11-openjdk-amd64/lib/libnet.so
7f3fdc009000-7f3fdc017000 r-xp 00004000 08:20 31857                      /usr/lib/jvm/java-11-openjdk-amd64/lib/libnet.so
7f3fdc017000-7f3fdc01b000 r--p 00012000 08:20 31857                      /usr/lib/jvm/java-11-openjdk-amd64/lib/libnet.so
7f3fdc01b000-7f3fdc01c000 r--p 00015000 08:20 31857                      /usr/lib/jvm/java-11-openjdk-amd64/lib/libnet.so
7f3fdc01c000-7f3fdc01d000 rw-p 00016000 08:20 31857                      /usr/lib/jvm/java-11-openjdk-amd64/lib/libnet.so
7f3fdc01d000-7f3fdc05b000 rw-p 00000000 00:00 0
7f3fdc05b000-7f3fdc3fb000 ---p 00000000 00:00 0
7f3fdc3fb000-7f3fdc43a000 rw-p 00000000 00:00 0
7f3fdc43a000-7f3fdc7da000 ---p 00000000 00:00 0
7f3fdc7da000-7f3fdc7db000 rw-p 00000000 00:00 0
7f3fdc7db000-7f3fdca4b000 rwxp 00000000 00:00 0
7f3fdca4b000-7f3fdcd6c000 ---p 00000000 00:00 0
7f3fdcd6c000-7f3fdcfdc000 rwxp 00000000 00:00 0
7f3fdcfdc000-7f3fe42a3000 ---p 00000000 00:00 0
7f3fe42a3000-7f3fe4513000 rwxp 00000000 00:00 0
7f3fe4513000-7f3feb7db000 ---p 00000000 00:00 0
7f3feb7db000-7f3ff4000000 r--s 00000000 08:20 31867                      /usr/lib/jvm/java-11-openjdk-amd64/lib/modules
7f3ff4000000-7f3ff449b000 rw-p 00000000 00:00 0
7f3ff449b000-7f3ff8000000 ---p 00000000 00:00 0
7f3ff8000000-7f3ff8003000 r--p 00000000 08:20 31853                      /usr/lib/jvm/java-11-openjdk-amd64/lib/libmanagement.so
7f3ff8003000-7f3ff8004000 r-xp 00003000 08:20 31853                      /usr/lib/jvm/java-11-openjdk-amd64/lib/libmanagement.so
7f3ff8004000-7f3ff8005000 r--p 00004000 08:20 31853                      /usr/lib/jvm/java-11-openjdk-amd64/lib/libmanagement.so
7f3ff8005000-7f3ff8006000 r--p 00004000 08:20 31853                      /usr/lib/jvm/java-11-openjdk-amd64/lib/libmanagement.so
7f3ff8006000-7f3ff8007000 rw-p 00005000 08:20 31853                      /usr/lib/jvm/java-11-openjdk-amd64/lib/libmanagement.so
7f3ff8007000-7f3ff8008000 r--p 00000000 08:20 31839                      /usr/lib/jvm/java-11-openjdk-amd64/lib/libextnet.so
7f3ff8008000-7f3ff8009000 r-xp 00001000 08:20 31839                      /usr/lib/jvm/java-11-openjdk-amd64/lib/libextnet.so
7f3ff8009000-7f3ff800a000 r--p 00002000 08:20 31839                      /usr/lib/jvm/java-11-openjdk-amd64/lib/libextnet.so
7f3ff800a000-7f3ff800b000 r--p 00002000 08:20 31839                      /usr/lib/jvm/java-11-openjdk-amd64/lib/libextnet.so
7f3ff800b000-7f3ff800c000 rw-p 00003000 08:20 31839                      /usr/lib/jvm/java-11-openjdk-amd64/lib/libextnet.so
7f3ff800c000-7f3ff8013000 r--p 00000000 08:20 31858                      /usr/lib/jvm/java-11-openjdk-amd64/lib/libnio.so
7f3ff8013000-7f3ff801b000 r-xp 00007000 08:20 31858                      /usr/lib/jvm/java-11-openjdk-amd64/lib/libnio.so
7f3ff801b000-7f3ff801e000 r--p 0000f000 08:20 31858                      /usr/lib/jvm/java-11-openjdk-amd64/lib/libnio.so
7f3ff801e000-7f3ff801f000 r--p 00011000 08:20 31858                      /usr/lib/jvm/java-11-openjdk-amd64/lib/libnio.so
7f3ff801f000-7f3ff8020000 rw-p 00012000 08:20 31858                      /usr/lib/jvm/java-11-openjdk-amd64/lib/libnio.so
7f3ff8020000-7f3ff8021000 r--p 00000000 08:20 6544                       /usr/lib/locale/C.utf8/LC_NUMERIC
7f3ff8021000-7f3ff8022000 r--p 00000000 08:20 6547                       /usr/lib/locale/C.utf8/LC_TIME
7f3ff8022000-7f3ff8023000 r--p 00000000 08:20 6537                       /usr/lib/locale/C.utf8/LC_COLLATE
7f3ff8023000-7f3ff8024000 r--p 00000000 08:20 6542                       /usr/lib/locale/C.utf8/LC_MONETARY
7f3ff8024000-7f3ff802b000 r--s 00000000 08:20 33212                      /usr/lib/x86_64-linux-gnu/gconv/gconv-modules.cache
7f3ff802b000-7f3ff81ae000 rw-p 00000000 00:00 0
7f3ff81ae000-7f3ff854e000 ---p 00000000 00:00 0
7f3ff854e000-7f3ff8f59000 rw-p 00000000 00:00 0
7f3ff8f59000-7f3ff8f5a000 ---p 00000000 00:00 0
7f3ff8f5a000-7f3ff905f000 rw-p 00000000 00:00 0
7f3ff905f000-7f3ff9145000 ---p 00000000 00:00 0
7f3ff9145000-7f3ff914a000 rw-p 00000000 00:00 0
7f3ff914a000-7f3ff9230000 ---p 00000000 00:00 0
7f3ff9230000-7f3ff9235000 rw-p 00000000 00:00 0
7f3ff9235000-7f3ff923c000 ---p 00000000 00:00 0
7f3ff923c000-7f3ff923e000 r--p 00000000 08:20 31866                      /usr/lib/jvm/java-11-openjdk-amd64/lib/libzip.so
7f3ff923e000-7f3ff9243000 r-xp 00002000 08:20 31866                      /usr/lib/jvm/java-11-openjdk-amd64/lib/libzip.so
7f3ff9243000-7f3ff9245000 r--p 00007000 08:20 31866                      /usr/lib/jvm/java-11-openjdk-amd64/lib/libzip.so
7f3ff9245000-7f3ff9246000 r--p 00008000 08:20 31866                      /usr/lib/jvm/java-11-openjdk-amd64/lib/libzip.so
7f3ff9246000-7f3ff9247000 rw-p 00009000 08:20 31866                      /usr/lib/jvm/java-11-openjdk-amd64/lib/libzip.so
7f3ff9247000-7f3ff924f000 rw-s 00000000 08:20 5059                       /tmp/hsperfdata_masa/38748
7f3ff924f000-7f3ff9251000 r--p 00000000 08:20 31849                      /usr/lib/jvm/java-11-openjdk-amd64/lib/libjimage.so
7f3ff9251000-7f3ff9254000 r-xp 00002000 08:20 31849                      /usr/lib/jvm/java-11-openjdk-amd64/lib/libjimage.so
7f3ff9254000-7f3ff9255000 r--p 00005000 08:20 31849                      /usr/lib/jvm/java-11-openjdk-amd64/lib/libjimage.so
7f3ff9255000-7f3ff9256000 ---p 00006000 08:20 31849                      /usr/lib/jvm/java-11-openjdk-amd64/lib/libjimage.so
7f3ff9256000-7f3ff9257000 r--p 00006000 08:20 31849                      /usr/lib/jvm/java-11-openjdk-amd64/lib/libjimage.so
7f3ff9257000-7f3ff9258000 rw-p 00007000 08:20 31849                      /usr/lib/jvm/java-11-openjdk-amd64/lib/libjimage.so
7f3ff9258000-7f3ff9266000 r--p 00000000 08:20 31846                      /usr/lib/jvm/java-11-openjdk-amd64/lib/libjava.so
7f3ff9266000-7f3ff927c000 r-xp 0000e000 08:20 31846                      /usr/lib/jvm/java-11-openjdk-amd64/lib/libjava.so
7f3ff927c000-7f3ff9283000 r--p 00024000 08:20 31846                      /usr/lib/jvm/java-11-openjdk-amd64/lib/libjava.so
7f3ff9283000-7f3ff9284000 r--p 0002a000 08:20 31846                      /usr/lib/jvm/java-11-openjdk-amd64/lib/libjava.so
7f3ff9284000-7f3ff9285000 rw-p 0002b000 08:20 31846                      /usr/lib/jvm/java-11-openjdk-amd64/lib/libjava.so
7f3ff9285000-7f3ff9286000 rw-p 00000000 00:00 0
7f3ff9286000-7f3ff928b000 r--p 00000000 08:20 31865                      /usr/lib/jvm/java-11-openjdk-amd64/lib/libverify.so
7f3ff928b000-7f3ff9292000 r-xp 00005000 08:20 31865                      /usr/lib/jvm/java-11-openjdk-amd64/lib/libverify.so
7f3ff9292000-7f3ff9294000 r--p 0000c000 08:20 31865                      /usr/lib/jvm/java-11-openjdk-amd64/lib/libverify.so
7f3ff9294000-7f3ff9296000 r--p 0000d000 08:20 31865                      /usr/lib/jvm/java-11-openjdk-amd64/lib/libverify.so
7f3ff9296000-7f3ff9297000 rw-p 0000f000 08:20 31865                      /usr/lib/jvm/java-11-openjdk-amd64/lib/libverify.so
7f3ff9297000-7f3ff9298000 r--p 00000000 08:20 32383                      /usr/lib/x86_64-linux-gnu/librt.so.1
7f3ff9298000-7f3ff9299000 r-xp 00001000 08:20 32383                      /usr/lib/x86_64-linux-gnu/librt.so.1
7f3ff9299000-7f3ff929a000 r--p 00002000 08:20 32383                      /usr/lib/x86_64-linux-gnu/librt.so.1
7f3ff929a000-7f3ff929b000 r--p 00002000 08:20 32383                      /usr/lib/x86_64-linux-gnu/librt.so.1
7f3ff929b000-7f3ff929c000 rw-p 00003000 08:20 32383                      /usr/lib/x86_64-linux-gnu/librt.so.1
7f3ff929c000-7f3ff92a0000 ---p 00000000 00:00 0
7f3ff92a0000-7f3ff939c000 rw-p 00000000 00:00 0
7f3ff939c000-7f3ff939f000 r--p 00000000 08:20 6709                       /usr/lib/x86_64-linux-gnu/libgcc_s.so.1
7f3ff939f000-7f3ff93b6000 r-xp 00003000 08:20 6709                       /usr/lib/x86_64-linux-gnu/libgcc_s.so.1
7f3ff93b6000-7f3ff93ba000 r--p 0001a000 08:20 6709                       /usr/lib/x86_64-linux-gnu/libgcc_s.so.1
7f3ff93ba000-7f3ff93bb000 r--p 0001d000 08:20 6709                       /usr/lib/x86_64-linux-gnu/libgcc_s.so.1
7f3ff93bb000-7f3ff93bc000 rw-p 0001e000 08:20 6709                       /usr/lib/x86_64-linux-gnu/libgcc_s.so.1
7f3ff93bc000-7f3ff93ca000 r--p 00000000 08:20 32259                      /usr/lib/x86_64-linux-gnu/libm.so.6
7f3ff93ca000-7f3ff9446000 r-xp 0000e000 08:20 32259                      /usr/lib/x86_64-linux-gnu/libm.so.6
7f3ff9446000-7f3ff94a1000 r--p 0008a000 08:20 32259                      /usr/lib/x86_64-linux-gnu/libm.so.6
7f3ff94a1000-7f3ff94a2000 r--p 000e4000 08:20 32259                      /usr/lib/x86_64-linux-gnu/libm.so.6
7f3ff94a2000-7f3ff94a3000 rw-p 000e5000 08:20 32259                      /usr/lib/x86_64-linux-gnu/libm.so.6
7f3ff94a3000-7f3ff953d000 r--p 00000000 08:20 6947                       /usr/lib/x86_64-linux-gnu/libstdc++.so.6.0.30
7f3ff953d000-7f3ff964e000 r-xp 0009a000 08:20 6947                       /usr/lib/x86_64-linux-gnu/libstdc++.so.6.0.30
7f3ff964e000-7f3ff96bd000 r--p 001ab000 08:20 6947                       /usr/lib/x86_64-linux-gnu/libstdc++.so.6.0.30
7f3ff96bd000-7f3ff96be000 ---p 0021a000 08:20 6947                       /usr/lib/x86_64-linux-gnu/libstdc++.so.6.0.30
7f3ff96be000-7f3ff96c9000 r--p 0021a000 08:20 6947                       /usr/lib/x86_64-linux-gnu/libstdc++.so.6.0.30
7f3ff96c9000-7f3ff96cc000 rw-p 00225000 08:20 6947                       /usr/lib/x86_64-linux-gnu/libstdc++.so.6.0.30
7f3ff96cc000-7f3ff96cf000 rw-p 00000000 00:00 0
7f3ff96cf000-7f3ff9951000 r--p 00000000 08:20 31870                      /usr/lib/jvm/java-11-openjdk-amd64/lib/server/libjvm.so
7f3ff9951000-7f3ffa5ef000 r-xp 00282000 08:20 31870                      /usr/lib/jvm/java-11-openjdk-amd64/lib/server/libjvm.so
7f3ffa5ef000-7f3ffa84b000 r--p 00f20000 08:20 31870                      /usr/lib/jvm/java-11-openjdk-amd64/lib/server/libjvm.so
7f3ffa84b000-7f3ffa90f000 r--p 0117b000 08:20 31870                      /usr/lib/jvm/java-11-openjdk-amd64/lib/server/libjvm.so
7f3ffa90f000-7f3ffa94a000 rw-p 0123f000 08:20 31870                      /usr/lib/jvm/java-11-openjdk-amd64/lib/server/libjvm.so
7f3ffa94a000-7f3ffa9a4000 rw-p 00000000 00:00 0
7f3ffa9a4000-7f3ffa9cc000 r--p 00000000 08:20 32240                      /usr/lib/x86_64-linux-gnu/libc.so.6
7f3ffa9cc000-7f3ffab61000 r-xp 00028000 08:20 32240                      /usr/lib/x86_64-linux-gnu/libc.so.6
7f3ffab61000-7f3ffabb9000 r--p 001bd000 08:20 32240                      /usr/lib/x86_64-linux-gnu/libc.so.6
7f3ffabb9000-7f3ffabba000 ---p 00215000 08:20 32240                      /usr/lib/x86_64-linux-gnu/libc.so.6
7f3ffabba000-7f3ffabbe000 r--p 00215000 08:20 32240                      /usr/lib/x86_64-linux-gnu/libc.so.6
7f3ffabbe000-7f3ffabc0000 rw-p 00219000 08:20 32240                      /usr/lib/x86_64-linux-gnu/libc.so.6
7f3ffabc0000-7f3ffabcd000 rw-p 00000000 00:00 0
7f3ffabcd000-7f3ffabd0000 r--p 00000000 08:20 31831                      /usr/lib/jvm/java-11-openjdk-amd64/lib/jli/libjli.so
7f3ffabd0000-7f3ffabda000 r-xp 00003000 08:20 31831                      /usr/lib/jvm/java-11-openjdk-amd64/lib/jli/libjli.so
7f3ffabda000-7f3ffabdd000 r--p 0000d000 08:20 31831                      /usr/lib/jvm/java-11-openjdk-amd64/lib/jli/libjli.so
7f3ffabdd000-7f3ffabde000 ---p 00010000 08:20 31831                      /usr/lib/jvm/java-11-openjdk-amd64/lib/jli/libjli.so
7f3ffabde000-7f3ffabdf000 r--p 00010000 08:20 31831                      /usr/lib/jvm/java-11-openjdk-amd64/lib/jli/libjli.so
7f3ffabdf000-7f3ffabe0000 rw-p 00011000 08:20 31831                      /usr/lib/jvm/java-11-openjdk-amd64/lib/jli/libjli.so
7f3ffabe0000-7f3ffabe2000 r--p 00000000 08:20 6997                       /usr/lib/x86_64-linux-gnu/libz.so.1.2.11
7f3ffabe2000-7f3ffabf3000 r-xp 00002000 08:20 6997                       /usr/lib/x86_64-linux-gnu/libz.so.1.2.11
7f3ffabf3000-7f3ffabf9000 r--p 00013000 08:20 6997                       /usr/lib/x86_64-linux-gnu/libz.so.1.2.11
7f3ffabf9000-7f3ffabfa000 ---p 00019000 08:20 6997                       /usr/lib/x86_64-linux-gnu/libz.so.1.2.11
7f3ffabfa000-7f3ffabfb000 r--p 00019000 08:20 6997                       /usr/lib/x86_64-linux-gnu/libz.so.1.2.11
7f3ffabfb000-7f3ffabfc000 rw-p 0001a000 08:20 6997                       /usr/lib/x86_64-linux-gnu/libz.so.1.2.11
7f3ffabfc000-7f3ffabfd000 r--p 00000000 08:20 6541                       /usr/lib/locale/C.utf8/LC_MESSAGES/SYS_LC_MESSAGES
7f3ffabfd000-7f3ffabfe000 r--p 00000000 08:20 6545                       /usr/lib/locale/C.utf8/LC_PAPER
7f3ffabfe000-7f3ffabff000 r--p 00000000 08:20 6543                       /usr/lib/locale/C.utf8/LC_NAME
7f3ffabff000-7f3ffac00000 r--p 00000000 08:20 6536                       /usr/lib/locale/C.utf8/LC_ADDRESS
7f3ffac00000-7f3ffac01000 r--p 00000000 08:20 6546                       /usr/lib/locale/C.utf8/LC_TELEPHONE
7f3ffac01000-7f3ffac02000 r--p 00000000 08:20 6540                       /usr/lib/locale/C.utf8/LC_MEASUREMENT
7f3ffac02000-7f3ffac03000 ---p 00000000 00:00 0
7f3ffac03000-7f3ffac04000 r--p 00000000 00:00 0
7f3ffac04000-7f3ffac06000 rw-p 00000000 00:00 0
7f3ffac06000-7f3ffac08000 r--p 00000000 08:20 31651                      /usr/lib/x86_64-linux-gnu/ld-linux-x86-64.so.2
7f3ffac08000-7f3ffac32000 r-xp 00002000 08:20 31651                      /usr/lib/x86_64-linux-gnu/ld-linux-x86-64.so.2
7f3ffac32000-7f3ffac3d000 r--p 0002c000 08:20 31651                      /usr/lib/x86_64-linux-gnu/ld-linux-x86-64.so.2
7f3ffac3d000-7f3ffac3e000 r--p 00000000 08:20 6539                       /usr/lib/locale/C.utf8/LC_IDENTIFICATION
7f3ffac3e000-7f3ffac40000 r--p 00037000 08:20 31651                      /usr/lib/x86_64-linux-gnu/ld-linux-x86-64.so.2
7f3ffac40000-7f3ffac42000 rw-p 00039000 08:20 31651                      /usr/lib/x86_64-linux-gnu/ld-linux-x86-64.so.2
7ffda2bad000-7ffda2bce000 rw-p 00000000 00:00 0                          [stack]
7ffda2bd6000-7ffda2bda000 r--p 00000000 00:00 0                          [vvar]
7ffda2bda000-7ffda2bdc000 r-xp 00000000 00:00 0                          [vdso]

VM Arguments:
java_command: OrderService.OrderService
java_class_path (initial): .:./OrderService/jackson-annotations-2.16.1.jar:./OrderService/jackson-core-2.16.1.jar:./OrderService/jackson-databind-2.16.1.jar:./OrderService/postgresql-42.7.2.jar
Launcher Type: SUN_STANDARD

Logging:
Available log levels: off, trace, debug, info, warning, error
Available log decorators: time (t), utctime (utc), uptime (u), timemillis (tm), uptimemillis (um), timenanos (tn), uptimenanos (un), hostname (hn), pid (p), tid (ti), level (l), tags (tg)
Available log tags: add, age, alloc, annotation, aot, arguments, attach, barrier, biasedlocking, blocks, bot, breakpoint, bytecode, cds, census, class, classhisto, cleanup, codecache, compaction, compilation, constantpool, constraints, container, coops, cpu, cset, data, datacreation, dcmd, decoder, defaultmethods, director, dump, ergo, event, exceptions, exit, fingerprint, free, freelist, gc, handshake, hashtables, heap, humongous, ihop, iklass, init, inlining, interpreter, itables, jfr, jit, jni, jvmti, liveness, load, loader, logging, malloc, mark, marking, membername, memops, metadata, metaspace, methodcomparator, mirror, mmu, module, monitorinflation, monitormismatch, nestmates, nmethod, normalize, objecttagging, obsolete, oldobject, oom, oopmap, oops, oopstorage, os, pagesize, parser, patch, path, perf, phases, plab, preorder, preview, promotion, protectiondomain, purge, redefine, ref, refine, region, reloc, remset, resolve, safepoint, sampling, scavenge, setting, smr, stackmap, stacktrace, stackwalk, start, startuptime, state, stats, stringdedup, stringtable, subclass, survivor, sweep, system, table, task, thread, time, timer, tlab, tracking, unload, unshareable, update, verification, verify, vmoperation, vmthread, vtables, vtablestubs, workgang
Described tag sets:
 logging: Logging for the log framework itself
Log output configuration:
 #0: stdout all=warning uptime,level,tags
 #1: stderr all=off uptime,level,tags

Environment Variables:
PATH=/usr/local/sbin:/usr/local/bin:/usr/sbin:/usr/bin:/sbin:/bin:/usr/games:/usr/local/games:/usr/lib/wsl/lib:/mnt/c/Program Files (x86)/Common Files/Oracle/Java/javapath:/mnt/c/Program Files/Eclipse Adoptium/jdk-21.0.1.12-hotspot/bin:/mnt/c/Program Files (x86)/Razer/ChromaBroadcast/bin:/mnt/c/Program Files/Razer/ChromaBroadcast/bin:/mnt/c/Program Files/Python312/Scripts/:/mnt/c/Program Files/Python312/:/mnt/c/Windows/system32:/mnt/c/Windows:/mnt/c/Windows/System32/Wbem:/mnt/c/Windows/System32/WindowsPowerShell/v1.0/:/mnt/c/Windows/System32/OpenSSH/:/mnt/c/Program Files/Microsoft VS Code/bin:/mnt/c/Program Files/Git/cmd:/mnt/c/Program Files/NVIDIA Corporation/NVIDIA NvDLISR:/mnt/c/Program Files (x86)/NVIDIA Corporation/PhysX/Common:/mnt/c/Program Files/nodejs/:/mnt/c/Program Files/dotnet/:/mnt/c/Windows/system32/config/systemprofile/AppData/Local/Microsoft/WindowsApps:/Docker/host/bin:/mnt/c/Users/faisa/AppData/Local/Microsoft/WindowsApps:/mnt/c/Users/faisa/AppData/Roaming/npm
SHELL=/bin/bash
DISPLAY=:0
HOSTTYPE=x86_64
LANG=C.UTF-8
TERM=xterm-256color

Signal Handlers:
SIGSEGV: [libjvm.so+0xbefa50], sa_mask[0]=11111111011111111101111111111110, sa_flags=SA_RESTART|SA_SIGINFO
SIGBUS: [libjvm.so+0xbefa50], sa_mask[0]=11111111011111111101111111111110, sa_flags=SA_RESTART|SA_SIGINFO
SIGFPE: [libjvm.so+0xbefa50], sa_mask[0]=11111111011111111101111111111110, sa_flags=SA_RESTART|SA_SIGINFO
SIGPIPE: [libjvm.so+0xbefa50], sa_mask[0]=11111111011111111101111111111110, sa_flags=SA_RESTART|SA_SIGINFO
SIGXFSZ: [libjvm.so+0xbefa50], sa_mask[0]=11111111011111111101111111111110, sa_flags=SA_RESTART|SA_SIGINFO
SIGILL: [libjvm.so+0xbefa50], sa_mask[0]=11111111011111111101111111111110, sa_flags=SA_RESTART|SA_SIGINFO
SIGUSR2: [libjvm.so+0xbef8f0], sa_mask[0]=00000000000000000000000000000000, sa_flags=SA_RESTART|SA_SIGINFO
SIGHUP: SIG_IGN, sa_mask[0]=00000000000000000000000000000000, sa_flags=none
SIGINT: SIG_IGN, sa_mask[0]=00000000000000000000000000000000, sa_flags=none
SIGTERM: [libjvm.so+0xbf00b0], sa_mask[0]=11111111011111111101111111111110, sa_flags=SA_RESTART|SA_SIGINFO
SIGQUIT: [libjvm.so+0xbf00b0], sa_mask[0]=11111111011111111101111111111110, sa_flags=SA_RESTART|SA_SIGINFO


---------------  S Y S T E M  ---------------

OS:DISTRIB_ID=Ubuntu
DISTRIB_RELEASE=22.04
DISTRIB_CODENAME=jammy
DISTRIB_DESCRIPTION="Ubuntu 22.04.3 LTS"
uname:Linux 5.15.146.1-microsoft-standard-WSL2 #1 SMP Thu Jan 11 04:09:03 UTC 2024 x86_64
OS uptime: 0 days 1:58 hours
libc:glibc 2.35 NPTL 2.35
rlimit (soft/hard): STACK 8192k/infinity , CORE 0k/infinity , NPROC 31659/31659 , NOFILE 1048576/1048576 , AS infinity/infinity , CPU infinity/infinity , DATA infinity/infinity , FSIZE infinity/infinity , MEMLOCK 65536k/65536k
load average:0.54 0.23 0.12

/proc/meminfo:
MemTotal:        8111348 kB
MemFree:         4631144 kB
MemAvailable:    6332944 kB
Buffers:           71124 kB
Cached:          1842952 kB
SwapCached:            0 kB
Active:           515832 kB
Inactive:        2484068 kB
Active(anon):      15624 kB
Inactive(anon):  1096880 kB
Active(file):     500208 kB
Inactive(file):  1387188 kB
Unevictable:           0 kB
Mlocked:               0 kB
SwapTotal:       2097152 kB
SwapFree:        2097152 kB
Dirty:               104 kB
Writeback:           192 kB
AnonPages:       1060092 kB
Mapped:           624848 kB
Shmem:             26680 kB
KReclaimable:      61216 kB
Slab:             143236 kB
SReclaimable:      61216 kB
SUnreclaim:        82020 kB
KernelStack:       16172 kB
PageTables:        16668 kB
NFS_Unstable:          0 kB
Bounce:                0 kB
WritebackTmp:          0 kB
CommitLimit:     6152824 kB
Committed_AS:    5276380 kB
VmallocTotal:   34359738367 kB
VmallocUsed:       39496 kB
VmallocChunk:          0 kB
Percpu:             9856 kB
AnonHugePages:    528384 kB
ShmemHugePages:        0 kB
ShmemPmdMapped:        0 kB
FileHugePages:         0 kB
FilePmdMapped:         0 kB
HugePages_Total:       0
HugePages_Free:        0
HugePages_Rsvd:        0
HugePages_Surp:        0
Hugepagesize:       2048 kB
Hugetlb:               0 kB
DirectMap4k:      125952 kB
DirectMap2M:     7188480 kB
DirectMap1G:    10485760 kB

/sys/kernel/mm/transparent_hugepage/enabled:
[always] madvise never
/sys/kernel/mm/transparent_hugepage/defrag (defrag/compaction efforts parameter):
always defer defer+madvise [madvise] never

Process Memory:
Virtual Size: 5241440K (peak: 13467908K)
Resident Set Size: 93152K (peak: 93152K) (anon: 65360K, file: 27792K, shmem: 0K)
Swapped out: 0K
C-Heap outstanding allocations: 32956K, retained: 5611K
glibc malloc tunables: (default)

/proc/sys/kernel/threads-max (system-wide limit on the number of threads):
63319
/proc/sys/vm/max_map_count (maximum number of memory map areas a process may have):
262144
/proc/sys/kernel/pid_max (system-wide limit on number of process identifiers):
99999

container (cgroup) information:
container_type: cgroupv1
cpu_cpuset_cpus: 0-11
cpu_memory_nodes: 0
active_processor_count: 12
cpu_quota: no quota
cpu_period: 100000
cpu_shares: no shares
memory_limit_in_bytes: unlimited
memory_and_swap_limit_in_bytes: unlimited
memory_soft_limit_in_bytes: unlimited
memory_usage_in_bytes: 2975044 k
memory_max_usage_in_bytes: 1290196 k
kernel_memory_usage_in_bytes: 60256 k
kernel_memory_max_usage_in_bytes: unlimited
kernel_memory_limit_in_bytes: 63928 k
maximum number of tasks: not supported
current number of tasks: not supported

Hyper-V virtualization detected
Steal ticks since vm start: 0
Steal ticks percentage since vm start:  0.000

CPU:total 12 (initial active 12) (16 cores per cpu, 2 threads per core) family 23 model 113 stepping 0 microcode 0xffffffff, cmov, cx8, fxsr, mmx, sse, sse2, sse3, ssse3, sse4.1, sse4.2, popcnt, avx, avx2, aes, clmul, mmxext, 3dnowpref, lzcnt, sse4a, ht, tsc, tscinvbit, tscinv, bmi1, bmi2, adx, sha, fma
CPU Model and flags from /proc/cpuinfo:
model name      : AMD Ryzen 5 3600 6-Core Processor
flags           : fpu vme de pse tsc msr pae mce cx8 apic sep mtrr pge mca cmov pat pse36 clflush mmx fxsr sse sse2 ht syscall nx mmxext fxsr_opt pdpe1gb rdtscp lm constant_tsc rep_good nopl tsc_reliable nonstop_tsc cpuid extd_apicid pni pclmulqdq ssse3 fma cx16 sse4_1 sse4_2 movbe popcnt aes xsave avx f16c rdrand hypervisor lahf_lm cmp_legacy svm cr8_legacy abm sse4a misalignsse 3dnowprefetch osvw topoext perfctr_core ssbd ibpb stibp vmmcall fsgsbase bmi1 avx2 smep bmi2 rdseed adx smap clflushopt clwb sha_ni xsaveopt xsavec xgetbv1 clzero xsaveerptr arat npt nrip_save tsc_scale vmcb_clean flushbyasid decodeassists pausefilter pfthreshold v_vmsave_vmload umip rdpid
Online cpus:
0-11
Offline cpus:

BIOS frequency limitation:
<Not Available>
Frequency switch latency (ns):
<Not Available>
Available cpu frequencies:
<Not Available>
Current governor:
<Not Available>
Core performance/turbo boost:
<Not Available>

Memory: 4k page, physical 8111348k(4631144k free), swap 2097152k(2097152k free)

vm_info: OpenJDK 64-Bit Server VM (11.0.22+7-post-Ubuntu-0ubuntu222.04.1) for linux-amd64 JRE (11.0.22+7-post-Ubuntu-0ubuntu222.04.1), built on Feb  5 2024 20:45:01 by "unknown" with gcc 11.4.0

END.
38748:
 num     #instances         #bytes  class name (module)
-------------------------------------------------------
   1:         18276        1115296  [B (java.base@11.0.22)
   2:         17517         420408  java.lang.String (java.base@11.0.22)
   3:          2815         343504  java.lang.Class (java.base@11.0.22)
   4:          7494         239808  java.util.concurrent.ConcurrentHashMap$Node (java.base@11.0.22)
   5:          3016         183768  [Ljava.lang.Object; (java.base@11.0.22)
   6:          4468         142976  java.util.HashMap$Node (java.base@11.0.22)
   7:          1216          85112  [I (java.base@11.0.22)
   8:          1477          70896  sun.util.locale.LocaleObjectCache$CacheEntry (java.base@11.0.22)
   9:           110          64896  [Ljava.util.concurrent.ConcurrentHashMap$Node; (java.base@11.0.22)
  10:           114          64464  [C (java.base@11.0.22)
  11:           505          63168  [Ljava.util.HashMap$Node; (java.base@11.0.22)
  12:           940          37600  java.lang.ref.SoftReference (java.base@11.0.22)
  13:          1169          37408  java.lang.invoke.LambdaForm$Name (java.base@11.0.22)
  14:           707          33936  java.lang.invoke.MemberName (java.base@11.0.22)
  15:          1785          28560  java.lang.Object (java.base@11.0.22)
  16:           860          26288  [Ljava.lang.Class; (java.base@11.0.22)
  17:           540          25920  java.util.HashMap (java.base@11.0.22)
  18:           738          23616  java.util.Locale (java.base@11.0.22)
  19:           737          23584  sun.util.locale.BaseLocale (java.base@11.0.22)
  20:           737          23584  sun.util.locale.BaseLocale$Key (java.base@11.0.22)
  21:           554          23456  [Ljava.lang.String; (java.base@11.0.22)
  22:           234          20592  java.lang.reflect.Method (java.base@11.0.22)
  23:           446          17840  java.lang.invoke.MethodType (java.base@11.0.22)
  24:           438          17520  java.math.BigInteger (java.base@11.0.22)
  25:           246          16728  [Ljava.lang.ref.SoftReference; (java.base@11.0.22)
  26:           522          16704  java.lang.invoke.MethodType$ConcurrentWeakInternSet$WeakEntry (java.base@11.0.22)
  27:           557          13368  java.security.Provider$ServiceKey (java.base@11.0.22)
  28:           228          12768  java.security.Provider$Service (java.base@11.0.22)
  29:           528          12672  java.lang.invoke.ResolvedMethodName (java.base@11.0.22)
  30:           176          10824  [Ljava.lang.invoke.LambdaForm$Name; (java.base@11.0.22)
  31:           284           9088  java.lang.invoke.LambdaForm$NamedFunction (java.base@11.0.22)
  32:           363           8712  java.lang.module.ModuleDescriptor$Exports (java.base@11.0.22)
  33:           171           8208  java.lang.invoke.LambdaForm (java.base@11.0.22)
  34:           127           8128  java.util.concurrent.ConcurrentHashMap (java.base@11.0.22)
  35:           145           8120  java.lang.invoke.MethodTypeForm (java.base@11.0.22)
  36:           247           7904  sun.security.util.KnownOIDs (java.base@11.0.22)
  37:           176           7040  java.util.LinkedHashMap$Entry (java.base@11.0.22)
  38:           289           6936  java.util.ImmutableCollections$Set12 (java.base@11.0.22)
  39:            97           6208  java.lang.Class$ReflectionData (java.base@11.0.22)
  40:           256           6144  java.lang.Long (java.base@11.0.22)
  41:            74           5920  java.lang.reflect.Constructor (java.base@11.0.22)
  42:           243           5832  java.util.ArrayList (java.base@11.0.22)
  43:           361           5776  java.lang.Integer (java.base@11.0.22)
  44:           142           5680  java.lang.invoke.DirectMethodHandle$Accessor (java.base@11.0.22)
  45:            45           5056  [J (java.base@11.0.22)
  46:            61           4880  java.net.URI (java.base@11.0.22)
  47:            60           4608  [Ljava.lang.invoke.MethodHandle; (java.base@11.0.22)
  48:           190           4560  java.security.Provider$UString (java.base@11.0.22)
  49:            80           4480  java.lang.invoke.LambdaFormEditor$Transform (java.base@11.0.22)
  50:            70           4480  java.net.URL (java.base@11.0.22)
  51:            62           4464  java.lang.reflect.Field (java.base@11.0.22)
  52:           135           4320  java.lang.invoke.DirectMethodHandle (java.base@11.0.22)
  53:           135           4320  java.lang.module.ModuleDescriptor$Requires (java.base@11.0.22)
  54:           171           4104  java.util.ImmutableCollections$SetN (java.base@11.0.22)
  55:           256           4096  java.lang.Byte (java.base@11.0.22)
  56:            11           4048  java.lang.Thread (java.base@11.0.22)
  57:           166           3984  jdk.internal.module.ServicesCatalog$ServiceProvider (java.base@11.0.22)
  58:            62           3968  java.lang.module.ModuleDescriptor (java.base@11.0.22)
  59:            68           3808  java.lang.Module (java.base@11.0.22)
  60:            61           3416  jdk.internal.module.ModuleReferenceImpl (java.base@11.0.22)
  61:           213           3408  java.util.HashSet (java.base@11.0.22)
  62:            78           3120  org.postgresql.PGProperty
  63:            12           2544  [Z (java.base@11.0.22)
  64:            61           2440  java.lang.Package$VersionInfo (java.base@11.0.22)
  65:           145           2320  java.util.Collections$UnmodifiableSet (java.base@11.0.22)
  66:            92           2208  java.util.concurrent.CopyOnWriteArrayList (java.base@11.0.22)
  67:            53           2120  sun.security.util.NamedCurve (java.base@11.0.22)
  68:            66           2112  java.lang.invoke.LambdaForm$Kind (java.base@11.0.22)
  69:            44           2112  java.util.logging.LogManager$LoggerWeakRef (java.logging@11.0.22)
  70:           131           2096  java.util.HashMap$EntrySet (java.base@11.0.22)
  71:            37           2072  sun.util.calendar.ZoneInfo (java.base@11.0.22)
  72:           128           2048  java.lang.Character (java.base@11.0.22)
  73:            83           1992  java.util.ImmutableCollections$List12 (java.base@11.0.22)
  74:            61           1952  java.lang.Package (java.base@11.0.22)
  75:            48           1920  java.io.ObjectStreamField (java.base@11.0.22)
  76:            53           1696  java.security.spec.EllipticCurve (java.base@11.0.22)
  77:            53           1696  sun.security.util.ObjectIdentifier (java.base@11.0.22)
  78:            64           1536  [Ljava.lang.reflect.Constructor; (java.base@11.0.22)
  79:            34           1536  [Ljava.lang.reflect.Method; (java.base@11.0.22)
  80:            64           1536  jdk.internal.reflect.NativeConstructorAccessorImpl (java.base@11.0.22)
  81:            61           1464  java.lang.module.ResolvedModule (java.base@11.0.22)
  82:            61           1464  jdk.internal.module.SystemModuleFinders$2 (java.base@11.0.22)
  83:            61           1464  jdk.internal.module.SystemModuleFinders$SystemModuleReader (java.base@11.0.22)
  84:             2           1440  [[B (java.base@11.0.22)
  85:            30           1440  java.time.temporal.ValueRange (java.base@11.0.22)
  86:            60           1440  java.util.jar.Attributes$Name (java.base@11.0.22)
  87:            60           1440  jdk.internal.loader.BuiltinClassLoader$LoadedModule (java.base@11.0.22)
  88:            56           1344  java.lang.module.ModuleDescriptor$Provides (java.base@11.0.22)
  89:            56           1344  org.postgresql.util.PSQLState
  90:            41           1312  java.lang.invoke.BoundMethodHandle$Species_L (java.base@11.0.22)
  91:            54           1296  java.security.spec.ECPoint (java.base@11.0.22)
  92:            39           1280  [Ljava.math.BigInteger; (java.base@11.0.22)
  93:            32           1280  java.math.BigDecimal (java.base@11.0.22)
  94:            38           1216  java.util.logging.LogManager$LogNode (java.logging@11.0.22)
  95:            30           1200  java.time.temporal.ChronoField (java.base@11.0.22)
  96:             8           1152  [Ljava.lang.invoke.MemberName; (java.base@11.0.22)
  97:            20           1120  java.util.logging.Logger (java.logging@11.0.22)
  98:            34           1088  com.fasterxml.jackson.databind.MapperFeature
  99:            66           1056  java.util.ImmutableCollections$ListN (java.base@11.0.22)
 100:             1           1048  [Lsun.security.util.KnownOIDs; (java.base@11.0.22)
 101:             1           1040  [Ljava.lang.Byte; (java.base@11.0.22)
 102:             1           1040  [Ljava.lang.Integer; (java.base@11.0.22)
 103:             1           1040  [Ljava.lang.Long; (java.base@11.0.22)
 104:            64           1024  jdk.internal.reflect.DelegatingConstructorAccessorImpl (java.base@11.0.22)
 105:            31            992  java.lang.invoke.VarHandle$AccessMode (java.base@11.0.22)
 106:            31            992  java.lang.ref.ReferenceQueue (java.base@11.0.22)
 107:            20            960  java.lang.invoke.BoundMethodHandle$SpeciesData (java.base@11.0.22)
 108:            30            960  java.security.Provider$EngineDescription (java.base@11.0.22)
 109:            59            944  jdk.internal.module.SystemModuleFinders$3 (java.base@11.0.22)
 110:            28            896  com.fasterxml.jackson.databind.DeserializationFeature
 111:            37            888  java.util.regex.Pattern$BmpCharProperty (java.base@11.0.22)
 112:             6            840  [D (java.base@11.0.22)
 113:            21            840  java.util.logging.Logger$ConfigurationData (java.logging@11.0.22)
 114:            26            832  com.fasterxml.jackson.databind.SerializationFeature
 115:            26            832  java.lang.ref.WeakReference (java.base@11.0.22)
 116:            17            816  jdk.internal.ref.CleanerImpl$PhantomCleanableRef (java.base@11.0.22)
 117:            20            800  [Ljava.lang.invoke.BoundMethodHandle$SpeciesData; (java.base@11.0.22)
 118:            10            800  [Ljava.util.WeakHashMap$Entry; (java.base@11.0.22)
 119:            13            728  sun.security.ec.SunEC$ProviderService (jdk.crypto.ec@11.0.22)
 120:            18            720  java.lang.invoke.BoundMethodHandle$Species_LL (java.base@11.0.22)
 121:            17            680  java.security.AccessControlContext (java.base@11.0.22)
 122:            14            672  com.fasterxml.jackson.databind.type.SimpleType
 123:            28            672  java.time.LocalTime (java.base@11.0.22)
 124:            12            672  sun.security.ec.SunEC$ProviderServiceA (jdk.crypto.ec@11.0.22)
 125:             2            656  java.util.concurrent.ForkJoinPool (java.base@11.0.22)
 126:            10            640  java.lang.invoke.BoundMethodHandle$Species_LLLLLLIIL (java.base@11.0.22)
 127:             3            624  [Ljava.lang.invoke.LambdaForm; (java.base@11.0.22)
 128:            13            624  com.fasterxml.jackson.core.JsonToken
 129:            26            624  java.security.spec.ECFieldF2m (java.base@11.0.22)
 130:            19            608  com.fasterxml.jackson.core.JsonParser$Feature
 131:            19            608  java.lang.invoke.VarHandle$AccessDescriptor (java.base@11.0.22)
 132:            15            600  java.security.ProtectionDomain (java.base@11.0.22)
 133:             7            560  java.util.concurrent.TimeUnit (java.base@11.0.22)
 134:            23            552  java.lang.RuntimePermission (java.base@11.0.22)
 135:             1            528  [Ljava.lang.Character; (java.base@11.0.22)
 136:             1            528  [Ljava.util.TimerTask; (java.base@11.0.22)
 137:            33            528  java.lang.ref.ReferenceQueue$Lock (java.base@11.0.22)
 138:            18            520  [Ljava.io.ObjectStreamField; (java.base@11.0.22)
 139:            16            512  java.time.temporal.ChronoUnit (java.base@11.0.22)
 140:            16            512  java.util.LinkedList (java.base@11.0.22)
 141:             8            512  java.util.zip.Inflater (java.base@11.0.22)
 142:             4            512  sun.nio.fs.UnixFileAttributes (java.base@11.0.22)
 143:             7            496  [Lsun.invoke.util.Wrapper; (java.base@11.0.22)
 144:            12            480  java.lang.invoke.VarHandleObjects$FieldInstanceReadWrite (java.base@11.0.22)
 145:            12            480  java.security.CodeSource (java.base@11.0.22)
 146:            10            480  sun.invoke.util.Wrapper (java.base@11.0.22)
 147:             4            456  [Ljava.lang.ClassValue$Entry; (java.base@11.0.22)
 148:            19            456  java.time.Duration (java.base@11.0.22)
 149:             7            448  java.nio.DirectByteBuffer (java.base@11.0.22)
 150:             8            448  java.util.LinkedHashMap (java.base@11.0.22)
 151:            10            432  [Ljava.lang.invoke.MethodType; (java.base@11.0.22)
 152:            18            432  java.io.ExpiringCache$Entry (java.base@11.0.22)
 153:            27            432  java.security.spec.ECFieldFp (java.base@11.0.22)
 154:            18            432  java.text.DateFormat$Field (java.base@11.0.22)
 155:            18            432  java.util.concurrent.atomic.AtomicLong (java.base@11.0.22)
 156:            18            432  org.postgresql.core.ServerVersion
 157:             4            416  java.util.jar.JarFile$JarFileEntry (java.base@11.0.22)
 158:             5            400  com.fasterxml.jackson.databind.util.internal.PrivateMaxEntriesMap
 159:            10            400  java.io.FileDescriptor (java.base@11.0.22)
 160:            10            400  java.lang.OutOfMemoryError (java.base@11.0.22)
 161:            10            400  java.util.WeakHashMap$Entry (java.base@11.0.22)
 162:            12            384  com.fasterxml.jackson.core.JsonGenerator$Feature
 163:            16            384  java.lang.invoke.Invokers (java.base@11.0.22)
 164:            16            384  java.util.LinkedList$Node (java.base@11.0.22)
 165:            12            384  sun.security.jca.ProviderConfig (java.base@11.0.22)
 166:             1            376  java.lang.ref.Finalizer$FinalizerThread (java.base@11.0.22)
 167:             1            376  java.util.TimerThread (java.base@11.0.22)
 168:             1            376  java.util.logging.LogManager$Cleaner (java.logging@11.0.22)
 169:             1            376  jdk.internal.misc.InnocuousThread (java.base@11.0.22)
 170:             1            368  java.lang.ref.Reference$ReferenceHandler (java.base@11.0.22)
 171:             5            360  com.fasterxml.jackson.databind.introspect.AnnotatedClass
 172:            15            360  org.postgresql.core.AsciiStringInterner$Key
 173:            11            352  java.security.Permissions (java.base@11.0.22)
 174:             5            344  [Ljava.lang.reflect.Field; (java.base@11.0.22)
 175:             5            336  [S (java.base@11.0.22)
 176:             6            336  java.io.FileCleanable (java.base@11.0.22)
 177:             6            336  java.nio.DirectLongBufferU (java.base@11.0.22)
 178:             7            336  java.util.WeakHashMap (java.base@11.0.22)
 179:             1            328  [Lorg.postgresql.PGProperty;
 180:            10            320  java.io.File (java.base@11.0.22)
 181:             8            320  java.lang.ClassLoader$NativeLibrary (java.base@11.0.22)
 182:             8            320  java.lang.invoke.DirectMethodHandle$Special (java.base@11.0.22)
 183:             5            320  java.nio.DirectByteBufferR (java.base@11.0.22)
 184:            10            320  java.util.Hashtable$Entry (java.base@11.0.22)
 185:            10            320  java.util.concurrent.locks.ReentrantLock$NonfairSync (java.base@11.0.22)
 186:            10            320  sun.nio.fs.UnixPath (java.base@11.0.22)
 187:            13            312  com.fasterxml.jackson.databind.type.LogicalType
 188:             2            288  [Ljava.util.concurrent.ForkJoinPool$WorkQueue; (java.base@11.0.22)
 189:            12            288  java.net.StandardSocketOptions$StdSocketOption (java.base@11.0.22)
 190:             2            288  java.text.DecimalFormat (java.base@11.0.22)
 191:             9            288  java.util.logging.Level (java.logging@11.0.22)
 192:             9            288  java.util.logging.Level$KnownLevel (java.logging@11.0.22)
 193:             4            288  java.util.zip.ZipFile$Source (java.base@11.0.22)
 194:             9            288  jdk.internal.org.objectweb.asm.Type (java.base@11.0.22)
 195:             9            288  sun.security.util.LazyCodeSourcePermissionCollection (java.base@11.0.22)
 196:             6            288  sun.util.locale.provider.LocaleResources$ResourceReference (java.base@11.0.22)
 197:             1            280  [Ljava.lang.invoke.LambdaForm$Kind; (java.base@11.0.22)
 198:             5            280  java.util.Properties (java.base@11.0.22)
 199:             1            272  [[C (java.base@11.0.22)
 200:            17            272  sun.invoke.util.ValueConversions$WrapperCache (java.base@11.0.22)
 201:            11            264  com.fasterxml.jackson.annotation.JsonFormat$Shape
 202:            11            264  java.lang.invoke.MethodHandleImpl$Intrinsic (java.base@11.0.22)
 203:             2            256  [Lcom.fasterxml.jackson.databind.DeserializationFeature;
 204:             5            256  [Ljava.util.Hashtable$Entry; (java.base@11.0.22)
 205:             8            256  java.lang.reflect.ProxyGenerator$PrimitiveTypeInfo (java.base@11.0.22)
 206:             4            256  java.util.jar.JarFile (java.base@11.0.22)
 207:             2            240  [Lcom.fasterxml.jackson.databind.SerializationFeature;
 208:            15            240  [Ljava.security.Principal; (java.base@11.0.22)
 209:             1            240  [Lorg.postgresql.util.PSQLState;
 210:            10            240  com.fasterxml.jackson.databind.cfg.CoercionInputShape
 211:             5            240  com.fasterxml.jackson.databind.introspect.BasicBeanDescription
 212:             6            240  java.lang.invoke.MethodHandleImpl$AsVarargsCollector (java.base@11.0.22)
 213:            10            240  java.nio.charset.CoderResult (java.base@11.0.22)
 214:            10            240  java.nio.file.StandardOpenOption (java.base@11.0.22)
 215:            15            240  java.security.ProtectionDomain$Key (java.base@11.0.22)
 216:             5            240  java.util.Hashtable (java.base@11.0.22)
 217:             5            240  sun.net.httpserver.HttpContextImpl (jdk.httpserver@11.0.22)
 218:             5            224  [Ljava.lang.invoke.LambdaForm$NamedFunction; (java.base@11.0.22)
 219:             2            224  java.util.GregorianCalendar (java.base@11.0.22)
 220:             7            224  org.postgresql.core.Parser$SqlParseState
 221:             9            216  java.util.regex.Pattern$BitClass (java.base@11.0.22)
 222:             9            216  jdk.internal.reflect.NativeMethodAccessorImpl (java.base@11.0.22)
 223:             9            216  org.postgresql.core.SqlCommandType
 224:             9            216  org.postgresql.shaded.com.ongres.scram.common.ScramAttributes
 225:             3            216  sun.security.provider.NativePRNG$RandomIO (java.base@11.0.22)
 226:            13            208  java.util.Collections$SingletonSet (java.base@11.0.22)
 227:             2            200  [Ljava.text.DateFormat$Field; (java.base@11.0.22)
 228:             5            200  java.lang.invoke.DirectMethodHandle$Interface (java.base@11.0.22)
 229:             5            200  java.util.EnumMap (java.base@11.0.22)
 230:             5            200  java.util.stream.StreamOpFlag (java.base@11.0.22)
 231:            12            192  com.fasterxml.jackson.databind.node.IntNode
 232:             3            192  java.lang.ClassValue$ClassValueMap (java.base@11.0.22)
 233:             6            192  java.lang.ClassValue$Entry (java.base@11.0.22)
 234:             6            192  java.lang.invoke.LambdaForm$BasicType (java.base@11.0.22)
 235:             8            192  java.lang.invoke.VarForm (java.base@11.0.22)
 236:             6            192  java.lang.invoke.VarHandleInts$FieldInstanceReadWrite (java.base@11.0.22)
 237:             8            192  java.math.RoundingMode (java.base@11.0.22)
 238:             8            192  java.net.NetPermission (java.base@11.0.22)
 239:             6            192  java.security.BasicPermissionCollection (java.base@11.0.22)
 240:             6            192  java.util.ImmutableCollections$MapN (java.base@11.0.22)
 241:             8            192  java.util.zip.Inflater$InflaterZStreamRef (java.base@11.0.22)
 242:             4            192  jdk.internal.loader.URLClassPath$JarLoader (java.base@11.0.22)
 243:             4            192  org.postgresql.shaded.com.ongres.scram.common.ScramMechanisms
 244:             2            192  sun.util.calendar.Gregorian$Date (java.base@11.0.22)
 245:             4            192  sun.util.resources.Bundles$BundleReference (java.base@11.0.22)
 246:             2            176  java.util.regex.Pattern (java.base@11.0.22)
 247:             1            168  [[Ljava.math.BigInteger; (java.base@11.0.22)
 248:             7            168  com.fasterxml.jackson.annotation.JsonInclude$Include
 249:             7            168  java.lang.System$Logger$Level (java.base@11.0.22)
 250:             7            168  java.util.ArrayDeque (java.base@11.0.22)
 251:             3            160  [Ljava.util.logging.Level; (java.logging@11.0.22)
 252:             2            160  [[Ljava.lang.String; (java.base@11.0.22)
 253:             4            160  com.fasterxml.jackson.core.Base64Variant
 254:             5            160  com.fasterxml.jackson.core.JsonEncoding
 255:            10            160  java.lang.ThreadLocal (java.base@11.0.22)
 256:             2            160  java.lang.invoke.BoundMethodHandle$Species_LLLLLLLLLLIIL (java.base@11.0.22)
 257:             4            160  java.lang.invoke.DirectMethodHandle$Constructor (java.base@11.0.22)
 258:             5            160  java.lang.invoke.VarHandle$AccessType (java.base@11.0.22)
 259:             4            160  java.util.IdentityHashMap (java.base@11.0.22)
 260:             5            160  java.util.RegularEnumSet (java.base@11.0.22)
 261:            10            160  java.util.concurrent.atomic.AtomicLongArray (java.base@11.0.22)
 262:             5            160  java.util.concurrent.atomic.AtomicReferenceFieldUpdater$AtomicReferenceFieldUpdaterImpl (java.base@11.0.22)
 263:             5            160  java.util.regex.Pattern$Branch (java.base@11.0.22)
 264:             5            160  sun.util.locale.provider.LocaleProviderAdapter$Type (java.base@11.0.22)
 265:             1            152  [Lcom.fasterxml.jackson.databind.MapperFeature;
 266:             6            152  [Ljava.security.ProtectionDomain; (java.base@11.0.22)
 267:             3            144  [F (java.base@11.0.22)
 268:             1            144  [Lcom.fasterxml.jackson.core.sym.CharsToNameCanonicalizer$Bucket;
 269:             1            144  [Ljava.lang.invoke.VarHandle$AccessMode; (java.base@11.0.22)
 270:             2            144  [Ljava.math.BigDecimal; (java.base@11.0.22)
 271:             6            144  com.fasterxml.jackson.annotation.JsonAutoDetect$Visibility
 272:             6            144  com.fasterxml.jackson.core.JsonParser$NumberType
 273:             6            144  java.lang.NamedPackage (java.base@11.0.22)
 274:             3            144  java.lang.ThreadGroup (java.base@11.0.22)
 275:             6            144  java.lang.invoke.StringConcatFactory$Strategy (java.base@11.0.22)
 276:             6            144  java.lang.module.ModuleDescriptor$Requires$Modifier (java.base@11.0.22)
 277:             3            144  java.nio.HeapByteBuffer (java.base@11.0.22)
 278:             9            144  java.security.SecureClassLoader$CodeSourceKey (java.base@11.0.22)
 279:             2            144  java.text.DecimalFormatSymbols (java.base@11.0.22)
 280:             6            144  java.util.concurrent.ConcurrentLinkedQueue$Node (java.base@11.0.22)
 281:             9            144  java.util.concurrent.atomic.AtomicInteger (java.base@11.0.22)
 282:             9            144  java.util.regex.Pattern$$Lambda$3/0x0000000840067440 (java.base@11.0.22)
 283:             9            144  java.util.regex.Pattern$BitClass$$Lambda$2/0x0000000840067040 (java.base@11.0.22)
 284:             6            144  jdk.internal.perf.PerfCounter (java.base@11.0.22)
 285:             9            144  jdk.internal.reflect.DelegatingMethodAccessorImpl (java.base@11.0.22)
 286:             6            144  org.postgresql.jdbc.SslMode
 287:             1            136  [Ljava.time.temporal.ChronoField; (java.base@11.0.22)
 288:             4            136  [Lsun.invoke.util.ValueConversions$WrapperCache; (java.base@11.0.22)
 289:             4            128  com.fasterxml.jackson.core.StreamReadCapability
 290:             4            128  com.fasterxml.jackson.core.io.SerializedString
 291:             4            128  com.fasterxml.jackson.core.util.Separators$Spacing
 292:             2            128  com.fasterxml.jackson.databind.cfg.BaseSettings
 293:             4            128  com.fasterxml.jackson.databind.cfg.JsonNodeFeature
 294:             2            128  java.io.ExpiringCache$1 (java.base@11.0.22)
 295:             4            128  java.io.RandomAccessFile (java.base@11.0.22)
 296:             2            128  java.text.DateFormatSymbols (java.base@11.0.22)
 297:             8            128  java.util.concurrent.atomic.AtomicReference (java.base@11.0.22)
 298:             4            128  java.util.zip.ZipFile$CleanableResource (java.base@11.0.22)
 299:             4            128  sun.util.locale.provider.LocaleResources (java.base@11.0.22)
 300:             4            128  sun.util.resources.Bundles$CacheKey (java.base@11.0.22)
 301:             3            120  [Ljava.lang.invoke.LambdaForm$BasicType; (java.base@11.0.22)
 302:             5            120  [Ljava.util.regex.Pattern$Node; (java.base@11.0.22)
 303:             1            120  [[Ljava.lang.Object; (java.base@11.0.22)
 304:             5            120  com.fasterxml.jackson.annotation.Nulls
 305:             5            120  com.fasterxml.jackson.core.JsonFactory$Feature
 306:             5            120  com.fasterxml.jackson.databind.util.LRUMap
 307:             5            120  com.fasterxml.jackson.databind.util.internal.LinkedDeque
 308:             3            120  java.io.FileInputStream (java.base@11.0.22)
 309:             3            120  java.lang.WeakPairMap$Pair$Weak (java.base@11.0.22)
 310:             5            120  java.time.LocalDate (java.base@11.0.22)
 311:             5            120  java.time.LocalDateTime (java.base@11.0.22)
 312:             5            120  java.util.Collections$SetFromMap (java.base@11.0.22)
 313:             5            120  java.util.Collections$SynchronizedSet (java.base@11.0.22)
 314:             5            120  java.util.concurrent.ConcurrentLinkedQueue (java.base@11.0.22)
 315:             5            120  java.util.stream.StreamOpFlag$Type (java.base@11.0.22)
 316:             1            120  jdk.internal.loader.ClassLoaders$AppClassLoader (java.base@11.0.22)
 317:             5            120  jdk.internal.math.FloatingDecimal$PreparedASCIIToBinaryBuffer (java.base@11.0.22)
 318:             5            120  jdk.net.ExtendedSocketOptions$ExtSocketOption (jdk.net@11.0.22)
 319:             1            112  [Ljava.time.LocalTime; (java.base@11.0.22)
 320:             2            112  java.nio.DirectIntBufferRU (java.base@11.0.22)
 321:             7            112  java.util.concurrent.locks.ReentrantLock (java.base@11.0.22)
 322:             1            112  jdk.internal.loader.ClassLoaders$BootClassLoader (java.base@11.0.22)
 323:             1            112  jdk.internal.loader.ClassLoaders$PlatformClassLoader (java.base@11.0.22)
 324:             1            112  sun.net.httpserver.ServerImpl (jdk.httpserver@11.0.22)
 325:             1            104  com.sun.crypto.provider.SunJCE (java.base@11.0.22)
 326:             1            104  com.sun.net.ssl.internal.ssl.Provider (java.base@11.0.22)
 327:             1            104  sun.security.ec.SunEC (jdk.crypto.ec@11.0.22)
 328:             1            104  sun.security.jca.ProviderList$1 (java.base@11.0.22)
 329:             1            104  sun.security.provider.Sun (java.base@11.0.22)
 330:             1            104  sun.security.rsa.SunRsaSign (java.base@11.0.22)
 331:             1             96  [Lcom.fasterxml.jackson.core.JsonParser$Feature;
 332:             3             96  [Ljava.lang.Thread; (java.base@11.0.22)
 333:             3             96  [Ljava.lang.invoke.LambdaFormEditor$Transform; (java.base@11.0.22)
 334:             2             96  [Lorg.postgresql.core.Parser$SqlParseState;
 335:             1             96  [[J (java.base@11.0.22)
 336:             1             96  com.fasterxml.jackson.databind.DeserializationConfig
 337:             4             96  com.fasterxml.jackson.databind.cfg.CoercionAction
 338:             6             96  com.fasterxml.jackson.databind.ser.std.ToStringSerializer
 339:             3             96  java.lang.Runtime$Version (java.base@11.0.22)
 340:             3             96  java.lang.WeakPairMap$Pair$Weak$1 (java.base@11.0.22)
 341:             4             96  java.lang.invoke.MethodHandleNatives$CallSiteContext (java.base@11.0.22)
 342:             3             96  java.lang.invoke.SimpleMethodHandle (java.base@11.0.22)
 343:             4             96  java.lang.module.ModuleDescriptor$Modifier (java.base@11.0.22)
 344:             4             96  java.lang.module.ModuleDescriptor$Opens (java.base@11.0.22)
 345:             3             96  java.net.InetAddress$InetAddressHolder (java.base@11.0.22)
 346:             1             96  java.net.SocksSocketImpl (java.base@11.0.22)
 347:             4             96  java.sql.SQLPermission (java.sql@11.0.22)
 348:             4             96  java.text.Normalizer$Form (java.base@11.0.22)
 349:             4             96  java.time.OffsetDateTime (java.base@11.0.22)
 350:             3             96  java.util.Collections$UnmodifiableMap (java.base@11.0.22)
 351:             6             96  java.util.HashMap$KeySet (java.base@11.0.22)
 352:             3             96  java.util.Vector (java.base@11.0.22)
 353:             4             96  java.util.jar.Manifest (java.base@11.0.22)
 354:             4             96  java.util.regex.Pattern$GroupHead (java.base@11.0.22)
 355:             4             96  java.util.regex.Pattern$GroupTail (java.base@11.0.22)
 356:             4             96  java.util.regex.Pattern$Qtype (java.base@11.0.22)
 357:             4             96  java.util.stream.StreamShape (java.base@11.0.22)
 358:             4             96  java.util.zip.ZipFile$Source$Key (java.base@11.0.22)
 359:             1             96  jdk.internal.jimage.ImageReader$SharedImageReader (java.base@11.0.22)
 360:             4             96  jdk.internal.loader.AbstractClassLoaderValue$Sub (java.base@11.0.22)
 361:             6             96  jdk.internal.loader.ClassLoaderValue (java.base@11.0.22)
 362:             4             96  jdk.internal.logger.BootstrapLogger$LoggingBackend (java.base@11.0.22)
 363:             4             96  org.postgresql.hostchooser.HostStatus
 364:             4             96  org.postgresql.jdbc.GSSEncMode
 365:             4             96  org.postgresql.jdbc.PreferQueryMode
 366:             4             96  org.postgresql.jdbc.StatementCancelState
 367:             4             96  org.postgresql.plugin.AuthenticationRequestType
 368:             4             96  org.postgresql.shaded.com.ongres.scram.common.gssapi.Gs2Attributes
 369:             3             96  sun.net.spi.DefaultProxySelector$NonProxyInfo (java.base@11.0.22)
 370:             1             96  sun.nio.ch.ServerSocketChannelImpl (java.base@11.0.22)
 371:             2             96  sun.nio.cs.StreamEncoder (java.base@11.0.22)
 372:             2             96  sun.nio.cs.UTF_8$Encoder (java.base@11.0.22)
 373:             2             88  [Lcom.fasterxml.jackson.databind.cfg.CoercionAction;
 374:             1             88  [Lorg.postgresql.core.ServerVersion;
 375:             1             88  com.fasterxml.jackson.databind.SerializationConfig
 376:             1             88  sun.nio.ch.EPollSelectorImpl (java.base@11.0.22)
 377:             1             80  [Ljava.time.temporal.ChronoUnit; (java.base@11.0.22)
 378:             2             80  [Ljava.util.stream.StreamOpFlag$Type; (java.base@11.0.22)
 379:             2             80  [Lorg.postgresql.hostchooser.HostRequirement;
 380:             2             80  [Lorg.postgresql.jdbc.SslMode;
 381:             2             80  [Lsun.security.jca.ProviderConfig; (java.base@11.0.22)
 382:             1             80  com.fasterxml.jackson.databind.MappingJsonFactory
 383:             2             80  java.io.BufferedWriter (java.base@11.0.22)
 384:             2             80  java.io.ExpiringCache (java.base@11.0.22)
 385:             2             80  java.io.FileOutputStream (java.base@11.0.22)
 386:             2             80  java.io.PrintStream (java.base@11.0.22)
 387:             2             80  java.lang.ModuleLayer (java.base@11.0.22)
 388:             2             80  java.lang.VirtualMachineError (java.base@11.0.22)
 389:             2             80  java.lang.invoke.VarHandleObjects$Array (java.base@11.0.22)
 390:             2             80  java.lang.module.Configuration (java.base@11.0.22)
 391:             2             80  java.lang.ref.Finalizer (java.base@11.0.22)
 392:             2             80  java.text.DigitList (java.base@11.0.22)
 393:             2             80  java.util.Locale$Category (java.base@11.0.22)
 394:             5             80  java.util.WeakHashMap$KeySet (java.base@11.0.22)
 395:             5             80  java.util.concurrent.atomic.AtomicBoolean (java.base@11.0.22)
 396:             5             80  java.util.concurrent.atomic.AtomicReferenceArray (java.base@11.0.22)
 397:             5             80  java.util.regex.Pattern$BranchConn (java.base@11.0.22)
 398:             2             80  jdk.internal.math.FloatingDecimal$BinaryToASCIIBuffer (java.base@11.0.22)
 399:             5             80  sun.net.httpserver.AuthFilter (jdk.httpserver@11.0.22)
 400:             1             80  sun.text.normalizer.NormalizerImpl (java.base@11.0.22)
 401:             1             80  sun.util.cldr.CLDRLocaleProviderAdapter (java.base@11.0.22)
 402:             1             80  sun.util.locale.provider.LocaleProviderAdapter$NonExistentAdapter (java.base@11.0.22)
 403:             1             72  [Lcom.fasterxml.jackson.core.JsonToken;
 404:             1             72  [Lcom.fasterxml.jackson.databind.type.LogicalType;
 405:             3             72  com.fasterxml.jackson.core.Base64Variant$PaddingReadBehaviour
 406:             1             72  com.fasterxml.jackson.core.sym.ByteQuadsCanonicalizer
 407:             1             72  com.fasterxml.jackson.core.util.InternCache
 408:             1             72  com.fasterxml.jackson.databind.ObjectMapper
 409:             3             72  com.fasterxml.jackson.databind.PropertyName
 410:             1             72  com.fasterxml.jackson.databind.deser.DefaultDeserializationContext$Impl
 411:             1             72  com.fasterxml.jackson.databind.ser.DefaultSerializerProvider$Impl
 412:             3             72  com.fasterxml.jackson.databind.ser.std.NumberSerializer
 413:             3             72  java.lang.WeakPairMap (java.base@11.0.22)
 414:             3             72  java.lang.annotation.RetentionPolicy (java.base@11.0.22)
 415:             1             72  java.lang.invoke.BoundMethodHandle$Species_LLLLLLLIIL (java.base@11.0.22)
 416:             3             72  java.lang.invoke.MethodHandles$Lookup (java.base@11.0.22)
 417:             3             72  java.lang.invoke.StringConcatFactory$Mode (java.base@11.0.22)
 418:             3             72  java.net.Proxy$Type (java.base@11.0.22)
 419:             3             72  java.nio.file.AccessMode (java.base@11.0.22)
 420:             3             72  java.security.SecurityPermission (java.base@11.0.22)
 421:             3             72  java.time.Instant (java.base@11.0.22)
 422:             3             72  java.time.ZoneOffset (java.base@11.0.22)
 423:             3             72  java.util.Collections$UnmodifiableRandomAccessList (java.base@11.0.22)
 424:             3             72  java.util.concurrent.ConcurrentHashMap$KeySetView (java.base@11.0.22)
 425:             3             72  java.util.stream.Collector$Characteristics (java.base@11.0.22)
 426:             3             72  jdk.internal.math.FloatingDecimal$ExceptionalBinaryToASCIIBuffer (java.base@11.0.22)
 427:             3             72  jdk.internal.misc.Signal (java.base@11.0.22)
 428:             3             72  jdk.internal.module.IllegalAccessLogger$Mode (java.base@11.0.22)
 429:             3             72  org.postgresql.core.TransactionState
 430:             3             72  org.postgresql.jdbc.AutoSave
 431:             3             72  org.postgresql.jdbc.EscapeSyntaxCallMode
 432:             3             72  org.postgresql.jdbc.PgConnection$ReadOnlyBehavior
 433:             3             72  org.postgresql.shaded.com.ongres.scram.client.ScramClient$ChannelBinding
 434:             3             72  org.postgresql.shaded.com.ongres.scram.common.gssapi.Gs2CbindFlag
 435:             3             72  sun.security.provider.NativePRNG$Variant (java.base@11.0.22)
 436:             1             64  [Lcom.fasterxml.jackson.annotation.JsonFormat$Shape;
 437:             1             64  [Lcom.fasterxml.jackson.core.JsonGenerator$Feature;
 438:             1             64  [Lcom.fasterxml.jackson.databind.node.IntNode;
 439:             2             64  [Ljava.lang.annotation.RetentionPolicy; (java.base@11.0.22)
 440:             1             64  [Ljava.lang.invoke.MethodHandleImpl$Intrinsic; (java.base@11.0.22)
 441:             2             64  [Ljava.nio.charset.CoderResult; (java.base@11.0.22)
 442:             2             64  [Ljava.util.stream.Collector$Characteristics; (java.base@11.0.22)
 443:             2             64  [Lorg.postgresql.jdbc.AutoSave;
 444:             2             64  [Lorg.postgresql.jdbc.GSSEncMode;
 445:             2             64  [Lorg.postgresql.jdbc.PgConnection$ReadOnlyBehavior;
 446:             2             64  com.fasterxml.jackson.core.io.ContentReference
 447:             1             64  com.fasterxml.jackson.core.sym.CharsToNameCanonicalizer
 448:             2             64  com.fasterxml.jackson.databind.cfg.EnumFeature
 449:             2             64  com.fasterxml.jackson.databind.introspect.VisibilityChecker$Std
 450:             2             64  com.fasterxml.jackson.databind.ser.std.NumberSerializers$DoubleSerializer
 451:             2             64  com.fasterxml.jackson.databind.ser.std.NumberSerializers$IntegerSerializer
 452:             2             64  com.fasterxml.jackson.databind.ser.std.NumberSerializers$LongSerializer
 453:             2             64  java.io.BufferedOutputStream (java.base@11.0.22)
 454:             2             64  java.lang.invoke.VarHandleLongs$FieldInstanceReadWrite (java.base@11.0.22)
 455:             2             64  java.lang.ref.ReferenceQueue$Null (java.base@11.0.22)
 456:             2             64  java.nio.file.attribute.FileTime (java.base@11.0.22)
 457:             1             64  java.text.SimpleDateFormat (java.base@11.0.22)
 458:             4             64  java.util.concurrent.ConcurrentHashMap$ValuesView (java.base@11.0.22)
 459:             4             64  java.util.jar.Attributes (java.base@11.0.22)
 460:             1             64  java.util.logging.LogManager$RootLogger (java.logging@11.0.22)
 461:             2             64  java.util.stream.FindOps$FindOp (java.base@11.0.22)
 462:             4             64  sun.nio.fs.UnixFileAttributes$UnixAsBasicFileAttributes (java.base@11.0.22)
 463:             2             64  sun.reflect.annotation.AnnotationType (java.base@11.0.22)
 464:             2             64  sun.security.provider.FileInputStreamPool$StreamRef (java.base@11.0.22)
 465:             1             64  sun.text.normalizer.Trie2_16 (java.base@11.0.22)
 466:             1             56  [Lcom.fasterxml.jackson.databind.cfg.CoercionInputShape;
 467:             1             56  [Ljava.lang.Runnable; (java.base@11.0.22)
 468:             1             56  [Ljava.nio.file.StandardOpenOption; (java.base@11.0.22)
 469:             1             56  [Lorg.postgresql.core.SqlCommandType;
 470:             1             56  [Lorg.postgresql.shaded.com.ongres.scram.common.ScramAttributes;
 471:             1             56  [[I (java.base@11.0.22)
 472:             1             56  java.lang.invoke.BoundMethodHandle$Specializer (java.base@11.0.22)
 473:             1             56  java.net.SocketPermission (java.base@11.0.22)
 474:             1             56  java.util.ServiceLoader (java.base@11.0.22)
 475:             1             56  java.util.logging.LogManager (java.logging@11.0.22)
 476:             1             56  jdk.internal.ref.CleanerImpl$SoftCleanableRef (java.base@11.0.22)
 477:             1             56  sun.security.provider.SHA (java.base@11.0.22)
 478:             1             48  [Lcom.fasterxml.jackson.annotation.JsonInclude$Include;
 479:             3             48  [Lcom.fasterxml.jackson.databind.JavaType;
 480:             1             48  [Ljava.lang.System$Logger$Level; (java.base@11.0.22)
 481:             3             48  [Ljava.lang.annotation.Annotation; (java.base@11.0.22)
 482:             1             48  [Ljava.math.RoundingMode; (java.base@11.0.22)
 483:             1             48  [Ljava.util.concurrent.TimeUnit; (java.base@11.0.22)
 484:             1             48  com.fasterxml.jackson.core.util.DefaultPrettyPrinter
 485:             1             48  com.fasterxml.jackson.databind.cfg.ConfigOverride$Empty
 486:             2             48  com.fasterxml.jackson.databind.ser.std.BooleanSerializer
 487:             1             48  com.fasterxml.jackson.databind.util.StdDateFormat
 488:             2             48  java.io.File$PathStatus (java.base@11.0.22)
 489:             2             48  java.io.OutputStreamWriter (java.base@11.0.22)
 490:             2             48  java.lang.ClassValue$Version (java.base@11.0.22)
 491:             1             48  java.lang.invoke.BoundMethodHandle$Specializer$Factory (java.base@11.0.22)
 492:             2             48  java.lang.reflect.ReflectPermission (java.base@11.0.22)
 493:             2             48  java.net.Inet4Address (java.base@11.0.22)
 494:             2             48  java.net.InetSocketAddress$InetSocketAddressHolder (java.base@11.0.22)
 495:             2             48  java.net.StandardProtocolFamily (java.base@11.0.22)
 496:             3             48  java.nio.charset.CodingErrorAction (java.base@11.0.22)
 497:             3             48  java.text.AttributedCharacterIterator$Attribute (java.base@11.0.22)
 498:             2             48  java.time.chrono.IsoEra (java.base@11.0.22)
 499:             3             48  java.util.Optional (java.base@11.0.22)
 500:             3             48  java.util.ResourceBundle$NoFallbackControl (java.base@11.0.22)
 501:             3             48  java.util.concurrent.ConcurrentHashMap$EntrySetView (java.base@11.0.22)
 502:             1             48  java.util.concurrent.ConcurrentSkipListMap (java.base@11.0.22)
 503:             2             48  java.util.concurrent.ConcurrentSkipListMap$Index (java.base@11.0.22)
 504:             2             48  java.util.concurrent.ConcurrentSkipListMap$Node (java.base@11.0.22)
 505:             2             48  java.util.logging.Logger$LoggerBundle (java.logging@11.0.22)
 506:             2             48  java.util.logging.LoggingPermission (java.logging@11.0.22)
 507:             2             48  java.util.regex.Pattern$Start (java.base@11.0.22)
 508:             1             48  jdk.internal.jimage.ImageHeader (java.base@11.0.22)
 509:             2             48  jdk.internal.misc.Signal$NativeHandler (java.base@11.0.22)
 510:             3             48  jdk.internal.module.ServicesCatalog (java.base@11.0.22)
 511:             1             48  jdk.internal.ref.CleanerImpl$WeakCleanableRef (java.base@11.0.22)
 512:             1             48  org.postgresql.core.AsciiStringInterner$StringReference
 513:             2             48  org.postgresql.core.Encoding
 514:             2             48  org.postgresql.core.JavaVersion
 515:             3             48  org.postgresql.jdbc.ResourceLock
 516:             1             48  sun.nio.ch.SelectionKeyImpl (java.base@11.0.22)
 517:             2             48  sun.security.jca.ProviderList (java.base@11.0.22)
 518:             2             48  sun.security.jca.ProviderList$3 (java.base@11.0.22)
 519:             1             40  [Lcom.fasterxml.jackson.annotation.JsonAutoDetect$Visibility;
 520:             1             40  [Lcom.fasterxml.jackson.annotation.Nulls;
 521:             1             40  [Lcom.fasterxml.jackson.core.JsonEncoding;
 522:             1             40  [Lcom.fasterxml.jackson.core.JsonFactory$Feature;
 523:             1             40  [Lcom.fasterxml.jackson.core.JsonParser$NumberType;
 524:             1             40  [Ljava.lang.invoke.StringConcatFactory$Strategy; (java.base@11.0.22)
 525:             1             40  [Ljava.lang.invoke.VarHandle$AccessType; (java.base@11.0.22)
 526:             1             40  [Ljava.util.stream.StreamOpFlag; (java.base@11.0.22)
 527:             1             40  [Lsun.util.locale.provider.LocaleProviderAdapter$Type; (java.base@11.0.22)
 528:             1             40  [[Ljava.lang.invoke.LambdaForm$Name; (java.base@11.0.22)
 529:             1             40  com.fasterxml.jackson.annotation.JsonFormat$Value
 530:             1             40  com.fasterxml.jackson.core.StreamReadConstraints
 531:             1             40  com.fasterxml.jackson.core.sym.ByteQuadsCanonicalizer$TableInfo
 532:             1             40  com.fasterxml.jackson.core.util.Separators
 533:             1             40  com.fasterxml.jackson.databind.cfg.ConfigOverrides
 534:             1             40  com.sun.management.internal.DiagnosticCommandImpl (jdk.management@11.0.22)
 535:             1             40  java.io.BufferedInputStream (java.base@11.0.22)
 536:             1             40  java.io.FilePermission (java.base@11.0.22)
 537:             1             40  java.lang.ArithmeticException (java.base@11.0.22)
 538:             1             40  java.lang.NullPointerException (java.base@11.0.22)
 539:             1             40  java.lang.invoke.MethodHandleImpl$IntrinsicMethodHandle (java.base@11.0.22)
 540:             1             40  java.net.InetAddress$CachedAddresses (java.base@11.0.22)
 541:             1             40  java.util.ResourceBundle$2 (java.base@11.0.22)
 542:             1             40  java.util.ServiceLoader$LazyClassPathLookupIterator (java.base@11.0.22)
 543:             1             40  javax.crypto.CryptoAllPermission (java.base@11.0.22)
 544:             1             40  jdk.internal.event.SecurityProviderServiceEvent (java.base@11.0.22)
 545:             1             40  jdk.internal.loader.URLClassPath (java.base@11.0.22)
 546:             1             40  jdk.internal.ref.CleanerImpl$CleanerCleanable (java.base@11.0.22)
 547:             1             40  org.postgresql.core.v3.SimpleParameterList
 548:             1             40  org.postgresql.jdbc.PgResultSet$1
 549:             1             40  org.postgresql.util.LazyCleaner
 550:             1             40  sun.net.httpserver.ServerImpl$IdleTimeoutTask (jdk.httpserver@11.0.22)
 551:             1             40  sun.text.normalizer.Trie2$UTrie2Header (java.base@11.0.22)
 552:             1             40  sun.text.resources.cldr.FormatData (java.base@11.0.22)
 553:             1             40  sun.text.resources.cldr.FormatData_en (java.base@11.0.22)
 554:             1             40  sun.util.resources.Bundles$1 (java.base@11.0.22)
 555:             1             40  sun.util.resources.cldr.CalendarData (java.base@11.0.22)
 556:             1             32  [Lcom.fasterxml.jackson.core.Base64Variant$PaddingReadBehaviour;
 557:             1             32  [Lcom.fasterxml.jackson.core.StreamReadCapability;
 558:             1             32  [Lcom.fasterxml.jackson.core.util.Separators$Spacing;
 559:             1             32  [Lcom.fasterxml.jackson.databind.cfg.JsonNodeFeature;
 560:             2             32  [Lcom.fasterxml.jackson.databind.deser.Deserializers;
 561:             1             32  [Lcom.fasterxml.jackson.databind.util.internal.PrivateMaxEntriesMap$DrainStatus;
 562:             1             32  [Ljava.lang.OutOfMemoryError; (java.base@11.0.22)
 563:             2             32  [Ljava.lang.StackTraceElement; (java.base@11.0.22)
 564:             1             32  [Ljava.lang.ThreadGroup; (java.base@11.0.22)
 565:             1             32  [Ljava.lang.invoke.StringConcatFactory$Mode; (java.base@11.0.22)
 566:             1             32  [Ljava.lang.module.ModuleDescriptor$Modifier; (java.base@11.0.22)
 567:             1             32  [Ljava.lang.module.ModuleDescriptor$Requires$Modifier; (java.base@11.0.22)
 568:             1             32  [Ljava.net.Proxy$Type; (java.base@11.0.22)
 569:             1             32  [Ljava.nio.file.AccessMode; (java.base@11.0.22)
 570:             1             32  [Ljava.text.Normalizer$Form; (java.base@11.0.22)
 571:             1             32  [Ljava.util.regex.Pattern$Qtype; (java.base@11.0.22)
 572:             1             32  [Ljava.util.stream.StreamShape; (java.base@11.0.22)
 573:             1             32  [Ljdk.internal.logger.BootstrapLogger$LoggingBackend; (java.base@11.0.22)
 574:             1             32  [Ljdk.internal.module.IllegalAccessLogger$Mode; (java.base@11.0.22)
 575:             1             32  [Lorg.postgresql.core.TransactionState;
 576:             1             32  [Lorg.postgresql.hostchooser.HostStatus;
 577:             1             32  [Lorg.postgresql.jdbc.EscapeSyntaxCallMode;
 578:             1             32  [Lorg.postgresql.jdbc.PreferQueryMode;
 579:             1             32  [Lorg.postgresql.jdbc.StatementCancelState;
 580:             1             32  [Lorg.postgresql.plugin.AuthenticationRequestType;
 581:             1             32  [Lorg.postgresql.shaded.com.ongres.scram.client.ScramClient$ChannelBinding;
 582:             1             32  [Lorg.postgresql.shaded.com.ongres.scram.common.ScramMechanisms;
 583:             1             32  [Lorg.postgresql.shaded.com.ongres.scram.common.gssapi.Gs2Attributes;
 584:             1             32  [Lorg.postgresql.shaded.com.ongres.scram.common.gssapi.Gs2CbindFlag;
 585:             1             32  [Lsun.security.provider.NativePRNG$Variant; (java.base@11.0.22)
 586:             1             32  com.fasterxml.jackson.annotation.JsonInclude$Value
 587:             1             32  com.fasterxml.jackson.core.sym.CharsToNameCanonicalizer$TableInfo
 588:             1             32  com.fasterxml.jackson.databind.cfg.CoercionConfigs
 589:             1             32  com.fasterxml.jackson.databind.cfg.DatatypeFeatures
 590:             1             32  com.fasterxml.jackson.databind.cfg.DeserializerFactoryConfig
 591:             1             32  com.fasterxml.jackson.databind.deser.std.JsonNodeDeserializer
 592:             1             32  com.fasterxml.jackson.databind.introspect.DefaultAccessorNamingStrategy$Provider
 593:             1             32  com.fasterxml.jackson.databind.ser.std.CalendarSerializer
 594:             1             32  com.fasterxml.jackson.databind.ser.std.DateSerializer
 595:             1             32  com.fasterxml.jackson.databind.ser.std.NumberSerializers$FloatSerializer
 596:             1             32  com.fasterxml.jackson.databind.ser.std.NumberSerializers$IntLikeSerializer
 597:             1             32  com.fasterxml.jackson.databind.ser.std.NumberSerializers$ShortSerializer
 598:             1             32  com.fasterxml.jackson.databind.type.TypeBindings
 599:             1             32  com.fasterxml.jackson.databind.type.TypeFactory
 600:             1             32  com.fasterxml.jackson.databind.util.internal.PrivateMaxEntriesMap$Node
 601:             1             32  java.io.UnixFileSystem (java.base@11.0.22)
 602:             2             32  java.lang.Boolean (java.base@11.0.22)
 603:             2             32  java.lang.ClassValue$Identity (java.base@11.0.22)
 604:             2             32  java.lang.Shutdown$Lock (java.base@11.0.22)
 605:             1             32  java.lang.invoke.VarHandleLongs$Array (java.base@11.0.22)
 606:             1             32  java.lang.module.ModuleDescriptor$Version (java.base@11.0.22)
 607:             1             32  java.net.Inet6Address$Inet6AddressHolder (java.base@11.0.22)
 608:             2             32  java.net.InetSocketAddress (java.base@11.0.22)
 609:             2             32  java.nio.ByteOrder (java.base@11.0.22)
 610:             1             32  java.security.MessageDigest$Delegate (java.base@11.0.22)
 611:             1             32  java.util.Collections$SynchronizedMap (java.base@11.0.22)
 612:             2             32  java.util.HashMap$Values (java.base@11.0.22)
 613:             1             32  java.util.LinkedList$ListItr (java.base@11.0.22)
 614:             2             32  java.util.ResourceBundle$SingleFormatControl (java.base@11.0.22)
 615:             1             32  java.util.ServiceLoader$ModuleServicesLookupIterator (java.base@11.0.22)
 616:             1             32  java.util.concurrent.ThreadLocalRandom (java.base@11.0.22)
 617:             1             32  java.util.concurrent.atomic.AtomicIntegerFieldUpdater$AtomicIntegerFieldUpdaterImpl (java.base@11.0.22)
 618:             1             32  java.util.concurrent.atomic.LongAdder (java.base@11.0.22)
 619:             1             32  java.util.logging.LogManager$SystemLoggerContext (java.logging@11.0.22)
 620:             2             32  java.util.regex.Pattern$$Lambda$4/0x0000000840066840 (java.base@11.0.22)
 621:             1             32  jdk.internal.module.IllegalAccessLogger (java.base@11.0.22)
 622:             1             32  jdk.internal.ref.CleanerImpl (java.base@11.0.22)
 623:             1             32  org.postgresql.core.SqlCommand
 624:             1             32  org.postgresql.core.v3.Portal
 625:             1             32  org.postgresql.hostchooser.GlobalHostStatusTracker$HostSpecStatus
 626:             1             32  org.postgresql.util.SharedTimer
 627:             1             32  sun.nio.ch.ServerSocketAdaptor (java.base@11.0.22)
 628:             1             32  sun.nio.cs.StandardCharsets (java.base@11.0.22)
 629:             1             32  sun.nio.fs.LinuxFileSystem (java.base@11.0.22)
 630:             1             32  sun.nio.fs.UnixFileKey (java.base@11.0.22)
 631:             2             32  sun.security.provider.FileInputStreamPool$UnclosableInputStream (java.base@11.0.22)
 632:             1             32  sun.security.provider.SecureRandom (java.base@11.0.22)
 633:             1             32  sun.security.util.KnownOIDs$1 (java.base@11.0.22)
 634:             1             32  sun.security.util.KnownOIDs$10 (java.base@11.0.22)
 635:             1             32  sun.security.util.KnownOIDs$2 (java.base@11.0.22)
 636:             1             32  sun.security.util.KnownOIDs$3 (java.base@11.0.22)
 637:             1             32  sun.security.util.KnownOIDs$4 (java.base@11.0.22)
 638:             1             32  sun.security.util.KnownOIDs$5 (java.base@11.0.22)
 639:             1             32  sun.security.util.KnownOIDs$6 (java.base@11.0.22)
 640:             1             32  sun.security.util.KnownOIDs$7 (java.base@11.0.22)
 641:             1             32  sun.security.util.KnownOIDs$8 (java.base@11.0.22)
 642:             1             32  sun.security.util.KnownOIDs$9 (java.base@11.0.22)
 643:             2             32  sun.util.resources.LocaleData (java.base@11.0.22)
 644:             1             24  [Lcom.fasterxml.jackson.databind.cfg.EnumFeature;
 645:             1             24  [Lcom.fasterxml.jackson.databind.deser.KeyDeserializers;
 646:             1             24  [Ljava.io.File$PathStatus; (java.base@11.0.22)
 647:             1             24  [Ljava.net.InetAddress; (java.base@11.0.22)
 648:             1             24  [Ljava.net.StandardProtocolFamily; (java.base@11.0.22)
 649:             1             24  [Ljava.net.URL; (java.base@11.0.22)
 650:             1             24  [Ljava.nio.channels.SelectionKey; (java.base@11.0.22)
 651:             1             24  [Ljava.time.chrono.IsoEra; (java.base@11.0.22)
 652:             1             24  [Ljava.util.Locale$Category; (java.base@11.0.22)
 653:             1             24  [Ljava.util.jar.Manifest; (java.base@11.0.22)
 654:             1             24  [Lorg.postgresql.core.JavaVersion;
 655:             1             24  [Lorg.postgresql.shaded.com.ongres.scram.common.stringprep.StringPreparations;
 656:             1             24  com.fasterxml.jackson.annotation.JsonFormat$Features
 657:             1             24  com.fasterxml.jackson.annotation.JsonSetter$Value
 658:             1             24  com.fasterxml.jackson.core.ErrorReportConfiguration
 659:             1             24  com.fasterxml.jackson.core.util.DefaultIndenter
 660:             1             24  com.fasterxml.jackson.databind.cfg.ContextAttributes$Impl
 661:             1             24  com.fasterxml.jackson.databind.cfg.DefaultCacheProvider
 662:             1             24  com.fasterxml.jackson.databind.cfg.MutableCoercionConfig
 663:             1             24  com.fasterxml.jackson.databind.cfg.SerializerFactoryConfig
 664:             1             24  com.fasterxml.jackson.databind.deser.DeserializerCache
 665:             1             24  com.fasterxml.jackson.databind.introspect.AnnotatedClass$Creators
 666:             1             24  com.fasterxml.jackson.databind.introspect.JacksonAnnotationIntrospector
 667:             1             24  com.fasterxml.jackson.databind.introspect.SimpleMixInResolver
 668:             1             24  com.fasterxml.jackson.databind.ser.SerializerCache
 669:             1             24  com.fasterxml.jackson.databind.ser.impl.FailingSerializer
 670:             1             24  com.fasterxml.jackson.databind.ser.std.UUIDSerializer
 671:             1             24  com.fasterxml.jackson.databind.util.internal.PrivateMaxEntriesMap$DrainStatus$1
 672:             1             24  com.fasterxml.jackson.databind.util.internal.PrivateMaxEntriesMap$DrainStatus$2
 673:             1             24  com.fasterxml.jackson.databind.util.internal.PrivateMaxEntriesMap$DrainStatus$3
 674:             1             24  com.fasterxml.jackson.databind.util.internal.PrivateMaxEntriesMap$WeightedValue
 675:             1             24  com.sun.management.internal.PlatformMBeanProviderImpl$1 (jdk.management@11.0.22)
 676:             1             24  com.sun.management.internal.PlatformMBeanProviderImpl$2 (jdk.management@11.0.22)
 677:             1             24  com.sun.management.internal.PlatformMBeanProviderImpl$3 (jdk.management@11.0.22)
 678:             1             24  com.sun.management.internal.PlatformMBeanProviderImpl$4 (jdk.management@11.0.22)
 679:             1             24  com.sun.management.internal.PlatformMBeanProviderImpl$5 (jdk.management@11.0.22)
 680:             1             24  java.lang.Double (java.base@11.0.22)
 681:             1             24  java.lang.StringBuilder (java.base@11.0.22)
 682:             1             24  java.lang.invoke.MethodType$ConcurrentWeakInternSet (java.base@11.0.22)
 683:             1             24  java.lang.invoke.StringConcatFactory$Stringifiers$StringifierAny (java.base@11.0.22)
 684:             1             24  java.lang.invoke.StringConcatFactory$Stringifiers$StringifierMost (java.base@11.0.22)
 685:             1             24  java.lang.management.DefaultPlatformMBeanProvider$1 (java.management@11.0.22)
 686:             1             24  java.lang.management.DefaultPlatformMBeanProvider$10 (java.management@11.0.22)
 687:             1             24  java.lang.management.DefaultPlatformMBeanProvider$11 (java.management@11.0.22)
 688:             1             24  java.lang.management.DefaultPlatformMBeanProvider$2 (java.management@11.0.22)
 689:             1             24  java.lang.management.DefaultPlatformMBeanProvider$3 (java.management@11.0.22)
 690:             1             24  java.lang.management.DefaultPlatformMBeanProvider$4 (java.management@11.0.22)
 691:             1             24  java.lang.management.DefaultPlatformMBeanProvider$5 (java.management@11.0.22)
 692:             1             24  java.lang.management.DefaultPlatformMBeanProvider$6 (java.management@11.0.22)
 693:             1             24  java.lang.management.DefaultPlatformMBeanProvider$7 (java.management@11.0.22)
 694:             1             24  java.lang.management.DefaultPlatformMBeanProvider$8 (java.management@11.0.22)
 695:             1             24  java.lang.management.DefaultPlatformMBeanProvider$9 (java.management@11.0.22)
 696:             1             24  java.net.Inet6Address (java.base@11.0.22)
 697:             1             24  java.net.Inet6AddressImpl (java.base@11.0.22)
 698:             1             24  java.net.Proxy (java.base@11.0.22)
 699:             1             24  java.security.AllPermissionCollection (java.base@11.0.22)
 700:             1             24  java.sql.DriverInfo (java.sql@11.0.22)
 701:             1             24  java.util.BitSet (java.base@11.0.22)
 702:             1             24  java.util.Collections$EmptyMap (java.base@11.0.22)
 703:             1             24  java.util.Collections$SynchronizedCollection (java.base@11.0.22)
 704:             1             24  java.util.Date (java.base@11.0.22)
 705:             1             24  java.util.Locale$Cache (java.base@11.0.22)
 706:             1             24  java.util.ResourceBundle$Control$CandidateListCache (java.base@11.0.22)
 707:             1             24  java.util.ServiceLoader$2 (java.base@11.0.22)
 708:             1             24  java.util.TaskQueue (java.base@11.0.22)
 709:             1             24  java.util.Timer (java.base@11.0.22)
 710:             1             24  java.util.concurrent.CopyOnWriteArrayList$COWIterator (java.base@11.0.22)
 711:             1             24  java.util.logging.LogManager$LoggerContext (java.logging@11.0.22)
 712:             1             24  java.util.regex.Pattern$BmpCharPropertyGreedy (java.base@11.0.22)
 713:             1             24  java.util.regex.Pattern$Ques (java.base@11.0.22)
 714:             1             24  java.util.zip.ZipCoder$UTF8 (java.base@11.0.22)
 715:             1             24  javax.crypto.CryptoAllPermissionCollection (java.base@11.0.22)
 716:             1             24  javax.crypto.CryptoPermissions (java.base@11.0.22)
 717:             1             24  jdk.internal.jimage.ImageReader (java.base@11.0.22)
 718:             1             24  jdk.internal.loader.URLClassPath$FileLoader (java.base@11.0.22)
 719:             1             24  jdk.internal.logger.BootstrapLogger$RedirectedLoggers (java.base@11.0.22)
 720:             1             24  jdk.internal.module.ModuleHashes (java.base@11.0.22)
 721:             1             24  jdk.internal.module.SystemModuleFinders$SystemModuleFinder (java.base@11.0.22)
 722:             1             24  jdk.management.jfr.internal.FlightRecorderMXBeanProvider$SingleMBeanComponent (jdk.management.jfr@11.0.22)
 723:             1             24  org.postgresql.Driver
 724:             1             24  org.postgresql.core.AsciiStringInterner
 725:             1             24  org.postgresql.hostchooser.HostRequirement$1
 726:             1             24  org.postgresql.hostchooser.HostRequirement$2
 727:             1             24  org.postgresql.hostchooser.HostRequirement$3
 728:             1             24  org.postgresql.hostchooser.HostRequirement$4
 729:             1             24  org.postgresql.hostchooser.HostRequirement$5
 730:             1             24  org.postgresql.hostchooser.HostRequirement$6
 731:             1             24  org.postgresql.shaded.com.ongres.scram.common.bouncycastle.base64.Base64Encoder
 732:             1             24  org.postgresql.shaded.com.ongres.scram.common.stringprep.StringPreparations$1
 733:             1             24  org.postgresql.shaded.com.ongres.scram.common.stringprep.StringPreparations$2
 734:             1             24  org.postgresql.util.HostSpec
 735:             1             24  sun.management.MemoryImpl (java.management@11.0.22)
 736:             1             24  sun.management.VMManagementImpl (java.management@11.0.22)
 737:             1             24  sun.net.httpserver.ServerImpl$Dispatcher (jdk.httpserver@11.0.22)
 738:             1             24  sun.net.sdp.SdpProvider (java.base@11.0.22)
 739:             1             24  sun.net.www.protocol.http.Handler (java.base@11.0.22)
 740:             1             24  sun.nio.cs.ISO_8859_1 (java.base@11.0.22)
 741:             1             24  sun.nio.cs.ThreadLocalCoders$1 (java.base@11.0.22)
 742:             1             24  sun.nio.cs.ThreadLocalCoders$2 (java.base@11.0.22)
 743:             1             24  sun.nio.cs.US_ASCII (java.base@11.0.22)
 744:             1             24  sun.nio.cs.UTF_16 (java.base@11.0.22)
 745:             1             24  sun.nio.cs.UTF_16BE (java.base@11.0.22)
 746:             1             24  sun.nio.cs.UTF_16LE (java.base@11.0.22)
 747:             1             24  sun.nio.cs.UTF_8 (java.base@11.0.22)
 748:             1             24  sun.reflect.annotation.AnnotationInvocationHandler (java.base@11.0.22)
 749:             1             24  sun.text.normalizer.Norm2AllModes (java.base@11.0.22)
 750:             1             24  sun.text.normalizer.Norm2AllModes$ComposeNormalizer2 (java.base@11.0.22)
 751:             1             24  sun.text.normalizer.Norm2AllModes$Norm2AllModesSingleton (java.base@11.0.22)
 752:             1             24  sun.util.cldr.CLDRCalendarDataProviderImpl (java.base@11.0.22)
 753:             1             24  sun.util.locale.BaseLocale$Cache (java.base@11.0.22)
 754:             1             24  sun.util.locale.provider.CalendarProviderImpl (java.base@11.0.22)
 755:             1             24  sun.util.locale.provider.DateFormatSymbolsProviderImpl (java.base@11.0.22)
 756:             1             24  sun.util.locale.provider.DecimalFormatSymbolsProviderImpl (java.base@11.0.22)
 757:             1             24  sun.util.locale.provider.LocaleServiceProviderPool (java.base@11.0.22)
 758:             1             24  sun.util.locale.provider.NumberFormatProviderImpl (java.base@11.0.22)
 759:             1             16  [Lcom.fasterxml.jackson.databind.AbstractTypeResolver;
 760:             1             16  [Lcom.fasterxml.jackson.databind.deser.BeanDeserializerModifier;
 761:             1             16  [Lcom.fasterxml.jackson.databind.deser.ValueInstantiators;
 762:             1             16  [Lcom.fasterxml.jackson.databind.ser.BeanSerializerModifier;
 763:             1             16  [Lcom.fasterxml.jackson.databind.ser.Serializers;
 764:             1             16  [Lcom.fasterxml.jackson.databind.util.ClassUtil$Ctor;
 765:             1             16  [Ljava.lang.Throwable; (java.base@11.0.22)
 766:             1             16  [Ljava.nio.file.attribute.FileAttribute; (java.base@11.0.22)
 767:             1             16  [Ljava.security.Provider; (java.base@11.0.22)
 768:             1             16  [Ljava.security.cert.Certificate; (java.base@11.0.22)
 769:             1             16  [Ljava.text.FieldPosition; (java.base@11.0.22)
 770:             1             16  [Ljava.util.logging.Handler; (java.logging@11.0.22)
 771:             1             16  [Lorg.postgresql.core.Field;
 772:             1             16  OrderService.OrderService$killHandler
 773:             1             16  OrderService.OrderService$orderHandler
 774:             1             16  OrderService.OrderService$productHandler
 775:             1             16  OrderService.OrderService$userHandler
 776:             1             16  OrderService.OrderService$userPurchasedHandler
 777:             1             16  com.fasterxml.jackson.core.StreamWriteConstraints
 778:             1             16  com.fasterxml.jackson.core.io.JsonStringEncoder
 779:             1             16  com.fasterxml.jackson.core.util.DefaultPrettyPrinter$FixedSpaceIndenter
 780:             1             16  com.fasterxml.jackson.core.util.DefaultPrettyPrinter$NopIndenter
 781:             1             16  com.fasterxml.jackson.core.util.JacksonFeatureSet
 782:             1             16  com.fasterxml.jackson.core.util.JsonRecyclerPools$ThreadLocalPool
 783:             1             16  com.fasterxml.jackson.databind.deser.BeanDeserializerFactory
 784:             1             16  com.fasterxml.jackson.databind.deser.std.StdKeyDeserializers
 785:             1             16  com.fasterxml.jackson.databind.ext.Java7SupportImpl
 786:             1             16  com.fasterxml.jackson.databind.introspect.AnnotationCollector$NoAnnotations
 787:             1             16  com.fasterxml.jackson.databind.introspect.BasicClassIntrospector
 788:             1             16  com.fasterxml.jackson.databind.jsontype.impl.LaissezFaireSubTypeValidator
 789:             1             16  com.fasterxml.jackson.databind.jsontype.impl.StdSubtypeResolver
 790:             1             16  com.fasterxml.jackson.databind.node.JsonNodeFactory
 791:             1             16  com.fasterxml.jackson.databind.node.TextNode
 792:             1             16  com.fasterxml.jackson.databind.ser.BeanSerializerFactory
 793:             1             16  com.fasterxml.jackson.databind.ser.impl.UnknownSerializer
 794:             1             16  com.fasterxml.jackson.databind.ser.std.NullSerializer
 795:             1             16  com.fasterxml.jackson.databind.ser.std.StringSerializer
 796:             1             16  com.fasterxml.jackson.databind.type.TypeParser
 797:             1             16  com.fasterxml.jackson.databind.util.RootNameLookup
 798:             1             16  com.sun.management.internal.PlatformMBeanProviderImpl (jdk.management@11.0.22)
 799:             1             16  com.sun.management.internal.PlatformMBeanProviderImpl$$Lambda$44/0x00000008400e0840 (jdk.management@11.0.22)
 800:             1             16  com.sun.proxy.jdk.proxy1.$Proxy1 (jdk.proxy1@)
 801:             1             16  java.io.FileDescriptor$1 (java.base@11.0.22)
 802:             1             16  java.io.FilePermission$1 (java.base@11.0.22)
 803:             1             16  java.io.RandomAccessFile$2 (java.base@11.0.22)
 804:             1             16  java.lang.ApplicationShutdownHooks$1 (java.base@11.0.22)
 805:             1             16  java.lang.CharacterDataLatin1 (java.base@11.0.22)
 806:             1             16  java.lang.Float (java.base@11.0.22)
 807:             1             16  java.lang.InheritableThreadLocal (java.base@11.0.22)
 808:             1             16  java.lang.Module$$Lambda$23/0x00000008400ca040 (java.base@11.0.22)
 809:             1             16  java.lang.Runtime (java.base@11.0.22)
 810:             1             16  java.lang.SecurityManager$$Lambda$29/0x00000008400cf840 (java.base@11.0.22)
 811:             1             16  java.lang.SecurityManager$$Lambda$31/0x00000008400cf440 (java.base@11.0.22)
 812:             1             16  java.lang.SecurityManager$$Lambda$32/0x00000008400ce840 (java.base@11.0.22)
 813:             1             16  java.lang.SecurityManager$$Lambda$33/0x00000008400ce040 (java.base@11.0.22)
 814:             1             16  java.lang.SecurityManager$$Lambda$34/0x00000008400cd840 (java.base@11.0.22)
 815:             1             16  java.lang.SecurityManager$$Lambda$35/0x00000008400cdc40 (java.base@11.0.22)
 816:             1             16  java.lang.SecurityManager$$Lambda$37/0x00000008400cd440 (java.base@11.0.22)
 817:             1             16  java.lang.SecurityManager$$Lambda$38/0x00000008400cc840 (java.base@11.0.22)
 818:             1             16  java.lang.String$CaseInsensitiveComparator (java.base@11.0.22)
 819:             1             16  java.lang.StringCoding$1 (java.base@11.0.22)
 820:             1             16  java.lang.System$2 (java.base@11.0.22)
 821:             1             16  java.lang.System$LoggerFinder$$Lambda$71/0x0000000840115c40 (java.base@11.0.22)
 822:             1             16  java.lang.Terminator$1 (java.base@11.0.22)
 823:             1             16  java.lang.invoke.ClassSpecializer$1 (java.base@11.0.22)
 824:             1             16  java.lang.invoke.MemberName$Factory (java.base@11.0.22)
 825:             1             16  java.lang.invoke.MethodHandleImpl$1 (java.base@11.0.22)
 826:             1             16  java.lang.invoke.StringConcatFactory$MethodHandleInlineCopyStrategy$1 (java.base@11.0.22)
 827:             1             16  java.lang.invoke.StringConcatFactory$MethodHandleInlineCopyStrategy$2 (java.base@11.0.22)
 828:             1             16  java.lang.invoke.StringConcatFactory$MethodHandleInlineCopyStrategy$3 (java.base@11.0.22)
 829:             1             16  java.lang.invoke.VarHandle$1 (java.base@11.0.22)
 830:             1             16  java.lang.management.DefaultPlatformMBeanProvider (java.management@11.0.22)
 831:             1             16  java.lang.management.ManagementFactory$$Lambda$41/0x00000008400cc440 (java.management@11.0.22)
 832:             1             16  java.lang.management.ManagementFactory$PlatformMBeanFinder$$Lambda$42/0x00000008400e0040 (java.management@11.0.22)
 833:             1             16  java.lang.management.ManagementFactory$PlatformMBeanFinder$$Lambda$49/0x00000008400e1c40 (java.management@11.0.22)
 834:             1             16  java.lang.management.ManagementFactory$PlatformMBeanFinder$$Lambda$50/0x00000008400e2040 (java.management@11.0.22)
 835:             1             16  java.lang.management.ManagementFactory$PlatformMBeanFinder$$Lambda$52/0x00000008400e2c40 (java.management@11.0.22)
 836:             1             16  java.lang.management.ManagementFactory$PlatformMBeanFinder$$Lambda$56/0x00000008400e4040 (java.management@11.0.22)
 837:             1             16  java.lang.management.ManagementFactory$PlatformMBeanFinder$$Lambda$57/0x00000008400e4440 (java.management@11.0.22)
 838:             1             16  java.lang.module.ModuleDescriptor$1 (java.base@11.0.22)
 839:             1             16  java.lang.module.ModuleDescriptor$Builder$$Lambda$22/0x00000008400c9c40 (java.base@11.0.22)
 840:             1             16  java.lang.ref.Cleaner (java.base@11.0.22)
 841:             1             16  java.lang.ref.Cleaner$1 (java.base@11.0.22)
 842:             1             16  java.lang.ref.Reference$1 (java.base@11.0.22)
 843:             1             16  java.lang.reflect.Proxy$$Lambda$19/0x00000008400c9040 (java.base@11.0.22)
 844:             1             16  java.lang.reflect.Proxy$ProxyBuilder$$Lambda$21/0x00000008400c9840 (java.base@11.0.22)
 845:             1             16  java.lang.reflect.ReflectAccess (java.base@11.0.22)
 846:             1             16  java.math.BigDecimal$1 (java.base@11.0.22)
 847:             1             16  java.net.InetAddress$2 (java.base@11.0.22)
 848:             1             16  java.net.InetAddress$PlatformNameService (java.base@11.0.22)
 849:             1             16  java.net.ServerSocket$2 (java.base@11.0.22)
 850:             1             16  java.net.URI$1 (java.base@11.0.22)
 851:             1             16  java.net.URL$3 (java.base@11.0.22)
 852:             1             16  java.net.URL$DefaultFactory (java.base@11.0.22)
 853:             1             16  java.nio.Bits$1 (java.base@11.0.22)
 854:             1             16  java.nio.Buffer$1 (java.base@11.0.22)
 855:             1             16  java.nio.channels.spi.AbstractSelector$1 (java.base@11.0.22)
 856:             1             16  java.security.AllPermission (java.base@11.0.22)
 857:             1             16  java.security.ProtectionDomain$JavaSecurityAccessImpl (java.base@11.0.22)
 858:             1             16  java.util.Collections$EmptyEnumeration (java.base@11.0.22)
 859:             1             16  java.util.Collections$EmptyIterator (java.base@11.0.22)
 860:             1             16  java.util.Collections$EmptyList (java.base@11.0.22)
 861:             1             16  java.util.Collections$EmptySet (java.base@11.0.22)
 862:             1             16  java.util.Collections$UnmodifiableCollection (java.base@11.0.22)
 863:             1             16  java.util.EnumMap$1 (java.base@11.0.22)
 864:             1             16  java.util.IdentityHashMap$Values (java.base@11.0.22)
 865:             1             16  java.util.LinkedHashMap$LinkedValues (java.base@11.0.22)
 866:             1             16  java.util.LinkedHashSet (java.base@11.0.22)
 867:             1             16  java.util.ResourceBundle$1 (java.base@11.0.22)
 868:             1             16  java.util.ResourceBundle$Control (java.base@11.0.22)
 869:             1             16  java.util.Spliterators$EmptySpliterator$OfDouble (java.base@11.0.22)
 870:             1             16  java.util.Spliterators$EmptySpliterator$OfInt (java.base@11.0.22)
 871:             1             16  java.util.Spliterators$EmptySpliterator$OfLong (java.base@11.0.22)
 872:             1             16  java.util.Spliterators$EmptySpliterator$OfRef (java.base@11.0.22)
 873:             1             16  java.util.Timer$1 (java.base@11.0.22)
 874:             1             16  java.util.concurrent.ConcurrentSkipListMap$KeySet (java.base@11.0.22)
 875:             1             16  java.util.concurrent.ConcurrentSkipListSet (java.base@11.0.22)
 876:             1             16  java.util.concurrent.ForkJoinPool$DefaultForkJoinWorkerThreadFactory (java.base@11.0.22)
 877:             1             16  java.util.function.Function$$Lambda$51/0x00000008400e2440 (java.base@11.0.22)
 878:             1             16  java.util.jar.JavaUtilJarAccessImpl (java.base@11.0.22)
 879:             1             16  java.util.logging.Level$$Lambda$12/0x00000008400c5440 (java.logging@11.0.22)
 880:             1             16  java.util.logging.Level$KnownLevel$$Lambda$13/0x00000008400c5840 (java.logging@11.0.22)
 881:             1             16  java.util.logging.LogManager$LoggingProviderAccess (java.logging@11.0.22)
 882:             1             16  java.util.logging.LogManager$VisitedLoggers (java.logging@11.0.22)
 883:             1             16  java.util.regex.CharPredicates$$Lambda$1/0x0000000840067840 (java.base@11.0.22)
 884:             1             16  java.util.regex.Pattern$1 (java.base@11.0.22)
 885:             1             16  java.util.regex.Pattern$LastNode (java.base@11.0.22)
 886:             1             16  java.util.regex.Pattern$Node (java.base@11.0.22)
 887:             1             16  java.util.stream.Collectors$$Lambda$45/0x00000008400e0c40 (java.base@11.0.22)
 888:             1             16  java.util.stream.Collectors$$Lambda$46/0x00000008400e1040 (java.base@11.0.22)
 889:             1             16  java.util.stream.Collectors$$Lambda$47/0x00000008400e1440 (java.base@11.0.22)
 890:             1             16  java.util.stream.Collectors$$Lambda$48/0x00000008400e1840 (java.base@11.0.22)
 891:             1             16  java.util.stream.Collectors$$Lambda$53/0x00000008400e3040 (java.base@11.0.22)
 892:             1             16  java.util.stream.Collectors$$Lambda$62/0x00000008400e5840 (java.base@11.0.22)
 893:             1             16  java.util.stream.Collectors$$Lambda$63/0x00000008400e5c40 (java.base@11.0.22)
 894:             1             16  java.util.stream.Collectors$$Lambda$64/0x00000008400e6040 (java.base@11.0.22)
 895:             1             16  java.util.stream.FindOps$FindSink$OfRef$$Lambda$14/0x00000008400c5c40 (java.base@11.0.22)
 896:             1             16  java.util.stream.FindOps$FindSink$OfRef$$Lambda$15/0x00000008400c6040 (java.base@11.0.22)
 897:             1             16  java.util.stream.FindOps$FindSink$OfRef$$Lambda$16/0x00000008400c6440 (java.base@11.0.22)
 898:             1             16  java.util.stream.FindOps$FindSink$OfRef$$Lambda$17/0x00000008400c6840 (java.base@11.0.22)
 899:             1             16  java.util.zip.ZipFile$1 (java.base@11.0.22)
 900:             1             16  javax.net.DefaultSocketFactory (java.base@11.0.22)
 901:             1             16  jdk.internal.jimage.ImageReaderFactory$1 (java.base@11.0.22)
 902:             1             16  jdk.internal.jimage.ImageStringsReader (java.base@11.0.22)
 903:             1             16  jdk.internal.jimage.decompressor.Decompressor (java.base@11.0.22)
 904:             1             16  jdk.internal.logger.LazyLoggers$1 (java.base@11.0.22)
 905:             1             16  jdk.internal.logger.LazyLoggers$LazyLoggerFactories (java.base@11.0.22)
 906:             1             16  jdk.internal.math.FloatingDecimal$1 (java.base@11.0.22)
 907:             1             16  jdk.internal.misc.TerminatingThreadLocal$1 (java.base@11.0.22)
 908:             1             16  jdk.internal.misc.Unsafe (java.base@11.0.22)
 909:             1             16  jdk.internal.module.ModulePatcher (java.base@11.0.22)
 910:             1             16  jdk.internal.module.ModuleTarget (java.base@11.0.22)
 911:             1             16  jdk.internal.module.SystemModules$default (java.base@11.0.22)
 912:             1             16  jdk.internal.perf.Perf (java.base@11.0.22)
 913:             1             16  jdk.internal.reflect.ReflectionFactory (java.base@11.0.22)
 914:             1             16  jdk.internal.util.Preconditions$1 (java.base@11.0.22)
 915:             1             16  jdk.net.ExtendedSocketOptions$1 (jdk.net@11.0.22)
 916:             1             16  jdk.net.LinuxSocketOptions (jdk.net@11.0.22)
 917:             1             16  jdk.net.LinuxSocketOptions$$Lambda$40/0x00000008400cc040 (jdk.net@11.0.22)
 918:             1             16  org.postgresql.Driver$$Lambda$25/0x00000008400ca840
 919:             1             16  org.postgresql.util.LazyCleaner$$Lambda$69/0x00000008400e6840
 920:             1             16  org.postgresql.util.LazyCleaner$1
 921:             1             16  sun.net.httpserver.ContextList (jdk.httpserver@11.0.22)
 922:             1             16  sun.net.httpserver.DefaultHttpServerProvider (jdk.httpserver@11.0.22)
 923:             1             16  sun.net.httpserver.HttpServerImpl (jdk.httpserver@11.0.22)
 924:             1             16  sun.net.spi.DefaultProxySelector (java.base@11.0.22)
 925:             1             16  sun.net.www.protocol.file.Handler (java.base@11.0.22)
 926:             1             16  sun.net.www.protocol.jar.Handler (java.base@11.0.22)
 927:             1             16  sun.net.www.protocol.jar.JarFileFactory (java.base@11.0.22)
 928:             1             16  sun.net.www.protocol.jrt.Handler (java.base@11.0.22)
 929:             1             16  sun.nio.ch.EPollSelectorProvider (java.base@11.0.22)
 930:             1             16  sun.nio.ch.Net$1 (java.base@11.0.22)
 931:             1             16  sun.nio.ch.SocketDispatcher (java.base@11.0.22)
 932:             1             16  sun.nio.ch.Util$1 (java.base@11.0.22)
 933:             1             16  sun.nio.ch.Util$2 (java.base@11.0.22)
 934:             1             16  sun.nio.fs.LinuxFileSystemProvider (java.base@11.0.22)
 935:             1             16  sun.nio.fs.NativeBuffers$1 (java.base@11.0.22)
 936:             1             16  sun.security.jca.ProviderConfig$ProviderLoader (java.base@11.0.22)
 937:             1             16  sun.security.util.ByteArrayLexOrder (java.base@11.0.22)
 938:             1             16  sun.security.util.ByteArrayTagOrder (java.base@11.0.22)
 939:             1             16  sun.text.normalizer.Norm2AllModes$DecomposeNormalizer2 (java.base@11.0.22)
 940:             1             16  sun.text.normalizer.Norm2AllModes$NoopNormalizer2 (java.base@11.0.22)
 941:             1             16  sun.text.normalizer.NormalizerBase$ModeImpl (java.base@11.0.22)
 942:             1             16  sun.text.normalizer.NormalizerBase$NFCMode (java.base@11.0.22)
 943:             1             16  sun.text.normalizer.NormalizerBase$NFDMode (java.base@11.0.22)
 944:             1             16  sun.text.normalizer.NormalizerBase$NFKCMode (java.base@11.0.22)
 945:             1             16  sun.text.normalizer.NormalizerBase$NFKDMode (java.base@11.0.22)
 946:             1             16  sun.text.normalizer.NormalizerBase$NONEMode (java.base@11.0.22)
 947:             1             16  sun.text.normalizer.NormalizerImpl$IsAcceptable (java.base@11.0.22)
 948:             1             16  sun.text.normalizer.Trie2$1 (java.base@11.0.22)
 949:             1             16  sun.text.normalizer.VersionInfo (java.base@11.0.22)
 950:             1             16  sun.util.calendar.Gregorian (java.base@11.0.22)
 951:             1             16  sun.util.cldr.CLDRBaseLocaleDataMetaInfo (java.base@11.0.22)
 952:             1             16  sun.util.locale.InternalLocaleBuilder$CaseInsensitiveChar (java.base@11.0.22)
 953:             1             16  sun.util.locale.provider.CalendarDataUtility$CalendarWeekParameterGetter (java.base@11.0.22)
 954:             1             16  sun.util.logging.internal.LoggingProviderImpl (java.logging@11.0.22)
 955:             1             16  sun.util.logging.internal.LoggingProviderImpl$JULWrapper (java.logging@11.0.22)
 956:             1             16  sun.util.resources.LocaleData$LocaleDataStrategy (java.base@11.0.22)
 957:             1             16  sun.util.resources.cldr.provider.CLDRLocaleDataMetaInfo (jdk.localedata@11.0.22)
Total         78905        3550936
38748:
 garbage-first heap   total 17408K, used 3467K [0x0000000084200000, 0x0000000100000000)
  region size 1024K, 0 young (0K), 0 survivors (0K)
 Metaspace       used 9872K, capacity 10511K, committed 10752K, reserved 1058816K
  class space    used 1049K, capacity 1172K, committed 1280K, reserved 1048576K
38748:
2024-03-09 14:15:40
Full thread dump OpenJDK 64-Bit Server VM (11.0.22+7-post-Ubuntu-0ubuntu222.04.1 mixed mode, sharing):

Threads class SMR info:
_java_thread_list=0x00007f3fa40b0d00, length=13, elements={
0x00007f3ff412b000, 0x00007f3ff4135000, 0x00007f3ff413d800, 0x00007f3ff413f800,
0x00007f3ff4141800, 0x00007f3ff4143800, 0x00007f3ff4145800, 0x00007f3ff4180800,
0x00007f3ff444e000, 0x00007f3ff448c000, 0x00007f3ff4493800, 0x00007f3ff4015800,
0x00007f3fac001000
}

"Reference Handler" #2 daemon prio=10 os_prio=0 cpu=0.71ms elapsed=3.83s tid=0x00007f3ff412b000 nid=0x9765 waiting on condition  [0x00007f3fcca70000]
   java.lang.Thread.State: RUNNABLE
        at java.lang.ref.Reference.waitForReferencePendingList(java.base@11.0.22/Native Method)
        at java.lang.ref.Reference.processPendingReferences(java.base@11.0.22/Reference.java:241)
        at java.lang.ref.Reference$ReferenceHandler.run(java.base@11.0.22/Reference.java:213)

"Finalizer" #3 daemon prio=8 os_prio=0 cpu=0.28ms elapsed=3.83s tid=0x00007f3ff4135000 nid=0x9766 in Object.wait()  [0x00007f3fcc970000]
   java.lang.Thread.State: WAITING (on object monitor)
        at java.lang.Object.wait(java.base@11.0.22/Native Method)
        - waiting on <0x0000000084303630> (a java.lang.ref.ReferenceQueue$Lock)
        at java.lang.ref.ReferenceQueue.remove(java.base@11.0.22/ReferenceQueue.java:155)
        - waiting to re-lock in wait() <0x0000000084303630> (a java.lang.ref.ReferenceQueue$Lock)
        at java.lang.ref.ReferenceQueue.remove(java.base@11.0.22/ReferenceQueue.java:176)
        at java.lang.ref.Finalizer$FinalizerThread.run(java.base@11.0.22/Finalizer.java:170)

"Signal Dispatcher" #4 daemon prio=9 os_prio=0 cpu=0.39ms elapsed=3.82s tid=0x00007f3ff413d800 nid=0x9767 runnable  [0x0000000000000000]
   java.lang.Thread.State: RUNNABLE

"Service Thread" #5 daemon prio=9 os_prio=0 cpu=0.13ms elapsed=3.82s tid=0x00007f3ff413f800 nid=0x9768 runnable  [0x0000000000000000]
   java.lang.Thread.State: RUNNABLE

"C2 CompilerThread0" #6 daemon prio=9 os_prio=0 cpu=222.85ms elapsed=3.82s tid=0x00007f3ff4141800 nid=0x9769 waiting on condition  [0x0000000000000000]
   java.lang.Thread.State: RUNNABLE
   No compile task

"C1 CompilerThread0" #9 daemon prio=9 os_prio=0 cpu=262.95ms elapsed=3.82s tid=0x00007f3ff4143800 nid=0x976a waiting on condition  [0x0000000000000000]
   java.lang.Thread.State: RUNNABLE
   No compile task

"Sweeper thread" #10 daemon prio=9 os_prio=0 cpu=0.19ms elapsed=3.82s tid=0x00007f3ff4145800 nid=0x976b runnable  [0x0000000000000000]
   java.lang.Thread.State: RUNNABLE

"Common-Cleaner" #11 daemon prio=8 os_prio=0 cpu=0.66ms elapsed=3.79s tid=0x00007f3ff4180800 nid=0x976e in Object.wait()  [0x00007f3fcc218000]
   java.lang.Thread.State: TIMED_WAITING (on object monitor)
        at java.lang.Object.wait(java.base@11.0.22/Native Method)
        - waiting on <0x0000000084303f68> (a java.lang.ref.ReferenceQueue$Lock)
        at java.lang.ref.ReferenceQueue.remove(java.base@11.0.22/ReferenceQueue.java:155)
        - waiting to re-lock in wait() <0x0000000084303f68> (a java.lang.ref.ReferenceQueue$Lock)
        at jdk.internal.ref.CleanerImpl.run(java.base@11.0.22/CleanerImpl.java:148)
        at java.lang.Thread.run(java.base@11.0.22/Thread.java:829)
        at jdk.internal.misc.InnocuousThread.run(java.base@11.0.22/InnocuousThread.java:161)

"PostgreSQL-JDBC-Cleaner" #13 daemon prio=5 os_prio=0 cpu=0.19ms elapsed=2.97s tid=0x00007f3ff444e000 nid=0x977e in Object.wait()  [0x00007f3f9bbfe000]
   java.lang.Thread.State: TIMED_WAITING (on object monitor)
        at java.lang.Object.wait(java.base@11.0.22/Native Method)
        - waiting on <0x0000000084304408> (a java.lang.ref.ReferenceQueue$Lock)
        at java.lang.ref.ReferenceQueue.remove(java.base@11.0.22/ReferenceQueue.java:155)
        - waiting to re-lock in wait() <0x0000000084304408> (a java.lang.ref.ReferenceQueue$Lock)
        at org.postgresql.util.LazyCleaner$1.run(LazyCleaner.java:129)
        at java.lang.Thread.run(java.base@11.0.22/Thread.java:829)

"idle-timeout-task" #14 daemon prio=5 os_prio=0 cpu=0.18ms elapsed=2.89s tid=0x00007f3ff448c000 nid=0x9781 in Object.wait()  [0x00007f3f9b8fc000]
   java.lang.Thread.State: TIMED_WAITING (on object monitor)
        at java.lang.Object.wait(java.base@11.0.22/Native Method)
        - waiting on <0x00000000864cd1a0> (a java.util.TaskQueue)
        at java.util.TimerThread.mainLoop(java.base@11.0.22/Timer.java:553)
        - waiting to re-lock in wait() <0x00000000864cd1a0> (a java.util.TaskQueue)
        at java.util.TimerThread.run(java.base@11.0.22/Timer.java:506)

"HTTP-Dispatcher" #15 prio=5 os_prio=0 cpu=0.61ms elapsed=2.87s tid=0x00007f3ff4493800 nid=0x9782 runnable  [0x00007f3f9b7fc000]
   java.lang.Thread.State: RUNNABLE
        at sun.nio.ch.EPoll.wait(java.base@11.0.22/Native Method)
        at sun.nio.ch.EPollSelectorImpl.doSelect(java.base@11.0.22/EPollSelectorImpl.java:120)
        at sun.nio.ch.SelectorImpl.lockAndDoSelect(java.base@11.0.22/SelectorImpl.java:124)
        - locked <0x00000000864cbd60> (a sun.nio.ch.Util$2)
        - locked <0x00000000864cbba0> (a sun.nio.ch.EPollSelectorImpl)
        at sun.nio.ch.SelectorImpl.select(java.base@11.0.22/SelectorImpl.java:136)
        at sun.net.httpserver.ServerImpl$Dispatcher.run(jdk.httpserver@11.0.22/ServerImpl.java:471)
        at java.lang.Thread.run(java.base@11.0.22/Thread.java:829)

"DestroyJavaVM" #16 prio=5 os_prio=0 cpu=533.40ms elapsed=2.87s tid=0x00007f3ff4015800 nid=0x975e waiting on condition  [0x0000000000000000]
   java.lang.Thread.State: RUNNABLE

"Attach Listener" #17 daemon prio=9 os_prio=0 cpu=1.84ms elapsed=0.66s tid=0x00007f3fac001000 nid=0x9872 waiting on condition  [0x0000000000000000]
   java.lang.Thread.State: RUNNABLE

"VM Thread" os_prio=0 cpu=9.62ms elapsed=3.83s tid=0x00007f3ff4128800 nid=0x9764 runnable

"GC Thread#0" os_prio=0 cpu=11.00ms elapsed=3.83s tid=0x00007f3ff402f800 nid=0x975f runnable

"GC Thread#1" os_prio=0 cpu=10.34ms elapsed=2.95s tid=0x00007f3fc0001000 nid=0x977f runnable

"GC Thread#2" os_prio=0 cpu=10.25ms elapsed=2.95s tid=0x00007f3fc0002800 nid=0x9780 runnable

"G1 Main Marker" os_prio=0 cpu=0.19ms elapsed=3.83s tid=0x00007f3ff4061000 nid=0x9760 runnable

"G1 Conc#0" os_prio=0 cpu=0.08ms elapsed=3.83s tid=0x00007f3ff4063000 nid=0x9761 runnable

"G1 Refine#0" os_prio=0 cpu=0.16ms elapsed=3.83s tid=0x00007f3ff40f4000 nid=0x9762 runnable

"G1 Young RemSet Sampling" os_prio=0 cpu=0.44ms elapsed=3.83s tid=0x00007f3ff40f6000 nid=0x9763 runnable
"VM Periodic Task Thread" os_prio=0 cpu=1.56ms elapsed=3.80s tid=0x00007f3ff417e800 nid=0x976d waiting on condition

JNI global refs: 19, weak refs: 0

38748:
-XX:CICompilerCount=4 -XX:ConcGCThreads=3 -XX:G1ConcRefinementThreads=10 -XX:G1HeapRegionSize=1048576 -XX:GCDrainStackTargetSize=64 -XX:InitialHeapSize=130023424 -XX:MarkStackSize=4194304 -XX:MaxHeapSize=2078277632 -XX:MaxNewSize=1246756864 -XX:MinHeapDeltaBytes=1048576 -XX:NonNMethodCodeHeapSize=5836300 -XX:NonProfiledCodeHeapSize=122910970 -XX:ProfiledCodeHeapSize=122910970 -XX:ReservedCodeCacheSize=251658240 -XX:+SegmentedCodeCache -XX:+UseCompressedClassPointers -XX:+UseCompressedOops -XX:+UseG1GC
38748:
#Sat Mar 09 14:15:40 EST 2024
awt.toolkit=sun.awt.X11.XToolkit
java.specification.version=11
sun.cpu.isalist=
sun.jnu.encoding=UTF-8
java.class.path=.\:./OrderService/jackson-annotations-2.16.1.jar\:./OrderService/jackson-core-2.16.1.jar\:./OrderService/jackson-databind-2.16.1.jar\:./OrderService/postgresql-42.7.2.jar
java.vm.vendor=Ubuntu
sun.arch.data.model=64
java.vendor.url=https\://ubuntu.com/
user.timezone=America/New_York
java.vm.specification.version=11
os.name=Linux
sun.java.launcher=SUN_STANDARD
sun.boot.library.path=/usr/lib/jvm/java-11-openjdk-amd64/lib
sun.java.command=OrderService.OrderService
jdk.debug=release
sun.cpu.endian=little
user.home=/home/masa
user.language=en
java.specification.vendor=Oracle Corporation
java.version.date=2024-01-16
java.home=/usr/lib/jvm/java-11-openjdk-amd64
file.separator=/
java.vm.compressedOopsMode=32-bit
line.separator=\n
java.vm.specification.vendor=Oracle Corporation
java.specification.name=Java Platform API Specification
java.awt.graphicsenv=sun.awt.X11GraphicsEnvironment
sun.management.compiler=HotSpot 64-Bit Tiered Compilers
java.runtime.version=11.0.22+7-post-Ubuntu-0ubuntu222.04.1
user.name=masa
path.separator=\:
os.version=5.15.146.1-microsoft-standard-WSL2
java.runtime.name=OpenJDK Runtime Environment
file.encoding=UTF-8
java.vm.name=OpenJDK 64-Bit Server VM
java.vendor.url.bug=https\://bugs.launchpad.net/ubuntu/+source/openjdk-lts
java.io.tmpdir=/tmp
java.version=11.0.22
user.dir=/mnt/c/Users/faisa/Documents/csc301/a2/Microservice/final/a2/compiled
os.arch=amd64
java.vm.specification.name=Java Virtual Machine Specification
java.awt.printerjob=sun.print.PSPrinterJob
sun.os.patch.level=unknown
java.library.path=/usr/java/packages/lib\:/usr/lib/x86_64-linux-gnu/jni\:/lib/x86_64-linux-gnu\:/usr/lib/x86_64-linux-gnu\:/usr/lib/jni\:/lib\:/usr/lib
java.vm.info=mixed mode, sharing
java.vendor=Ubuntu
java.vm.version=11.0.22+7-post-Ubuntu-0ubuntu222.04.1
java.specification.maintenance.version=2
sun.io.unicode.encoding=UnicodeLittle
java.class.version=55.0
38748:
OpenJDK 64-Bit Server VM version 11.0.22+7-post-Ubuntu-0ubuntu222.04.1
JDK 11.0.22
38748:
VM Arguments:
java_command: OrderService.OrderService
java_class_path (initial): .:./OrderService/jackson-annotations-2.16.1.jar:./OrderService/jackson-core-2.16.1.jar:./OrderService/jackson-databind-2.16.1.jar:./OrderService/postgresql-42.7.2.jar
Launcher Type: SUN_STANDARD
Ready
PS C:\Users\faisa\Documents\csc301\a2\