nohup: appending output to 'nohup.out'
38719:
#
# JRE version: OpenJDK Runtime Environment (11.0.22+7) (build 11.0.22+7-post-Ubuntu-0ubuntu222.04.1)
# Java VM: OpenJDK 64-Bit Server VM (11.0.22+7-post-Ubuntu-0ubuntu222.04.1, mixed mode, sharing, tiered, compressed oops, g1 gc, linux-amd64)

---------------  S U M M A R Y ------------

Command Line: ProductService.ProductService

Host: AMD Ryzen 5 3600 6-Core Processor, 12 cores, 7G, Ubuntu 22.04.3 LTS
Time: Sat Mar  9 14:15:39 2024 EST elapsed time: 3.246479 seconds (0d 0h 0m 3s)

---------------  P R O C E S S  ---------------

Heap address: 0x0000000084200000, size: 1982 MB, Compressed Oops mode: 32-bit
Narrow klass base: 0x0000000800000000, Narrow klass shift: 3
Compressed class space size: 1073741824 Address: 0x0000000840000000

Heap:
 garbage-first heap   total 129024K, used 5535K [0x0000000084200000, 0x0000000100000000)
  region size 1024K, 6 young (6144K), 3 survivors (3072K)
 Metaspace       used 9859K, capacity 10548K, committed 10752K, reserved 1058816K
  class space    used 1049K, capacity 1184K, committed 1280K, reserved 1048576K
Heap Regions: E=young(eden), S=young(survivor), O=old, HS=humongous(starts), HC=humongous(continues), CS=collection set, F=free, A=archive, TAMS=top-at-mark-start (previous, next)
|   0|0x0000000084200000, 0x0000000084200000, 0x0000000084300000|  0%| F|  |TAMS 0x0000000084200000, 0x0000000084200000| Untracked
|   1|0x0000000084300000, 0x0000000084300000, 0x0000000084400000|  0%| F|  |TAMS 0x0000000084300000, 0x0000000084300000| Untracked
|   2|0x0000000084400000, 0x0000000084400000, 0x0000000084500000|  0%| F|  |TAMS 0x0000000084400000, 0x0000000084400000| Untracked
|   3|0x0000000084500000, 0x0000000084500000, 0x0000000084600000|  0%| F|  |TAMS 0x0000000084500000, 0x0000000084500000| Untracked
|   4|0x0000000084600000, 0x0000000084600000, 0x0000000084700000|  0%| F|  |TAMS 0x0000000084600000, 0x0000000084600000| Untracked
|   5|0x0000000084700000, 0x0000000084700000, 0x0000000084800000|  0%| F|  |TAMS 0x0000000084700000, 0x0000000084700000| Untracked
|   6|0x0000000084800000, 0x0000000084800000, 0x0000000084900000|  0%| F|  |TAMS 0x0000000084800000, 0x0000000084800000| Untracked
|   7|0x0000000084900000, 0x0000000084900000, 0x0000000084a00000|  0%| F|  |TAMS 0x0000000084900000, 0x0000000084900000| Untracked
|   8|0x0000000084a00000, 0x0000000084a00000, 0x0000000084b00000|  0%| F|  |TAMS 0x0000000084a00000, 0x0000000084a00000| Untracked
|   9|0x0000000084b00000, 0x0000000084b00000, 0x0000000084c00000|  0%| F|  |TAMS 0x0000000084b00000, 0x0000000084b00000| Untracked
|  10|0x0000000084c00000, 0x0000000084c00000, 0x0000000084d00000|  0%| F|  |TAMS 0x0000000084c00000, 0x0000000084c00000| Untracked
|  11|0x0000000084d00000, 0x0000000084d00000, 0x0000000084e00000|  0%| F|  |TAMS 0x0000000084d00000, 0x0000000084d00000| Untracked
|  12|0x0000000084e00000, 0x0000000084e00000, 0x0000000084f00000|  0%| F|  |TAMS 0x0000000084e00000, 0x0000000084e00000| Untracked
|  13|0x0000000084f00000, 0x0000000084f00000, 0x0000000085000000|  0%| F|  |TAMS 0x0000000084f00000, 0x0000000084f00000| Untracked
|  14|0x0000000085000000, 0x0000000085000000, 0x0000000085100000|  0%| F|  |TAMS 0x0000000085000000, 0x0000000085000000| Untracked
|  15|0x0000000085100000, 0x0000000085100000, 0x0000000085200000|  0%| F|  |TAMS 0x0000000085100000, 0x0000000085100000| Untracked
|  16|0x0000000085200000, 0x0000000085200000, 0x0000000085300000|  0%| F|  |TAMS 0x0000000085200000, 0x0000000085200000| Untracked
|  17|0x0000000085300000, 0x0000000085300000, 0x0000000085400000|  0%| F|  |TAMS 0x0000000085300000, 0x0000000085300000| Untracked
|  18|0x0000000085400000, 0x0000000085400000, 0x0000000085500000|  0%| F|  |TAMS 0x0000000085400000, 0x0000000085400000| Untracked
|  19|0x0000000085500000, 0x0000000085500000, 0x0000000085600000|  0%| F|  |TAMS 0x0000000085500000, 0x0000000085500000| Untracked
|  20|0x0000000085600000, 0x0000000085600000, 0x0000000085700000|  0%| F|  |TAMS 0x0000000085600000, 0x0000000085600000| Untracked
|  21|0x0000000085700000, 0x0000000085700000, 0x0000000085800000|  0%| F|  |TAMS 0x0000000085700000, 0x0000000085700000| Untracked
|  22|0x0000000085800000, 0x0000000085800000, 0x0000000085900000|  0%| F|  |TAMS 0x0000000085800000, 0x0000000085800000| Untracked
|  23|0x0000000085900000, 0x0000000085900000, 0x0000000085a00000|  0%| F|  |TAMS 0x0000000085900000, 0x0000000085900000| Untracked
|  24|0x0000000085a00000, 0x0000000085a00000, 0x0000000085b00000|  0%| F|  |TAMS 0x0000000085a00000, 0x0000000085a00000| Untracked
|  25|0x0000000085b00000, 0x0000000085b00000, 0x0000000085c00000|  0%| F|  |TAMS 0x0000000085b00000, 0x0000000085b00000| Untracked
|  26|0x0000000085c00000, 0x0000000085c00000, 0x0000000085d00000|  0%| F|  |TAMS 0x0000000085c00000, 0x0000000085c00000| Untracked
|  27|0x0000000085d00000, 0x0000000085d00000, 0x0000000085e00000|  0%| F|  |TAMS 0x0000000085d00000, 0x0000000085d00000| Untracked
|  28|0x0000000085e00000, 0x0000000085e00000, 0x0000000085f00000|  0%| F|  |TAMS 0x0000000085e00000, 0x0000000085e00000| Untracked
|  29|0x0000000085f00000, 0x0000000085f00000, 0x0000000086000000|  0%| F|  |TAMS 0x0000000085f00000, 0x0000000085f00000| Untracked
|  30|0x0000000086000000, 0x0000000086000000, 0x0000000086100000|  0%| F|  |TAMS 0x0000000086000000, 0x0000000086000000| Untracked
|  31|0x0000000086100000, 0x0000000086100000, 0x0000000086200000|  0%| F|  |TAMS 0x0000000086100000, 0x0000000086100000| Untracked
|  32|0x0000000086200000, 0x0000000086200000, 0x0000000086300000|  0%| F|  |TAMS 0x0000000086200000, 0x0000000086200000| Untracked
|  33|0x0000000086300000, 0x0000000086300000, 0x0000000086400000|  0%| F|  |TAMS 0x0000000086300000, 0x0000000086300000| Untracked
|  34|0x0000000086400000, 0x0000000086400000, 0x0000000086500000|  0%| F|  |TAMS 0x0000000086400000, 0x0000000086400000| Untracked
|  35|0x0000000086500000, 0x0000000086500000, 0x0000000086600000|  0%| F|  |TAMS 0x0000000086500000, 0x0000000086500000| Untracked
|  36|0x0000000086600000, 0x0000000086600000, 0x0000000086700000|  0%| F|  |TAMS 0x0000000086600000, 0x0000000086600000| Untracked
|  37|0x0000000086700000, 0x0000000086700000, 0x0000000086800000|  0%| F|  |TAMS 0x0000000086700000, 0x0000000086700000| Untracked
|  38|0x0000000086800000, 0x0000000086800000, 0x0000000086900000|  0%| F|  |TAMS 0x0000000086800000, 0x0000000086800000| Untracked
|  39|0x0000000086900000, 0x0000000086900000, 0x0000000086a00000|  0%| F|  |TAMS 0x0000000086900000, 0x0000000086900000| Untracked
|  40|0x0000000086a00000, 0x0000000086a00000, 0x0000000086b00000|  0%| F|  |TAMS 0x0000000086a00000, 0x0000000086a00000| Untracked
|  41|0x0000000086b00000, 0x0000000086b00000, 0x0000000086c00000|  0%| F|  |TAMS 0x0000000086b00000, 0x0000000086b00000| Untracked
|  42|0x0000000086c00000, 0x0000000086c00000, 0x0000000086d00000|  0%| F|  |TAMS 0x0000000086c00000, 0x0000000086c00000| Untracked
|  43|0x0000000086d00000, 0x0000000086d00000, 0x0000000086e00000|  0%| F|  |TAMS 0x0000000086d00000, 0x0000000086d00000| Untracked
|  44|0x0000000086e00000, 0x0000000086e00000, 0x0000000086f00000|  0%| F|  |TAMS 0x0000000086e00000, 0x0000000086e00000| Untracked
|  45|0x0000000086f00000, 0x0000000086f00000, 0x0000000087000000|  0%| F|  |TAMS 0x0000000086f00000, 0x0000000086f00000| Untracked
|  46|0x0000000087000000, 0x0000000087000000, 0x0000000087100000|  0%| F|  |TAMS 0x0000000087000000, 0x0000000087000000| Untracked
|  47|0x0000000087100000, 0x0000000087100000, 0x0000000087200000|  0%| F|  |TAMS 0x0000000087100000, 0x0000000087100000| Untracked
|  48|0x0000000087200000, 0x0000000087200000, 0x0000000087300000|  0%| F|  |TAMS 0x0000000087200000, 0x0000000087200000| Untracked
|  49|0x0000000087300000, 0x0000000087300000, 0x0000000087400000|  0%| F|  |TAMS 0x0000000087300000, 0x0000000087300000| Untracked
|  50|0x0000000087400000, 0x0000000087400000, 0x0000000087500000|  0%| F|  |TAMS 0x0000000087400000, 0x0000000087400000| Untracked
|  51|0x0000000087500000, 0x0000000087500000, 0x0000000087600000|  0%| F|  |TAMS 0x0000000087500000, 0x0000000087500000| Untracked
|  52|0x0000000087600000, 0x0000000087600000, 0x0000000087700000|  0%| F|  |TAMS 0x0000000087600000, 0x0000000087600000| Untracked
|  53|0x0000000087700000, 0x0000000087700000, 0x0000000087800000|  0%| F|  |TAMS 0x0000000087700000, 0x0000000087700000| Untracked
|  54|0x0000000087800000, 0x0000000087800000, 0x0000000087900000|  0%| F|  |TAMS 0x0000000087800000, 0x0000000087800000| Untracked
|  55|0x0000000087900000, 0x0000000087900000, 0x0000000087a00000|  0%| F|  |TAMS 0x0000000087900000, 0x0000000087900000| Untracked
|  56|0x0000000087a00000, 0x0000000087a00000, 0x0000000087b00000|  0%| F|  |TAMS 0x0000000087a00000, 0x0000000087a00000| Untracked
|  57|0x0000000087b00000, 0x0000000087b00000, 0x0000000087c00000|  0%| F|  |TAMS 0x0000000087b00000, 0x0000000087b00000| Untracked
|  58|0x0000000087c00000, 0x0000000087c00000, 0x0000000087d00000|  0%| F|  |TAMS 0x0000000087c00000, 0x0000000087c00000| Untracked
|  59|0x0000000087d00000, 0x0000000087d00000, 0x0000000087e00000|  0%| F|  |TAMS 0x0000000087d00000, 0x0000000087d00000| Untracked
|  60|0x0000000087e00000, 0x0000000087e00000, 0x0000000087f00000|  0%| F|  |TAMS 0x0000000087e00000, 0x0000000087e00000| Untracked
|  61|0x0000000087f00000, 0x0000000087f00000, 0x0000000088000000|  0%| F|  |TAMS 0x0000000087f00000, 0x0000000087f00000| Untracked
|  62|0x0000000088000000, 0x0000000088000000, 0x0000000088100000|  0%| F|  |TAMS 0x0000000088000000, 0x0000000088000000| Untracked
|  63|0x0000000088100000, 0x0000000088100000, 0x0000000088200000|  0%| F|  |TAMS 0x0000000088100000, 0x0000000088100000| Untracked
|  64|0x0000000088200000, 0x0000000088200000, 0x0000000088300000|  0%| F|  |TAMS 0x0000000088200000, 0x0000000088200000| Untracked
|  65|0x0000000088300000, 0x0000000088300000, 0x0000000088400000|  0%| F|  |TAMS 0x0000000088300000, 0x0000000088300000| Untracked
|  66|0x0000000088400000, 0x0000000088400000, 0x0000000088500000|  0%| F|  |TAMS 0x0000000088400000, 0x0000000088400000| Untracked
|  67|0x0000000088500000, 0x0000000088500000, 0x0000000088600000|  0%| F|  |TAMS 0x0000000088500000, 0x0000000088500000| Untracked
|  68|0x0000000088600000, 0x0000000088600000, 0x0000000088700000|  0%| F|  |TAMS 0x0000000088600000, 0x0000000088600000| Untracked
|  69|0x0000000088700000, 0x0000000088700000, 0x0000000088800000|  0%| F|  |TAMS 0x0000000088700000, 0x0000000088700000| Untracked
|  70|0x0000000088800000, 0x0000000088800000, 0x0000000088900000|  0%| F|  |TAMS 0x0000000088800000, 0x0000000088800000| Untracked
|  71|0x0000000088900000, 0x0000000088900000, 0x0000000088a00000|  0%| F|  |TAMS 0x0000000088900000, 0x0000000088900000| Untracked
|  72|0x0000000088a00000, 0x0000000088a00000, 0x0000000088b00000|  0%| F|  |TAMS 0x0000000088a00000, 0x0000000088a00000| Untracked
|  73|0x0000000088b00000, 0x0000000088b00000, 0x0000000088c00000|  0%| F|  |TAMS 0x0000000088b00000, 0x0000000088b00000| Untracked
|  74|0x0000000088c00000, 0x0000000088c00000, 0x0000000088d00000|  0%| F|  |TAMS 0x0000000088c00000, 0x0000000088c00000| Untracked
|  75|0x0000000088d00000, 0x0000000088d00000, 0x0000000088e00000|  0%| F|  |TAMS 0x0000000088d00000, 0x0000000088d00000| Untracked
|  76|0x0000000088e00000, 0x0000000088e00000, 0x0000000088f00000|  0%| F|  |TAMS 0x0000000088e00000, 0x0000000088e00000| Untracked
|  77|0x0000000088f00000, 0x0000000088f00000, 0x0000000089000000|  0%| F|  |TAMS 0x0000000088f00000, 0x0000000088f00000| Untracked
|  78|0x0000000089000000, 0x0000000089000000, 0x0000000089100000|  0%| F|  |TAMS 0x0000000089000000, 0x0000000089000000| Untracked
|  79|0x0000000089100000, 0x0000000089100000, 0x0000000089200000|  0%| F|  |TAMS 0x0000000089100000, 0x0000000089100000| Untracked
|  80|0x0000000089200000, 0x0000000089200000, 0x0000000089300000|  0%| F|  |TAMS 0x0000000089200000, 0x0000000089200000| Untracked
|  81|0x0000000089300000, 0x0000000089300000, 0x0000000089400000|  0%| F|  |TAMS 0x0000000089300000, 0x0000000089300000| Untracked
|  82|0x0000000089400000, 0x0000000089400000, 0x0000000089500000|  0%| F|  |TAMS 0x0000000089400000, 0x0000000089400000| Untracked
|  83|0x0000000089500000, 0x0000000089500000, 0x0000000089600000|  0%| F|  |TAMS 0x0000000089500000, 0x0000000089500000| Untracked
|  84|0x0000000089600000, 0x0000000089600000, 0x0000000089700000|  0%| F|  |TAMS 0x0000000089600000, 0x0000000089600000| Untracked
|  85|0x0000000089700000, 0x0000000089700000, 0x0000000089800000|  0%| F|  |TAMS 0x0000000089700000, 0x0000000089700000| Untracked
|  86|0x0000000089800000, 0x0000000089800000, 0x0000000089900000|  0%| F|  |TAMS 0x0000000089800000, 0x0000000089800000| Untracked
|  87|0x0000000089900000, 0x0000000089900000, 0x0000000089a00000|  0%| F|  |TAMS 0x0000000089900000, 0x0000000089900000| Untracked
|  88|0x0000000089a00000, 0x0000000089a00000, 0x0000000089b00000|  0%| F|  |TAMS 0x0000000089a00000, 0x0000000089a00000| Untracked
|  89|0x0000000089b00000, 0x0000000089b00000, 0x0000000089c00000|  0%| F|  |TAMS 0x0000000089b00000, 0x0000000089b00000| Untracked
|  90|0x0000000089c00000, 0x0000000089c00000, 0x0000000089d00000|  0%| F|  |TAMS 0x0000000089c00000, 0x0000000089c00000| Untracked
|  91|0x0000000089d00000, 0x0000000089d00000, 0x0000000089e00000|  0%| F|  |TAMS 0x0000000089d00000, 0x0000000089d00000| Untracked
|  92|0x0000000089e00000, 0x0000000089e00000, 0x0000000089f00000|  0%| F|  |TAMS 0x0000000089e00000, 0x0000000089e00000| Untracked
|  93|0x0000000089f00000, 0x0000000089f00000, 0x000000008a000000|  0%| F|  |TAMS 0x0000000089f00000, 0x0000000089f00000| Untracked
|  94|0x000000008a000000, 0x000000008a000000, 0x000000008a100000|  0%| F|  |TAMS 0x000000008a000000, 0x000000008a000000| Untracked
|  95|0x000000008a100000, 0x000000008a100000, 0x000000008a200000|  0%| F|  |TAMS 0x000000008a100000, 0x000000008a100000| Untracked
|  96|0x000000008a200000, 0x000000008a200000, 0x000000008a300000|  0%| F|  |TAMS 0x000000008a200000, 0x000000008a200000| Untracked
|  97|0x000000008a300000, 0x000000008a3b3f58, 0x000000008a400000| 70%| S|CS|TAMS 0x000000008a300000, 0x000000008a300000| Complete
|  98|0x000000008a400000, 0x000000008a500000, 0x000000008a500000|100%| S|CS|TAMS 0x000000008a400000, 0x000000008a400000| Complete
|  99|0x000000008a500000, 0x000000008a600000, 0x000000008a600000|100%| S|CS|TAMS 0x000000008a500000, 0x000000008a500000| Complete
| 100|0x000000008a600000, 0x000000008a600000, 0x000000008a700000|  0%| F|  |TAMS 0x000000008a600000, 0x000000008a600000| Untracked
| 101|0x000000008a700000, 0x000000008a700000, 0x000000008a800000|  0%| F|  |TAMS 0x000000008a700000, 0x000000008a700000| Untracked
| 102|0x000000008a800000, 0x000000008a800000, 0x000000008a900000|  0%| F|  |TAMS 0x000000008a800000, 0x000000008a800000| Untracked
| 103|0x000000008a900000, 0x000000008a900000, 0x000000008aa00000|  0%| F|  |TAMS 0x000000008a900000, 0x000000008a900000| Untracked
| 104|0x000000008aa00000, 0x000000008aa00000, 0x000000008ab00000|  0%| F|  |TAMS 0x000000008aa00000, 0x000000008aa00000| Untracked
| 105|0x000000008ab00000, 0x000000008ab00000, 0x000000008ac00000|  0%| F|  |TAMS 0x000000008ab00000, 0x000000008ab00000| Untracked
| 106|0x000000008ac00000, 0x000000008ac00000, 0x000000008ad00000|  0%| F|  |TAMS 0x000000008ac00000, 0x000000008ac00000| Untracked
| 107|0x000000008ad00000, 0x000000008ad00000, 0x000000008ae00000|  0%| F|  |TAMS 0x000000008ad00000, 0x000000008ad00000| Untracked
| 108|0x000000008ae00000, 0x000000008ae00000, 0x000000008af00000|  0%| F|  |TAMS 0x000000008ae00000, 0x000000008ae00000| Untracked
| 109|0x000000008af00000, 0x000000008af00000, 0x000000008b000000|  0%| F|  |TAMS 0x000000008af00000, 0x000000008af00000| Untracked
| 110|0x000000008b000000, 0x000000008b000000, 0x000000008b100000|  0%| F|  |TAMS 0x000000008b000000, 0x000000008b000000| Untracked
| 111|0x000000008b100000, 0x000000008b100000, 0x000000008b200000|  0%| F|  |TAMS 0x000000008b100000, 0x000000008b100000| Untracked
| 112|0x000000008b200000, 0x000000008b200000, 0x000000008b300000|  0%| F|  |TAMS 0x000000008b200000, 0x000000008b200000| Untracked
| 113|0x000000008b300000, 0x000000008b300000, 0x000000008b400000|  0%| F|  |TAMS 0x000000008b300000, 0x000000008b300000| Untracked
| 114|0x000000008b400000, 0x000000008b400000, 0x000000008b500000|  0%| F|  |TAMS 0x000000008b400000, 0x000000008b400000| Untracked
| 115|0x000000008b500000, 0x000000008b500000, 0x000000008b600000|  0%| F|  |TAMS 0x000000008b500000, 0x000000008b500000| Untracked
| 116|0x000000008b600000, 0x000000008b600000, 0x000000008b700000|  0%| F|  |TAMS 0x000000008b600000, 0x000000008b600000| Untracked
| 117|0x000000008b700000, 0x000000008b700000, 0x000000008b800000|  0%| F|  |TAMS 0x000000008b700000, 0x000000008b700000| Untracked
| 118|0x000000008b800000, 0x000000008b800000, 0x000000008b900000|  0%| F|  |TAMS 0x000000008b800000, 0x000000008b800000| Untracked
| 119|0x000000008b900000, 0x000000008b900000, 0x000000008ba00000|  0%| F|  |TAMS 0x000000008b900000, 0x000000008b900000| Untracked
| 120|0x000000008ba00000, 0x000000008ba00000, 0x000000008bb00000|  0%| F|  |TAMS 0x000000008ba00000, 0x000000008ba00000| Untracked
| 121|0x000000008bb00000, 0x000000008bc00000, 0x000000008bc00000|100%| E|  |TAMS 0x000000008bb00000, 0x000000008bb00000| Complete
| 122|0x000000008bc00000, 0x000000008bd00000, 0x000000008bd00000|100%| E|CS|TAMS 0x000000008bc00000, 0x000000008bc00000| Complete
| 123|0x000000008bd00000, 0x000000008be00000, 0x000000008be00000|100%| E|CS|TAMS 0x000000008bd00000, 0x000000008bd00000| Complete
|1980|0x00000000ffe00000, 0x00000000ffe48000, 0x00000000fff00000| 28%|OA|  |TAMS 0x00000000ffe00000, 0x00000000ffe00000| Untracked
|1981|0x00000000fff00000, 0x00000000fff6c000, 0x0000000100000000| 42%|CA|  |TAMS 0x00000000fff00000, 0x00000000fff00000| Untracked

Card table byte_map: [0x00007f433593a000,0x00007f4335d19000] _byte_map_base: 0x00007f4335519000

Marking Bits (Prev, Next): (CMBitMap*) 0x00007f4330058768, (CMBitMap*) 0x00007f43300587a0
 Prev Bits: [0x00007f4312108000, 0x00007f4314000000)
 Next Bits: [0x00007f4310210000, 0x00007f4312108000)

Polling page: 0x00007f43387ab000

Metaspace:

Usage:
  Non-class:      9.14 MB capacity,     8.60 MB ( 94%) used,   533.45 KB (  6%) free+waste,    20.69 KB ( <1%) overhead.

      Class:      1.16 MB capacity,     1.03 MB ( 89%) used,   123.69 KB ( 10%) free+waste,    10.56 KB ( <1%) overhead.

       Both:     10.30 MB capacity,     9.63 MB ( 93%) used,   657.13 KB (  6%) free+waste,    31.25 KB ( <1%) overhead.


Virtual space:
  Non-class space:       10.00 MB reserved,       9.25 MB ( 92%) committed
      Class space:        1.00 GB reserved,       1.25 MB ( <1%) committed
             Both:        1.01 GB reserved,      10.50 MB (  1%) committed

Chunk freelists:
   Non-Class:  0 bytes
       Class:  0 bytes
        Both:  0 bytes

MaxMetaspaceSize: unlimited
CompressedClassSpaceSize: 1.00 GB
Initial GC threshold: 20.80 MB
Current GC threshold: 20.80 MB
CDS: on

CodeHeap 'non-profiled nmethods': size=120032Kb used=349Kb max_used=349Kb free=119682Kb
 bounds [0x00007f43202a3000, 0x00007f4320513000, 0x00007f43277db000]
CodeHeap 'profiled nmethods': size=120028Kb used=2288Kb max_used=2288Kb free=117739Kb
 bounds [0x00007f4318d6c000, 0x00007f4318fdc000, 0x00007f43202a3000]
CodeHeap 'non-nmethods': size=5700Kb used=1177Kb max_used=1192Kb free=4523Kb
 bounds [0x00007f43187db000, 0x00007f4318a4b000, 0x00007f4318d6c000]
 total_blobs=1611 nmethods=1164 adapters=361
 compilation: enabled
              stopped_count=0, restarted_count=0
 full_count=0

Compilation events (20 events):
Event: 1.018 Thread 0x00007f433013b800 nmethod 1150 0x00007f4318fa1a90 code [0x00007f4318fa1d60, 0x00007f4318fa28f0]
Event: 1.018 Thread 0x00007f433013b800 1154       3       java.lang.invoke.LambdaForm::useCount (90 bytes)
Event: 1.019 Thread 0x00007f433013b800 nmethod 1154 0x00007f4318fa2d10 code [0x00007f4318fa2f00, 0x00007f4318fa32b0]
Event: 1.019 Thread 0x00007f433013b800 1152       3       java.lang.invoke.DirectMethodHandle::maybeCompile (24 bytes)
Event: 1.019 Thread 0x00007f433013b800 nmethod 1152 0x00007f4318fa3490 code [0x00007f4318fa3720, 0x00007f4318fa3f90]
Event: 1.019 Thread 0x00007f433013b800 1151       1       java.lang.invoke.LambdaForm$BasicType::basicTypeChar (5 bytes)
Event: 1.019 Thread 0x00007f433013b800 nmethod 1151 0x00007f43202f8610 code [0x00007f43202f87c0, 0x00007f43202f8890]
Event: 1.019 Thread 0x00007f433013b800 1158       3       java.lang.invoke.InvokerBytecodeGenerator::emitStaticInvoke (258 bytes)
Event: 1.020 Thread 0x00007f433013b800 nmethod 1158 0x00007f4318fa4310 code [0x00007f4318fa4620, 0x00007f4318fa5480]
Event: 1.020 Thread 0x00007f433013b800 1159       3       java.lang.invoke.InvokerBytecodeGenerator::refKindOpcode (112 bytes)
Event: 1.020 Thread 0x00007f433013b800 nmethod 1159 0x00007f4318fa5a10 code [0x00007f4318fa5c80, 0x00007f4318fa6650]
Event: 1.020 Thread 0x00007f433013b800 1156       3       java.util.ImmutableCollections$List12::size (13 bytes)
Event: 1.020 Thread 0x00007f433013b800 nmethod 1156 0x00007f4318fa6990 code [0x00007f4318fa6b40, 0x00007f4318fa6cd0]
Event: 1.020 Thread 0x00007f433013b800 1160       3       java.lang.Class::cast (27 bytes)
Event: 1.020 Thread 0x00007f433013b800 nmethod 1160 0x00007f4318fa6d90 code [0x00007f4318fa6f60, 0x00007f4318fa7230]
Event: 1.020 Thread 0x00007f433013b800 1163       3       java.lang.invoke.DirectMethodHandle$Holder::invokeStatic (20 bytes)
Event: 1.020 Thread 0x00007f433013b800 nmethod 1163 0x00007f4318fa7310 code [0x00007f4318fa74e0, 0x00007f4318fa7a30]
Event: 1.020 Thread 0x00007f433013b800 1164       3       java.lang.StringConcatHelper::prepend (16 bytes)
Event: 1.020 Thread 0x00007f433013b800 nmethod 1164 0x00007f4318fa7b90 code [0x00007f4318fa7d60, 0x00007f4318fa7f80]
Event: 1.031 Thread 0x00007f42e42da000 nmethod 1136 0x00007f43202f8f10 code [0x00007f43202f90e0, 0x00007f43202f9f78]

GC Heap History (2 events):
Event: 0.957 GC heap before
{Heap before GC invocations=0 (full 0):
 garbage-first heap   total 129024K, used 24272K [0x0000000084200000, 0x0000000100000000)
  region size 1024K, 24 young (24576K), 0 survivors (0K)
 Metaspace       used 8845K, capacity 9769K, committed 9984K, reserved 1058816K
  class space    used 940K, capacity 1024K, committed 1024K, reserved 1048576K
}
Event: 0.962 GC heap after
{Heap after GC invocations=1 (full 0):
 garbage-first heap   total 129024K, used 3487K [0x0000000084200000, 0x0000000100000000)
  region size 1024K, 3 young (3072K), 3 survivors (3072K)
 Metaspace       used 8845K, capacity 9769K, committed 9984K, reserved 1058816K
  class space    used 940K, capacity 1024K, committed 1024K, reserved 1048576K
}

Deoptimization events (20 events):
Event: 0.849 Thread 0x00007f4330015800 DEOPT PACKING pc=0x00007f4318f3fd62 sp=0x00007f4336f42770
Event: 0.849 Thread 0x00007f4330015800 DEOPT UNPACKING pc=0x00007f431882564a sp=0x00007f4336f41be8 mode 0
Event: 0.849 Thread 0x00007f4330015800 DEOPT PACKING pc=0x00007f4318f3fd62 sp=0x00007f4336f42830
Event: 0.849 Thread 0x00007f4330015800 DEOPT UNPACKING pc=0x00007f431882564a sp=0x00007f4336f41ca8 mode 0
Event: 0.849 Thread 0x00007f4330015800 DEOPT PACKING pc=0x00007f4318f3fd62 sp=0x00007f4336f42770
Event: 0.849 Thread 0x00007f4330015800 DEOPT UNPACKING pc=0x00007f431882564a sp=0x00007f4336f41be8 mode 0
Event: 0.901 Thread 0x00007f4330015800 Uncommon trap: trap_request=0xffffff4d fr.pc=0x00007f43202e2fd8 relative=0x00000000000002f8
Event: 0.901 Thread 0x00007f4330015800 Uncommon trap: reason=unstable_if action=reinterpret pc=0x00007f43202e2fd8 method=java.lang.Integer.parseInt(Ljava/lang/String;I)I @ 119 c2
Event: 0.901 Thread 0x00007f4330015800 DEOPT PACKING pc=0x00007f43202e2fd8 sp=0x00007f4336f43230
Event: 0.901 Thread 0x00007f4330015800 DEOPT UNPACKING pc=0x00007f4318824ea5 sp=0x00007f4336f431c8 mode 2
Event: 0.912 Thread 0x00007f4330015800 Uncommon trap: trap_request=0xffffff4d fr.pc=0x00007f43202e37ac relative=0x000000000000008c
Event: 0.912 Thread 0x00007f4330015800 Uncommon trap: reason=unstable_if action=reinterpret pc=0x00007f43202e37ac method=java.lang.CharacterDataLatin1.digit(II)I @ 7 c2
Event: 0.912 Thread 0x00007f4330015800 DEOPT PACKING pc=0x00007f43202e37ac sp=0x00007f4336f43020
Event: 0.912 Thread 0x00007f4330015800 DEOPT UNPACKING pc=0x00007f4318824ea5 sp=0x00007f4336f42f00 mode 2
Event: 0.912 Thread 0x00007f4330015800 Uncommon trap: trap_request=0xffffff4d fr.pc=0x00007f43202e0938 relative=0x0000000000000098
Event: 0.912 Thread 0x00007f4330015800 Uncommon trap: reason=unstable_if action=reinterpret pc=0x00007f43202e0938 method=java.lang.CharacterDataLatin1.digit(II)I @ 7 c2
Event: 0.912 Thread 0x00007f4330015800 DEOPT PACKING pc=0x00007f43202e0938 sp=0x00007f4336f42f80
Event: 0.912 Thread 0x00007f4330015800 DEOPT UNPACKING pc=0x00007f4318824ea5 sp=0x00007f4336f42f20 mode 2
Event: 0.983 Thread 0x00007f4330015800 DEOPT PACKING pc=0x00007f4318dc94b4 sp=0x00007f4336f42b70
Event: 0.983 Thread 0x00007f4330015800 DEOPT UNPACKING pc=0x00007f431882564a sp=0x00007f4336f420a8 mode 0

Classes redefined (0 events):
No events

Internal exceptions (9 events):
Event: 0.618 Thread 0x00007f4330015800 Exception <a 'java/lang/NoSuchMethodError'{0x000000008ad82010}: 'java.lang.Object java.lang.invoke.DirectMethodHandle$Holder.invokeVirtual(java.lang.Object, java.lang.Object, java.lang.Object, java.lang.Object)'> (0x000000008ad82010) thrown at [./src/hotspot/share/interpreter/linkResolver.cpp, line 772]
Event: 0.642 Thread 0x00007f4330015800 Exception <a 'java/lang/NoSuchMethodError'{0x000000008ade9a98}: 'int java.lang.invoke.DirectMethodHandle$Holder.invokeStaticInit(java.lang.Object, java.lang.Object, java.lang.Object, java.lang.Object)'> (0x000000008ade9a98) thrown at [./src/hotspot/share/interpreter/linkResolver.cpp, line 772]
Event: 0.643 Thread 0x00007f4330015800 Exception <a 'java/lang/IncompatibleClassChangeError'{0x000000008adf30a0}: Found class java.lang.Object, but interface was expected> (0x000000008adf30a0) thrown at [./src/hotspot/share/interpreter/linkResolver.cpp, line 839]
Event: 0.644 Thread 0x00007f4330015800 Exception <a 'java/lang/NoSuchMethodError'{0x000000008adf5fa8}: 'void java.lang.invoke.DirectMethodHandle$Holder.invokeStaticInit(java.lang.Object, java.lang.Object)'> (0x000000008adf5fa8) thrown at [./src/hotspot/share/interpreter/linkResolver.cpp, line 772]
Event: 0.644 Thread 0x00007f4330015800 Exception <a 'java/lang/NoSuchMethodError'{0x000000008adfb888}: 'int java.lang.invoke.DirectMethodHandle$Holder.invokeStaticInit(java.lang.Object, java.lang.Object)'> (0x000000008adfb888) thrown at [./src/hotspot/share/interpreter/linkResolver.cpp, line 772]
Event: 0.694 Thread 0x00007f4330015800 Exception <a 'java/lang/NoSuchMethodError'{0x000000008ab145b8}: 'java.lang.Object java.lang.invoke.DirectMethodHandle$Holder.invokeStaticInit(java.lang.Object, java.lang.Object, java.lang.Object)'> (0x000000008ab145b8) thrown at [./src/hotspot/share/interpreter/linkResolver.cpp, line 772]
Event: 0.818 Thread 0x00007f4330015800 Exception <a 'java/lang/NoSuchMethodError'{0x000000008a9c6f18}: 'int java.lang.invoke.DirectMethodHandle$Holder.invokeSpecialIFC(java.lang.Object, java.lang.Object, int)'> (0x000000008a9c6f18) thrown at [./src/hotspot/share/interpreter/linkResolver.cpp, line 772]
Event: 1.018 Thread 0x00007f4330015800 Exception <a 'java/lang/NoSuchMethodError'{0x000000008bca3200}: 'java.lang.Object java.lang.invoke.DirectMethodHandle$Holder.invokeStatic(java.lang.Object, java.lang.Object, java.lang.Object, java.lang.Object, java.lang.Object, java.lang.Object, java.lang.Object, java.lang.Object, java.lang.Object, java.lang.Object, java.lang.Object, java.lang.Object, java.lang.Object, int)'> (0x000000008bca3200) thrown at [./src/hotspot/share/interpreter/linkResolver.cpp, line 772]
Event: 1.019 Thread 0x00007f4330015800 Exception <a 'java/lang/NoSuchMethodError'{0x000000008bcb00b8}: 'java.lang.Object java.lang.invoke.DirectMethodHandle$Holder.invokeStatic(java.lang.Object, java.lang.Object, java.lang.Object, java.lang.Object, java.lang.Object, java.lang.Object, java.lang.Object, java.lang.Object, java.lang.Object, java.lang.Object, java.lang.Object, java.lang.Object, java.lang.Object, int, int)'> (0x000000008bcb00b8) thrown at [./src/hotspot/share/interpreter/linkResolver.cpp, line 772]

Events (20 events):
Event: 1.019 loading class java/lang/invoke/BoundMethodHandle$Species_LLLLLLLLLLIIL done
Event: 1.020 loading class ProductService/ProductService$productHandler
Event: 1.020 loading class ProductService/ProductService$productHandler done
Event: 1.023 loading class ProductService/ProductService$killHandler
Event: 1.023 loading class ProductService/ProductService$killHandler done
Event: 1.026 Thread 0x00007f433047f800 Thread added: 0x00007f433047f800
Event: 1.026 Protecting memory [0x00007f43093fe000,0x00007f4309402000] with protection modes 0
Event: 1.026 loading class java/util/LinkedList$ListItr
Event: 1.026 Thread 0x00007f4330015800 Thread exited: 0x00007f4330015800
Event: 1.026 loading class java/util/LinkedList$ListItr done
Event: 1.026 Protecting memory [0x00007f4336e45000,0x00007f4336e49000] with protection modes 0
Event: 1.026 Thread 0x00007f4330015800 Thread added: 0x00007f4330015800
Event: 1.027 Executing VM operation: RevokeBias
Event: 1.027 Executing VM operation: RevokeBias done
Event: 1.027 loading class java/nio/channels/spi/AbstractSelector$1
Event: 1.027 loading class sun/nio/ch/Interruptible
Event: 1.027 loading class sun/nio/ch/Interruptible done
Event: 1.027 loading class java/nio/channels/spi/AbstractSelector$1 done
Event: 3.146 Thread 0x00007f42e8001000 Thread added: 0x00007f42e8001000
Event: 3.146 Protecting memory [0x00007f43092fe000,0x00007f4309302000] with protection modes 0


Dynamic libraries:
84200000-8be00000 rw-p 00000000 00:00 0
8be00000-ffe00000 ---p 00000000 00:00 0
ffe00000-ffe48000 rw-p 00b14000 08:20 31009                              /usr/lib/jvm/java-11-openjdk-amd64/lib/server/classes.jsa
ffe48000-fff00000 rw-p 00000000 00:00 0
fff00000-fff6c000 rw-p 00aa8000 08:20 31009                              /usr/lib/jvm/java-11-openjdk-amd64/lib/server/classes.jsa
fff6c000-100000000 rw-p 00000000 00:00 0
800000000-800002000 rwxp 00001000 08:20 31009                            /usr/lib/jvm/java-11-openjdk-amd64/lib/server/classes.jsa
800002000-8003ce000 rw-p 00003000 08:20 31009                            /usr/lib/jvm/java-11-openjdk-amd64/lib/server/classes.jsa
8003ce000-800aa6000 r--p 003cf000 08:20 31009                            /usr/lib/jvm/java-11-openjdk-amd64/lib/server/classes.jsa
800aa6000-800aa7000 rw-p 00aa7000 08:20 31009                            /usr/lib/jvm/java-11-openjdk-amd64/lib/server/classes.jsa
840000000-840140000 rw-p 00000000 00:00 0
840140000-880000000 ---p 00000000 00:00 0
55664e221000-55664e222000 r--p 00000000 08:20 31789                      /usr/lib/jvm/java-11-openjdk-amd64/bin/java
55664e222000-55664e223000 r-xp 00001000 08:20 31789                      /usr/lib/jvm/java-11-openjdk-amd64/bin/java
55664e223000-55664e224000 r--p 00002000 08:20 31789                      /usr/lib/jvm/java-11-openjdk-amd64/bin/java
55664e224000-55664e225000 r--p 00002000 08:20 31789                      /usr/lib/jvm/java-11-openjdk-amd64/bin/java
55664e225000-55664e226000 rw-p 00003000 08:20 31789                      /usr/lib/jvm/java-11-openjdk-amd64/bin/java
55664f9be000-55664fa00000 rw-p 00000000 00:00 0                          [heap]
7f42b8000000-7f42b8021000 rw-p 00000000 00:00 0
7f42b8021000-7f42bc000000 ---p 00000000 00:00 0
7f42bc000000-7f42bc021000 rw-p 00000000 00:00 0
7f42bc021000-7f42c0000000 ---p 00000000 00:00 0
7f42c0000000-7f42c0021000 rw-p 00000000 00:00 0
7f42c0021000-7f42c4000000 ---p 00000000 00:00 0
7f42c4000000-7f42c4021000 rw-p 00000000 00:00 0
7f42c4021000-7f42c8000000 ---p 00000000 00:00 0
7f42c8000000-7f42c8021000 rw-p 00000000 00:00 0
7f42c8021000-7f42cc000000 ---p 00000000 00:00 0
7f42cc000000-7f42cc021000 rw-p 00000000 00:00 0
7f42cc021000-7f42d0000000 ---p 00000000 00:00 0
7f42d0000000-7f42d0021000 rw-p 00000000 00:00 0
7f42d0021000-7f42d4000000 ---p 00000000 00:00 0
7f42d4000000-7f42d4132000 rw-p 00000000 00:00 0
7f42d4132000-7f42d8000000 ---p 00000000 00:00 0
7f42d8000000-7f42d8021000 rw-p 00000000 00:00 0
7f42d8021000-7f42dc000000 ---p 00000000 00:00 0
7f42dc000000-7f42dc021000 rw-p 00000000 00:00 0
7f42dc021000-7f42e0000000 ---p 00000000 00:00 0
7f42e0000000-7f42e0385000 rw-p 00000000 00:00 0
7f42e0385000-7f42e4000000 ---p 00000000 00:00 0
7f42e4000000-7f42e4491000 rw-p 00000000 00:00 0
7f42e4491000-7f42e8000000 ---p 00000000 00:00 0
7f42e8000000-7f42e8021000 rw-p 00000000 00:00 0
7f42e8021000-7f42ec000000 ---p 00000000 00:00 0
7f42ec000000-7f42ec021000 rw-p 00000000 00:00 0
7f42ec021000-7f42f0000000 ---p 00000000 00:00 0
7f42f0000000-7f42f0021000 rw-p 00000000 00:00 0
7f42f0021000-7f42f4000000 ---p 00000000 00:00 0
7f42f4000000-7f42f4021000 rw-p 00000000 00:00 0
7f42f4021000-7f42f8000000 ---p 00000000 00:00 0
7f42f8000000-7f42f8021000 rw-p 00000000 00:00 0
7f42f8021000-7f42fc000000 ---p 00000000 00:00 0
7f42fc000000-7f42fc021000 rw-p 00000000 00:00 0
7f42fc021000-7f4300000000 ---p 00000000 00:00 0
7f4300000000-7f4300021000 rw-p 00000000 00:00 0
7f4300021000-7f4304000000 ---p 00000000 00:00 0
7f4304000000-7f4304021000 rw-p 00000000 00:00 0
7f4304021000-7f4308000000 ---p 00000000 00:00 0
7f43092fe000-7f4309302000 ---p 00000000 00:00 0
7f4309302000-7f43093fe000 rw-p 00000000 00:00 0
7f43093fe000-7f4309402000 ---p 00000000 00:00 0
7f4309402000-7f43094fe000 rw-p 00000000 00:00 0
7f43094fe000-7f4309502000 ---p 00000000 00:00 0
7f4309502000-7f43095fe000 rw-p 00000000 00:00 0
7f43095fe000-7f43095ff000 ---p 00000000 00:00 0
7f43095ff000-7f43096ff000 rw-p 00000000 00:00 0
7f43096ff000-7f4309700000 ---p 00000000 00:00 0
7f4309700000-7f430c000000 rw-p 00000000 00:00 0
7f430c000000-7f430c021000 rw-p 00000000 00:00 0
7f430c021000-7f4310000000 ---p 00000000 00:00 0
7f4310010000-7f4310150000 rw-p 00000000 00:00 0
7f4310150000-7f4310210000 ---p 00000000 00:00 0
7f4310210000-7f4310400000 rw-p 00000000 00:00 0
7f4310400000-7f4312100000 ---p 00000000 00:00 0
7f4312100000-7f43122f8000 rw-p 00000000 00:00 0
7f43122f8000-7f4313ff8000 ---p 00000000 00:00 0
7f4313ff8000-7f4314000000 rw-p 00000000 00:00 0
7f4314000000-7f4314021000 rw-p 00000000 00:00 0
7f4314021000-7f4318000000 ---p 00000000 00:00 0
7f4318056000-7f431805a000 ---p 00000000 00:00 0
7f431805a000-7f4318156000 rw-p 00000000 00:00 0
7f4318156000-7f431815a000 ---p 00000000 00:00 0
7f431815a000-7f4318256000 rw-p 00000000 00:00 0
7f4318256000-7f431825e000 r--p 00000000 08:20 31863                      /usr/lib/jvm/java-11-openjdk-amd64/lib/libsunec.so
7f431825e000-7f4318277000 r-xp 00008000 08:20 31863                      /usr/lib/jvm/java-11-openjdk-amd64/lib/libsunec.so
7f4318277000-7f4318281000 r--p 00021000 08:20 31863                      /usr/lib/jvm/java-11-openjdk-amd64/lib/libsunec.so
7f4318281000-7f4318282000 ---p 0002b000 08:20 31863                      /usr/lib/jvm/java-11-openjdk-amd64/lib/libsunec.so
7f4318282000-7f4318286000 r--p 0002b000 08:20 31863                      /usr/lib/jvm/java-11-openjdk-amd64/lib/libsunec.so
7f4318286000-7f4318288000 rw-p 0002f000 08:20 31863                      /usr/lib/jvm/java-11-openjdk-amd64/lib/libsunec.so
7f4318288000-7f431828a000 r--p 00000000 08:20 31855                      /usr/lib/jvm/java-11-openjdk-amd64/lib/libmanagement_ext.so
7f431828a000-7f431828d000 r-xp 00002000 08:20 31855                      /usr/lib/jvm/java-11-openjdk-amd64/lib/libmanagement_ext.so
7f431828d000-7f431828f000 r--p 00005000 08:20 31855                      /usr/lib/jvm/java-11-openjdk-amd64/lib/libmanagement_ext.so
7f431828f000-7f4318290000 r--p 00006000 08:20 31855                      /usr/lib/jvm/java-11-openjdk-amd64/lib/libmanagement_ext.so
7f4318290000-7f4318291000 rw-p 00007000 08:20 31855                      /usr/lib/jvm/java-11-openjdk-amd64/lib/libmanagement_ext.so
7f4318291000-7f43182c2000 rw-p 00000000 00:00 0
7f43182c2000-7f43182c6000 r--p 00000000 08:20 31857                      /usr/lib/jvm/java-11-openjdk-amd64/lib/libnet.so
7f43182c6000-7f43182d4000 r-xp 00004000 08:20 31857                      /usr/lib/jvm/java-11-openjdk-amd64/lib/libnet.so
7f43182d4000-7f43182d8000 r--p 00012000 08:20 31857                      /usr/lib/jvm/java-11-openjdk-amd64/lib/libnet.so
7f43182d8000-7f43182d9000 r--p 00015000 08:20 31857                      /usr/lib/jvm/java-11-openjdk-amd64/lib/libnet.so
7f43182d9000-7f43182da000 rw-p 00016000 08:20 31857                      /usr/lib/jvm/java-11-openjdk-amd64/lib/libnet.so
7f43182da000-7f43182de000 ---p 00000000 00:00 0
7f43182de000-7f43183da000 rw-p 00000000 00:00 0
7f43183da000-7f43183db000 ---p 00000000 00:00 0
7f43183db000-7f43184db000 rw-p 00000000 00:00 0
7f43184db000-7f43184df000 ---p 00000000 00:00 0
7f43184df000-7f43185db000 rw-p 00000000 00:00 0
7f43185db000-7f43185df000 ---p 00000000 00:00 0
7f43185df000-7f43186db000 rw-p 00000000 00:00 0
7f43186db000-7f43186df000 ---p 00000000 00:00 0
7f43186df000-7f43187db000 rw-p 00000000 00:00 0
7f43187db000-7f4318a4b000 rwxp 00000000 00:00 0
7f4318a4b000-7f4318d6c000 ---p 00000000 00:00 0
7f4318d6c000-7f4318fdc000 rwxp 00000000 00:00 0
7f4318fdc000-7f43202a3000 ---p 00000000 00:00 0
7f43202a3000-7f4320513000 rwxp 00000000 00:00 0
7f4320513000-7f43277db000 ---p 00000000 00:00 0
7f43277db000-7f4330000000 r--s 00000000 08:20 31867                      /usr/lib/jvm/java-11-openjdk-amd64/lib/modules
7f4330000000-7f4330483000 rw-p 00000000 00:00 0
7f4330483000-7f4334000000 ---p 00000000 00:00 0
7f4334004000-7f4334007000 r--p 00000000 08:20 31853                      /usr/lib/jvm/java-11-openjdk-amd64/lib/libmanagement.so
7f4334007000-7f4334008000 r-xp 00003000 08:20 31853                      /usr/lib/jvm/java-11-openjdk-amd64/lib/libmanagement.so
7f4334008000-7f4334009000 r--p 00004000 08:20 31853                      /usr/lib/jvm/java-11-openjdk-amd64/lib/libmanagement.so
7f4334009000-7f433400a000 r--p 00004000 08:20 31853                      /usr/lib/jvm/java-11-openjdk-amd64/lib/libmanagement.so
7f433400a000-7f433400b000 rw-p 00005000 08:20 31853                      /usr/lib/jvm/java-11-openjdk-amd64/lib/libmanagement.so
7f433400b000-7f433400c000 r--p 00000000 08:20 31839                      /usr/lib/jvm/java-11-openjdk-amd64/lib/libextnet.so
7f433400c000-7f433400d000 r-xp 00001000 08:20 31839                      /usr/lib/jvm/java-11-openjdk-amd64/lib/libextnet.so
7f433400d000-7f433400e000 r--p 00002000 08:20 31839                      /usr/lib/jvm/java-11-openjdk-amd64/lib/libextnet.so
7f433400e000-7f433400f000 r--p 00002000 08:20 31839                      /usr/lib/jvm/java-11-openjdk-amd64/lib/libextnet.so
7f433400f000-7f4334010000 rw-p 00003000 08:20 31839                      /usr/lib/jvm/java-11-openjdk-amd64/lib/libextnet.so
7f4334010000-7f4334017000 r--p 00000000 08:20 31858                      /usr/lib/jvm/java-11-openjdk-amd64/lib/libnio.so
7f4334017000-7f433401f000 r-xp 00007000 08:20 31858                      /usr/lib/jvm/java-11-openjdk-amd64/lib/libnio.so
7f433401f000-7f4334022000 r--p 0000f000 08:20 31858                      /usr/lib/jvm/java-11-openjdk-amd64/lib/libnio.so
7f4334022000-7f4334023000 r--p 00011000 08:20 31858                      /usr/lib/jvm/java-11-openjdk-amd64/lib/libnio.so
7f4334023000-7f4334024000 rw-p 00012000 08:20 31858                      /usr/lib/jvm/java-11-openjdk-amd64/lib/libnio.so
7f4334024000-7f4334028000 ---p 00000000 00:00 0
7f4334028000-7f4334124000 rw-p 00000000 00:00 0
7f4334124000-7f4334128000 ---p 00000000 00:00 0
7f4334128000-7f4334224000 rw-p 00000000 00:00 0
7f4334224000-7f433427b000 r--p 00000000 08:20 6538                       /usr/lib/locale/C.utf8/LC_CTYPE
7f433427b000-7f433427c000 r--p 00000000 08:20 6544                       /usr/lib/locale/C.utf8/LC_NUMERIC
7f433427c000-7f433427d000 r--p 00000000 08:20 6547                       /usr/lib/locale/C.utf8/LC_TIME
7f433427d000-7f433427e000 r--p 00000000 08:20 6537                       /usr/lib/locale/C.utf8/LC_COLLATE
7f433427e000-7f433427f000 r--p 00000000 08:20 6542                       /usr/lib/locale/C.utf8/LC_MONETARY
7f433427f000-7f4334286000 r--s 00000000 08:20 33212                      /usr/lib/x86_64-linux-gnu/gconv/gconv-modules.cache
7f4334286000-7f433428a000 ---p 00000000 00:00 0
7f433428a000-7f4334386000 rw-p 00000000 00:00 0
7f4334386000-7f433438a000 ---p 00000000 00:00 0
7f433438a000-7f4334486000 rw-p 00000000 00:00 0
7f4334486000-7f4334487000 ---p 00000000 00:00 0
7f4334487000-7f43346cd000 rw-p 00000000 00:00 0
7f43346cd000-7f43346ce000 ---p 00000000 00:00 0
7f43346ce000-7f43347ce000 rw-p 00000000 00:00 0
7f43347ce000-7f43347cf000 ---p 00000000 00:00 0
7f43347cf000-7f43352d9000 rw-p 00000000 00:00 0
7f43352d9000-7f43352da000 ---p 00000000 00:00 0
7f43352da000-7f43353da000 rw-p 00000000 00:00 0
7f43353da000-7f43353db000 ---p 00000000 00:00 0
7f43353db000-7f4335599000 rw-p 00000000 00:00 0
7f4335599000-7f4335939000 ---p 00000000 00:00 0
7f4335939000-7f4335978000 rw-p 00000000 00:00 0
7f4335978000-7f4335d18000 ---p 00000000 00:00 0
7f4335d18000-7f4335d57000 rw-p 00000000 00:00 0
7f4335d57000-7f43360f7000 ---p 00000000 00:00 0
7f43360f7000-7f4336b02000 rw-p 00000000 00:00 0
7f4336b02000-7f4336b03000 ---p 00000000 00:00 0
7f4336b03000-7f4336c08000 rw-p 00000000 00:00 0
7f4336c08000-7f4336cee000 ---p 00000000 00:00 0
7f4336cee000-7f4336cf3000 rw-p 00000000 00:00 0
7f4336cf3000-7f4336dd9000 ---p 00000000 00:00 0
7f4336dd9000-7f4336dde000 rw-p 00000000 00:00 0
7f4336dde000-7f4336de5000 ---p 00000000 00:00 0
7f4336de5000-7f4336de7000 r--p 00000000 08:20 31866                      /usr/lib/jvm/java-11-openjdk-amd64/lib/libzip.so
7f4336de7000-7f4336dec000 r-xp 00002000 08:20 31866                      /usr/lib/jvm/java-11-openjdk-amd64/lib/libzip.so
7f4336dec000-7f4336dee000 r--p 00007000 08:20 31866                      /usr/lib/jvm/java-11-openjdk-amd64/lib/libzip.so
7f4336dee000-7f4336def000 r--p 00008000 08:20 31866                      /usr/lib/jvm/java-11-openjdk-amd64/lib/libzip.so
7f4336def000-7f4336df0000 rw-p 00009000 08:20 31866                      /usr/lib/jvm/java-11-openjdk-amd64/lib/libzip.so
7f4336df0000-7f4336df8000 rw-s 00000000 08:20 4946                       /tmp/hsperfdata_masa/38719
7f4336df8000-7f4336dfa000 r--p 00000000 08:20 31849                      /usr/lib/jvm/java-11-openjdk-amd64/lib/libjimage.so
7f4336dfa000-7f4336dfd000 r-xp 00002000 08:20 31849                      /usr/lib/jvm/java-11-openjdk-amd64/lib/libjimage.so
7f4336dfd000-7f4336dfe000 r--p 00005000 08:20 31849                      /usr/lib/jvm/java-11-openjdk-amd64/lib/libjimage.so
7f4336dfe000-7f4336dff000 ---p 00006000 08:20 31849                      /usr/lib/jvm/java-11-openjdk-amd64/lib/libjimage.so
7f4336dff000-7f4336e00000 r--p 00006000 08:20 31849                      /usr/lib/jvm/java-11-openjdk-amd64/lib/libjimage.so
7f4336e00000-7f4336e01000 rw-p 00007000 08:20 31849                      /usr/lib/jvm/java-11-openjdk-amd64/lib/libjimage.so
7f4336e01000-7f4336e0f000 r--p 00000000 08:20 31846                      /usr/lib/jvm/java-11-openjdk-amd64/lib/libjava.so
7f4336e0f000-7f4336e25000 r-xp 0000e000 08:20 31846                      /usr/lib/jvm/java-11-openjdk-amd64/lib/libjava.so
7f4336e25000-7f4336e2c000 r--p 00024000 08:20 31846                      /usr/lib/jvm/java-11-openjdk-amd64/lib/libjava.so
7f4336e2c000-7f4336e2d000 r--p 0002a000 08:20 31846                      /usr/lib/jvm/java-11-openjdk-amd64/lib/libjava.so
7f4336e2d000-7f4336e2e000 rw-p 0002b000 08:20 31846                      /usr/lib/jvm/java-11-openjdk-amd64/lib/libjava.so
7f4336e2e000-7f4336e2f000 rw-p 00000000 00:00 0
7f4336e2f000-7f4336e34000 r--p 00000000 08:20 31865                      /usr/lib/jvm/java-11-openjdk-amd64/lib/libverify.so
7f4336e34000-7f4336e3b000 r-xp 00005000 08:20 31865                      /usr/lib/jvm/java-11-openjdk-amd64/lib/libverify.so
7f4336e3b000-7f4336e3d000 r--p 0000c000 08:20 31865                      /usr/lib/jvm/java-11-openjdk-amd64/lib/libverify.so
7f4336e3d000-7f4336e3f000 r--p 0000d000 08:20 31865                      /usr/lib/jvm/java-11-openjdk-amd64/lib/libverify.so
7f4336e3f000-7f4336e40000 rw-p 0000f000 08:20 31865                      /usr/lib/jvm/java-11-openjdk-amd64/lib/libverify.so
7f4336e40000-7f4336e41000 r--p 00000000 08:20 32383                      /usr/lib/x86_64-linux-gnu/librt.so.1
7f4336e41000-7f4336e42000 r-xp 00001000 08:20 32383                      /usr/lib/x86_64-linux-gnu/librt.so.1
7f4336e42000-7f4336e43000 r--p 00002000 08:20 32383                      /usr/lib/x86_64-linux-gnu/librt.so.1
7f4336e43000-7f4336e44000 r--p 00002000 08:20 32383                      /usr/lib/x86_64-linux-gnu/librt.so.1
7f4336e44000-7f4336e45000 rw-p 00003000 08:20 32383                      /usr/lib/x86_64-linux-gnu/librt.so.1
7f4336e45000-7f4336e49000 ---p 00000000 00:00 0
7f4336e49000-7f4336f45000 rw-p 00000000 00:00 0
7f4336f45000-7f4336f48000 r--p 00000000 08:20 6709                       /usr/lib/x86_64-linux-gnu/libgcc_s.so.1
7f4336f48000-7f4336f5f000 r-xp 00003000 08:20 6709                       /usr/lib/x86_64-linux-gnu/libgcc_s.so.1
7f4336f5f000-7f4336f63000 r--p 0001a000 08:20 6709                       /usr/lib/x86_64-linux-gnu/libgcc_s.so.1
7f4336f63000-7f4336f64000 r--p 0001d000 08:20 6709                       /usr/lib/x86_64-linux-gnu/libgcc_s.so.1
7f4336f64000-7f4336f65000 rw-p 0001e000 08:20 6709                       /usr/lib/x86_64-linux-gnu/libgcc_s.so.1
7f4336f65000-7f4336f73000 r--p 00000000 08:20 32259                      /usr/lib/x86_64-linux-gnu/libm.so.6
7f4336f73000-7f4336fef000 r-xp 0000e000 08:20 32259                      /usr/lib/x86_64-linux-gnu/libm.so.6
7f4336fef000-7f433704a000 r--p 0008a000 08:20 32259                      /usr/lib/x86_64-linux-gnu/libm.so.6
7f433704a000-7f433704b000 r--p 000e4000 08:20 32259                      /usr/lib/x86_64-linux-gnu/libm.so.6
7f433704b000-7f433704c000 rw-p 000e5000 08:20 32259                      /usr/lib/x86_64-linux-gnu/libm.so.6
7f433704c000-7f43370e6000 r--p 00000000 08:20 6947                       /usr/lib/x86_64-linux-gnu/libstdc++.so.6.0.30
7f43370e6000-7f43371f7000 r-xp 0009a000 08:20 6947                       /usr/lib/x86_64-linux-gnu/libstdc++.so.6.0.30
7f43371f7000-7f4337266000 r--p 001ab000 08:20 6947                       /usr/lib/x86_64-linux-gnu/libstdc++.so.6.0.30
7f4337266000-7f4337267000 ---p 0021a000 08:20 6947                       /usr/lib/x86_64-linux-gnu/libstdc++.so.6.0.30
7f4337267000-7f4337272000 r--p 0021a000 08:20 6947                       /usr/lib/x86_64-linux-gnu/libstdc++.so.6.0.30
7f4337272000-7f4337275000 rw-p 00225000 08:20 6947                       /usr/lib/x86_64-linux-gnu/libstdc++.so.6.0.30
7f4337275000-7f4337278000 rw-p 00000000 00:00 0
7f4337278000-7f43374fa000 r--p 00000000 08:20 31870                      /usr/lib/jvm/java-11-openjdk-amd64/lib/server/libjvm.so
7f43374fa000-7f4338198000 r-xp 00282000 08:20 31870                      /usr/lib/jvm/java-11-openjdk-amd64/lib/server/libjvm.so
7f4338198000-7f43383f4000 r--p 00f20000 08:20 31870                      /usr/lib/jvm/java-11-openjdk-amd64/lib/server/libjvm.so
7f43383f4000-7f43384b8000 r--p 0117b000 08:20 31870                      /usr/lib/jvm/java-11-openjdk-amd64/lib/server/libjvm.so
7f43384b8000-7f43384f3000 rw-p 0123f000 08:20 31870                      /usr/lib/jvm/java-11-openjdk-amd64/lib/server/libjvm.so
7f43384f3000-7f433854d000 rw-p 00000000 00:00 0
7f433854d000-7f4338575000 r--p 00000000 08:20 32240                      /usr/lib/x86_64-linux-gnu/libc.so.6
7f4338575000-7f433870a000 r-xp 00028000 08:20 32240                      /usr/lib/x86_64-linux-gnu/libc.so.6
7f433870a000-7f4338762000 r--p 001bd000 08:20 32240                      /usr/lib/x86_64-linux-gnu/libc.so.6
7f4338762000-7f4338763000 ---p 00215000 08:20 32240                      /usr/lib/x86_64-linux-gnu/libc.so.6
7f4338763000-7f4338767000 r--p 00215000 08:20 32240                      /usr/lib/x86_64-linux-gnu/libc.so.6
7f4338767000-7f4338769000 rw-p 00219000 08:20 32240                      /usr/lib/x86_64-linux-gnu/libc.so.6
7f4338769000-7f4338776000 rw-p 00000000 00:00 0
7f4338776000-7f4338779000 r--p 00000000 08:20 31831                      /usr/lib/jvm/java-11-openjdk-amd64/lib/jli/libjli.so
7f4338779000-7f4338783000 r-xp 00003000 08:20 31831                      /usr/lib/jvm/java-11-openjdk-amd64/lib/jli/libjli.so
7f4338783000-7f4338786000 r--p 0000d000 08:20 31831                      /usr/lib/jvm/java-11-openjdk-amd64/lib/jli/libjli.so
7f4338786000-7f4338787000 ---p 00010000 08:20 31831                      /usr/lib/jvm/java-11-openjdk-amd64/lib/jli/libjli.so
7f4338787000-7f4338788000 r--p 00010000 08:20 31831                      /usr/lib/jvm/java-11-openjdk-amd64/lib/jli/libjli.so
7f4338788000-7f4338789000 rw-p 00011000 08:20 31831                      /usr/lib/jvm/java-11-openjdk-amd64/lib/jli/libjli.so
7f4338789000-7f433878b000 r--p 00000000 08:20 6997                       /usr/lib/x86_64-linux-gnu/libz.so.1.2.11
7f433878b000-7f433879c000 r-xp 00002000 08:20 6997                       /usr/lib/x86_64-linux-gnu/libz.so.1.2.11
7f433879c000-7f43387a2000 r--p 00013000 08:20 6997                       /usr/lib/x86_64-linux-gnu/libz.so.1.2.11
7f43387a2000-7f43387a3000 ---p 00019000 08:20 6997                       /usr/lib/x86_64-linux-gnu/libz.so.1.2.11
7f43387a3000-7f43387a4000 r--p 00019000 08:20 6997                       /usr/lib/x86_64-linux-gnu/libz.so.1.2.11
7f43387a4000-7f43387a5000 rw-p 0001a000 08:20 6997                       /usr/lib/x86_64-linux-gnu/libz.so.1.2.11
7f43387a5000-7f43387a6000 r--p 00000000 08:20 6541                       /usr/lib/locale/C.utf8/LC_MESSAGES/SYS_LC_MESSAGES
7f43387a6000-7f43387a7000 r--p 00000000 08:20 6545                       /usr/lib/locale/C.utf8/LC_PAPER
7f43387a7000-7f43387a8000 r--p 00000000 08:20 6543                       /usr/lib/locale/C.utf8/LC_NAME
7f43387a8000-7f43387a9000 r--p 00000000 08:20 6536                       /usr/lib/locale/C.utf8/LC_ADDRESS
7f43387a9000-7f43387aa000 r--p 00000000 08:20 6546                       /usr/lib/locale/C.utf8/LC_TELEPHONE
7f43387aa000-7f43387ab000 r--p 00000000 08:20 6540                       /usr/lib/locale/C.utf8/LC_MEASUREMENT
7f43387ab000-7f43387ac000 ---p 00000000 00:00 0
7f43387ac000-7f43387ad000 r--p 00000000 00:00 0
7f43387ad000-7f43387af000 rw-p 00000000 00:00 0
7f43387af000-7f43387b1000 r--p 00000000 08:20 31651                      /usr/lib/x86_64-linux-gnu/ld-linux-x86-64.so.2
7f43387b1000-7f43387db000 r-xp 00002000 08:20 31651                      /usr/lib/x86_64-linux-gnu/ld-linux-x86-64.so.2
7f43387db000-7f43387e6000 r--p 0002c000 08:20 31651                      /usr/lib/x86_64-linux-gnu/ld-linux-x86-64.so.2
7f43387e6000-7f43387e7000 r--p 00000000 08:20 6539                       /usr/lib/locale/C.utf8/LC_IDENTIFICATION
7f43387e7000-7f43387e9000 r--p 00037000 08:20 31651                      /usr/lib/x86_64-linux-gnu/ld-linux-x86-64.so.2
7f43387e9000-7f43387eb000 rw-p 00039000 08:20 31651                      /usr/lib/x86_64-linux-gnu/ld-linux-x86-64.so.2
7ffc5517c000-7ffc5519d000 rw-p 00000000 00:00 0                          [stack]
7ffc551bc000-7ffc551c0000 r--p 00000000 00:00 0                          [vvar]
7ffc551c0000-7ffc551c2000 r-xp 00000000 00:00 0                          [vdso]

VM Arguments:
java_command: ProductService.ProductService
java_class_path (initial): .:./ProductService/jackson-annotations-2.16.1.jar:./ProductService/jackson-core-2.16.1.jar:./ProductService/jackson-databind-2.16.1.jar:./ProductService/postgresql-42.7.2.jar
Launcher Type: SUN_STANDARD

Logging:
Available log levels: off, trace, debug, info, warning, error
Available log decorators: time (t), utctime (utc), uptime (u), timemillis (tm), uptimemillis (um), timenanos (tn), uptimenanos (un), hostname (hn), pid (p), tid (ti), level (l), tags (tg)
Available log tags: add, age, alloc, annotation, aot, arguments, attach, barrier, biasedlocking, blocks, bot, breakpoint, bytecode, cds, census, class, classhisto, cleanup, codecache, compaction, compilation, constantpool, constraints, container, coops, cpu, cset, data, datacreation, dcmd, decoder, defaultmethods, director, dump, ergo, event, exceptions, exit, fingerprint, free, freelist, gc, handshake, hashtables, heap, humongous, ihop, iklass, init, inlining, interpreter, itables, jfr, jit, jni, jvmti, liveness, load, loader, logging, malloc, mark, marking, membername, memops, metadata, metaspace, methodcomparator, mirror, mmu, module, monitorinflation, monitormismatch, nestmates, nmethod, normalize, objecttagging, obsolete, oldobject, oom, oopmap, oops, oopstorage, os, pagesize, parser, patch, path, perf, phases, plab, preorder, preview, promotion, protectiondomain, purge, redefine, ref, refine, region, reloc, remset, resolve, safepoint, sampling, scavenge, setting, smr, stackmap, stacktrace, stackwalk, start, startuptime, state, stats, stringdedup, stringtable, subclass, survivor, sweep, system, table, task, thread, time, timer, tlab, tracking, unload, unshareable, update, verification, verify, vmoperation, vmthread, vtables, vtablestubs, workgang
Described tag sets:
 logging: Logging for the log framework itself
Log output configuration:
 #0: stdout all=warning uptime,level,tags
 #1: stderr all=off uptime,level,tags

Environment Variables:
PATH=/usr/local/sbin:/usr/local/bin:/usr/sbin:/usr/bin:/sbin:/bin:/usr/games:/usr/local/games:/usr/lib/wsl/lib:/mnt/c/Program Files (x86)/Common Files/Oracle/Java/javapath:/mnt/c/Program Files/Eclipse Adoptium/jdk-21.0.1.12-hotspot/bin:/mnt/c/Program Files (x86)/Razer/ChromaBroadcast/bin:/mnt/c/Program Files/Razer/ChromaBroadcast/bin:/mnt/c/Program Files/Python312/Scripts/:/mnt/c/Program Files/Python312/:/mnt/c/Windows/system32:/mnt/c/Windows:/mnt/c/Windows/System32/Wbem:/mnt/c/Windows/System32/WindowsPowerShell/v1.0/:/mnt/c/Windows/System32/OpenSSH/:/mnt/c/Program Files/Microsoft VS Code/bin:/mnt/c/Program Files/Git/cmd:/mnt/c/Program Files/NVIDIA Corporation/NVIDIA NvDLISR:/mnt/c/Program Files (x86)/NVIDIA Corporation/PhysX/Common:/mnt/c/Program Files/nodejs/:/mnt/c/Program Files/dotnet/:/mnt/c/Windows/system32/config/systemprofile/AppData/Local/Microsoft/WindowsApps:/Docker/host/bin:/mnt/c/Users/faisa/AppData/Local/Microsoft/WindowsApps:/mnt/c/Users/faisa/AppData/Roaming/npm
SHELL=/bin/bash
DISPLAY=:0
HOSTTYPE=x86_64
LANG=C.UTF-8
TERM=xterm-256color

Signal Handlers:
SIGSEGV: [libjvm.so+0xbefa50], sa_mask[0]=11111111011111111101111111111110, sa_flags=SA_RESTART|SA_SIGINFO
SIGBUS: [libjvm.so+0xbefa50], sa_mask[0]=11111111011111111101111111111110, sa_flags=SA_RESTART|SA_SIGINFO
SIGFPE: [libjvm.so+0xbefa50], sa_mask[0]=11111111011111111101111111111110, sa_flags=SA_RESTART|SA_SIGINFO
SIGPIPE: [libjvm.so+0xbefa50], sa_mask[0]=11111111011111111101111111111110, sa_flags=SA_RESTART|SA_SIGINFO
SIGXFSZ: [libjvm.so+0xbefa50], sa_mask[0]=11111111011111111101111111111110, sa_flags=SA_RESTART|SA_SIGINFO
SIGILL: [libjvm.so+0xbefa50], sa_mask[0]=11111111011111111101111111111110, sa_flags=SA_RESTART|SA_SIGINFO
SIGUSR2: [libjvm.so+0xbef8f0], sa_mask[0]=00000000000000000000000000000000, sa_flags=SA_RESTART|SA_SIGINFO
SIGHUP: SIG_IGN, sa_mask[0]=00000000000000000000000000000000, sa_flags=none
SIGINT: SIG_IGN, sa_mask[0]=00000000000000000000000000000000, sa_flags=none
SIGTERM: [libjvm.so+0xbf00b0], sa_mask[0]=11111111011111111101111111111110, sa_flags=SA_RESTART|SA_SIGINFO
SIGQUIT: [libjvm.so+0xbf00b0], sa_mask[0]=11111111011111111101111111111110, sa_flags=SA_RESTART|SA_SIGINFO


---------------  S Y S T E M  ---------------

OS:DISTRIB_ID=Ubuntu
DISTRIB_RELEASE=22.04
DISTRIB_CODENAME=jammy
DISTRIB_DESCRIPTION="Ubuntu 22.04.3 LTS"
uname:Linux 5.15.146.1-microsoft-standard-WSL2 #1 SMP Thu Jan 11 04:09:03 UTC 2024 x86_64
OS uptime: 0 days 1:58 hours
libc:glibc 2.35 NPTL 2.35
rlimit (soft/hard): STACK 8192k/infinity , CORE 0k/infinity , NPROC 31659/31659 , NOFILE 1048576/1048576 , AS infinity/infinity , CPU infinity/infinity , DATA infinity/infinity , FSIZE infinity/infinity , MEMLOCK 65536k/65536k
load average:0.54 0.23 0.12

/proc/meminfo:
MemTotal:        8111348 kB
MemFree:         4607032 kB
MemAvailable:    6308832 kB
Buffers:           71124 kB
Cached:          1842952 kB
SwapCached:            0 kB
Active:           515824 kB
Inactive:        2506532 kB
Active(anon):      15616 kB
Inactive(anon):  1119344 kB
Active(file):     500208 kB
Inactive(file):  1387188 kB
Unevictable:           0 kB
Mlocked:               0 kB
SwapTotal:       2097152 kB
SwapFree:        2097152 kB
Dirty:               152 kB
Writeback:            96 kB
AnonPages:       1084460 kB
Mapped:           624624 kB
Shmem:             26680 kB
KReclaimable:      61216 kB
Slab:             143232 kB
SReclaimable:      61216 kB
SUnreclaim:        82016 kB
KernelStack:       16216 kB
PageTables:        16336 kB
NFS_Unstable:          0 kB
Bounce:                0 kB
WritebackTmp:          0 kB
CommitLimit:     6152824 kB
Committed_AS:    5390256 kB
VmallocTotal:   34359738367 kB
VmallocUsed:       39520 kB
VmallocChunk:          0 kB
Percpu:             9856 kB
AnonHugePages:    555008 kB
ShmemHugePages:        0 kB
ShmemPmdMapped:        0 kB
FileHugePages:         0 kB
FilePmdMapped:         0 kB
HugePages_Total:       0
HugePages_Free:        0
HugePages_Rsvd:        0
HugePages_Surp:        0
Hugepagesize:       2048 kB
Hugetlb:               0 kB
DirectMap4k:      125952 kB
DirectMap2M:     7188480 kB
DirectMap1G:    10485760 kB

/sys/kernel/mm/transparent_hugepage/enabled:
[always] madvise never
/sys/kernel/mm/transparent_hugepage/defrag (defrag/compaction efforts parameter):
always defer defer+madvise [madvise] never

Process Memory:
Virtual Size: 5174880K (peak: 13467908K)
Resident Set Size: 92408K (peak: 92408K) (anon: 64212K, file: 28196K, shmem: 0K)
Swapped out: 0K
C-Heap outstanding allocations: 33216K, retained: 4319K
glibc malloc tunables: (default)

/proc/sys/kernel/threads-max (system-wide limit on the number of threads):
63319
/proc/sys/vm/max_map_count (maximum number of memory map areas a process may have):
262144
/proc/sys/kernel/pid_max (system-wide limit on number of process identifiers):
99999

container (cgroup) information:
container_type: cgroupv1
cpu_cpuset_cpus: 0-11
cpu_memory_nodes: 0
active_processor_count: 12
cpu_quota: no quota
cpu_period: 100000
cpu_shares: no shares
memory_limit_in_bytes: unlimited
memory_and_swap_limit_in_bytes: unlimited
memory_soft_limit_in_bytes: unlimited
memory_usage_in_bytes: 2999624 k
memory_max_usage_in_bytes: 1290196 k
kernel_memory_usage_in_bytes: 60508 k
kernel_memory_max_usage_in_bytes: unlimited
kernel_memory_limit_in_bytes: 63928 k
maximum number of tasks: not supported
current number of tasks: not supported

Hyper-V virtualization detected
Steal ticks since vm start: 0
Steal ticks percentage since vm start:  0.000

CPU:total 12 (initial active 12) (16 cores per cpu, 2 threads per core) family 23 model 113 stepping 0 microcode 0xffffffff, cmov, cx8, fxsr, mmx, sse, sse2, sse3, ssse3, sse4.1, sse4.2, popcnt, avx, avx2, aes, clmul, mmxext, 3dnowpref, lzcnt, sse4a, ht, tsc, tscinvbit, tscinv, bmi1, bmi2, adx, sha, fma
CPU Model and flags from /proc/cpuinfo:
model name      : AMD Ryzen 5 3600 6-Core Processor
flags           : fpu vme de pse tsc msr pae mce cx8 apic sep mtrr pge mca cmov pat pse36 clflush mmx fxsr sse sse2 ht syscall nx mmxext fxsr_opt pdpe1gb rdtscp lm constant_tsc rep_good nopl tsc_reliable nonstop_tsc cpuid extd_apicid pni pclmulqdq ssse3 fma cx16 sse4_1 sse4_2 movbe popcnt aes xsave avx f16c rdrand hypervisor lahf_lm cmp_legacy svm cr8_legacy abm sse4a misalignsse 3dnowprefetch osvw topoext perfctr_core ssbd ibpb stibp vmmcall fsgsbase bmi1 avx2 smep bmi2 rdseed adx smap clflushopt clwb sha_ni xsaveopt xsavec xgetbv1 clzero xsaveerptr arat npt nrip_save tsc_scale vmcb_clean flushbyasid decodeassists pausefilter pfthreshold v_vmsave_vmload umip rdpid
Online cpus:
0-11
Offline cpus:

BIOS frequency limitation:
<Not Available>
Frequency switch latency (ns):
<Not Available>
Available cpu frequencies:
<Not Available>
Current governor:
<Not Available>
Core performance/turbo boost:
<Not Available>

Memory: 4k page, physical 8111348k(4607032k free), swap 2097152k(2097152k free)

vm_info: OpenJDK 64-Bit Server VM (11.0.22+7-post-Ubuntu-0ubuntu222.04.1) for linux-amd64 JRE (11.0.22+7-post-Ubuntu-0ubuntu222.04.1), built on Feb  5 2024 20:45:01 by "unknown" with gcc 11.4.0

END.
38719:
 num     #instances         #bytes  class name (module)
-------------------------------------------------------
   1:         18316        1120240  [B (java.base@11.0.22)
   2:         17557         421368  java.lang.String (java.base@11.0.22)
   3:          2801         341824  java.lang.Class (java.base@11.0.22)
   4:          7542         241344  java.util.concurrent.ConcurrentHashMap$Node (java.base@11.0.22)
   5:          2830         180040  [Ljava.lang.Object; (java.base@11.0.22)
   6:          4561         145952  java.util.HashMap$Node (java.base@11.0.22)
   7:          1333          87728  [I (java.base@11.0.22)
   8:          1477          70896  sun.util.locale.LocaleObjectCache$CacheEntry (java.base@11.0.22)
   9:           113          68592  [Ljava.util.concurrent.ConcurrentHashMap$Node; (java.base@11.0.22)
  10:           517          64576  [Ljava.util.HashMap$Node; (java.base@11.0.22)
  11:           114          64464  [C (java.base@11.0.22)
  12:           934          37360  java.lang.ref.SoftReference (java.base@11.0.22)
  13:           671          32208  java.lang.invoke.MemberName (java.base@11.0.22)
  14:          1796          28736  java.lang.Object (java.base@11.0.22)
  15:           892          28544  java.lang.invoke.LambdaForm$Name (java.base@11.0.22)
  16:           549          26352  java.util.HashMap (java.base@11.0.22)
  17:           847          25616  [Ljava.lang.Class; (java.base@11.0.22)
  18:           738          23616  java.util.Locale (java.base@11.0.22)
  19:           737          23584  sun.util.locale.BaseLocale (java.base@11.0.22)
  20:           737          23584  sun.util.locale.BaseLocale$Key (java.base@11.0.22)
  21:           554          23456  [Ljava.lang.String; (java.base@11.0.22)
  22:           241          21208  java.lang.reflect.Method (java.base@11.0.22)
  23:           438          17520  java.math.BigInteger (java.base@11.0.22)
  24:           419          16760  java.lang.invoke.MethodType (java.base@11.0.22)
  25:           475          15200  java.lang.invoke.MethodType$ConcurrentWeakInternSet$WeakEntry (java.base@11.0.22)
  26:           220          14960  [Ljava.lang.ref.SoftReference; (java.base@11.0.22)
  27:           582          13968  java.security.Provider$ServiceKey (java.base@11.0.22)
  28:           228          12768  java.security.Provider$Service (java.base@11.0.22)
  29:           493          11832  java.lang.invoke.ResolvedMethodName (java.base@11.0.22)
  30:           137           8768  java.util.concurrent.ConcurrentHashMap (java.base@11.0.22)
  31:           363           8712  java.lang.module.ModuleDescriptor$Exports (java.base@11.0.22)
  32:           149           8696  [Ljava.lang.invoke.LambdaForm$Name; (java.base@11.0.22)
  33:           268           8576  java.lang.invoke.LambdaForm$NamedFunction (java.base@11.0.22)
  34:           337           8088  java.util.ArrayList (java.base@11.0.22)
  35:           247           7904  sun.security.util.KnownOIDs (java.base@11.0.22)
  36:           130           7280  java.lang.invoke.MethodTypeForm (java.base@11.0.22)
  37:           176           7040  java.util.LinkedHashMap$Entry (java.base@11.0.22)
  38:           289           6936  java.util.ImmutableCollections$Set12 (java.base@11.0.22)
  39:           144           6912  java.lang.invoke.LambdaForm (java.base@11.0.22)
  40:           415           6640  java.lang.Integer (java.base@11.0.22)
  41:           100           6400  java.lang.Class$ReflectionData (java.base@11.0.22)
  42:            78           6240  java.lang.reflect.Constructor (java.base@11.0.22)
  43:           256           6144  java.lang.Long (java.base@11.0.22)
  44:           142           5680  java.lang.invoke.DirectMethodHandle$Accessor (java.base@11.0.22)
  45:            45           5056  [J (java.base@11.0.22)
  46:            61           4880  java.net.URI (java.base@11.0.22)
  47:           201           4824  java.security.Provider$UString (java.base@11.0.22)
  48:            57           4512  [Ljava.lang.invoke.MethodHandle; (java.base@11.0.22)
  49:            70           4480  java.net.URL (java.base@11.0.22)
  50:           135           4320  java.lang.module.ModuleDescriptor$Requires (java.base@11.0.22)
  51:            57           4104  java.lang.reflect.Field (java.base@11.0.22)
  52:           171           4104  java.util.ImmutableCollections$SetN (java.base@11.0.22)
  53:           256           4096  java.lang.Byte (java.base@11.0.22)
  54:           128           4096  java.lang.invoke.DirectMethodHandle (java.base@11.0.22)
  55:            11           4048  java.lang.Thread (java.base@11.0.22)
  56:           166           3984  jdk.internal.module.ServicesCatalog$ServiceProvider (java.base@11.0.22)
  57:            62           3968  java.lang.module.ModuleDescriptor (java.base@11.0.22)
  58:            68           3808  java.lang.Module (java.base@11.0.22)
  59:           113           3616  sun.security.pkcs11.SunPKCS11$Descriptor (jdk.crypto.cryptoki@11.0.22)
  60:            61           3416  jdk.internal.module.ModuleReferenceImpl (java.base@11.0.22)
  61:           213           3408  java.util.HashSet (java.base@11.0.22)
  62:            59           3304  java.lang.invoke.LambdaFormEditor$Transform (java.base@11.0.22)
  63:            78           3120  org.postgresql.PGProperty
  64:            12           2544  [Z (java.base@11.0.22)
  65:            61           2440  java.lang.Package$VersionInfo (java.base@11.0.22)
  66:           145           2320  java.util.Collections$UnmodifiableSet (java.base@11.0.22)
  67:           142           2272  java.util.HashMap$EntrySet (java.base@11.0.22)
  68:            92           2208  java.util.ImmutableCollections$List12 (java.base@11.0.22)
  69:            91           2184  java.util.concurrent.CopyOnWriteArrayList (java.base@11.0.22)
  70:            53           2120  sun.security.util.NamedCurve (java.base@11.0.22)
  71:            66           2112  java.lang.invoke.LambdaForm$Kind (java.base@11.0.22)
  72:            37           2072  sun.util.calendar.ZoneInfo (java.base@11.0.22)
  73:           128           2048  java.lang.Character (java.base@11.0.22)
  74:            42           2016  java.util.logging.LogManager$LoggerWeakRef (java.logging@11.0.22)
  75:            61           1952  java.lang.Package (java.base@11.0.22)
  76:            48           1920  java.io.ObjectStreamField (java.base@11.0.22)
  77:            53           1696  java.security.spec.EllipticCurve (java.base@11.0.22)
  78:            53           1696  sun.security.util.ObjectIdentifier (java.base@11.0.22)
  79:            68           1632  [Ljava.lang.reflect.Constructor; (java.base@11.0.22)
  80:            38           1632  [Ljava.lang.reflect.Method; (java.base@11.0.22)
  81:            68           1632  jdk.internal.reflect.NativeConstructorAccessorImpl (java.base@11.0.22)
  82:            61           1464  java.lang.module.ResolvedModule (java.base@11.0.22)
  83:            61           1464  jdk.internal.module.SystemModuleFinders$2 (java.base@11.0.22)
  84:            61           1464  jdk.internal.module.SystemModuleFinders$SystemModuleReader (java.base@11.0.22)
  85:             2           1440  [[B (java.base@11.0.22)
  86:            30           1440  java.time.temporal.ValueRange (java.base@11.0.22)
  87:            60           1440  java.util.jar.Attributes$Name (java.base@11.0.22)
  88:            60           1440  jdk.internal.loader.BuiltinClassLoader$LoadedModule (java.base@11.0.22)
  89:            56           1344  java.lang.module.ModuleDescriptor$Provides (java.base@11.0.22)
  90:            54           1296  java.security.spec.ECPoint (java.base@11.0.22)
  91:            39           1280  [Ljava.math.BigInteger; (java.base@11.0.22)
  92:            40           1280  java.lang.invoke.BoundMethodHandle$Species_L (java.base@11.0.22)
  93:            32           1280  java.math.BigDecimal (java.base@11.0.22)
  94:            30           1200  java.time.temporal.ChronoField (java.base@11.0.22)
  95:            37           1184  java.util.logging.LogManager$LogNode (java.logging@11.0.22)
  96:             8           1152  [Ljava.lang.invoke.MemberName; (java.base@11.0.22)
  97:            34           1088  com.fasterxml.jackson.databind.MapperFeature
  98:            68           1088  jdk.internal.reflect.DelegatingConstructorAccessorImpl (java.base@11.0.22)
  99:            19           1064  java.util.logging.Logger (java.logging@11.0.22)
 100:            66           1056  java.util.ImmutableCollections$ListN (java.base@11.0.22)
 101:             1           1048  [Lsun.security.util.KnownOIDs; (java.base@11.0.22)
 102:             1           1040  [Ljava.lang.Byte; (java.base@11.0.22)
 103:             1           1040  [Ljava.lang.Integer; (java.base@11.0.22)
 104:             1           1040  [Ljava.lang.Long; (java.base@11.0.22)
 105:            31            992  java.lang.invoke.VarHandle$AccessMode (java.base@11.0.22)
 106:            20            960  java.lang.invoke.BoundMethodHandle$SpeciesData (java.base@11.0.22)
 107:            30            960  java.lang.ref.ReferenceQueue (java.base@11.0.22)
 108:            30            960  java.security.Provider$EngineDescription (java.base@11.0.22)
 109:            59            944  jdk.internal.module.SystemModuleFinders$3 (java.base@11.0.22)
 110:            28            896  com.fasterxml.jackson.databind.DeserializationFeature
 111:            37            888  java.util.regex.Pattern$BmpCharProperty (java.base@11.0.22)
 112:             6            840  [D (java.base@11.0.22)
 113:            26            832  com.fasterxml.jackson.databind.SerializationFeature
 114:            20            800  [Ljava.lang.invoke.BoundMethodHandle$SpeciesData; (java.base@11.0.22)
 115:            25            800  java.lang.ref.WeakReference (java.base@11.0.22)
 116:            20            800  java.util.logging.Logger$ConfigurationData (java.logging@11.0.22)
 117:            16            768  jdk.internal.ref.CleanerImpl$PhantomCleanableRef (java.base@11.0.22)
 118:            13            728  org.jcp.xml.dsig.internal.dom.XMLDSigRI$ProviderService (java.xml.crypto@11.0.22)
 119:            13            728  sun.security.ec.SunEC$ProviderService (jdk.crypto.ec@11.0.22)
 120:             9            720  [Ljava.util.WeakHashMap$Entry; (java.base@11.0.22)
 121:            18            720  java.security.ProtectionDomain (java.base@11.0.22)
 122:            14            672  com.fasterxml.jackson.databind.type.SimpleType
 123:            28            672  java.time.LocalTime (java.base@11.0.22)
 124:            12            672  sun.security.ec.SunEC$ProviderServiceA (jdk.crypto.ec@11.0.22)
 125:            16            640  java.lang.invoke.BoundMethodHandle$Species_LL (java.base@11.0.22)
 126:            10            640  java.lang.invoke.BoundMethodHandle$Species_LLLLLLIIL (java.base@11.0.22)
 127:            16            640  java.security.AccessControlContext (java.base@11.0.22)
 128:            16            640  java.security.CodeSource (java.base@11.0.22)
 129:             3            624  [Ljava.lang.invoke.LambdaForm; (java.base@11.0.22)
 130:            13            624  com.fasterxml.jackson.core.JsonToken
 131:            26            624  java.security.spec.ECFieldF2m (java.base@11.0.22)
 132:            19            608  com.fasterxml.jackson.core.JsonParser$Feature
 133:            18            576  java.lang.invoke.VarHandle$AccessDescriptor (java.base@11.0.22)
 134:             7            560  java.util.concurrent.TimeUnit (java.base@11.0.22)
 135:             1            528  [Ljava.lang.Character; (java.base@11.0.22)
 136:             1            528  [Ljava.util.TimerTask; (java.base@11.0.22)
 137:            18            520  [Ljava.io.ObjectStreamField; (java.base@11.0.22)
 138:            32            512  java.lang.ref.ReferenceQueue$Lock (java.base@11.0.22)
 139:            16            512  java.time.temporal.ChronoUnit (java.base@11.0.22)
 140:             8            512  java.util.zip.Inflater (java.base@11.0.22)
 141:             4            512  sun.nio.fs.UnixFileAttributes (java.base@11.0.22)
 142:             7            496  [Lsun.invoke.util.Wrapper; (java.base@11.0.22)
 143:            20            480  java.lang.RuntimePermission (java.base@11.0.22)
 144:            12            480  java.lang.invoke.VarHandleObjects$FieldInstanceReadWrite (java.base@11.0.22)
 145:            10            480  sun.invoke.util.Wrapper (java.base@11.0.22)
 146:            19            456  java.time.Duration (java.base@11.0.22)
 147:             7            448  java.nio.DirectByteBuffer (java.base@11.0.22)
 148:            14            448  java.security.Permissions (java.base@11.0.22)
 149:             8            448  java.util.LinkedHashMap (java.base@11.0.22)
 150:            10            432  [Ljava.lang.invoke.MethodType; (java.base@11.0.22)
 151:            18            432  java.io.ExpiringCache$Entry (java.base@11.0.22)
 152:            27            432  java.security.spec.ECFieldFp (java.base@11.0.22)
 153:            18            432  java.text.DateFormat$Field (java.base@11.0.22)
 154:            18            432  java.util.concurrent.atomic.AtomicLong (java.base@11.0.22)
 155:            18            432  org.postgresql.core.ServerVersion
 156:             4            416  java.util.jar.JarFile$JarFileEntry (java.base@11.0.22)
 157:            13            416  sun.security.util.LazyCodeSourcePermissionCollection (java.base@11.0.22)
 158:             5            400  com.fasterxml.jackson.databind.util.internal.PrivateMaxEntriesMap
 159:            10            400  java.io.FileDescriptor (java.base@11.0.22)
 160:            10            400  java.lang.OutOfMemoryError (java.base@11.0.22)
 161:            12            384  com.fasterxml.jackson.core.JsonGenerator$Feature
 162:            12            384  sun.security.jca.ProviderConfig (java.base@11.0.22)
 163:             1            376  java.lang.ref.Finalizer$FinalizerThread (java.base@11.0.22)
 164:             1            376  java.util.TimerThread (java.base@11.0.22)
 165:             1            376  java.util.logging.LogManager$Cleaner (java.logging@11.0.22)
 166:             1            376  jdk.internal.misc.InnocuousThread (java.base@11.0.22)
 167:             1            368  java.lang.ref.Reference$ReferenceHandler (java.base@11.0.22)
 168:             5            360  com.fasterxml.jackson.databind.introspect.AnnotatedClass
 169:             9            360  java.util.WeakHashMap$Entry (java.base@11.0.22)
 170:            15            360  org.postgresql.core.AsciiStringInterner$Key
 171:             5            336  [S (java.base@11.0.22)
 172:             6            336  java.io.FileCleanable (java.base@11.0.22)
 173:             6            336  java.nio.DirectLongBufferU (java.base@11.0.22)
 174:             7            336  java.util.WeakHashMap (java.base@11.0.22)
 175:             1            328  [Lorg.postgresql.PGProperty;
 176:            10            320  java.io.File (java.base@11.0.22)
 177:             8            320  java.lang.ClassLoader$NativeLibrary (java.base@11.0.22)
 178:             8            320  java.lang.invoke.DirectMethodHandle$Special (java.base@11.0.22)
 179:             5            320  java.nio.DirectByteBufferR (java.base@11.0.22)
 180:            10            320  java.util.Hashtable$Entry (java.base@11.0.22)
 181:            10            320  java.util.LinkedList (java.base@11.0.22)
 182:            10            320  java.util.concurrent.locks.ReentrantLock$NonfairSync (java.base@11.0.22)
 183:            10            320  sun.nio.fs.UnixPath (java.base@11.0.22)
 184:             3            312  [Ljava.lang.ClassValue$Entry; (java.base@11.0.22)
 185:            13            312  com.fasterxml.jackson.databind.type.LogicalType
 186:            13            312  java.lang.invoke.Invokers (java.base@11.0.22)
 187:             4            304  [Ljava.lang.reflect.Field; (java.base@11.0.22)
 188:            18            288  [Ljava.security.Principal; (java.base@11.0.22)
 189:            12            288  java.net.StandardSocketOptions$StdSocketOption (java.base@11.0.22)
 190:            18            288  java.security.ProtectionDomain$Key (java.base@11.0.22)
 191:             2            288  java.text.DecimalFormat (java.base@11.0.22)
 192:             9            288  java.util.logging.Level (java.logging@11.0.22)
 193:             9            288  java.util.logging.Level$KnownLevel (java.logging@11.0.22)
 194:             4            288  java.util.zip.ZipFile$Source (java.base@11.0.22)
 195:             9            288  jdk.internal.org.objectweb.asm.Type (java.base@11.0.22)
 196:             6            288  sun.util.locale.provider.LocaleResources$ResourceReference (java.base@11.0.22)
 197:             1            280  [Ljava.lang.invoke.LambdaForm$Kind; (java.base@11.0.22)
 198:             5            280  java.util.Properties (java.base@11.0.22)
 199:             1            272  [[C (java.base@11.0.22)
 200:            17            272  sun.invoke.util.ValueConversions$WrapperCache (java.base@11.0.22)
 201:            11            264  com.fasterxml.jackson.annotation.JsonFormat$Shape
 202:            11            264  java.lang.NamedPackage (java.base@11.0.22)
 203:            11            264  java.lang.invoke.MethodHandleImpl$Intrinsic (java.base@11.0.22)
 204:             2            256  [Lcom.fasterxml.jackson.databind.DeserializationFeature;
 205:             5            256  [Ljava.util.Hashtable$Entry; (java.base@11.0.22)
 206:             8            256  java.lang.reflect.ProxyGenerator$PrimitiveTypeInfo (java.base@11.0.22)
 207:             4            256  java.util.jar.JarFile (java.base@11.0.22)
 208:             2            240  [Lcom.fasterxml.jackson.databind.SerializationFeature;
 209:            10            240  com.fasterxml.jackson.databind.cfg.CoercionInputShape
 210:             5            240  com.fasterxml.jackson.databind.introspect.BasicBeanDescription
 211:            10            240  java.nio.charset.CoderResult (java.base@11.0.22)
 212:            10            240  java.nio.file.StandardOpenOption (java.base@11.0.22)
 213:             5            240  java.util.Hashtable (java.base@11.0.22)
 214:            10            240  java.util.LinkedList$Node (java.base@11.0.22)
 215:             5            224  [Ljava.lang.invoke.LambdaForm$NamedFunction; (java.base@11.0.22)
 216:             2            224  java.util.GregorianCalendar (java.base@11.0.22)
 217:             7            224  org.postgresql.core.Parser$SqlParseState
 218:             9            216  java.util.regex.Pattern$BitClass (java.base@11.0.22)
 219:             9            216  jdk.internal.reflect.NativeMethodAccessorImpl (java.base@11.0.22)
 220:             9            216  org.postgresql.core.SqlCommandType
 221:             9            216  org.postgresql.shaded.com.ongres.scram.common.ScramAttributes
 222:             3            216  sun.security.provider.NativePRNG$RandomIO (java.base@11.0.22)
 223:            13            208  java.security.SecureClassLoader$CodeSourceKey (java.base@11.0.22)
 224:            13            208  java.util.Collections$SingletonSet (java.base@11.0.22)
 225:             2            200  [Ljava.text.DateFormat$Field; (java.base@11.0.22)
 226:             5            200  java.lang.invoke.DirectMethodHandle$Interface (java.base@11.0.22)
 227:             5            200  java.lang.invoke.MethodHandleImpl$AsVarargsCollector (java.base@11.0.22)
 228:             5            200  java.util.EnumMap (java.base@11.0.22)
 229:             5            200  java.util.stream.StreamOpFlag (java.base@11.0.22)
 230:            12            192  com.fasterxml.jackson.databind.node.IntNode
 231:             6            192  java.lang.invoke.LambdaForm$BasicType (java.base@11.0.22)
 232:             8            192  java.lang.invoke.VarForm (java.base@11.0.22)
 233:             8            192  java.math.RoundingMode (java.base@11.0.22)
 234:             8            192  java.net.NetPermission (java.base@11.0.22)
 235:             6            192  java.util.ImmutableCollections$MapN (java.base@11.0.22)
 236:             8            192  java.util.zip.Inflater$InflaterZStreamRef (java.base@11.0.22)
 237:             4            192  jdk.internal.loader.URLClassPath$JarLoader (java.base@11.0.22)
 238:             4            192  org.postgresql.shaded.com.ongres.scram.common.ScramMechanisms
 239:             2            192  sun.util.calendar.Gregorian$Date (java.base@11.0.22)
 240:             4            192  sun.util.resources.Bundles$BundleReference (java.base@11.0.22)
 241:             2            176  java.util.regex.Pattern (java.base@11.0.22)
 242:             1            168  [[Ljava.math.BigInteger; (java.base@11.0.22)
 243:             7            168  com.fasterxml.jackson.annotation.JsonInclude$Include
 244:             7            168  java.lang.System$Logger$Level (java.base@11.0.22)
 245:             7            168  java.util.ArrayDeque (java.base@11.0.22)
 246:             3            160  [Ljava.util.logging.Level; (java.logging@11.0.22)
 247:             2            160  [[Ljava.lang.String; (java.base@11.0.22)
 248:             4            160  com.fasterxml.jackson.core.Base64Variant
 249:             5            160  com.fasterxml.jackson.core.JsonEncoding
 250:             5            160  java.lang.ClassValue$Entry (java.base@11.0.22)
 251:            10            160  java.lang.ThreadLocal (java.base@11.0.22)
 252:             4            160  java.lang.invoke.DirectMethodHandle$Constructor (java.base@11.0.22)
 253:             5            160  java.lang.invoke.VarHandle$AccessType (java.base@11.0.22)
 254:             5            160  java.lang.invoke.VarHandleInts$FieldInstanceReadWrite (java.base@11.0.22)
 255:             5            160  java.security.BasicPermissionCollection (java.base@11.0.22)
 256:             4            160  java.util.IdentityHashMap (java.base@11.0.22)
 257:             5            160  java.util.RegularEnumSet (java.base@11.0.22)
 258:            10            160  java.util.concurrent.atomic.AtomicLongArray (java.base@11.0.22)
 259:             5            160  java.util.regex.Pattern$Branch (java.base@11.0.22)
 260:             5            160  sun.util.locale.provider.LocaleProviderAdapter$Type (java.base@11.0.22)
 261:             1            152  [Lcom.fasterxml.jackson.databind.MapperFeature;
 262:             3            144  [F (java.base@11.0.22)
 263:             1            144  [Lcom.fasterxml.jackson.core.sym.CharsToNameCanonicalizer$Bucket;
 264:             1            144  [Ljava.lang.invoke.VarHandle$AccessMode; (java.base@11.0.22)
 265:             2            144  [Ljava.math.BigDecimal; (java.base@11.0.22)
 266:             6            144  com.fasterxml.jackson.annotation.JsonAutoDetect$Visibility
 267:             6            144  com.fasterxml.jackson.core.JsonParser$NumberType
 268:             3            144  java.lang.ThreadGroup (java.base@11.0.22)
 269:             6            144  java.lang.invoke.StringConcatFactory$Strategy (java.base@11.0.22)
 270:             6            144  java.lang.module.ModuleDescriptor$Requires$Modifier (java.base@11.0.22)
 271:             3            144  java.nio.HeapByteBuffer (java.base@11.0.22)
 272:             2            144  java.text.DecimalFormatSymbols (java.base@11.0.22)
 273:             9            144  java.util.concurrent.atomic.AtomicInteger (java.base@11.0.22)
 274:             9            144  java.util.regex.Pattern$$Lambda$3/0x0000000840066c40 (java.base@11.0.22)
 275:             9            144  java.util.regex.Pattern$BitClass$$Lambda$2/0x0000000840066840 (java.base@11.0.22)
 276:             6            144  jdk.internal.perf.PerfCounter (java.base@11.0.22)
 277:             9            144  jdk.internal.reflect.DelegatingMethodAccessorImpl (java.base@11.0.22)
 278:             6            144  org.postgresql.jdbc.SslMode
 279:             1            144  sun.security.pkcs11.SunPKCS11 (jdk.crypto.cryptoki@11.0.22)
 280:             1            136  [Ljava.time.temporal.ChronoField; (java.base@11.0.22)
 281:             4            136  [Lsun.invoke.util.ValueConversions$WrapperCache; (java.base@11.0.22)
 282:             5            128  [Ljava.security.ProtectionDomain; (java.base@11.0.22)
 283:             4            128  com.fasterxml.jackson.core.StreamReadCapability
 284:             4            128  com.fasterxml.jackson.core.io.SerializedString
 285:             4            128  com.fasterxml.jackson.core.util.Separators$Spacing
 286:             2            128  com.fasterxml.jackson.databind.cfg.BaseSettings
 287:             4            128  com.fasterxml.jackson.databind.cfg.JsonNodeFeature
 288:             2            128  java.io.ExpiringCache$1 (java.base@11.0.22)
 289:             4            128  java.io.RandomAccessFile (java.base@11.0.22)
 290:             2            128  java.lang.ClassValue$ClassValueMap (java.base@11.0.22)
 291:             2            128  java.text.DateFormatSymbols (java.base@11.0.22)
 292:             8            128  java.util.concurrent.atomic.AtomicReference (java.base@11.0.22)
 293:             4            128  java.util.concurrent.atomic.AtomicReferenceFieldUpdater$AtomicReferenceFieldUpdaterImpl (java.base@11.0.22)
 294:             4            128  java.util.zip.ZipFile$CleanableResource (java.base@11.0.22)
 295:             4            128  sun.util.locale.provider.LocaleResources (java.base@11.0.22)
 296:             4            128  sun.util.resources.Bundles$CacheKey (java.base@11.0.22)
 297:             3            120  [Ljava.lang.invoke.LambdaForm$BasicType; (java.base@11.0.22)
 298:             5            120  [Ljava.util.regex.Pattern$Node; (java.base@11.0.22)
 299:             1            120  [[Ljava.lang.Object; (java.base@11.0.22)
 300:             5            120  com.fasterxml.jackson.annotation.Nulls
 301:             5            120  com.fasterxml.jackson.core.JsonFactory$Feature
 302:             5            120  com.fasterxml.jackson.databind.util.LRUMap
 303:             5            120  com.fasterxml.jackson.databind.util.internal.LinkedDeque
 304:             3            120  java.io.FileInputStream (java.base@11.0.22)
 305:             3            120  java.lang.WeakPairMap$Pair$Weak (java.base@11.0.22)
 306:             5            120  java.time.LocalDate (java.base@11.0.22)
 307:             5            120  java.time.LocalDateTime (java.base@11.0.22)
 308:             5            120  java.util.Collections$SetFromMap (java.base@11.0.22)
 309:             5            120  java.util.Collections$SynchronizedSet (java.base@11.0.22)
 310:             5            120  java.util.concurrent.ConcurrentLinkedQueue (java.base@11.0.22)
 311:             5            120  java.util.concurrent.ConcurrentLinkedQueue$Node (java.base@11.0.22)
 312:             5            120  java.util.stream.StreamOpFlag$Type (java.base@11.0.22)
 313:             1            120  jdk.internal.loader.ClassLoaders$AppClassLoader (java.base@11.0.22)
 314:             5            120  jdk.internal.math.FloatingDecimal$PreparedASCIIToBinaryBuffer (java.base@11.0.22)
 315:             5            120  jdk.net.ExtendedSocketOptions$ExtSocketOption (jdk.net@11.0.22)
 316:             1            112  [Ljava.time.LocalTime; (java.base@11.0.22)
 317:             2            112  com.sun.security.sasl.gsskerb.JdkSASL$ProviderService (jdk.security.jgss@11.0.22)
 318:             2            112  java.nio.DirectIntBufferRU (java.base@11.0.22)
 319:             7            112  java.util.concurrent.locks.ReentrantLock (java.base@11.0.22)
 320:             1            112  jdk.internal.loader.ClassLoaders$BootClassLoader (java.base@11.0.22)
 321:             1            112  jdk.internal.loader.ClassLoaders$PlatformClassLoader (java.base@11.0.22)
 322:             1            112  sun.net.httpserver.ServerImpl (jdk.httpserver@11.0.22)
 323:             1            104  com.sun.crypto.provider.SunJCE (java.base@11.0.22)
 324:             1            104  com.sun.net.ssl.internal.ssl.Provider (java.base@11.0.22)
 325:             1            104  com.sun.security.sasl.gsskerb.JdkSASL (jdk.security.jgss@11.0.22)
 326:             1            104  org.jcp.xml.dsig.internal.dom.XMLDSigRI (java.xml.crypto@11.0.22)
 327:             1            104  sun.security.ec.SunEC (jdk.crypto.ec@11.0.22)
 328:             1            104  sun.security.jca.ProviderList$1 (java.base@11.0.22)
 329:             1            104  sun.security.provider.Sun (java.base@11.0.22)
 330:             1            104  sun.security.rsa.SunRsaSign (java.base@11.0.22)
 331:             1            104  sun.security.smartcardio.SunPCSC (java.smartcardio@11.0.22)
 332:             1             96  [Lcom.fasterxml.jackson.core.JsonParser$Feature;
 333:             3             96  [Ljava.lang.Thread; (java.base@11.0.22)
 334:             3             96  [Ljava.lang.invoke.LambdaFormEditor$Transform; (java.base@11.0.22)
 335:             2             96  [Lorg.postgresql.core.Parser$SqlParseState;
 336:             1             96  [[J (java.base@11.0.22)
 337:             1             96  com.fasterxml.jackson.databind.DeserializationConfig
 338:             4             96  com.fasterxml.jackson.databind.cfg.CoercionAction
 339:             6             96  com.fasterxml.jackson.databind.ser.std.ToStringSerializer
 340:             3             96  java.lang.Runtime$Version (java.base@11.0.22)
 341:             3             96  java.lang.WeakPairMap$Pair$Weak$1 (java.base@11.0.22)
 342:             3             96  java.lang.invoke.SimpleMethodHandle (java.base@11.0.22)
 343:             4             96  java.lang.module.ModuleDescriptor$Modifier (java.base@11.0.22)
 344:             4             96  java.lang.module.ModuleDescriptor$Opens (java.base@11.0.22)
 345:             3             96  java.net.InetAddress$InetAddressHolder (java.base@11.0.22)
 346:             1             96  java.net.SocksSocketImpl (java.base@11.0.22)
 347:             4             96  java.sql.SQLPermission (java.sql@11.0.22)
 348:             4             96  java.text.Normalizer$Form (java.base@11.0.22)
 349:             4             96  java.time.OffsetDateTime (java.base@11.0.22)
 350:             3             96  java.util.Collections$UnmodifiableMap (java.base@11.0.22)
 351:             6             96  java.util.HashMap$KeySet (java.base@11.0.22)
 352:             3             96  java.util.Vector (java.base@11.0.22)
 353:             4             96  java.util.jar.Manifest (java.base@11.0.22)
 354:             4             96  java.util.regex.Pattern$GroupHead (java.base@11.0.22)
 355:             4             96  java.util.regex.Pattern$GroupTail (java.base@11.0.22)
 356:             4             96  java.util.regex.Pattern$Qtype (java.base@11.0.22)
 357:             4             96  java.util.stream.StreamShape (java.base@11.0.22)
 358:             4             96  java.util.zip.ZipFile$Source$Key (java.base@11.0.22)
 359:             1             96  jdk.internal.jimage.ImageReader$SharedImageReader (java.base@11.0.22)
 360:             4             96  jdk.internal.loader.AbstractClassLoaderValue$Sub (java.base@11.0.22)
 361:             6             96  jdk.internal.loader.ClassLoaderValue (java.base@11.0.22)
 362:             4             96  jdk.internal.logger.BootstrapLogger$LoggingBackend (java.base@11.0.22)
 363:             4             96  org.postgresql.hostchooser.HostStatus
 364:             4             96  org.postgresql.jdbc.GSSEncMode
 365:             4             96  org.postgresql.jdbc.PreferQueryMode
 366:             4             96  org.postgresql.jdbc.StatementCancelState
 367:             4             96  org.postgresql.plugin.AuthenticationRequestType
 368:             4             96  org.postgresql.shaded.com.ongres.scram.common.gssapi.Gs2Attributes
 369:             2             96  sun.net.httpserver.HttpContextImpl (jdk.httpserver@11.0.22)
 370:             3             96  sun.net.spi.DefaultProxySelector$NonProxyInfo (java.base@11.0.22)
 371:             1             96  sun.nio.ch.ServerSocketChannelImpl (java.base@11.0.22)
 372:             2             96  sun.nio.cs.StreamEncoder (java.base@11.0.22)
 373:             2             96  sun.nio.cs.UTF_8$Encoder (java.base@11.0.22)
 374:             2             88  [Lcom.fasterxml.jackson.databind.cfg.CoercionAction;
 375:             1             88  [Lorg.postgresql.core.ServerVersion;
 376:             1             88  com.fasterxml.jackson.databind.SerializationConfig
 377:             1             88  sun.nio.ch.EPollSelectorImpl (java.base@11.0.22)
 378:             1             80  [Ljava.time.temporal.ChronoUnit; (java.base@11.0.22)
 379:             2             80  [Ljava.util.stream.StreamOpFlag$Type; (java.base@11.0.22)
 380:             2             80  [Lorg.postgresql.hostchooser.HostRequirement;
 381:             2             80  [Lorg.postgresql.jdbc.SslMode;
 382:             2             80  [Lsun.security.jca.ProviderConfig; (java.base@11.0.22)
 383:             1             80  com.fasterxml.jackson.databind.MappingJsonFactory
 384:             2             80  java.io.BufferedWriter (java.base@11.0.22)
 385:             2             80  java.io.ExpiringCache (java.base@11.0.22)
 386:             2             80  java.io.FileOutputStream (java.base@11.0.22)
 387:             2             80  java.io.PrintStream (java.base@11.0.22)
 388:             2             80  java.lang.ModuleLayer (java.base@11.0.22)
 389:             2             80  java.lang.VirtualMachineError (java.base@11.0.22)
 390:             1             80  java.lang.invoke.BoundMethodHandle$Species_LLLLLLLLLLIIL (java.base@11.0.22)
 391:             2             80  java.lang.module.Configuration (java.base@11.0.22)
 392:             2             80  java.lang.ref.Finalizer (java.base@11.0.22)
 393:             2             80  java.text.DigitList (java.base@11.0.22)
 394:             2             80  java.util.Locale$Category (java.base@11.0.22)
 395:             5             80  java.util.WeakHashMap$KeySet (java.base@11.0.22)
 396:             5             80  java.util.concurrent.atomic.AtomicBoolean (java.base@11.0.22)
 397:             5             80  java.util.concurrent.atomic.AtomicReferenceArray (java.base@11.0.22)
 398:             5             80  java.util.regex.Pattern$BranchConn (java.base@11.0.22)
 399:             2             80  jdk.internal.math.FloatingDecimal$BinaryToASCIIBuffer (java.base@11.0.22)
 400:             1             80  sun.text.normalizer.NormalizerImpl (java.base@11.0.22)
 401:             1             80  sun.util.cldr.CLDRLocaleProviderAdapter (java.base@11.0.22)
 402:             1             80  sun.util.locale.provider.LocaleProviderAdapter$NonExistentAdapter (java.base@11.0.22)
 403:             1             72  [Lcom.fasterxml.jackson.core.JsonToken;
 404:             1             72  [Lcom.fasterxml.jackson.databind.type.LogicalType;
 405:             3             72  com.fasterxml.jackson.core.Base64Variant$PaddingReadBehaviour
 406:             1             72  com.fasterxml.jackson.core.sym.ByteQuadsCanonicalizer
 407:             1             72  com.fasterxml.jackson.core.util.InternCache
 408:             1             72  com.fasterxml.jackson.databind.ObjectMapper
 409:             3             72  com.fasterxml.jackson.databind.PropertyName
 410:             1             72  com.fasterxml.jackson.databind.deser.DefaultDeserializationContext$Impl
 411:             1             72  com.fasterxml.jackson.databind.ser.DefaultSerializerProvider$Impl
 412:             3             72  com.fasterxml.jackson.databind.ser.std.NumberSerializer
 413:             3             72  java.lang.WeakPairMap (java.base@11.0.22)
 414:             3             72  java.lang.annotation.RetentionPolicy (java.base@11.0.22)
 415:             1             72  java.lang.invoke.BoundMethodHandle$Species_LLLLLLLIIL (java.base@11.0.22)
 416:             3             72  java.lang.invoke.MethodHandleNatives$CallSiteContext (java.base@11.0.22)
 417:             3             72  java.lang.invoke.MethodHandles$Lookup (java.base@11.0.22)
 418:             3             72  java.lang.invoke.StringConcatFactory$Mode (java.base@11.0.22)
 419:             3             72  java.net.Proxy$Type (java.base@11.0.22)
 420:             3             72  java.nio.file.AccessMode (java.base@11.0.22)
 421:             3             72  java.security.SecurityPermission (java.base@11.0.22)
 422:             3             72  java.time.Instant (java.base@11.0.22)
 423:             3             72  java.time.ZoneOffset (java.base@11.0.22)
 424:             3             72  java.util.Collections$UnmodifiableRandomAccessList (java.base@11.0.22)
 425:             3             72  java.util.concurrent.ConcurrentHashMap$KeySetView (java.base@11.0.22)
 426:             3             72  java.util.stream.Collector$Characteristics (java.base@11.0.22)
 427:             3             72  jdk.internal.math.FloatingDecimal$ExceptionalBinaryToASCIIBuffer (java.base@11.0.22)
 428:             3             72  jdk.internal.misc.Signal (java.base@11.0.22)
 429:             3             72  jdk.internal.module.IllegalAccessLogger$Mode (java.base@11.0.22)
 430:             3             72  org.postgresql.core.TransactionState
 431:             3             72  org.postgresql.jdbc.AutoSave
 432:             3             72  org.postgresql.jdbc.EscapeSyntaxCallMode
 433:             3             72  org.postgresql.jdbc.PgConnection$ReadOnlyBehavior
 434:             3             72  org.postgresql.shaded.com.ongres.scram.client.ScramClient$ChannelBinding
 435:             3             72  org.postgresql.shaded.com.ongres.scram.common.gssapi.Gs2CbindFlag
 436:             3             72  sun.security.provider.NativePRNG$Variant (java.base@11.0.22)
 437:             1             64  [Lcom.fasterxml.jackson.annotation.JsonFormat$Shape;
 438:             1             64  [Lcom.fasterxml.jackson.core.JsonGenerator$Feature;
 439:             1             64  [Lcom.fasterxml.jackson.databind.node.IntNode;
 440:             2             64  [Ljava.lang.annotation.RetentionPolicy; (java.base@11.0.22)
 441:             1             64  [Ljava.lang.invoke.MethodHandleImpl$Intrinsic; (java.base@11.0.22)
 442:             2             64  [Ljava.nio.charset.CoderResult; (java.base@11.0.22)
 443:             2             64  [Ljava.util.stream.Collector$Characteristics; (java.base@11.0.22)
 444:             2             64  [Lorg.postgresql.jdbc.AutoSave;
 445:             2             64  [Lorg.postgresql.jdbc.GSSEncMode;
 446:             2             64  [Lorg.postgresql.jdbc.PgConnection$ReadOnlyBehavior;
 447:             2             64  com.fasterxml.jackson.core.io.ContentReference
 448:             1             64  com.fasterxml.jackson.core.sym.CharsToNameCanonicalizer
 449:             2             64  com.fasterxml.jackson.databind.cfg.EnumFeature
 450:             2             64  com.fasterxml.jackson.databind.introspect.VisibilityChecker$Std
 451:             2             64  com.fasterxml.jackson.databind.ser.std.NumberSerializers$DoubleSerializer
 452:             2             64  com.fasterxml.jackson.databind.ser.std.NumberSerializers$IntegerSerializer
 453:             2             64  com.fasterxml.jackson.databind.ser.std.NumberSerializers$LongSerializer
 454:             2             64  java.io.BufferedOutputStream (java.base@11.0.22)
 455:             2             64  java.lang.ref.ReferenceQueue$Null (java.base@11.0.22)
 456:             2             64  java.nio.file.attribute.FileTime (java.base@11.0.22)
 457:             1             64  java.text.SimpleDateFormat (java.base@11.0.22)
 458:             4             64  java.util.concurrent.ConcurrentHashMap$ValuesView (java.base@11.0.22)
 459:             4             64  java.util.jar.Attributes (java.base@11.0.22)
 460:             1             64  java.util.logging.LogManager$RootLogger (java.logging@11.0.22)
 461:             2             64  java.util.stream.FindOps$FindOp (java.base@11.0.22)
 462:             4             64  sun.nio.fs.UnixFileAttributes$UnixAsBasicFileAttributes (java.base@11.0.22)
 463:             2             64  sun.reflect.annotation.AnnotationType (java.base@11.0.22)
 464:             2             64  sun.security.provider.FileInputStreamPool$StreamRef (java.base@11.0.22)
 465:             1             64  sun.text.normalizer.Trie2_16 (java.base@11.0.22)
 466:             1             56  [Lcom.fasterxml.jackson.databind.cfg.CoercionInputShape;
 467:             1             56  [Ljava.lang.Runnable; (java.base@11.0.22)
 468:             1             56  [Ljava.nio.file.StandardOpenOption; (java.base@11.0.22)
 469:             1             56  [Lorg.postgresql.core.SqlCommandType;
 470:             1             56  [Lorg.postgresql.shaded.com.ongres.scram.common.ScramAttributes;
 471:             1             56  [[I (java.base@11.0.22)
 472:             1             56  java.lang.invoke.BoundMethodHandle$Specializer (java.base@11.0.22)
 473:             1             56  java.net.SocketPermission (java.base@11.0.22)
 474:             1             56  java.util.ServiceLoader (java.base@11.0.22)
 475:             1             56  java.util.logging.LogManager (java.logging@11.0.22)
 476:             1             56  jdk.internal.ref.CleanerImpl$SoftCleanableRef (java.base@11.0.22)
 477:             1             56  sun.security.provider.SHA (java.base@11.0.22)
 478:             1             56  sun.security.smartcardio.SunPCSC$ProviderService (java.smartcardio@11.0.22)
 479:             1             48  [Lcom.fasterxml.jackson.annotation.JsonInclude$Include;
 480:             3             48  [Lcom.fasterxml.jackson.databind.JavaType;
 481:             1             48  [Ljava.lang.System$Logger$Level; (java.base@11.0.22)
 482:             3             48  [Ljava.lang.annotation.Annotation; (java.base@11.0.22)
 483:             1             48  [Ljava.math.RoundingMode; (java.base@11.0.22)
 484:             1             48  [Ljava.util.concurrent.TimeUnit; (java.base@11.0.22)
 485:             1             48  com.fasterxml.jackson.core.util.DefaultPrettyPrinter
 486:             1             48  com.fasterxml.jackson.databind.cfg.ConfigOverride$Empty
 487:             2             48  com.fasterxml.jackson.databind.ser.std.BooleanSerializer
 488:             1             48  com.fasterxml.jackson.databind.util.StdDateFormat
 489:             2             48  java.io.File$PathStatus (java.base@11.0.22)
 490:             2             48  java.io.OutputStreamWriter (java.base@11.0.22)
 491:             2             48  java.lang.ClassValue$Version (java.base@11.0.22)
 492:             1             48  java.lang.invoke.BoundMethodHandle$Specializer$Factory (java.base@11.0.22)
 493:             2             48  java.lang.reflect.ReflectPermission (java.base@11.0.22)
 494:             2             48  java.net.Inet4Address (java.base@11.0.22)
 495:             2             48  java.net.InetSocketAddress$InetSocketAddressHolder (java.base@11.0.22)
 496:             2             48  java.net.StandardProtocolFamily (java.base@11.0.22)
 497:             3             48  java.nio.charset.CodingErrorAction (java.base@11.0.22)
 498:             3             48  java.text.AttributedCharacterIterator$Attribute (java.base@11.0.22)
 499:             2             48  java.time.chrono.IsoEra (java.base@11.0.22)
 500:             3             48  java.util.Optional (java.base@11.0.22)
 501:             3             48  java.util.ResourceBundle$NoFallbackControl (java.base@11.0.22)
 502:             3             48  java.util.concurrent.ConcurrentHashMap$EntrySetView (java.base@11.0.22)
 503:             1             48  java.util.concurrent.ConcurrentSkipListMap (java.base@11.0.22)
 504:             2             48  java.util.concurrent.ConcurrentSkipListMap$Node (java.base@11.0.22)
 505:             2             48  java.util.logging.Logger$LoggerBundle (java.logging@11.0.22)
 506:             2             48  java.util.logging.LoggingPermission (java.logging@11.0.22)
 507:             2             48  java.util.regex.Pattern$Start (java.base@11.0.22)
 508:             1             48  jdk.internal.jimage.ImageHeader (java.base@11.0.22)
 509:             2             48  jdk.internal.misc.Signal$NativeHandler (java.base@11.0.22)
 510:             3             48  jdk.internal.module.ServicesCatalog (java.base@11.0.22)
 511:             1             48  jdk.internal.ref.CleanerImpl$WeakCleanableRef (java.base@11.0.22)
 512:             1             48  org.postgresql.core.AsciiStringInterner$StringReference
 513:             2             48  org.postgresql.core.Encoding
 514:             2             48  org.postgresql.core.JavaVersion
 515:             3             48  org.postgresql.jdbc.ResourceLock
 516:             1             48  sun.nio.ch.SelectionKeyImpl (java.base@11.0.22)
 517:             2             48  sun.security.jca.ProviderList (java.base@11.0.22)
 518:             2             48  sun.security.jca.ProviderList$3 (java.base@11.0.22)
 519:             1             40  [Lcom.fasterxml.jackson.annotation.JsonAutoDetect$Visibility;
 520:             1             40  [Lcom.fasterxml.jackson.annotation.Nulls;
 521:             1             40  [Lcom.fasterxml.jackson.core.JsonEncoding;
 522:             1             40  [Lcom.fasterxml.jackson.core.JsonFactory$Feature;
 523:             1             40  [Lcom.fasterxml.jackson.core.JsonParser$NumberType;
 524:             1             40  [Ljava.lang.invoke.StringConcatFactory$Strategy; (java.base@11.0.22)
 525:             1             40  [Ljava.lang.invoke.VarHandle$AccessType; (java.base@11.0.22)
 526:             1             40  [Ljava.util.stream.StreamOpFlag; (java.base@11.0.22)
 527:             1             40  [Lsun.util.locale.provider.LocaleProviderAdapter$Type; (java.base@11.0.22)
 528:             1             40  [[Ljava.lang.invoke.LambdaForm$Name; (java.base@11.0.22)
 529:             1             40  com.fasterxml.jackson.annotation.JsonFormat$Value
 530:             1             40  com.fasterxml.jackson.core.StreamReadConstraints
 531:             1             40  com.fasterxml.jackson.core.sym.ByteQuadsCanonicalizer$TableInfo
 532:             1             40  com.fasterxml.jackson.core.util.Separators
 533:             1             40  com.fasterxml.jackson.databind.cfg.ConfigOverrides
 534:             1             40  com.sun.management.internal.DiagnosticCommandImpl (jdk.management@11.0.22)
 535:             1             40  java.io.BufferedInputStream (java.base@11.0.22)
 536:             1             40  java.io.FilePermission (java.base@11.0.22)
 537:             1             40  java.lang.ArithmeticException (java.base@11.0.22)
 538:             1             40  java.lang.NullPointerException (java.base@11.0.22)
 539:             1             40  java.lang.invoke.MethodHandleImpl$IntrinsicMethodHandle (java.base@11.0.22)
 540:             1             40  java.lang.invoke.VarHandleObjects$Array (java.base@11.0.22)
 541:             1             40  java.net.InetAddress$CachedAddresses (java.base@11.0.22)
 542:             1             40  java.util.ResourceBundle$2 (java.base@11.0.22)
 543:             1             40  java.util.ServiceLoader$LazyClassPathLookupIterator (java.base@11.0.22)
 544:             1             40  javax.crypto.CryptoAllPermission (java.base@11.0.22)
 545:             1             40  jdk.internal.event.SecurityProviderServiceEvent (java.base@11.0.22)
 546:             1             40  jdk.internal.loader.URLClassPath (java.base@11.0.22)
 547:             1             40  jdk.internal.ref.CleanerImpl$CleanerCleanable (java.base@11.0.22)
 548:             1             40  org.postgresql.core.v3.SimpleParameterList
 549:             1             40  org.postgresql.jdbc.PgResultSet$1
 550:             1             40  org.postgresql.util.LazyCleaner
 551:             1             40  sun.net.httpserver.ServerImpl$IdleTimeoutTask (jdk.httpserver@11.0.22)
 552:             1             40  sun.text.normalizer.Trie2$UTrie2Header (java.base@11.0.22)
 553:             1             40  sun.text.resources.cldr.FormatData (java.base@11.0.22)
 554:             1             40  sun.text.resources.cldr.FormatData_en (java.base@11.0.22)
 555:             1             40  sun.util.resources.Bundles$1 (java.base@11.0.22)
 556:             1             40  sun.util.resources.cldr.CalendarData (java.base@11.0.22)
 557:             1             32  [Lcom.fasterxml.jackson.core.Base64Variant$PaddingReadBehaviour;
 558:             1             32  [Lcom.fasterxml.jackson.core.StreamReadCapability;
 559:             1             32  [Lcom.fasterxml.jackson.core.util.Separators$Spacing;
 560:             1             32  [Lcom.fasterxml.jackson.databind.cfg.JsonNodeFeature;
 561:             2             32  [Lcom.fasterxml.jackson.databind.deser.Deserializers;
 562:             1             32  [Lcom.fasterxml.jackson.databind.util.internal.PrivateMaxEntriesMap$DrainStatus;
 563:             1             32  [Ljava.lang.OutOfMemoryError; (java.base@11.0.22)
 564:             2             32  [Ljava.lang.StackTraceElement; (java.base@11.0.22)
 565:             1             32  [Ljava.lang.ThreadGroup; (java.base@11.0.22)
 566:             1             32  [Ljava.lang.invoke.StringConcatFactory$Mode; (java.base@11.0.22)
 567:             1             32  [Ljava.lang.module.ModuleDescriptor$Modifier; (java.base@11.0.22)
 568:             1             32  [Ljava.lang.module.ModuleDescriptor$Requires$Modifier; (java.base@11.0.22)
 569:             1             32  [Ljava.net.Proxy$Type; (java.base@11.0.22)
 570:             1             32  [Ljava.nio.file.AccessMode; (java.base@11.0.22)
 571:             1             32  [Ljava.text.Normalizer$Form; (java.base@11.0.22)
 572:             1             32  [Ljava.util.regex.Pattern$Qtype; (java.base@11.0.22)
 573:             1             32  [Ljava.util.stream.StreamShape; (java.base@11.0.22)
 574:             1             32  [Ljdk.internal.logger.BootstrapLogger$LoggingBackend; (java.base@11.0.22)
 575:             1             32  [Ljdk.internal.module.IllegalAccessLogger$Mode; (java.base@11.0.22)
 576:             1             32  [Lorg.postgresql.core.TransactionState;
 577:             1             32  [Lorg.postgresql.hostchooser.HostStatus;
 578:             1             32  [Lorg.postgresql.jdbc.EscapeSyntaxCallMode;
 579:             1             32  [Lorg.postgresql.jdbc.PreferQueryMode;
 580:             1             32  [Lorg.postgresql.jdbc.StatementCancelState;
 581:             1             32  [Lorg.postgresql.plugin.AuthenticationRequestType;
 582:             1             32  [Lorg.postgresql.shaded.com.ongres.scram.client.ScramClient$ChannelBinding;
 583:             1             32  [Lorg.postgresql.shaded.com.ongres.scram.common.ScramMechanisms;
 584:             1             32  [Lorg.postgresql.shaded.com.ongres.scram.common.gssapi.Gs2Attributes;
 585:             1             32  [Lorg.postgresql.shaded.com.ongres.scram.common.gssapi.Gs2CbindFlag;
 586:             1             32  [Lsun.security.provider.NativePRNG$Variant; (java.base@11.0.22)
 587:             1             32  com.fasterxml.jackson.annotation.JsonInclude$Value
 588:             1             32  com.fasterxml.jackson.core.sym.CharsToNameCanonicalizer$TableInfo
 589:             1             32  com.fasterxml.jackson.databind.cfg.CoercionConfigs
 590:             1             32  com.fasterxml.jackson.databind.cfg.DatatypeFeatures
 591:             1             32  com.fasterxml.jackson.databind.cfg.DeserializerFactoryConfig
 592:             1             32  com.fasterxml.jackson.databind.deser.std.JsonNodeDeserializer
 593:             1             32  com.fasterxml.jackson.databind.introspect.DefaultAccessorNamingStrategy$Provider
 594:             1             32  com.fasterxml.jackson.databind.ser.std.CalendarSerializer
 595:             1             32  com.fasterxml.jackson.databind.ser.std.DateSerializer
 596:             1             32  com.fasterxml.jackson.databind.ser.std.NumberSerializers$FloatSerializer
 597:             1             32  com.fasterxml.jackson.databind.ser.std.NumberSerializers$IntLikeSerializer
 598:             1             32  com.fasterxml.jackson.databind.ser.std.NumberSerializers$ShortSerializer
 599:             1             32  com.fasterxml.jackson.databind.type.TypeBindings
 600:             1             32  com.fasterxml.jackson.databind.type.TypeFactory
 601:             1             32  java.io.UnixFileSystem (java.base@11.0.22)
 602:             2             32  java.lang.Boolean (java.base@11.0.22)
 603:             2             32  java.lang.ClassValue$Identity (java.base@11.0.22)
 604:             2             32  java.lang.Shutdown$Lock (java.base@11.0.22)
 605:             1             32  java.lang.invoke.VarHandleLongs$Array (java.base@11.0.22)
 606:             1             32  java.lang.invoke.VarHandleLongs$FieldInstanceReadWrite (java.base@11.0.22)
 607:             1             32  java.lang.module.ModuleDescriptor$Version (java.base@11.0.22)
 608:             1             32  java.net.Inet6Address$Inet6AddressHolder (java.base@11.0.22)
 609:             2             32  java.net.InetSocketAddress (java.base@11.0.22)
 610:             2             32  java.nio.ByteOrder (java.base@11.0.22)
 611:             1             32  java.security.MessageDigest$Delegate (java.base@11.0.22)
 612:             1             32  java.util.Collections$SynchronizedMap (java.base@11.0.22)
 613:             2             32  java.util.HashMap$Values (java.base@11.0.22)
 614:             1             32  java.util.LinkedList$ListItr (java.base@11.0.22)
 615:             2             32  java.util.ResourceBundle$SingleFormatControl (java.base@11.0.22)
 616:             1             32  java.util.ServiceLoader$ModuleServicesLookupIterator (java.base@11.0.22)
 617:             1             32  java.util.concurrent.ThreadLocalRandom (java.base@11.0.22)
 618:             1             32  java.util.concurrent.atomic.AtomicIntegerFieldUpdater$AtomicIntegerFieldUpdaterImpl (java.base@11.0.22)
 619:             1             32  java.util.concurrent.atomic.LongAdder (java.base@11.0.22)
 620:             1             32  java.util.logging.LogManager$SystemLoggerContext (java.logging@11.0.22)
 621:             2             32  java.util.regex.Pattern$$Lambda$4/0x0000000840066040 (java.base@11.0.22)
 622:             1             32  jdk.internal.module.IllegalAccessLogger (java.base@11.0.22)
 623:             1             32  jdk.internal.ref.CleanerImpl (java.base@11.0.22)
 624:             1             32  org.postgresql.core.SqlCommand
 625:             1             32  org.postgresql.core.v3.Portal
 626:             1             32  org.postgresql.hostchooser.GlobalHostStatusTracker$HostSpecStatus
 627:             1             32  org.postgresql.util.SharedTimer
 628:             2             32  sun.net.httpserver.AuthFilter (jdk.httpserver@11.0.22)
 629:             1             32  sun.nio.ch.ServerSocketAdaptor (java.base@11.0.22)
 630:             1             32  sun.nio.cs.StandardCharsets (java.base@11.0.22)
 631:             1             32  sun.nio.fs.LinuxFileSystem (java.base@11.0.22)
 632:             1             32  sun.nio.fs.UnixFileKey (java.base@11.0.22)
 633:             2             32  sun.security.provider.FileInputStreamPool$UnclosableInputStream (java.base@11.0.22)
 634:             1             32  sun.security.provider.SecureRandom (java.base@11.0.22)
 635:             1             32  sun.security.util.KnownOIDs$1 (java.base@11.0.22)
 636:             1             32  sun.security.util.KnownOIDs$10 (java.base@11.0.22)
 637:             1             32  sun.security.util.KnownOIDs$2 (java.base@11.0.22)
 638:             1             32  sun.security.util.KnownOIDs$3 (java.base@11.0.22)
 639:             1             32  sun.security.util.KnownOIDs$4 (java.base@11.0.22)
 640:             1             32  sun.security.util.KnownOIDs$5 (java.base@11.0.22)
 641:             1             32  sun.security.util.KnownOIDs$6 (java.base@11.0.22)
 642:             1             32  sun.security.util.KnownOIDs$7 (java.base@11.0.22)
 643:             1             32  sun.security.util.KnownOIDs$8 (java.base@11.0.22)
 644:             1             32  sun.security.util.KnownOIDs$9 (java.base@11.0.22)
 645:             2             32  sun.util.resources.LocaleData (java.base@11.0.22)
 646:             1             24  [Lcom.fasterxml.jackson.databind.cfg.EnumFeature;
 647:             1             24  [Lcom.fasterxml.jackson.databind.deser.KeyDeserializers;
 648:             1             24  [Ljava.io.File$PathStatus; (java.base@11.0.22)
 649:             1             24  [Ljava.net.InetAddress; (java.base@11.0.22)
 650:             1             24  [Ljava.net.StandardProtocolFamily; (java.base@11.0.22)
 651:             1             24  [Ljava.net.URL; (java.base@11.0.22)
 652:             1             24  [Ljava.nio.channels.SelectionKey; (java.base@11.0.22)
 653:             1             24  [Ljava.time.chrono.IsoEra; (java.base@11.0.22)
 654:             1             24  [Ljava.util.Locale$Category; (java.base@11.0.22)
 655:             1             24  [Ljava.util.jar.Manifest; (java.base@11.0.22)
 656:             1             24  [Lorg.postgresql.core.JavaVersion;
 657:             1             24  [Lorg.postgresql.shaded.com.ongres.scram.common.stringprep.StringPreparations;
 658:             1             24  com.fasterxml.jackson.annotation.JsonFormat$Features
 659:             1             24  com.fasterxml.jackson.annotation.JsonSetter$Value
 660:             1             24  com.fasterxml.jackson.core.ErrorReportConfiguration
 661:             1             24  com.fasterxml.jackson.core.util.DefaultIndenter
 662:             1             24  com.fasterxml.jackson.databind.cfg.ContextAttributes$Impl
 663:             1             24  com.fasterxml.jackson.databind.cfg.DefaultCacheProvider
 664:             1             24  com.fasterxml.jackson.databind.cfg.MutableCoercionConfig
 665:             1             24  com.fasterxml.jackson.databind.cfg.SerializerFactoryConfig
 666:             1             24  com.fasterxml.jackson.databind.deser.DeserializerCache
 667:             1             24  com.fasterxml.jackson.databind.introspect.AnnotatedClass$Creators
 668:             1             24  com.fasterxml.jackson.databind.introspect.JacksonAnnotationIntrospector
 669:             1             24  com.fasterxml.jackson.databind.introspect.SimpleMixInResolver
 670:             1             24  com.fasterxml.jackson.databind.ser.SerializerCache
 671:             1             24  com.fasterxml.jackson.databind.ser.impl.FailingSerializer
 672:             1             24  com.fasterxml.jackson.databind.ser.std.UUIDSerializer
 673:             1             24  com.fasterxml.jackson.databind.util.internal.PrivateMaxEntriesMap$DrainStatus$1
 674:             1             24  com.fasterxml.jackson.databind.util.internal.PrivateMaxEntriesMap$DrainStatus$2
 675:             1             24  com.fasterxml.jackson.databind.util.internal.PrivateMaxEntriesMap$DrainStatus$3
 676:             1             24  com.sun.management.internal.PlatformMBeanProviderImpl$1 (jdk.management@11.0.22)
 677:             1             24  com.sun.management.internal.PlatformMBeanProviderImpl$2 (jdk.management@11.0.22)
 678:             1             24  com.sun.management.internal.PlatformMBeanProviderImpl$3 (jdk.management@11.0.22)
 679:             1             24  com.sun.management.internal.PlatformMBeanProviderImpl$4 (jdk.management@11.0.22)
 680:             1             24  com.sun.management.internal.PlatformMBeanProviderImpl$5 (jdk.management@11.0.22)
 681:             1             24  java.lang.Double (java.base@11.0.22)
 682:             1             24  java.lang.StringBuilder (java.base@11.0.22)
 683:             1             24  java.lang.invoke.MethodType$ConcurrentWeakInternSet (java.base@11.0.22)
 684:             1             24  java.lang.invoke.StringConcatFactory$Stringifiers$StringifierAny (java.base@11.0.22)
 685:             1             24  java.lang.invoke.StringConcatFactory$Stringifiers$StringifierMost (java.base@11.0.22)
 686:             1             24  java.lang.management.DefaultPlatformMBeanProvider$1 (java.management@11.0.22)
 687:             1             24  java.lang.management.DefaultPlatformMBeanProvider$10 (java.management@11.0.22)
 688:             1             24  java.lang.management.DefaultPlatformMBeanProvider$11 (java.management@11.0.22)
 689:             1             24  java.lang.management.DefaultPlatformMBeanProvider$2 (java.management@11.0.22)
 690:             1             24  java.lang.management.DefaultPlatformMBeanProvider$3 (java.management@11.0.22)
 691:             1             24  java.lang.management.DefaultPlatformMBeanProvider$4 (java.management@11.0.22)
 692:             1             24  java.lang.management.DefaultPlatformMBeanProvider$5 (java.management@11.0.22)
 693:             1             24  java.lang.management.DefaultPlatformMBeanProvider$6 (java.management@11.0.22)
 694:             1             24  java.lang.management.DefaultPlatformMBeanProvider$7 (java.management@11.0.22)
 695:             1             24  java.lang.management.DefaultPlatformMBeanProvider$8 (java.management@11.0.22)
 696:             1             24  java.lang.management.DefaultPlatformMBeanProvider$9 (java.management@11.0.22)
 697:             1             24  java.net.Inet6Address (java.base@11.0.22)
 698:             1             24  java.net.Inet6AddressImpl (java.base@11.0.22)
 699:             1             24  java.net.Proxy (java.base@11.0.22)
 700:             1             24  java.security.AllPermissionCollection (java.base@11.0.22)
 701:             1             24  java.sql.DriverInfo (java.sql@11.0.22)
 702:             1             24  java.util.BitSet (java.base@11.0.22)
 703:             1             24  java.util.Collections$EmptyMap (java.base@11.0.22)
 704:             1             24  java.util.Collections$SynchronizedCollection (java.base@11.0.22)
 705:             1             24  java.util.Date (java.base@11.0.22)
 706:             1             24  java.util.Locale$Cache (java.base@11.0.22)
 707:             1             24  java.util.ResourceBundle$Control$CandidateListCache (java.base@11.0.22)
 708:             1             24  java.util.ServiceLoader$2 (java.base@11.0.22)
 709:             1             24  java.util.TaskQueue (java.base@11.0.22)
 710:             1             24  java.util.Timer (java.base@11.0.22)
 711:             1             24  java.util.concurrent.ConcurrentSkipListMap$Index (java.base@11.0.22)
 712:             1             24  java.util.concurrent.CopyOnWriteArrayList$COWIterator (java.base@11.0.22)
 713:             1             24  java.util.logging.LogManager$LoggerContext (java.logging@11.0.22)
 714:             1             24  java.util.regex.Pattern$BmpCharPropertyGreedy (java.base@11.0.22)
 715:             1             24  java.util.regex.Pattern$Ques (java.base@11.0.22)
 716:             1             24  java.util.zip.ZipCoder$UTF8 (java.base@11.0.22)
 717:             1             24  javax.crypto.CryptoAllPermissionCollection (java.base@11.0.22)
 718:             1             24  javax.crypto.CryptoPermissions (java.base@11.0.22)
 719:             1             24  jdk.internal.jimage.ImageReader (java.base@11.0.22)
 720:             1             24  jdk.internal.loader.URLClassPath$FileLoader (java.base@11.0.22)
 721:             1             24  jdk.internal.logger.BootstrapLogger$RedirectedLoggers (java.base@11.0.22)
 722:             1             24  jdk.internal.module.ModuleHashes (java.base@11.0.22)
 723:             1             24  jdk.internal.module.SystemModuleFinders$SystemModuleFinder (java.base@11.0.22)
 724:             1             24  jdk.management.jfr.internal.FlightRecorderMXBeanProvider$SingleMBeanComponent (jdk.management.jfr@11.0.22)
 725:             1             24  org.postgresql.Driver
 726:             1             24  org.postgresql.core.AsciiStringInterner
 727:             1             24  org.postgresql.hostchooser.HostRequirement$1
 728:             1             24  org.postgresql.hostchooser.HostRequirement$2
 729:             1             24  org.postgresql.hostchooser.HostRequirement$3
 730:             1             24  org.postgresql.hostchooser.HostRequirement$4
 731:             1             24  org.postgresql.hostchooser.HostRequirement$5
 732:             1             24  org.postgresql.hostchooser.HostRequirement$6
 733:             1             24  org.postgresql.shaded.com.ongres.scram.common.bouncycastle.base64.Base64Encoder
 734:             1             24  org.postgresql.shaded.com.ongres.scram.common.stringprep.StringPreparations$1
 735:             1             24  org.postgresql.shaded.com.ongres.scram.common.stringprep.StringPreparations$2
 736:             1             24  org.postgresql.util.HostSpec
 737:             1             24  sun.management.MemoryImpl (java.management@11.0.22)
 738:             1             24  sun.management.VMManagementImpl (java.management@11.0.22)
 739:             1             24  sun.net.httpserver.ServerImpl$Dispatcher (jdk.httpserver@11.0.22)
 740:             1             24  sun.net.sdp.SdpProvider (java.base@11.0.22)
 741:             1             24  sun.net.www.protocol.http.Handler (java.base@11.0.22)
 742:             1             24  sun.nio.cs.ISO_8859_1 (java.base@11.0.22)
 743:             1             24  sun.nio.cs.ThreadLocalCoders$1 (java.base@11.0.22)
 744:             1             24  sun.nio.cs.ThreadLocalCoders$2 (java.base@11.0.22)
 745:             1             24  sun.nio.cs.US_ASCII (java.base@11.0.22)
 746:             1             24  sun.nio.cs.UTF_16 (java.base@11.0.22)
 747:             1             24  sun.nio.cs.UTF_16BE (java.base@11.0.22)
 748:             1             24  sun.nio.cs.UTF_16LE (java.base@11.0.22)
 749:             1             24  sun.nio.cs.UTF_8 (java.base@11.0.22)
 750:             1             24  sun.reflect.annotation.AnnotationInvocationHandler (java.base@11.0.22)
 751:             1             24  sun.text.normalizer.Norm2AllModes (java.base@11.0.22)
 752:             1             24  sun.text.normalizer.Norm2AllModes$ComposeNormalizer2 (java.base@11.0.22)
 753:             1             24  sun.text.normalizer.Norm2AllModes$Norm2AllModesSingleton (java.base@11.0.22)
 754:             1             24  sun.util.cldr.CLDRCalendarDataProviderImpl (java.base@11.0.22)
 755:             1             24  sun.util.locale.BaseLocale$Cache (java.base@11.0.22)
 756:             1             24  sun.util.locale.provider.CalendarProviderImpl (java.base@11.0.22)
 757:             1             24  sun.util.locale.provider.DateFormatSymbolsProviderImpl (java.base@11.0.22)
 758:             1             24  sun.util.locale.provider.DecimalFormatSymbolsProviderImpl (java.base@11.0.22)
 759:             1             24  sun.util.locale.provider.LocaleServiceProviderPool (java.base@11.0.22)
 760:             1             24  sun.util.locale.provider.NumberFormatProviderImpl (java.base@11.0.22)
 761:             1             16  [Lcom.fasterxml.jackson.databind.AbstractTypeResolver;
 762:             1             16  [Lcom.fasterxml.jackson.databind.deser.BeanDeserializerModifier;
 763:             1             16  [Lcom.fasterxml.jackson.databind.deser.ValueInstantiators;
 764:             1             16  [Lcom.fasterxml.jackson.databind.ser.BeanSerializerModifier;
 765:             1             16  [Lcom.fasterxml.jackson.databind.ser.Serializers;
 766:             1             16  [Lcom.fasterxml.jackson.databind.util.ClassUtil$Ctor;
 767:             1             16  [Ljava.lang.Throwable; (java.base@11.0.22)
 768:             1             16  [Ljava.nio.file.attribute.FileAttribute; (java.base@11.0.22)
 769:             1             16  [Ljava.security.Provider; (java.base@11.0.22)
 770:             1             16  [Ljava.security.cert.Certificate; (java.base@11.0.22)
 771:             1             16  [Ljava.text.FieldPosition; (java.base@11.0.22)
 772:             1             16  [Ljava.util.logging.Handler; (java.logging@11.0.22)
 773:             1             16  [Lorg.postgresql.core.Field;
 774:             1             16  ProductService.ProductService$killHandler
 775:             1             16  ProductService.ProductService$productHandler
 776:             1             16  com.fasterxml.jackson.core.StreamWriteConstraints
 777:             1             16  com.fasterxml.jackson.core.io.JsonStringEncoder
 778:             1             16  com.fasterxml.jackson.core.util.DefaultPrettyPrinter$FixedSpaceIndenter
 779:             1             16  com.fasterxml.jackson.core.util.DefaultPrettyPrinter$NopIndenter
 780:             1             16  com.fasterxml.jackson.core.util.JacksonFeatureSet
 781:             1             16  com.fasterxml.jackson.core.util.JsonRecyclerPools$ThreadLocalPool
 782:             1             16  com.fasterxml.jackson.databind.deser.BeanDeserializerFactory
 783:             1             16  com.fasterxml.jackson.databind.deser.std.StdKeyDeserializers
 784:             1             16  com.fasterxml.jackson.databind.ext.Java7SupportImpl
 785:             1             16  com.fasterxml.jackson.databind.introspect.AnnotationCollector$NoAnnotations
 786:             1             16  com.fasterxml.jackson.databind.introspect.BasicClassIntrospector
 787:             1             16  com.fasterxml.jackson.databind.jsontype.impl.LaissezFaireSubTypeValidator
 788:             1             16  com.fasterxml.jackson.databind.jsontype.impl.StdSubtypeResolver
 789:             1             16  com.fasterxml.jackson.databind.node.JsonNodeFactory
 790:             1             16  com.fasterxml.jackson.databind.node.TextNode
 791:             1             16  com.fasterxml.jackson.databind.ser.BeanSerializerFactory
 792:             1             16  com.fasterxml.jackson.databind.ser.impl.UnknownSerializer
 793:             1             16  com.fasterxml.jackson.databind.ser.std.NullSerializer
 794:             1             16  com.fasterxml.jackson.databind.ser.std.StringSerializer
 795:             1             16  com.fasterxml.jackson.databind.type.TypeParser
 796:             1             16  com.fasterxml.jackson.databind.util.RootNameLookup
 797:             1             16  com.sun.management.internal.PlatformMBeanProviderImpl (jdk.management@11.0.22)
 798:             1             16  com.sun.management.internal.PlatformMBeanProviderImpl$$Lambda$44/0x00000008400e0840 (jdk.management@11.0.22)
 799:             1             16  com.sun.proxy.jdk.proxy1.$Proxy1 (jdk.proxy1@)
 800:             1             16  java.io.FileDescriptor$1 (java.base@11.0.22)
 801:             1             16  java.io.FilePermission$1 (java.base@11.0.22)
 802:             1             16  java.io.RandomAccessFile$2 (java.base@11.0.22)
 803:             1             16  java.lang.ApplicationShutdownHooks$1 (java.base@11.0.22)
 804:             1             16  java.lang.CharacterDataLatin1 (java.base@11.0.22)
 805:             1             16  java.lang.Float (java.base@11.0.22)
 806:             1             16  java.lang.InheritableThreadLocal (java.base@11.0.22)
 807:             1             16  java.lang.Module$$Lambda$23/0x00000008400d2040 (java.base@11.0.22)
 808:             1             16  java.lang.Runtime (java.base@11.0.22)
 809:             1             16  java.lang.SecurityManager$$Lambda$29/0x00000008400d4040 (java.base@11.0.22)
 810:             1             16  java.lang.SecurityManager$$Lambda$31/0x00000008400d4c40 (java.base@11.0.22)
 811:             1             16  java.lang.SecurityManager$$Lambda$32/0x00000008400d5040 (java.base@11.0.22)
 812:             1             16  java.lang.SecurityManager$$Lambda$33/0x00000008400d5840 (java.base@11.0.22)
 813:             1             16  java.lang.SecurityManager$$Lambda$34/0x00000008400d6040 (java.base@11.0.22)
 814:             1             16  java.lang.SecurityManager$$Lambda$35/0x00000008400d6440 (java.base@11.0.22)
 815:             1             16  java.lang.SecurityManager$$Lambda$37/0x00000008400d6c40 (java.base@11.0.22)
 816:             1             16  java.lang.SecurityManager$$Lambda$38/0x00000008400d7040 (java.base@11.0.22)
 817:             1             16  java.lang.String$CaseInsensitiveComparator (java.base@11.0.22)
 818:             1             16  java.lang.StringCoding$1 (java.base@11.0.22)
 819:             1             16  java.lang.System$2 (java.base@11.0.22)
 820:             1             16  java.lang.System$LoggerFinder$$Lambda$71/0x0000000840110040 (java.base@11.0.22)
 821:             1             16  java.lang.Terminator$1 (java.base@11.0.22)
 822:             1             16  java.lang.invoke.ClassSpecializer$1 (java.base@11.0.22)
 823:             1             16  java.lang.invoke.MemberName$Factory (java.base@11.0.22)
 824:             1             16  java.lang.invoke.MethodHandleImpl$1 (java.base@11.0.22)
 825:             1             16  java.lang.invoke.StringConcatFactory$MethodHandleInlineCopyStrategy$1 (java.base@11.0.22)
 826:             1             16  java.lang.invoke.StringConcatFactory$MethodHandleInlineCopyStrategy$2 (java.base@11.0.22)
 827:             1             16  java.lang.invoke.StringConcatFactory$MethodHandleInlineCopyStrategy$3 (java.base@11.0.22)
 828:             1             16  java.lang.invoke.VarHandle$1 (java.base@11.0.22)
 829:             1             16  java.lang.management.DefaultPlatformMBeanProvider (java.management@11.0.22)
 830:             1             16  java.lang.management.ManagementFactory$$Lambda$41/0x00000008400d7c40 (java.management@11.0.22)
 831:             1             16  java.lang.management.ManagementFactory$PlatformMBeanFinder$$Lambda$42/0x00000008400e0040 (java.management@11.0.22)
 832:             1             16  java.lang.management.ManagementFactory$PlatformMBeanFinder$$Lambda$49/0x00000008400e1c40 (java.management@11.0.22)
 833:             1             16  java.lang.management.ManagementFactory$PlatformMBeanFinder$$Lambda$50/0x00000008400e2040 (java.management@11.0.22)
 834:             1             16  java.lang.management.ManagementFactory$PlatformMBeanFinder$$Lambda$52/0x00000008400e2c40 (java.management@11.0.22)
 835:             1             16  java.lang.management.ManagementFactory$PlatformMBeanFinder$$Lambda$56/0x00000008400e4040 (java.management@11.0.22)
 836:             1             16  java.lang.management.ManagementFactory$PlatformMBeanFinder$$Lambda$57/0x00000008400e4440 (java.management@11.0.22)
 837:             1             16  java.lang.module.ModuleDescriptor$1 (java.base@11.0.22)
 838:             1             16  java.lang.module.ModuleDescriptor$Builder$$Lambda$22/0x00000008400d1c40 (java.base@11.0.22)
 839:             1             16  java.lang.ref.Cleaner (java.base@11.0.22)
 840:             1             16  java.lang.ref.Cleaner$1 (java.base@11.0.22)
 841:             1             16  java.lang.ref.Reference$1 (java.base@11.0.22)
 842:             1             16  java.lang.reflect.Proxy$$Lambda$19/0x00000008400d1040 (java.base@11.0.22)
 843:             1             16  java.lang.reflect.Proxy$ProxyBuilder$$Lambda$21/0x00000008400d1840 (java.base@11.0.22)
 844:             1             16  java.lang.reflect.ReflectAccess (java.base@11.0.22)
 845:             1             16  java.math.BigDecimal$1 (java.base@11.0.22)
 846:             1             16  java.net.InetAddress$2 (java.base@11.0.22)
 847:             1             16  java.net.InetAddress$PlatformNameService (java.base@11.0.22)
 848:             1             16  java.net.ServerSocket$2 (java.base@11.0.22)
 849:             1             16  java.net.URI$1 (java.base@11.0.22)
 850:             1             16  java.net.URL$3 (java.base@11.0.22)
 851:             1             16  java.net.URL$DefaultFactory (java.base@11.0.22)
 852:             1             16  java.nio.Bits$1 (java.base@11.0.22)
 853:             1             16  java.nio.Buffer$1 (java.base@11.0.22)
 854:             1             16  java.nio.channels.spi.AbstractSelector$1 (java.base@11.0.22)
 855:             1             16  java.security.AllPermission (java.base@11.0.22)
 856:             1             16  java.security.ProtectionDomain$JavaSecurityAccessImpl (java.base@11.0.22)
 857:             1             16  java.util.Collections$EmptyEnumeration (java.base@11.0.22)
 858:             1             16  java.util.Collections$EmptyIterator (java.base@11.0.22)
 859:             1             16  java.util.Collections$EmptyList (java.base@11.0.22)
 860:             1             16  java.util.Collections$EmptySet (java.base@11.0.22)
 861:             1             16  java.util.Collections$UnmodifiableCollection (java.base@11.0.22)
 862:             1             16  java.util.EnumMap$1 (java.base@11.0.22)
 863:             1             16  java.util.IdentityHashMap$Values (java.base@11.0.22)
 864:             1             16  java.util.LinkedHashMap$LinkedValues (java.base@11.0.22)
 865:             1             16  java.util.LinkedHashSet (java.base@11.0.22)
 866:             1             16  java.util.ResourceBundle$1 (java.base@11.0.22)
 867:             1             16  java.util.ResourceBundle$Control (java.base@11.0.22)
 868:             1             16  java.util.Spliterators$EmptySpliterator$OfDouble (java.base@11.0.22)
 869:             1             16  java.util.Spliterators$EmptySpliterator$OfInt (java.base@11.0.22)
 870:             1             16  java.util.Spliterators$EmptySpliterator$OfLong (java.base@11.0.22)
 871:             1             16  java.util.Spliterators$EmptySpliterator$OfRef (java.base@11.0.22)
 872:             1             16  java.util.Timer$1 (java.base@11.0.22)
 873:             1             16  java.util.concurrent.ConcurrentSkipListMap$KeySet (java.base@11.0.22)
 874:             1             16  java.util.concurrent.ConcurrentSkipListSet (java.base@11.0.22)
 875:             1             16  java.util.function.Function$$Lambda$51/0x00000008400e2440 (java.base@11.0.22)
 876:             1             16  java.util.jar.JavaUtilJarAccessImpl (java.base@11.0.22)
 877:             1             16  java.util.logging.Level$$Lambda$12/0x00000008400c5440 (java.logging@11.0.22)
 878:             1             16  java.util.logging.Level$KnownLevel$$Lambda$13/0x00000008400c5840 (java.logging@11.0.22)
 879:             1             16  java.util.logging.LogManager$LoggingProviderAccess (java.logging@11.0.22)
 880:             1             16  java.util.logging.LogManager$VisitedLoggers (java.logging@11.0.22)
 881:             1             16  java.util.regex.CharPredicates$$Lambda$1/0x0000000840067040 (java.base@11.0.22)
 882:             1             16  java.util.regex.Pattern$1 (java.base@11.0.22)
 883:             1             16  java.util.regex.Pattern$LastNode (java.base@11.0.22)
 884:             1             16  java.util.regex.Pattern$Node (java.base@11.0.22)
 885:             1             16  java.util.stream.Collectors$$Lambda$45/0x00000008400e0c40 (java.base@11.0.22)
 886:             1             16  java.util.stream.Collectors$$Lambda$46/0x00000008400e1040 (java.base@11.0.22)
 887:             1             16  java.util.stream.Collectors$$Lambda$47/0x00000008400e1440 (java.base@11.0.22)
 888:             1             16  java.util.stream.Collectors$$Lambda$48/0x00000008400e1840 (java.base@11.0.22)
 889:             1             16  java.util.stream.Collectors$$Lambda$53/0x00000008400e3040 (java.base@11.0.22)
 890:             1             16  java.util.stream.Collectors$$Lambda$62/0x00000008400e5840 (java.base@11.0.22)
 891:             1             16  java.util.stream.Collectors$$Lambda$63/0x00000008400e5c40 (java.base@11.0.22)
 892:             1             16  java.util.stream.Collectors$$Lambda$64/0x00000008400e6040 (java.base@11.0.22)
 893:             1             16  java.util.stream.FindOps$FindSink$OfRef$$Lambda$14/0x00000008400c5c40 (java.base@11.0.22)
 894:             1             16  java.util.stream.FindOps$FindSink$OfRef$$Lambda$15/0x00000008400c6040 (java.base@11.0.22)
 895:             1             16  java.util.stream.FindOps$FindSink$OfRef$$Lambda$16/0x00000008400c6440 (java.base@11.0.22)
 896:             1             16  java.util.stream.FindOps$FindSink$OfRef$$Lambda$17/0x00000008400c6840 (java.base@11.0.22)
 897:             1             16  java.util.zip.ZipFile$1 (java.base@11.0.22)
 898:             1             16  javax.net.DefaultSocketFactory (java.base@11.0.22)
 899:             1             16  jdk.internal.jimage.ImageReaderFactory$1 (java.base@11.0.22)
 900:             1             16  jdk.internal.jimage.ImageStringsReader (java.base@11.0.22)
 901:             1             16  jdk.internal.jimage.decompressor.Decompressor (java.base@11.0.22)
 902:             1             16  jdk.internal.logger.LazyLoggers$1 (java.base@11.0.22)
 903:             1             16  jdk.internal.logger.LazyLoggers$LazyLoggerFactories (java.base@11.0.22)
 904:             1             16  jdk.internal.math.FloatingDecimal$1 (java.base@11.0.22)
 905:             1             16  jdk.internal.misc.TerminatingThreadLocal$1 (java.base@11.0.22)
 906:             1             16  jdk.internal.misc.Unsafe (java.base@11.0.22)
 907:             1             16  jdk.internal.module.ModulePatcher (java.base@11.0.22)
 908:             1             16  jdk.internal.module.ModuleTarget (java.base@11.0.22)
 909:             1             16  jdk.internal.module.SystemModules$default (java.base@11.0.22)
 910:             1             16  jdk.internal.perf.Perf (java.base@11.0.22)
 911:             1             16  jdk.internal.reflect.ReflectionFactory (java.base@11.0.22)
 912:             1             16  jdk.internal.util.Preconditions$1 (java.base@11.0.22)
 913:             1             16  jdk.net.ExtendedSocketOptions$1 (jdk.net@11.0.22)
 914:             1             16  jdk.net.LinuxSocketOptions (jdk.net@11.0.22)
 915:             1             16  jdk.net.LinuxSocketOptions$$Lambda$40/0x00000008400d7840 (jdk.net@11.0.22)
 916:             1             16  org.postgresql.Driver$$Lambda$25/0x00000008400d2840
 917:             1             16  org.postgresql.util.LazyCleaner$$Lambda$69/0x00000008400e6840
 918:             1             16  org.postgresql.util.LazyCleaner$1
 919:             1             16  sun.net.httpserver.ContextList (jdk.httpserver@11.0.22)
 920:             1             16  sun.net.httpserver.DefaultHttpServerProvider (jdk.httpserver@11.0.22)
 921:             1             16  sun.net.httpserver.HttpServerImpl (jdk.httpserver@11.0.22)
 922:             1             16  sun.net.httpserver.ServerImpl$DefaultExecutor (jdk.httpserver@11.0.22)
 923:             1             16  sun.net.spi.DefaultProxySelector (java.base@11.0.22)
 924:             1             16  sun.net.www.protocol.file.Handler (java.base@11.0.22)
 925:             1             16  sun.net.www.protocol.jar.Handler (java.base@11.0.22)
 926:             1             16  sun.net.www.protocol.jar.JarFileFactory (java.base@11.0.22)
 927:             1             16  sun.net.www.protocol.jrt.Handler (java.base@11.0.22)
 928:             1             16  sun.nio.ch.EPollSelectorProvider (java.base@11.0.22)
 929:             1             16  sun.nio.ch.Net$1 (java.base@11.0.22)
 930:             1             16  sun.nio.ch.SocketDispatcher (java.base@11.0.22)
 931:             1             16  sun.nio.ch.Util$1 (java.base@11.0.22)
 932:             1             16  sun.nio.ch.Util$2 (java.base@11.0.22)
 933:             1             16  sun.nio.fs.LinuxFileSystemProvider (java.base@11.0.22)
 934:             1             16  sun.nio.fs.NativeBuffers$1 (java.base@11.0.22)
 935:             1             16  sun.security.jca.ProviderConfig$ProviderLoader (java.base@11.0.22)
 936:             1             16  sun.security.util.ByteArrayLexOrder (java.base@11.0.22)
 937:             1             16  sun.security.util.ByteArrayTagOrder (java.base@11.0.22)
 938:             1             16  sun.text.normalizer.Norm2AllModes$DecomposeNormalizer2 (java.base@11.0.22)
 939:             1             16  sun.text.normalizer.Norm2AllModes$NoopNormalizer2 (java.base@11.0.22)
 940:             1             16  sun.text.normalizer.NormalizerBase$ModeImpl (java.base@11.0.22)
 941:             1             16  sun.text.normalizer.NormalizerBase$NFCMode (java.base@11.0.22)
 942:             1             16  sun.text.normalizer.NormalizerBase$NFDMode (java.base@11.0.22)
 943:             1             16  sun.text.normalizer.NormalizerBase$NFKCMode (java.base@11.0.22)
 944:             1             16  sun.text.normalizer.NormalizerBase$NFKDMode (java.base@11.0.22)
 945:             1             16  sun.text.normalizer.NormalizerBase$NONEMode (java.base@11.0.22)
 946:             1             16  sun.text.normalizer.NormalizerImpl$IsAcceptable (java.base@11.0.22)
 947:             1             16  sun.text.normalizer.Trie2$1 (java.base@11.0.22)
 948:             1             16  sun.text.normalizer.VersionInfo (java.base@11.0.22)
 949:             1             16  sun.util.calendar.Gregorian (java.base@11.0.22)
 950:             1             16  sun.util.cldr.CLDRBaseLocaleDataMetaInfo (java.base@11.0.22)
 951:             1             16  sun.util.locale.InternalLocaleBuilder$CaseInsensitiveChar (java.base@11.0.22)
 952:             1             16  sun.util.locale.provider.CalendarDataUtility$CalendarWeekParameterGetter (java.base@11.0.22)
 953:             1             16  sun.util.logging.internal.LoggingProviderImpl (java.logging@11.0.22)
 954:             1             16  sun.util.logging.internal.LoggingProviderImpl$JULWrapper (java.logging@11.0.22)
 955:             1             16  sun.util.resources.LocaleData$LocaleDataStrategy (java.base@11.0.22)
 956:             1             16  sun.util.resources.cldr.provider.CLDRLocaleDataMetaInfo (jdk.localedata@11.0.22)
Total         78774        3548544
38719:
 garbage-first heap   total 17408K, used 3465K [0x0000000084200000, 0x0000000100000000)
  region size 1024K, 0 young (0K), 0 survivors (0K)
 Metaspace       used 9859K, capacity 10548K, committed 10752K, reserved 1058816K
  class space    used 1049K, capacity 1184K, committed 1280K, reserved 1048576K
38719:
2024-03-09 14:15:39
Full thread dump OpenJDK 64-Bit Server VM (11.0.22+7-post-Ubuntu-0ubuntu222.04.1 mixed mode, sharing):

Threads class SMR info:
_java_thread_list=0x00007f42e8000c40, length=14, elements={
0x00007f433012b000, 0x00007f433012d000, 0x00007f4330135800, 0x00007f4330137800,
0x00007f4330139800, 0x00007f433013b800, 0x00007f433013d800, 0x00007f4330179000,
0x00007f42e42da000, 0x00007f4330445000, 0x00007f4330471800, 0x00007f433047f800,
0x00007f4330015800, 0x00007f42e8001000
}

"Reference Handler" #2 daemon prio=10 os_prio=0 cpu=0.54ms elapsed=3.79s tid=0x00007f433012b000 nid=0x9748 waiting on condition  [0x00007f4334484000]
   java.lang.Thread.State: RUNNABLE
        at java.lang.ref.Reference.waitForReferencePendingList(java.base@11.0.22/Native Method)
        at java.lang.ref.Reference.processPendingReferences(java.base@11.0.22/Reference.java:241)
        at java.lang.ref.Reference$ReferenceHandler.run(java.base@11.0.22/Reference.java:213)

"Finalizer" #3 daemon prio=8 os_prio=0 cpu=0.45ms elapsed=3.79s tid=0x00007f433012d000 nid=0x9749 in Object.wait()  [0x00007f4334384000]
   java.lang.Thread.State: WAITING (on object monitor)
        at java.lang.Object.wait(java.base@11.0.22/Native Method)
        - waiting on <0x0000000085303430> (a java.lang.ref.ReferenceQueue$Lock)
        at java.lang.ref.ReferenceQueue.remove(java.base@11.0.22/ReferenceQueue.java:155)
        - waiting to re-lock in wait() <0x0000000085303430> (a java.lang.ref.ReferenceQueue$Lock)
        at java.lang.ref.ReferenceQueue.remove(java.base@11.0.22/ReferenceQueue.java:176)
        at java.lang.ref.Finalizer$FinalizerThread.run(java.base@11.0.22/Finalizer.java:170)

"Signal Dispatcher" #4 daemon prio=9 os_prio=0 cpu=0.45ms elapsed=3.78s tid=0x00007f4330135800 nid=0x974a runnable  [0x0000000000000000]
   java.lang.Thread.State: RUNNABLE

"Service Thread" #5 daemon prio=9 os_prio=0 cpu=0.11ms elapsed=3.78s tid=0x00007f4330137800 nid=0x974b runnable  [0x0000000000000000]
   java.lang.Thread.State: RUNNABLE

"C2 CompilerThread0" #6 daemon prio=9 os_prio=0 cpu=242.88ms elapsed=3.78s tid=0x00007f4330139800 nid=0x974c waiting on condition  [0x0000000000000000]
   java.lang.Thread.State: RUNNABLE
   No compile task

"C1 CompilerThread0" #9 daemon prio=9 os_prio=0 cpu=276.70ms elapsed=3.78s tid=0x00007f433013b800 nid=0x974d waiting on condition  [0x0000000000000000]
   java.lang.Thread.State: RUNNABLE
   No compile task

"Sweeper thread" #10 daemon prio=9 os_prio=0 cpu=0.20ms elapsed=3.78s tid=0x00007f433013d800 nid=0x974e runnable  [0x0000000000000000]
   java.lang.Thread.State: RUNNABLE

"Common-Cleaner" #11 daemon prio=8 os_prio=0 cpu=0.68ms elapsed=3.75s tid=0x00007f4330179000 nid=0x9750 in Object.wait()  [0x00007f43183d8000]
   java.lang.Thread.State: TIMED_WAITING (on object monitor)
        at java.lang.Object.wait(java.base@11.0.22/Native Method)
        - waiting on <0x0000000085303d68> (a java.lang.ref.ReferenceQueue$Lock)
        at java.lang.ref.ReferenceQueue.remove(java.base@11.0.22/ReferenceQueue.java:155)
        - waiting to re-lock in wait() <0x0000000085303d68> (a java.lang.ref.ReferenceQueue$Lock)
        at jdk.internal.ref.CleanerImpl.run(java.base@11.0.22/CleanerImpl.java:148)
        at java.lang.Thread.run(java.base@11.0.22/Thread.java:829)
        at jdk.internal.misc.InnocuousThread.run(java.base@11.0.22/InnocuousThread.java:161)

"C2 CompilerThread1" #7 daemon prio=9 os_prio=0 cpu=63.13ms elapsed=2.98s tid=0x00007f42e42da000 nid=0x9773 waiting on condition  [0x0000000000000000]
   java.lang.Thread.State: RUNNABLE
   No compile task

"PostgreSQL-JDBC-Cleaner" #13 daemon prio=5 os_prio=0 cpu=0.17ms elapsed=2.86s tid=0x00007f4330445000 nid=0x9775 in Object.wait()  [0x00007f4318154000]
   java.lang.Thread.State: TIMED_WAITING (on object monitor)
        at java.lang.Object.wait(java.base@11.0.22/Native Method)
        - waiting on <0x0000000085304098> (a java.lang.ref.ReferenceQueue$Lock)
        at java.lang.ref.ReferenceQueue.remove(java.base@11.0.22/ReferenceQueue.java:155)
        - waiting to re-lock in wait() <0x0000000085304098> (a java.lang.ref.ReferenceQueue$Lock)
        at org.postgresql.util.LazyCleaner$1.run(LazyCleaner.java:129)
        at java.lang.Thread.run(java.base@11.0.22/Thread.java:829)

"idle-timeout-task" #14 daemon prio=5 os_prio=0 cpu=0.20ms elapsed=2.79s tid=0x00007f4330471800 nid=0x9778 in Object.wait()  [0x00007f43095fc000]
   java.lang.Thread.State: TIMED_WAITING (on object monitor)
        at java.lang.Object.wait(java.base@11.0.22/Native Method)
        - waiting on <0x00000000842b7440> (a java.util.TaskQueue)
        at java.util.TimerThread.mainLoop(java.base@11.0.22/Timer.java:553)
        - waiting to re-lock in wait() <0x00000000842b7440> (a java.util.TaskQueue)
        at java.util.TimerThread.run(java.base@11.0.22/Timer.java:506)

"HTTP-Dispatcher" #15 prio=5 os_prio=0 cpu=0.64ms elapsed=2.77s tid=0x00007f433047f800 nid=0x9779 runnable  [0x00007f43094fc000]
   java.lang.Thread.State: RUNNABLE
        at sun.nio.ch.EPoll.wait(java.base@11.0.22/Native Method)
        at sun.nio.ch.EPollSelectorImpl.doSelect(java.base@11.0.22/EPollSelectorImpl.java:120)
        at sun.nio.ch.SelectorImpl.lockAndDoSelect(java.base@11.0.22/SelectorImpl.java:124)
        - locked <0x00000000842b6000> (a sun.nio.ch.Util$2)
        - locked <0x00000000842b5e40> (a sun.nio.ch.EPollSelectorImpl)
        at sun.nio.ch.SelectorImpl.select(java.base@11.0.22/SelectorImpl.java:136)
        at sun.net.httpserver.ServerImpl$Dispatcher.run(jdk.httpserver@11.0.22/ServerImpl.java:471)
        at java.lang.Thread.run(java.base@11.0.22/Thread.java:829)

"DestroyJavaVM" #16 prio=5 os_prio=0 cpu=585.29ms elapsed=2.77s tid=0x00007f4330015800 nid=0x9741 waiting on condition  [0x0000000000000000]
   java.lang.Thread.State: RUNNABLE

"Attach Listener" #17 daemon prio=9 os_prio=0 cpu=1.76ms elapsed=0.66s tid=0x00007f42e8001000 nid=0x9813 waiting on condition  [0x0000000000000000]
   java.lang.Thread.State: RUNNABLE

"VM Thread" os_prio=0 cpu=10.00ms elapsed=3.79s tid=0x00007f4330128800 nid=0x9747 runnable

"GC Thread#0" os_prio=0 cpu=10.14ms elapsed=3.80s tid=0x00007f433002f800 nid=0x9742 runnable

"GC Thread#1" os_prio=0 cpu=9.51ms elapsed=2.85s tid=0x00007f42fc001000 nid=0x9776 runnable

"GC Thread#2" os_prio=0 cpu=9.45ms elapsed=2.85s tid=0x00007f42fc002800 nid=0x9777 runnable

"G1 Main Marker" os_prio=0 cpu=0.25ms elapsed=3.80s tid=0x00007f4330061000 nid=0x9743 runnable

"G1 Conc#0" os_prio=0 cpu=0.09ms elapsed=3.80s tid=0x00007f4330063000 nid=0x9744 runnable

"G1 Refine#0" os_prio=0 cpu=0.29ms elapsed=3.79s tid=0x00007f43300f4000 nid=0x9745 runnable

"G1 Young RemSet Sampling" os_prio=0 cpu=0.57ms elapsed=3.79s tid=0x00007f43300f6000 nid=0x9746 runnable
"VM Periodic Task Thread" os_prio=0 cpu=1.47ms elapsed=3.75s tid=0x00007f4330176800 nid=0x974f waiting on condition

JNI global refs: 19, weak refs: 0

38719:
-XX:CICompilerCount=4 -XX:ConcGCThreads=3 -XX:G1ConcRefinementThreads=10 -XX:G1HeapRegionSize=1048576 -XX:GCDrainStackTargetSize=64 -XX:InitialHeapSize=130023424 -XX:MarkStackSize=4194304 -XX:MaxHeapSize=2078277632 -XX:MaxNewSize=1246756864 -XX:MinHeapDeltaBytes=1048576 -XX:NonNMethodCodeHeapSize=5836300 -XX:NonProfiledCodeHeapSize=122910970 -XX:ProfiledCodeHeapSize=122910970 -XX:ReservedCodeCacheSize=251658240 -XX:+SegmentedCodeCache -XX:+UseCompressedClassPointers -XX:+UseCompressedOops -XX:+UseG1GC
38719:
#Sat Mar 09 14:15:40 EST 2024
awt.toolkit=sun.awt.X11.XToolkit
java.specification.version=11
sun.cpu.isalist=
sun.jnu.encoding=UTF-8
java.class.path=.\:./ProductService/jackson-annotations-2.16.1.jar\:./ProductService/jackson-core-2.16.1.jar\:./ProductService/jackson-databind-2.16.1.jar\:./ProductService/postgresql-42.7.2.jar
java.vm.vendor=Ubuntu
sun.arch.data.model=64
java.vendor.url=https\://ubuntu.com/
user.timezone=America/New_York
java.vm.specification.version=11
os.name=Linux
sun.java.launcher=SUN_STANDARD
sun.boot.library.path=/usr/lib/jvm/java-11-openjdk-amd64/lib
sun.java.command=ProductService.ProductService
jdk.debug=release
sun.cpu.endian=little
user.home=/home/masa
user.language=en
java.specification.vendor=Oracle Corporation
java.version.date=2024-01-16
java.home=/usr/lib/jvm/java-11-openjdk-amd64
file.separator=/
java.vm.compressedOopsMode=32-bit
line.separator=\n
java.vm.specification.vendor=Oracle Corporation
java.specification.name=Java Platform API Specification
java.awt.graphicsenv=sun.awt.X11GraphicsEnvironment
sun.management.compiler=HotSpot 64-Bit Tiered Compilers
java.runtime.version=11.0.22+7-post-Ubuntu-0ubuntu222.04.1
user.name=masa
path.separator=\:
os.version=5.15.146.1-microsoft-standard-WSL2
java.runtime.name=OpenJDK Runtime Environment
file.encoding=UTF-8
java.vm.name=OpenJDK 64-Bit Server VM
java.vendor.url.bug=https\://bugs.launchpad.net/ubuntu/+source/openjdk-lts
java.io.tmpdir=/tmp
java.version=11.0.22
user.dir=/mnt/c/Users/faisa/Documents/csc301/a2/Microservice/final/a2/compiled
os.arch=amd64
java.vm.specification.name=Java Virtual Machine Specification
java.awt.printerjob=sun.print.PSPrinterJob
sun.os.patch.level=unknown
java.library.path=/usr/java/packages/lib\:/usr/lib/x86_64-linux-gnu/jni\:/lib/x86_64-linux-gnu\:/usr/lib/x86_64-linux-gnu\:/usr/lib/jni\:/lib\:/usr/lib
java.vm.info=mixed mode, sharing
java.vendor=Ubuntu
java.vm.version=11.0.22+7-post-Ubuntu-0ubuntu222.04.1
java.specification.maintenance.version=2
sun.io.unicode.encoding=UnicodeLittle
java.class.version=55.0
38719:
OpenJDK 64-Bit Server VM version 11.0.22+7-post-Ubuntu-0ubuntu222.04.1
JDK 11.0.22
38719:
VM Arguments:
java_command: ProductService.ProductService
java_class_path (initial): .:./ProductService/jackson-annotations-2.16.1.jar:./ProductService/jackson-core-2.16.1.jar:./ProductService/jackson-databind-2.16.1.jar:./ProductService/postgresql-42.7.2.jar
Launcher Type: SUN_STANDARD
Ready
PS C:\Users\faisa\Documents\csc301\a2\Microservice>