nohup: appending output to 'nohup.out'
38687:
#
# JRE version: OpenJDK Runtime Environment (11.0.22+7) (build 11.0.22+7-post-Ubuntu-0ubuntu222.04.1)
# Java VM: OpenJDK 64-Bit Server VM (11.0.22+7-post-Ubuntu-0ubuntu222.04.1, mixed mode, sharing, tiered, compressed oops, g1 gc, linux-amd64)

---------------  S U M M A R Y ------------

Command Line: UserService.UserService

Host: AMD Ryzen 5 3600 6-Core Processor, 12 cores, 7G, Ubuntu 22.04.3 LTS
Time: Sat Mar  9 14:15:38 2024 EST elapsed time: 3.233272 seconds (0d 0h 0m 3s)

---------------  P R O C E S S  ---------------

Heap address: 0x0000000084200000, size: 1982 MB, Compressed Oops mode: 32-bit
Narrow klass base: 0x0000000800000000, Narrow klass shift: 3
Compressed class space size: 1073741824 Address: 0x0000000840000000

Heap:
 garbage-first heap   total 129024K, used 5538K [0x0000000084200000, 0x0000000100000000)
  region size 1024K, 6 young (6144K), 3 survivors (3072K)
 Metaspace       used 9772K, capacity 10452K, committed 10624K, reserved 1058816K
  class space    used 1038K, capacity 1152K, committed 1152K, reserved 1048576K
Heap Regions: E=young(eden), S=young(survivor), O=old, HS=humongous(starts), HC=humongous(continues), CS=collection set, F=free, A=archive, TAMS=top-at-mark-start (previous, next)
|   0|0x0000000084200000, 0x0000000084200000, 0x0000000084300000|  0%| F|  |TAMS 0x0000000084200000, 0x0000000084200000| Untracked
|   1|0x0000000084300000, 0x0000000084300000, 0x0000000084400000|  0%| F|  |TAMS 0x0000000084300000, 0x0000000084300000| Untracked
|   2|0x0000000084400000, 0x0000000084400000, 0x0000000084500000|  0%| F|  |TAMS 0x0000000084400000, 0x0000000084400000| Untracked
|   3|0x0000000084500000, 0x0000000084500000, 0x0000000084600000|  0%| F|  |TAMS 0x0000000084500000, 0x0000000084500000| Untracked
|   4|0x0000000084600000, 0x0000000084600000, 0x0000000084700000|  0%| F|  |TAMS 0x0000000084600000, 0x0000000084600000| Untracked
|   5|0x0000000084700000, 0x0000000084700000, 0x0000000084800000|  0%| F|  |TAMS 0x0000000084700000, 0x0000000084700000| Untracked
|   6|0x0000000084800000, 0x0000000084800000, 0x0000000084900000|  0%| F|  |TAMS 0x0000000084800000, 0x0000000084800000| Untracked
|   7|0x0000000084900000, 0x0000000084900000, 0x0000000084a00000|  0%| F|  |TAMS 0x0000000084900000, 0x0000000084900000| Untracked
|   8|0x0000000084a00000, 0x0000000084a00000, 0x0000000084b00000|  0%| F|  |TAMS 0x0000000084a00000, 0x0000000084a00000| Untracked
|   9|0x0000000084b00000, 0x0000000084b00000, 0x0000000084c00000|  0%| F|  |TAMS 0x0000000084b00000, 0x0000000084b00000| Untracked
|  10|0x0000000084c00000, 0x0000000084c00000, 0x0000000084d00000|  0%| F|  |TAMS 0x0000000084c00000, 0x0000000084c00000| Untracked
|  11|0x0000000084d00000, 0x0000000084d00000, 0x0000000084e00000|  0%| F|  |TAMS 0x0000000084d00000, 0x0000000084d00000| Untracked
|  12|0x0000000084e00000, 0x0000000084e00000, 0x0000000084f00000|  0%| F|  |TAMS 0x0000000084e00000, 0x0000000084e00000| Untracked
|  13|0x0000000084f00000, 0x0000000084f00000, 0x0000000085000000|  0%| F|  |TAMS 0x0000000084f00000, 0x0000000084f00000| Untracked
|  14|0x0000000085000000, 0x0000000085000000, 0x0000000085100000|  0%| F|  |TAMS 0x0000000085000000, 0x0000000085000000| Untracked
|  15|0x0000000085100000, 0x0000000085100000, 0x0000000085200000|  0%| F|  |TAMS 0x0000000085100000, 0x0000000085100000| Untracked
|  16|0x0000000085200000, 0x0000000085200000, 0x0000000085300000|  0%| F|  |TAMS 0x0000000085200000, 0x0000000085200000| Untracked
|  17|0x0000000085300000, 0x0000000085300000, 0x0000000085400000|  0%| F|  |TAMS 0x0000000085300000, 0x0000000085300000| Untracked
|  18|0x0000000085400000, 0x0000000085400000, 0x0000000085500000|  0%| F|  |TAMS 0x0000000085400000, 0x0000000085400000| Untracked
|  19|0x0000000085500000, 0x0000000085500000, 0x0000000085600000|  0%| F|  |TAMS 0x0000000085500000, 0x0000000085500000| Untracked
|  20|0x0000000085600000, 0x0000000085600000, 0x0000000085700000|  0%| F|  |TAMS 0x0000000085600000, 0x0000000085600000| Untracked
|  21|0x0000000085700000, 0x0000000085700000, 0x0000000085800000|  0%| F|  |TAMS 0x0000000085700000, 0x0000000085700000| Untracked
|  22|0x0000000085800000, 0x0000000085800000, 0x0000000085900000|  0%| F|  |TAMS 0x0000000085800000, 0x0000000085800000| Untracked
|  23|0x0000000085900000, 0x0000000085900000, 0x0000000085a00000|  0%| F|  |TAMS 0x0000000085900000, 0x0000000085900000| Untracked
|  24|0x0000000085a00000, 0x0000000085a00000, 0x0000000085b00000|  0%| F|  |TAMS 0x0000000085a00000, 0x0000000085a00000| Untracked
|  25|0x0000000085b00000, 0x0000000085b00000, 0x0000000085c00000|  0%| F|  |TAMS 0x0000000085b00000, 0x0000000085b00000| Untracked
|  26|0x0000000085c00000, 0x0000000085c00000, 0x0000000085d00000|  0%| F|  |TAMS 0x0000000085c00000, 0x0000000085c00000| Untracked
|  27|0x0000000085d00000, 0x0000000085d00000, 0x0000000085e00000|  0%| F|  |TAMS 0x0000000085d00000, 0x0000000085d00000| Untracked
|  28|0x0000000085e00000, 0x0000000085e00000, 0x0000000085f00000|  0%| F|  |TAMS 0x0000000085e00000, 0x0000000085e00000| Untracked
|  29|0x0000000085f00000, 0x0000000085f00000, 0x0000000086000000|  0%| F|  |TAMS 0x0000000085f00000, 0x0000000085f00000| Untracked
|  30|0x0000000086000000, 0x0000000086000000, 0x0000000086100000|  0%| F|  |TAMS 0x0000000086000000, 0x0000000086000000| Untracked
|  31|0x0000000086100000, 0x0000000086100000, 0x0000000086200000|  0%| F|  |TAMS 0x0000000086100000, 0x0000000086100000| Untracked
|  32|0x0000000086200000, 0x0000000086200000, 0x0000000086300000|  0%| F|  |TAMS 0x0000000086200000, 0x0000000086200000| Untracked
|  33|0x0000000086300000, 0x0000000086300000, 0x0000000086400000|  0%| F|  |TAMS 0x0000000086300000, 0x0000000086300000| Untracked
|  34|0x0000000086400000, 0x0000000086400000, 0x0000000086500000|  0%| F|  |TAMS 0x0000000086400000, 0x0000000086400000| Untracked
|  35|0x0000000086500000, 0x0000000086500000, 0x0000000086600000|  0%| F|  |TAMS 0x0000000086500000, 0x0000000086500000| Untracked
|  36|0x0000000086600000, 0x0000000086600000, 0x0000000086700000|  0%| F|  |TAMS 0x0000000086600000, 0x0000000086600000| Untracked
|  37|0x0000000086700000, 0x0000000086700000, 0x0000000086800000|  0%| F|  |TAMS 0x0000000086700000, 0x0000000086700000| Untracked
|  38|0x0000000086800000, 0x0000000086800000, 0x0000000086900000|  0%| F|  |TAMS 0x0000000086800000, 0x0000000086800000| Untracked
|  39|0x0000000086900000, 0x0000000086900000, 0x0000000086a00000|  0%| F|  |TAMS 0x0000000086900000, 0x0000000086900000| Untracked
|  40|0x0000000086a00000, 0x0000000086a00000, 0x0000000086b00000|  0%| F|  |TAMS 0x0000000086a00000, 0x0000000086a00000| Untracked
|  41|0x0000000086b00000, 0x0000000086b00000, 0x0000000086c00000|  0%| F|  |TAMS 0x0000000086b00000, 0x0000000086b00000| Untracked
|  42|0x0000000086c00000, 0x0000000086c00000, 0x0000000086d00000|  0%| F|  |TAMS 0x0000000086c00000, 0x0000000086c00000| Untracked
|  43|0x0000000086d00000, 0x0000000086d00000, 0x0000000086e00000|  0%| F|  |TAMS 0x0000000086d00000, 0x0000000086d00000| Untracked
|  44|0x0000000086e00000, 0x0000000086e00000, 0x0000000086f00000|  0%| F|  |TAMS 0x0000000086e00000, 0x0000000086e00000| Untracked
|  45|0x0000000086f00000, 0x0000000086f00000, 0x0000000087000000|  0%| F|  |TAMS 0x0000000086f00000, 0x0000000086f00000| Untracked
|  46|0x0000000087000000, 0x0000000087000000, 0x0000000087100000|  0%| F|  |TAMS 0x0000000087000000, 0x0000000087000000| Untracked
|  47|0x0000000087100000, 0x0000000087100000, 0x0000000087200000|  0%| F|  |TAMS 0x0000000087100000, 0x0000000087100000| Untracked
|  48|0x0000000087200000, 0x0000000087200000, 0x0000000087300000|  0%| F|  |TAMS 0x0000000087200000, 0x0000000087200000| Untracked
|  49|0x0000000087300000, 0x0000000087300000, 0x0000000087400000|  0%| F|  |TAMS 0x0000000087300000, 0x0000000087300000| Untracked
|  50|0x0000000087400000, 0x0000000087400000, 0x0000000087500000|  0%| F|  |TAMS 0x0000000087400000, 0x0000000087400000| Untracked
|  51|0x0000000087500000, 0x0000000087500000, 0x0000000087600000|  0%| F|  |TAMS 0x0000000087500000, 0x0000000087500000| Untracked
|  52|0x0000000087600000, 0x0000000087600000, 0x0000000087700000|  0%| F|  |TAMS 0x0000000087600000, 0x0000000087600000| Untracked
|  53|0x0000000087700000, 0x0000000087700000, 0x0000000087800000|  0%| F|  |TAMS 0x0000000087700000, 0x0000000087700000| Untracked
|  54|0x0000000087800000, 0x0000000087800000, 0x0000000087900000|  0%| F|  |TAMS 0x0000000087800000, 0x0000000087800000| Untracked
|  55|0x0000000087900000, 0x0000000087900000, 0x0000000087a00000|  0%| F|  |TAMS 0x0000000087900000, 0x0000000087900000| Untracked
|  56|0x0000000087a00000, 0x0000000087a00000, 0x0000000087b00000|  0%| F|  |TAMS 0x0000000087a00000, 0x0000000087a00000| Untracked
|  57|0x0000000087b00000, 0x0000000087b00000, 0x0000000087c00000|  0%| F|  |TAMS 0x0000000087b00000, 0x0000000087b00000| Untracked
|  58|0x0000000087c00000, 0x0000000087c00000, 0x0000000087d00000|  0%| F|  |TAMS 0x0000000087c00000, 0x0000000087c00000| Untracked
|  59|0x0000000087d00000, 0x0000000087d00000, 0x0000000087e00000|  0%| F|  |TAMS 0x0000000087d00000, 0x0000000087d00000| Untracked
|  60|0x0000000087e00000, 0x0000000087e00000, 0x0000000087f00000|  0%| F|  |TAMS 0x0000000087e00000, 0x0000000087e00000| Untracked
|  61|0x0000000087f00000, 0x0000000087f00000, 0x0000000088000000|  0%| F|  |TAMS 0x0000000087f00000, 0x0000000087f00000| Untracked
|  62|0x0000000088000000, 0x0000000088000000, 0x0000000088100000|  0%| F|  |TAMS 0x0000000088000000, 0x0000000088000000| Untracked
|  63|0x0000000088100000, 0x0000000088100000, 0x0000000088200000|  0%| F|  |TAMS 0x0000000088100000, 0x0000000088100000| Untracked
|  64|0x0000000088200000, 0x0000000088200000, 0x0000000088300000|  0%| F|  |TAMS 0x0000000088200000, 0x0000000088200000| Untracked
|  65|0x0000000088300000, 0x0000000088300000, 0x0000000088400000|  0%| F|  |TAMS 0x0000000088300000, 0x0000000088300000| Untracked
|  66|0x0000000088400000, 0x0000000088400000, 0x0000000088500000|  0%| F|  |TAMS 0x0000000088400000, 0x0000000088400000| Untracked
|  67|0x0000000088500000, 0x0000000088500000, 0x0000000088600000|  0%| F|  |TAMS 0x0000000088500000, 0x0000000088500000| Untracked
|  68|0x0000000088600000, 0x0000000088600000, 0x0000000088700000|  0%| F|  |TAMS 0x0000000088600000, 0x0000000088600000| Untracked
|  69|0x0000000088700000, 0x0000000088700000, 0x0000000088800000|  0%| F|  |TAMS 0x0000000088700000, 0x0000000088700000| Untracked
|  70|0x0000000088800000, 0x0000000088800000, 0x0000000088900000|  0%| F|  |TAMS 0x0000000088800000, 0x0000000088800000| Untracked
|  71|0x0000000088900000, 0x0000000088900000, 0x0000000088a00000|  0%| F|  |TAMS 0x0000000088900000, 0x0000000088900000| Untracked
|  72|0x0000000088a00000, 0x0000000088a00000, 0x0000000088b00000|  0%| F|  |TAMS 0x0000000088a00000, 0x0000000088a00000| Untracked
|  73|0x0000000088b00000, 0x0000000088b00000, 0x0000000088c00000|  0%| F|  |TAMS 0x0000000088b00000, 0x0000000088b00000| Untracked
|  74|0x0000000088c00000, 0x0000000088c00000, 0x0000000088d00000|  0%| F|  |TAMS 0x0000000088c00000, 0x0000000088c00000| Untracked
|  75|0x0000000088d00000, 0x0000000088d00000, 0x0000000088e00000|  0%| F|  |TAMS 0x0000000088d00000, 0x0000000088d00000| Untracked
|  76|0x0000000088e00000, 0x0000000088e00000, 0x0000000088f00000|  0%| F|  |TAMS 0x0000000088e00000, 0x0000000088e00000| Untracked
|  77|0x0000000088f00000, 0x0000000088f00000, 0x0000000089000000|  0%| F|  |TAMS 0x0000000088f00000, 0x0000000088f00000| Untracked
|  78|0x0000000089000000, 0x0000000089000000, 0x0000000089100000|  0%| F|  |TAMS 0x0000000089000000, 0x0000000089000000| Untracked
|  79|0x0000000089100000, 0x0000000089100000, 0x0000000089200000|  0%| F|  |TAMS 0x0000000089100000, 0x0000000089100000| Untracked
|  80|0x0000000089200000, 0x0000000089200000, 0x0000000089300000|  0%| F|  |TAMS 0x0000000089200000, 0x0000000089200000| Untracked
|  81|0x0000000089300000, 0x0000000089300000, 0x0000000089400000|  0%| F|  |TAMS 0x0000000089300000, 0x0000000089300000| Untracked
|  82|0x0000000089400000, 0x0000000089400000, 0x0000000089500000|  0%| F|  |TAMS 0x0000000089400000, 0x0000000089400000| Untracked
|  83|0x0000000089500000, 0x0000000089500000, 0x0000000089600000|  0%| F|  |TAMS 0x0000000089500000, 0x0000000089500000| Untracked
|  84|0x0000000089600000, 0x0000000089600000, 0x0000000089700000|  0%| F|  |TAMS 0x0000000089600000, 0x0000000089600000| Untracked
|  85|0x0000000089700000, 0x0000000089700000, 0x0000000089800000|  0%| F|  |TAMS 0x0000000089700000, 0x0000000089700000| Untracked
|  86|0x0000000089800000, 0x0000000089800000, 0x0000000089900000|  0%| F|  |TAMS 0x0000000089800000, 0x0000000089800000| Untracked
|  87|0x0000000089900000, 0x0000000089900000, 0x0000000089a00000|  0%| F|  |TAMS 0x0000000089900000, 0x0000000089900000| Untracked
|  88|0x0000000089a00000, 0x0000000089a00000, 0x0000000089b00000|  0%| F|  |TAMS 0x0000000089a00000, 0x0000000089a00000| Untracked
|  89|0x0000000089b00000, 0x0000000089b00000, 0x0000000089c00000|  0%| F|  |TAMS 0x0000000089b00000, 0x0000000089b00000| Untracked
|  90|0x0000000089c00000, 0x0000000089c00000, 0x0000000089d00000|  0%| F|  |TAMS 0x0000000089c00000, 0x0000000089c00000| Untracked
|  91|0x0000000089d00000, 0x0000000089d00000, 0x0000000089e00000|  0%| F|  |TAMS 0x0000000089d00000, 0x0000000089d00000| Untracked
|  92|0x0000000089e00000, 0x0000000089e00000, 0x0000000089f00000|  0%| F|  |TAMS 0x0000000089e00000, 0x0000000089e00000| Untracked
|  93|0x0000000089f00000, 0x0000000089f00000, 0x000000008a000000|  0%| F|  |TAMS 0x0000000089f00000, 0x0000000089f00000| Untracked
|  94|0x000000008a000000, 0x000000008a000000, 0x000000008a100000|  0%| F|  |TAMS 0x000000008a000000, 0x000000008a000000| Untracked
|  95|0x000000008a100000, 0x000000008a100000, 0x000000008a200000|  0%| F|  |TAMS 0x000000008a100000, 0x000000008a100000| Untracked
|  96|0x000000008a200000, 0x000000008a200000, 0x000000008a300000|  0%| F|  |TAMS 0x000000008a200000, 0x000000008a200000| Untracked
|  97|0x000000008a300000, 0x000000008a3b4870, 0x000000008a400000| 70%| S|CS|TAMS 0x000000008a300000, 0x000000008a300000| Complete
|  98|0x000000008a400000, 0x000000008a500000, 0x000000008a500000|100%| S|CS|TAMS 0x000000008a400000, 0x000000008a400000| Complete
|  99|0x000000008a500000, 0x000000008a600000, 0x000000008a600000|100%| S|CS|TAMS 0x000000008a500000, 0x000000008a500000| Complete
| 100|0x000000008a600000, 0x000000008a600000, 0x000000008a700000|  0%| F|  |TAMS 0x000000008a600000, 0x000000008a600000| Untracked
| 101|0x000000008a700000, 0x000000008a700000, 0x000000008a800000|  0%| F|  |TAMS 0x000000008a700000, 0x000000008a700000| Untracked
| 102|0x000000008a800000, 0x000000008a800000, 0x000000008a900000|  0%| F|  |TAMS 0x000000008a800000, 0x000000008a800000| Untracked
| 103|0x000000008a900000, 0x000000008a900000, 0x000000008aa00000|  0%| F|  |TAMS 0x000000008a900000, 0x000000008a900000| Untracked
| 104|0x000000008aa00000, 0x000000008aa00000, 0x000000008ab00000|  0%| F|  |TAMS 0x000000008aa00000, 0x000000008aa00000| Untracked
| 105|0x000000008ab00000, 0x000000008ab00000, 0x000000008ac00000|  0%| F|  |TAMS 0x000000008ab00000, 0x000000008ab00000| Untracked
| 106|0x000000008ac00000, 0x000000008ac00000, 0x000000008ad00000|  0%| F|  |TAMS 0x000000008ac00000, 0x000000008ac00000| Untracked
| 107|0x000000008ad00000, 0x000000008ad00000, 0x000000008ae00000|  0%| F|  |TAMS 0x000000008ad00000, 0x000000008ad00000| Untracked
| 108|0x000000008ae00000, 0x000000008ae00000, 0x000000008af00000|  0%| F|  |TAMS 0x000000008ae00000, 0x000000008ae00000| Untracked
| 109|0x000000008af00000, 0x000000008af00000, 0x000000008b000000|  0%| F|  |TAMS 0x000000008af00000, 0x000000008af00000| Untracked
| 110|0x000000008b000000, 0x000000008b000000, 0x000000008b100000|  0%| F|  |TAMS 0x000000008b000000, 0x000000008b000000| Untracked
| 111|0x000000008b100000, 0x000000008b100000, 0x000000008b200000|  0%| F|  |TAMS 0x000000008b100000, 0x000000008b100000| Untracked
| 112|0x000000008b200000, 0x000000008b200000, 0x000000008b300000|  0%| F|  |TAMS 0x000000008b200000, 0x000000008b200000| Untracked
| 113|0x000000008b300000, 0x000000008b300000, 0x000000008b400000|  0%| F|  |TAMS 0x000000008b300000, 0x000000008b300000| Untracked
| 114|0x000000008b400000, 0x000000008b400000, 0x000000008b500000|  0%| F|  |TAMS 0x000000008b400000, 0x000000008b400000| Untracked
| 115|0x000000008b500000, 0x000000008b500000, 0x000000008b600000|  0%| F|  |TAMS 0x000000008b500000, 0x000000008b500000| Untracked
| 116|0x000000008b600000, 0x000000008b600000, 0x000000008b700000|  0%| F|  |TAMS 0x000000008b600000, 0x000000008b600000| Untracked
| 117|0x000000008b700000, 0x000000008b700000, 0x000000008b800000|  0%| F|  |TAMS 0x000000008b700000, 0x000000008b700000| Untracked
| 118|0x000000008b800000, 0x000000008b800000, 0x000000008b900000|  0%| F|  |TAMS 0x000000008b800000, 0x000000008b800000| Untracked
| 119|0x000000008b900000, 0x000000008b900000, 0x000000008ba00000|  0%| F|  |TAMS 0x000000008b900000, 0x000000008b900000| Untracked
| 120|0x000000008ba00000, 0x000000008ba00000, 0x000000008bb00000|  0%| F|  |TAMS 0x000000008ba00000, 0x000000008ba00000| Untracked
| 121|0x000000008bb00000, 0x000000008bc00000, 0x000000008bc00000|100%| E|  |TAMS 0x000000008bb00000, 0x000000008bb00000| Complete
| 122|0x000000008bc00000, 0x000000008bd00000, 0x000000008bd00000|100%| E|CS|TAMS 0x000000008bc00000, 0x000000008bc00000| Complete
| 123|0x000000008bd00000, 0x000000008be00000, 0x000000008be00000|100%| E|CS|TAMS 0x000000008bd00000, 0x000000008bd00000| Complete
|1980|0x00000000ffe00000, 0x00000000ffe48000, 0x00000000fff00000| 28%|OA|  |TAMS 0x00000000ffe00000, 0x00000000ffe00000| Untracked
|1981|0x00000000fff00000, 0x00000000fff6c000, 0x0000000100000000| 42%|CA|  |TAMS 0x00000000fff00000, 0x00000000fff00000| Untracked

Card table byte_map: [0x00007faa80467000,0x00007faa80846000] _byte_map_base: 0x00007faa80046000

Marking Bits (Prev, Next): (CMBitMap*) 0x00007faa7c058758, (CMBitMap*) 0x00007faa7c058790
 Prev Bits: [0x00007faa5e108000, 0x00007faa60000000)
 Next Bits: [0x00007faa5c210000, 0x00007faa5e108000)

Polling page: 0x00007faa832d8000

Metaspace:

Usage:
  Non-class:      9.08 MB capacity,     8.53 MB ( 94%) used,   545.40 KB (  6%) free+waste,    20.62 KB ( <1%) overhead.

      Class:      1.12 MB capacity,     1.01 MB ( 90%) used,   102.62 KB (  9%) free+waste,    10.50 KB ( <1%) overhead.

       Both:     10.21 MB capacity,     9.54 MB ( 94%) used,   648.02 KB (  6%) free+waste,    31.12 KB ( <1%) overhead.


Virtual space:
  Non-class space:       10.00 MB reserved,       9.25 MB ( 92%) committed
      Class space:        1.00 GB reserved,       1.12 MB ( <1%) committed
             Both:        1.01 GB reserved,      10.38 MB (  1%) committed

Chunk freelists:
   Non-Class:  100.00 KB
       Class:  0 bytes
        Both:  100.00 KB

MaxMetaspaceSize: unlimited
CompressedClassSpaceSize: 1.00 GB
Initial GC threshold: 20.80 MB
Current GC threshold: 20.80 MB
CDS: on

CodeHeap 'non-profiled nmethods': size=120032Kb used=393Kb max_used=393Kb free=119638Kb
 bounds [0x00007faa6c2a3000, 0x00007faa6c513000, 0x00007faa737db000]
CodeHeap 'profiled nmethods': size=120028Kb used=2263Kb max_used=2263Kb free=117764Kb
 bounds [0x00007faa64d6c000, 0x00007faa64fdc000, 0x00007faa6c2a3000]
CodeHeap 'non-nmethods': size=5700Kb used=1180Kb max_used=1224Kb free=4519Kb
 bounds [0x00007faa647db000, 0x00007faa64a4b000, 0x00007faa64d6c000]
 total_blobs=1606 nmethods=1159 adapters=361
 compilation: enabled
              stopped_count=0, restarted_count=0
 full_count=0

Compilation events (20 events):
Event: 1.148 Thread 0x00007faa7c13b800 1148       3       java.util.ImmutableCollections$List12::size (13 bytes)
Event: 1.148 Thread 0x00007faa7c13b800 nmethod 1148 0x00007faa64f98990 code [0x00007faa64f98b40, 0x00007faa64f98cd0]
Event: 1.148 Thread 0x00007faa7c13b800 1150       3       jdk.internal.org.objectweb.asm.MethodWriter::visitAnnotation (82 bytes)
Event: 1.148 Thread 0x00007faa7c13b800 nmethod 1150 0x00007faa64f98d90 code [0x00007faa64f98fe0, 0x00007faa64f998d0]
Event: 1.148 Thread 0x00007faa7c13b800 1153       3       java.lang.invoke.InvokerBytecodeGenerator::isStaticallyInvocable (165 bytes)
Event: 1.150 Thread 0x00007faa7c13b800 nmethod 1153 0x00007faa64f99b90 code [0x00007faa64f9a0e0, 0x00007faa64f9cad0]
Event: 1.150 Thread 0x00007faa7c13b800 1154       3       java.lang.invoke.MemberName::isPrivate (8 bytes)
Event: 1.150 Thread 0x00007faa7c13b800 nmethod 1154 0x00007faa64f9d690 code [0x00007faa64f9d840, 0x00007faa64f9da10]
Event: 1.150 Thread 0x00007faa7c13b800 1155       3       java.lang.invoke.InvokerBytecodeGenerator::emitStaticInvoke (258 bytes)
Event: 1.150 Thread 0x00007faa7c13b800 nmethod 1155 0x00007faa64f9db10 code [0x00007faa64f9de20, 0x00007faa64f9ec80]
Event: 1.150 Thread 0x00007faa7c13b800 1156       3       java.lang.invoke.InvokerBytecodeGenerator::refKindOpcode (112 bytes)
Event: 1.151 Thread 0x00007faa7c13b800 nmethod 1156 0x00007faa64f9f210 code [0x00007faa64f9f480, 0x00007faa64f9fe50]
Event: 1.151 Thread 0x00007faa7c13b800 1157       3       java.lang.invoke.InvokerBytecodeGenerator::storeInsnOpcode (86 bytes)
Event: 1.151 Thread 0x00007faa7c13b800 nmethod 1157 0x00007faa64fa0190 code [0x00007faa64fa0420, 0x00007faa64fa0f50]
Event: 1.151 Thread 0x00007faa7c13b800 1151       3       jdk.internal.org.objectweb.asm.AnnotationWriter::<init> (34 bytes)
Event: 1.151 Thread 0x00007faa7c13b800 nmethod 1151 0x00007faa64fa1310 code [0x00007faa64fa14e0, 0x00007faa64fa17e0]
Event: 1.151 Thread 0x00007faa7c13b800 1152       3       jdk.internal.org.objectweb.asm.AnnotationVisitor::<init> (7 bytes)
Event: 1.152 Thread 0x00007faa7c13b800 nmethod 1152 0x00007faa64fa1910 code [0x00007faa64fa1ae0, 0x00007faa64fa1e20]
Event: 1.166 Thread 0x00007faa7c139800 nmethod 1129 0x00007faa6c2f8b90 code [0x00007faa6c2f8d60, 0x00007faa6c2f9c18]
Event: 1.192 Thread 0x00007faa20005000 nmethod 1015% 0x00007faa6c2fa390 code [0x00007faa6c2fa700, 0x00007faa6c302398]

GC Heap History (2 events):
Event: 1.069 GC heap before
{Heap before GC invocations=0 (full 0):
 garbage-first heap   total 129024K, used 24272K [0x0000000084200000, 0x0000000100000000)
  region size 1024K, 24 young (24576K), 0 survivors (0K)
 Metaspace       used 8754K, capacity 9705K, committed 9984K, reserved 1058816K
  class space    used 929K, capacity 1024K, committed 1024K, reserved 1048576K
}
Event: 1.077 GC heap after
{Heap after GC invocations=1 (full 0):
 garbage-first heap   total 129024K, used 3490K [0x0000000084200000, 0x0000000100000000)
  region size 1024K, 3 young (3072K), 3 survivors (3072K)
 Metaspace       used 8754K, capacity 9705K, committed 9984K, reserved 1058816K
  class space    used 929K, capacity 1024K, committed 1024K, reserved 1048576K
}

Deoptimization events (20 events):
Event: 0.931 Thread 0x00007faa7c015800 DEOPT PACKING pc=0x00007faa64f359f7 sp=0x00007faa81a6f770
Event: 0.931 Thread 0x00007faa7c015800 DEOPT UNPACKING pc=0x00007faa6482564a sp=0x00007faa81a6ebe8 mode 0
Event: 0.995 Thread 0x00007faa7c015800 Uncommon trap: trap_request=0xffffff4d fr.pc=0x00007faa6c2e15d8 relative=0x00000000000002f8
Event: 0.995 Thread 0x00007faa7c015800 Uncommon trap: reason=unstable_if action=reinterpret pc=0x00007faa6c2e15d8 method=java.lang.Integer.parseInt(Ljava/lang/String;I)I @ 119 c2
Event: 0.995 Thread 0x00007faa7c015800 DEOPT PACKING pc=0x00007faa6c2e15d8 sp=0x00007faa81a70230
Event: 0.995 Thread 0x00007faa7c015800 DEOPT UNPACKING pc=0x00007faa64824ea5 sp=0x00007faa81a701c8 mode 2
Event: 1.009 Thread 0x00007faa7c015800 Uncommon trap: trap_request=0xffffff4d fr.pc=0x00007faa6c2dedac relative=0x000000000000008c
Event: 1.009 Thread 0x00007faa7c015800 Uncommon trap: reason=unstable_if action=reinterpret pc=0x00007faa6c2dedac method=java.lang.CharacterDataLatin1.digit(II)I @ 7 c2
Event: 1.009 Thread 0x00007faa7c015800 DEOPT PACKING pc=0x00007faa6c2dedac sp=0x00007faa81a70020
Event: 1.009 Thread 0x00007faa7c015800 DEOPT UNPACKING pc=0x00007faa64824ea5 sp=0x00007faa81a6ff00 mode 2
Event: 1.009 Thread 0x00007faa7c015800 Uncommon trap: trap_request=0xffffff4d fr.pc=0x00007faa6c2de738 relative=0x0000000000000098
Event: 1.009 Thread 0x00007faa7c015800 Uncommon trap: reason=unstable_if action=reinterpret pc=0x00007faa6c2de738 method=java.lang.CharacterDataLatin1.digit(II)I @ 7 c2
Event: 1.009 Thread 0x00007faa7c015800 DEOPT PACKING pc=0x00007faa6c2de738 sp=0x00007faa81a6ff80
Event: 1.009 Thread 0x00007faa7c015800 DEOPT UNPACKING pc=0x00007faa64824ea5 sp=0x00007faa81a6ff20 mode 2
Event: 1.098 Thread 0x00007faa7c015800 Uncommon trap: trap_request=0xffffff4d fr.pc=0x00007faa6c2ec550 relative=0x0000000000000170
Event: 1.098 Thread 0x00007faa7c015800 Uncommon trap: reason=unstable_if action=reinterpret pc=0x00007faa6c2ec550 method=java.util.concurrent.ConcurrentHashMap.addCount(JI)V @ 121 c2
Event: 1.098 Thread 0x00007faa7c015800 DEOPT PACKING pc=0x00007faa6c2ec550 sp=0x00007faa81a6f9a0
Event: 1.098 Thread 0x00007faa7c015800 DEOPT UNPACKING pc=0x00007faa64824ea5 sp=0x00007faa81a6f920 mode 2
Event: 1.101 Thread 0x00007faa7c015800 DEOPT PACKING pc=0x00007faa64dc76b4 sp=0x00007faa81a6fb70
Event: 1.101 Thread 0x00007faa7c015800 DEOPT UNPACKING pc=0x00007faa6482564a sp=0x00007faa81a6f0a8 mode 0

Classes redefined (0 events):
No events

Internal exceptions (9 events):
Event: 0.686 Thread 0x00007faa7c015800 Exception <a 'java/lang/NoSuchMethodError'{0x000000008ad80c90}: 'java.lang.Object java.lang.invoke.DirectMethodHandle$Holder.invokeVirtual(java.lang.Object, java.lang.Object, java.lang.Object, java.lang.Object)'> (0x000000008ad80c90) thrown at [./src/hotspot/share/interpreter/linkResolver.cpp, line 772]
Event: 0.706 Thread 0x00007faa7c015800 Exception <a 'java/lang/NoSuchMethodError'{0x000000008ade84f0}: 'int java.lang.invoke.DirectMethodHandle$Holder.invokeStaticInit(java.lang.Object, java.lang.Object, java.lang.Object, java.lang.Object)'> (0x000000008ade84f0) thrown at [./src/hotspot/share/interpreter/linkResolver.cpp, line 772]
Event: 0.709 Thread 0x00007faa7c015800 Exception <a 'java/lang/IncompatibleClassChangeError'{0x000000008adf1af8}: Found class java.lang.Object, but interface was expected> (0x000000008adf1af8) thrown at [./src/hotspot/share/interpreter/linkResolver.cpp, line 839]
Event: 0.710 Thread 0x00007faa7c015800 Exception <a 'java/lang/NoSuchMethodError'{0x000000008adf4a00}: 'void java.lang.invoke.DirectMethodHandle$Holder.invokeStaticInit(java.lang.Object, java.lang.Object)'> (0x000000008adf4a00) thrown at [./src/hotspot/share/interpreter/linkResolver.cpp, line 772]
Event: 0.711 Thread 0x00007faa7c015800 Exception <a 'java/lang/NoSuchMethodError'{0x000000008adfa2f8}: 'int java.lang.invoke.DirectMethodHandle$Holder.invokeStaticInit(java.lang.Object, java.lang.Object)'> (0x000000008adfa2f8) thrown at [./src/hotspot/share/interpreter/linkResolver.cpp, line 772]
Event: 0.771 Thread 0x00007faa7c015800 Exception <a 'java/lang/NoSuchMethodError'{0x000000008ab11f98}: 'java.lang.Object java.lang.invoke.DirectMethodHandle$Holder.invokeStaticInit(java.lang.Object, java.lang.Object, java.lang.Object)'> (0x000000008ab11f98) thrown at [./src/hotspot/share/interpreter/linkResolver.cpp, line 772]
Event: 0.877 Thread 0x00007faa7c015800 Exception <a 'java/lang/NoSuchMethodError'{0x000000008a9af6d0}: 'int java.lang.invoke.DirectMethodHandle$Holder.invokeSpecialIFC(java.lang.Object, java.lang.Object, int)'> (0x000000008a9af6d0) thrown at [./src/hotspot/share/interpreter/linkResolver.cpp, line 772]
Event: 1.146 Thread 0x00007faa7c015800 Exception <a 'java/lang/NoSuchMethodError'{0x000000008bc87780}: 'java.lang.Object java.lang.invoke.DirectMethodHandle$Holder.invokeStatic(java.lang.Object, java.lang.Object, java.lang.Object, java.lang.Object, java.lang.Object, java.lang.Object, java.lang.Object, java.lang.Object, java.lang.Object, java.lang.Object, java.lang.Object, java.lang.Object, java.lang.Object, int)'> (0x000000008bc87780) thrown at [./src/hotspot/share/interpreter/linkResolver.cpp, line 772]
Event: 1.147 Thread 0x00007faa7c015800 Exception <a 'java/lang/NoSuchMethodError'{0x000000008bc94638}: 'java.lang.Object java.lang.invoke.DirectMethodHandle$Holder.invokeStatic(java.lang.Object, java.lang.Object, java.lang.Object, java.lang.Object, java.lang.Object, java.lang.Object, java.lang.Object, java.lang.Object, java.lang.Object, java.lang.Object, java.lang.Object, java.lang.Object, java.lang.Object, int, int)'> (0x000000008bc94638) thrown at [./src/hotspot/share/interpreter/linkResolver.cpp, line 772]

Events (20 events):
Event: 1.148 loading class java/lang/invoke/BoundMethodHandle$Species_LLLLLLLLLLIIL done
Event: 1.150 loading class UserService/UserService$userHandler
Event: 1.150 loading class UserService/UserService$userHandler done
Event: 1.154 loading class UserService/UserService$killHandler
Event: 1.154 loading class UserService/UserService$killHandler done
Event: 1.157 Thread 0x00007faa7c513000 Thread added: 0x00007faa7c513000
Event: 1.157 Protecting memory [0x00007faa139d7000,0x00007faa139db000] with protection modes 0
Event: 1.157 loading class java/util/LinkedList$ListItr
Event: 1.157 loading class java/util/LinkedList$ListItr done
Event: 1.157 Thread 0x00007faa7c015800 Thread exited: 0x00007faa7c015800
Event: 1.157 Protecting memory [0x00007faa81972000,0x00007faa81976000] with protection modes 0
Event: 1.157 Thread 0x00007faa7c015800 Thread added: 0x00007faa7c015800
Event: 1.157 Executing VM operation: RevokeBias
Event: 1.157 Executing VM operation: RevokeBias done
Event: 1.158 loading class java/nio/channels/spi/AbstractSelector$1
Event: 1.158 loading class sun/nio/ch/Interruptible
Event: 1.158 loading class sun/nio/ch/Interruptible done
Event: 1.158 loading class java/nio/channels/spi/AbstractSelector$1 done
Event: 3.132 Thread 0x00007faa34001000 Thread added: 0x00007faa34001000
Event: 3.133 Protecting memory [0x00007faa54292000,0x00007faa54296000] with protection modes 0


Dynamic libraries:
84200000-8be00000 rw-p 00000000 00:00 0
8be00000-ffe00000 ---p 00000000 00:00 0
ffe00000-ffe48000 rw-p 00b14000 08:20 31009                              /usr/lib/jvm/java-11-openjdk-amd64/lib/server/classes.jsa
ffe48000-fff00000 rw-p 00000000 00:00 0
fff00000-fff6c000 rw-p 00aa8000 08:20 31009                              /usr/lib/jvm/java-11-openjdk-amd64/lib/server/classes.jsa
fff6c000-100000000 rw-p 00000000 00:00 0
800000000-800002000 rwxp 00001000 08:20 31009                            /usr/lib/jvm/java-11-openjdk-amd64/lib/server/classes.jsa
800002000-8003ce000 rw-p 00003000 08:20 31009                            /usr/lib/jvm/java-11-openjdk-amd64/lib/server/classes.jsa
8003ce000-800aa6000 r--p 003cf000 08:20 31009                            /usr/lib/jvm/java-11-openjdk-amd64/lib/server/classes.jsa
800aa6000-800aa7000 rw-p 00aa7000 08:20 31009                            /usr/lib/jvm/java-11-openjdk-amd64/lib/server/classes.jsa
840000000-840120000 rw-p 00000000 00:00 0
840120000-880000000 ---p 00000000 00:00 0
5586a282f000-5586a2830000 r--p 00000000 08:20 31789                      /usr/lib/jvm/java-11-openjdk-amd64/bin/java
5586a2830000-5586a2831000 r-xp 00001000 08:20 31789                      /usr/lib/jvm/java-11-openjdk-amd64/bin/java
5586a2831000-5586a2832000 r--p 00002000 08:20 31789                      /usr/lib/jvm/java-11-openjdk-amd64/bin/java
5586a2832000-5586a2833000 r--p 00002000 08:20 31789                      /usr/lib/jvm/java-11-openjdk-amd64/bin/java
5586a2833000-5586a2834000 rw-p 00003000 08:20 31789                      /usr/lib/jvm/java-11-openjdk-amd64/bin/java
5586a3150000-5586a3192000 rw-p 00000000 00:00 0                          [heap]
7fa9fc000000-7fa9fc021000 rw-p 00000000 00:00 0
7fa9fc021000-7faa00000000 ---p 00000000 00:00 0
7faa00000000-7faa00021000 rw-p 00000000 00:00 0
7faa00021000-7faa04000000 ---p 00000000 00:00 0
7faa04000000-7faa04021000 rw-p 00000000 00:00 0
7faa04021000-7faa08000000 ---p 00000000 00:00 0
7faa08000000-7faa08021000 rw-p 00000000 00:00 0
7faa08021000-7faa0c000000 ---p 00000000 00:00 0
7faa0c000000-7faa0c021000 rw-p 00000000 00:00 0
7faa0c021000-7faa10000000 ---p 00000000 00:00 0
7faa139d7000-7faa139db000 ---p 00000000 00:00 0
7faa139db000-7faa13ad7000 rw-p 00000000 00:00 0
7faa13c72000-7faa13c73000 ---p 00000000 00:00 0
7faa13c73000-7faa13d73000 rw-p 00000000 00:00 0
7faa13d73000-7faa13d74000 ---p 00000000 00:00 0
7faa13d74000-7faa13e74000 rw-p 00000000 00:00 0
7faa13f00000-7faa13f04000 ---p 00000000 00:00 0
7faa13f04000-7faa14000000 rw-p 00000000 00:00 0
7faa14000000-7faa14620000 rw-p 00000000 00:00 0
7faa14620000-7faa18000000 ---p 00000000 00:00 0
7faa18000000-7faa18021000 rw-p 00000000 00:00 0
7faa18021000-7faa1c000000 ---p 00000000 00:00 0
7faa1c000000-7faa1c021000 rw-p 00000000 00:00 0
7faa1c021000-7faa20000000 ---p 00000000 00:00 0
7faa20000000-7faa2023c000 rw-p 00000000 00:00 0
7faa2023c000-7faa24000000 ---p 00000000 00:00 0
7faa24000000-7faa24021000 rw-p 00000000 00:00 0
7faa24021000-7faa28000000 ---p 00000000 00:00 0
7faa28000000-7faa28021000 rw-p 00000000 00:00 0
7faa28021000-7faa2c000000 ---p 00000000 00:00 0
7faa2c000000-7faa2c5b8000 rw-p 00000000 00:00 0
7faa2c5b8000-7faa30000000 ---p 00000000 00:00 0
7faa30000000-7faa3058c000 rw-p 00000000 00:00 0
7faa3058c000-7faa34000000 ---p 00000000 00:00 0
7faa34000000-7faa34021000 rw-p 00000000 00:00 0
7faa34021000-7faa38000000 ---p 00000000 00:00 0
7faa38000000-7faa38021000 rw-p 00000000 00:00 0
7faa38021000-7faa3c000000 ---p 00000000 00:00 0
7faa3c000000-7faa3c021000 rw-p 00000000 00:00 0
7faa3c021000-7faa40000000 ---p 00000000 00:00 0
7faa40000000-7faa40021000 rw-p 00000000 00:00 0
7faa40021000-7faa44000000 ---p 00000000 00:00 0
7faa44000000-7faa44021000 rw-p 00000000 00:00 0
7faa44021000-7faa48000000 ---p 00000000 00:00 0
7faa48000000-7faa48021000 rw-p 00000000 00:00 0
7faa48021000-7faa4c000000 ---p 00000000 00:00 0
7faa4c000000-7faa4c021000 rw-p 00000000 00:00 0
7faa4c021000-7faa50000000 ---p 00000000 00:00 0
7faa50000000-7faa50021000 rw-p 00000000 00:00 0
7faa50021000-7faa54000000 ---p 00000000 00:00 0
7faa54048000-7faa5404c000 ---p 00000000 00:00 0
7faa5404c000-7faa54148000 rw-p 00000000 00:00 0
7faa54292000-7faa54296000 ---p 00000000 00:00 0
7faa54296000-7faa544d2000 rw-p 00000000 00:00 0
7faa544d2000-7faa54592000 ---p 00000000 00:00 0
7faa54592000-7faa54596000 ---p 00000000 00:00 0
7faa54596000-7faa54692000 rw-p 00000000 00:00 0
7faa54692000-7faa54696000 ---p 00000000 00:00 0
7faa54696000-7faa54792000 rw-p 00000000 00:00 0
7faa54792000-7faa5479a000 r--p 00000000 08:20 31863                      /usr/lib/jvm/java-11-openjdk-amd64/lib/libsunec.so
7faa5479a000-7faa547b3000 r-xp 00008000 08:20 31863                      /usr/lib/jvm/java-11-openjdk-amd64/lib/libsunec.so
7faa547b3000-7faa547bd000 r--p 00021000 08:20 31863                      /usr/lib/jvm/java-11-openjdk-amd64/lib/libsunec.so
7faa547bd000-7faa547be000 ---p 0002b000 08:20 31863                      /usr/lib/jvm/java-11-openjdk-amd64/lib/libsunec.so
7faa547be000-7faa547c2000 r--p 0002b000 08:20 31863                      /usr/lib/jvm/java-11-openjdk-amd64/lib/libsunec.so
7faa547c2000-7faa547c4000 rw-p 0002f000 08:20 31863                      /usr/lib/jvm/java-11-openjdk-amd64/lib/libsunec.so
7faa547c4000-7faa547f5000 rw-p 00000000 00:00 0
7faa547f5000-7faa547f9000 r--p 00000000 08:20 31857                      /usr/lib/jvm/java-11-openjdk-amd64/lib/libnet.so
7faa547f9000-7faa54807000 r-xp 00004000 08:20 31857                      /usr/lib/jvm/java-11-openjdk-amd64/lib/libnet.so
7faa54807000-7faa5480b000 r--p 00012000 08:20 31857                      /usr/lib/jvm/java-11-openjdk-amd64/lib/libnet.so
7faa5480b000-7faa5480c000 r--p 00015000 08:20 31857                      /usr/lib/jvm/java-11-openjdk-amd64/lib/libnet.so
7faa5480c000-7faa5480d000 rw-p 00016000 08:20 31857                      /usr/lib/jvm/java-11-openjdk-amd64/lib/libnet.so
7faa5480d000-7faa54814000 r--p 00000000 08:20 31858                      /usr/lib/jvm/java-11-openjdk-amd64/lib/libnio.so
7faa54814000-7faa5481c000 r-xp 00007000 08:20 31858                      /usr/lib/jvm/java-11-openjdk-amd64/lib/libnio.so
7faa5481c000-7faa5481f000 r--p 0000f000 08:20 31858                      /usr/lib/jvm/java-11-openjdk-amd64/lib/libnio.so
7faa5481f000-7faa54820000 r--p 00011000 08:20 31858                      /usr/lib/jvm/java-11-openjdk-amd64/lib/libnio.so
7faa54820000-7faa54821000 rw-p 00012000 08:20 31858                      /usr/lib/jvm/java-11-openjdk-amd64/lib/libnio.so
7faa54821000-7faa54825000 ---p 00000000 00:00 0
7faa54825000-7faa54921000 rw-p 00000000 00:00 0
7faa54921000-7faa54922000 ---p 00000000 00:00 0
7faa54922000-7faa54a22000 rw-p 00000000 00:00 0
7faa54a22000-7faa54a26000 ---p 00000000 00:00 0
7faa54a26000-7faa54b22000 rw-p 00000000 00:00 0
7faa54b22000-7faa54b26000 ---p 00000000 00:00 0
7faa54b26000-7faa54c22000 rw-p 00000000 00:00 0
7faa54c22000-7faa54c26000 ---p 00000000 00:00 0
7faa54c26000-7faa54d22000 rw-p 00000000 00:00 0
7faa54d22000-7faa54d26000 ---p 00000000 00:00 0
7faa54d26000-7faa54e22000 rw-p 00000000 00:00 0
7faa54e22000-7faa54e26000 ---p 00000000 00:00 0
7faa54e26000-7faa54f22000 rw-p 00000000 00:00 0
7faa54f22000-7faa54f79000 r--p 00000000 08:20 6538                       /usr/lib/locale/C.utf8/LC_CTYPE
7faa54f79000-7faa54f7d000 ---p 00000000 00:00 0
7faa54f7d000-7faa55079000 rw-p 00000000 00:00 0
7faa55079000-7faa5507d000 ---p 00000000 00:00 0
7faa5507d000-7faa55179000 rw-p 00000000 00:00 0
7faa55179000-7faa5517a000 ---p 00000000 00:00 0
7faa5517a000-7faa55afb000 rw-p 00000000 00:00 0
7faa55afb000-7faa55afc000 ---p 00000000 00:00 0
7faa55afc000-7faa55bfc000 rw-p 00000000 00:00 0
7faa55bfc000-7faa55bfd000 ---p 00000000 00:00 0
7faa55bfd000-7faa58000000 rw-p 00000000 00:00 0
7faa58000000-7faa58021000 rw-p 00000000 00:00 0
7faa58021000-7faa5c000000 ---p 00000000 00:00 0
7faa5c005000-7faa5c007000 r--p 00000000 08:20 31855                      /usr/lib/jvm/java-11-openjdk-amd64/lib/libmanagement_ext.so
7faa5c007000-7faa5c00a000 r-xp 00002000 08:20 31855                      /usr/lib/jvm/java-11-openjdk-amd64/lib/libmanagement_ext.so
7faa5c00a000-7faa5c00c000 r--p 00005000 08:20 31855                      /usr/lib/jvm/java-11-openjdk-amd64/lib/libmanagement_ext.so
7faa5c00c000-7faa5c00d000 r--p 00006000 08:20 31855                      /usr/lib/jvm/java-11-openjdk-amd64/lib/libmanagement_ext.so
7faa5c00d000-7faa5c00e000 rw-p 00007000 08:20 31855                      /usr/lib/jvm/java-11-openjdk-amd64/lib/libmanagement_ext.so
7faa5c00e000-7faa5c400000 rw-p 00000000 00:00 0
7faa5c400000-7faa5e100000 ---p 00000000 00:00 0
7faa5e100000-7faa5e2f8000 rw-p 00000000 00:00 0
7faa5e2f8000-7faa5fff8000 ---p 00000000 00:00 0
7faa5fff8000-7faa60000000 rw-p 00000000 00:00 0
7faa60000000-7faa60021000 rw-p 00000000 00:00 0
7faa60021000-7faa64000000 ---p 00000000 00:00 0
7faa64000000-7faa64003000 r--p 00000000 08:20 31853                      /usr/lib/jvm/java-11-openjdk-amd64/lib/libmanagement.so
7faa64003000-7faa64004000 r-xp 00003000 08:20 31853                      /usr/lib/jvm/java-11-openjdk-amd64/lib/libmanagement.so
7faa64004000-7faa64005000 r--p 00004000 08:20 31853                      /usr/lib/jvm/java-11-openjdk-amd64/lib/libmanagement.so
7faa64005000-7faa64006000 r--p 00004000 08:20 31853                      /usr/lib/jvm/java-11-openjdk-amd64/lib/libmanagement.so
7faa64006000-7faa64007000 rw-p 00005000 08:20 31853                      /usr/lib/jvm/java-11-openjdk-amd64/lib/libmanagement.so
7faa64007000-7faa64008000 r--p 00000000 08:20 31839                      /usr/lib/jvm/java-11-openjdk-amd64/lib/libextnet.so
7faa64008000-7faa64009000 r-xp 00001000 08:20 31839                      /usr/lib/jvm/java-11-openjdk-amd64/lib/libextnet.so
7faa64009000-7faa6400a000 r--p 00002000 08:20 31839                      /usr/lib/jvm/java-11-openjdk-amd64/lib/libextnet.so
7faa6400a000-7faa6400b000 r--p 00002000 08:20 31839                      /usr/lib/jvm/java-11-openjdk-amd64/lib/libextnet.so
7faa6400b000-7faa6400c000 rw-p 00003000 08:20 31839                      /usr/lib/jvm/java-11-openjdk-amd64/lib/libextnet.so
7faa6400c000-7faa6400d000 r--p 00000000 08:20 6544                       /usr/lib/locale/C.utf8/LC_NUMERIC
7faa6400d000-7faa6400e000 r--p 00000000 08:20 6547                       /usr/lib/locale/C.utf8/LC_TIME
7faa6400e000-7faa6400f000 r--p 00000000 08:20 6537                       /usr/lib/locale/C.utf8/LC_COLLATE
7faa6400f000-7faa645d9000 rw-p 00000000 00:00 0
7faa645d9000-7faa645da000 ---p 00000000 00:00 0
7faa645da000-7faa646da000 rw-p 00000000 00:00 0
7faa646da000-7faa646db000 ---p 00000000 00:00 0
7faa646db000-7faa647db000 rw-p 00000000 00:00 0
7faa647db000-7faa64a4b000 rwxp 00000000 00:00 0
7faa64a4b000-7faa64d6c000 ---p 00000000 00:00 0
7faa64d6c000-7faa64fdc000 rwxp 00000000 00:00 0
7faa64fdc000-7faa6c2a3000 ---p 00000000 00:00 0
7faa6c2a3000-7faa6c513000 rwxp 00000000 00:00 0
7faa6c513000-7faa737db000 ---p 00000000 00:00 0
7faa737db000-7faa7c000000 r--s 00000000 08:20 31867                      /usr/lib/jvm/java-11-openjdk-amd64/lib/modules
7faa7c000000-7faa7c517000 rw-p 00000000 00:00 0
7faa7c517000-7faa80000000 ---p 00000000 00:00 0
7faa80000000-7faa80001000 r--p 00000000 08:20 6542                       /usr/lib/locale/C.utf8/LC_MONETARY
7faa80001000-7faa80008000 r--s 00000000 08:20 33212                      /usr/lib/x86_64-linux-gnu/gconv/gconv-modules.cache
7faa80008000-7faa800c6000 rw-p 00000000 00:00 0
7faa800c6000-7faa80466000 ---p 00000000 00:00 0
7faa80466000-7faa804a5000 rw-p 00000000 00:00 0
7faa804a5000-7faa80845000 ---p 00000000 00:00 0
7faa80845000-7faa80884000 rw-p 00000000 00:00 0
7faa80884000-7faa80c24000 ---p 00000000 00:00 0
7faa80c24000-7faa8162f000 rw-p 00000000 00:00 0
7faa8162f000-7faa81630000 ---p 00000000 00:00 0
7faa81630000-7faa81735000 rw-p 00000000 00:00 0
7faa81735000-7faa8181b000 ---p 00000000 00:00 0
7faa8181b000-7faa81820000 rw-p 00000000 00:00 0
7faa81820000-7faa81906000 ---p 00000000 00:00 0
7faa81906000-7faa8190b000 rw-p 00000000 00:00 0
7faa8190b000-7faa81912000 ---p 00000000 00:00 0
7faa81912000-7faa81914000 r--p 00000000 08:20 31866                      /usr/lib/jvm/java-11-openjdk-amd64/lib/libzip.so
7faa81914000-7faa81919000 r-xp 00002000 08:20 31866                      /usr/lib/jvm/java-11-openjdk-amd64/lib/libzip.so
7faa81919000-7faa8191b000 r--p 00007000 08:20 31866                      /usr/lib/jvm/java-11-openjdk-amd64/lib/libzip.so
7faa8191b000-7faa8191c000 r--p 00008000 08:20 31866                      /usr/lib/jvm/java-11-openjdk-amd64/lib/libzip.so
7faa8191c000-7faa8191d000 rw-p 00009000 08:20 31866                      /usr/lib/jvm/java-11-openjdk-amd64/lib/libzip.so
7faa8191d000-7faa81925000 rw-s 00000000 08:20 1236                       /tmp/hsperfdata_masa/38687
7faa81925000-7faa81927000 r--p 00000000 08:20 31849                      /usr/lib/jvm/java-11-openjdk-amd64/lib/libjimage.so
7faa81927000-7faa8192a000 r-xp 00002000 08:20 31849                      /usr/lib/jvm/java-11-openjdk-amd64/lib/libjimage.so
7faa8192a000-7faa8192b000 r--p 00005000 08:20 31849                      /usr/lib/jvm/java-11-openjdk-amd64/lib/libjimage.so
7faa8192b000-7faa8192c000 ---p 00006000 08:20 31849                      /usr/lib/jvm/java-11-openjdk-amd64/lib/libjimage.so
7faa8192c000-7faa8192d000 r--p 00006000 08:20 31849                      /usr/lib/jvm/java-11-openjdk-amd64/lib/libjimage.so
7faa8192d000-7faa8192e000 rw-p 00007000 08:20 31849                      /usr/lib/jvm/java-11-openjdk-amd64/lib/libjimage.so
7faa8192e000-7faa8193c000 r--p 00000000 08:20 31846                      /usr/lib/jvm/java-11-openjdk-amd64/lib/libjava.so
7faa8193c000-7faa81952000 r-xp 0000e000 08:20 31846                      /usr/lib/jvm/java-11-openjdk-amd64/lib/libjava.so
7faa81952000-7faa81959000 r--p 00024000 08:20 31846                      /usr/lib/jvm/java-11-openjdk-amd64/lib/libjava.so
7faa81959000-7faa8195a000 r--p 0002a000 08:20 31846                      /usr/lib/jvm/java-11-openjdk-amd64/lib/libjava.so
7faa8195a000-7faa8195b000 rw-p 0002b000 08:20 31846                      /usr/lib/jvm/java-11-openjdk-amd64/lib/libjava.so
7faa8195b000-7faa8195c000 rw-p 00000000 00:00 0
7faa8195c000-7faa81961000 r--p 00000000 08:20 31865                      /usr/lib/jvm/java-11-openjdk-amd64/lib/libverify.so
7faa81961000-7faa81968000 r-xp 00005000 08:20 31865                      /usr/lib/jvm/java-11-openjdk-amd64/lib/libverify.so
7faa81968000-7faa8196a000 r--p 0000c000 08:20 31865                      /usr/lib/jvm/java-11-openjdk-amd64/lib/libverify.so
7faa8196a000-7faa8196c000 r--p 0000d000 08:20 31865                      /usr/lib/jvm/java-11-openjdk-amd64/lib/libverify.so
7faa8196c000-7faa8196d000 rw-p 0000f000 08:20 31865                      /usr/lib/jvm/java-11-openjdk-amd64/lib/libverify.so
7faa8196d000-7faa8196e000 r--p 00000000 08:20 32383                      /usr/lib/x86_64-linux-gnu/librt.so.1
7faa8196e000-7faa8196f000 r-xp 00001000 08:20 32383                      /usr/lib/x86_64-linux-gnu/librt.so.1
7faa8196f000-7faa81970000 r--p 00002000 08:20 32383                      /usr/lib/x86_64-linux-gnu/librt.so.1
7faa81970000-7faa81971000 r--p 00002000 08:20 32383                      /usr/lib/x86_64-linux-gnu/librt.so.1
7faa81971000-7faa81972000 rw-p 00003000 08:20 32383                      /usr/lib/x86_64-linux-gnu/librt.so.1
7faa81972000-7faa81976000 ---p 00000000 00:00 0
7faa81976000-7faa81a72000 rw-p 00000000 00:00 0
7faa81a72000-7faa81a75000 r--p 00000000 08:20 6709                       /usr/lib/x86_64-linux-gnu/libgcc_s.so.1
7faa81a75000-7faa81a8c000 r-xp 00003000 08:20 6709                       /usr/lib/x86_64-linux-gnu/libgcc_s.so.1
7faa81a8c000-7faa81a90000 r--p 0001a000 08:20 6709                       /usr/lib/x86_64-linux-gnu/libgcc_s.so.1
7faa81a90000-7faa81a91000 r--p 0001d000 08:20 6709                       /usr/lib/x86_64-linux-gnu/libgcc_s.so.1
7faa81a91000-7faa81a92000 rw-p 0001e000 08:20 6709                       /usr/lib/x86_64-linux-gnu/libgcc_s.so.1
7faa81a92000-7faa81aa0000 r--p 00000000 08:20 32259                      /usr/lib/x86_64-linux-gnu/libm.so.6
7faa81aa0000-7faa81b1c000 r-xp 0000e000 08:20 32259                      /usr/lib/x86_64-linux-gnu/libm.so.6
7faa81b1c000-7faa81b77000 r--p 0008a000 08:20 32259                      /usr/lib/x86_64-linux-gnu/libm.so.6
7faa81b77000-7faa81b78000 r--p 000e4000 08:20 32259                      /usr/lib/x86_64-linux-gnu/libm.so.6
7faa81b78000-7faa81b79000 rw-p 000e5000 08:20 32259                      /usr/lib/x86_64-linux-gnu/libm.so.6
7faa81b79000-7faa81c13000 r--p 00000000 08:20 6947                       /usr/lib/x86_64-linux-gnu/libstdc++.so.6.0.30
7faa81c13000-7faa81d24000 r-xp 0009a000 08:20 6947                       /usr/lib/x86_64-linux-gnu/libstdc++.so.6.0.30
7faa81d24000-7faa81d93000 r--p 001ab000 08:20 6947                       /usr/lib/x86_64-linux-gnu/libstdc++.so.6.0.30
7faa81d93000-7faa81d94000 ---p 0021a000 08:20 6947                       /usr/lib/x86_64-linux-gnu/libstdc++.so.6.0.30
7faa81d94000-7faa81d9f000 r--p 0021a000 08:20 6947                       /usr/lib/x86_64-linux-gnu/libstdc++.so.6.0.30
7faa81d9f000-7faa81da2000 rw-p 00225000 08:20 6947                       /usr/lib/x86_64-linux-gnu/libstdc++.so.6.0.30
7faa81da2000-7faa81da5000 rw-p 00000000 00:00 0
7faa81da5000-7faa82027000 r--p 00000000 08:20 31870                      /usr/lib/jvm/java-11-openjdk-amd64/lib/server/libjvm.so
7faa82027000-7faa82cc5000 r-xp 00282000 08:20 31870                      /usr/lib/jvm/java-11-openjdk-amd64/lib/server/libjvm.so
7faa82cc5000-7faa82f21000 r--p 00f20000 08:20 31870                      /usr/lib/jvm/java-11-openjdk-amd64/lib/server/libjvm.so
7faa82f21000-7faa82fe5000 r--p 0117b000 08:20 31870                      /usr/lib/jvm/java-11-openjdk-amd64/lib/server/libjvm.so
7faa82fe5000-7faa83020000 rw-p 0123f000 08:20 31870                      /usr/lib/jvm/java-11-openjdk-amd64/lib/server/libjvm.so
7faa83020000-7faa8307a000 rw-p 00000000 00:00 0
7faa8307a000-7faa830a2000 r--p 00000000 08:20 32240                      /usr/lib/x86_64-linux-gnu/libc.so.6
7faa830a2000-7faa83237000 r-xp 00028000 08:20 32240                      /usr/lib/x86_64-linux-gnu/libc.so.6
7faa83237000-7faa8328f000 r--p 001bd000 08:20 32240                      /usr/lib/x86_64-linux-gnu/libc.so.6
7faa8328f000-7faa83290000 ---p 00215000 08:20 32240                      /usr/lib/x86_64-linux-gnu/libc.so.6
7faa83290000-7faa83294000 r--p 00215000 08:20 32240                      /usr/lib/x86_64-linux-gnu/libc.so.6
7faa83294000-7faa83296000 rw-p 00219000 08:20 32240                      /usr/lib/x86_64-linux-gnu/libc.so.6
7faa83296000-7faa832a3000 rw-p 00000000 00:00 0
7faa832a3000-7faa832a6000 r--p 00000000 08:20 31831                      /usr/lib/jvm/java-11-openjdk-amd64/lib/jli/libjli.so
7faa832a6000-7faa832b0000 r-xp 00003000 08:20 31831                      /usr/lib/jvm/java-11-openjdk-amd64/lib/jli/libjli.so
7faa832b0000-7faa832b3000 r--p 0000d000 08:20 31831                      /usr/lib/jvm/java-11-openjdk-amd64/lib/jli/libjli.so
7faa832b3000-7faa832b4000 ---p 00010000 08:20 31831                      /usr/lib/jvm/java-11-openjdk-amd64/lib/jli/libjli.so
7faa832b4000-7faa832b5000 r--p 00010000 08:20 31831                      /usr/lib/jvm/java-11-openjdk-amd64/lib/jli/libjli.so
7faa832b5000-7faa832b6000 rw-p 00011000 08:20 31831                      /usr/lib/jvm/java-11-openjdk-amd64/lib/jli/libjli.so
7faa832b6000-7faa832b8000 r--p 00000000 08:20 6997                       /usr/lib/x86_64-linux-gnu/libz.so.1.2.11
7faa832b8000-7faa832c9000 r-xp 00002000 08:20 6997                       /usr/lib/x86_64-linux-gnu/libz.so.1.2.11
7faa832c9000-7faa832cf000 r--p 00013000 08:20 6997                       /usr/lib/x86_64-linux-gnu/libz.so.1.2.11
7faa832cf000-7faa832d0000 ---p 00019000 08:20 6997                       /usr/lib/x86_64-linux-gnu/libz.so.1.2.11
7faa832d0000-7faa832d1000 r--p 00019000 08:20 6997                       /usr/lib/x86_64-linux-gnu/libz.so.1.2.11
7faa832d1000-7faa832d2000 rw-p 0001a000 08:20 6997                       /usr/lib/x86_64-linux-gnu/libz.so.1.2.11
7faa832d2000-7faa832d3000 r--p 00000000 08:20 6541                       /usr/lib/locale/C.utf8/LC_MESSAGES/SYS_LC_MESSAGES
7faa832d3000-7faa832d4000 r--p 00000000 08:20 6545                       /usr/lib/locale/C.utf8/LC_PAPER
7faa832d4000-7faa832d5000 r--p 00000000 08:20 6543                       /usr/lib/locale/C.utf8/LC_NAME
7faa832d5000-7faa832d6000 r--p 00000000 08:20 6536                       /usr/lib/locale/C.utf8/LC_ADDRESS
7faa832d6000-7faa832d7000 r--p 00000000 08:20 6546                       /usr/lib/locale/C.utf8/LC_TELEPHONE
7faa832d7000-7faa832d8000 r--p 00000000 08:20 6540                       /usr/lib/locale/C.utf8/LC_MEASUREMENT
7faa832d8000-7faa832d9000 ---p 00000000 00:00 0
7faa832d9000-7faa832da000 r--p 00000000 00:00 0
7faa832da000-7faa832dc000 rw-p 00000000 00:00 0
7faa832dc000-7faa832de000 r--p 00000000 08:20 31651                      /usr/lib/x86_64-linux-gnu/ld-linux-x86-64.so.2
7faa832de000-7faa83308000 r-xp 00002000 08:20 31651                      /usr/lib/x86_64-linux-gnu/ld-linux-x86-64.so.2
7faa83308000-7faa83313000 r--p 0002c000 08:20 31651                      /usr/lib/x86_64-linux-gnu/ld-linux-x86-64.so.2
7faa83313000-7faa83314000 r--p 00000000 08:20 6539                       /usr/lib/locale/C.utf8/LC_IDENTIFICATION
7faa83314000-7faa83316000 r--p 00037000 08:20 31651                      /usr/lib/x86_64-linux-gnu/ld-linux-x86-64.so.2
7faa83316000-7faa83318000 rw-p 00039000 08:20 31651                      /usr/lib/x86_64-linux-gnu/ld-linux-x86-64.so.2
7ffe4dd8f000-7ffe4ddb0000 rw-p 00000000 00:00 0                          [stack]
7ffe4ddc8000-7ffe4ddcc000 r--p 00000000 00:00 0                          [vvar]
7ffe4ddcc000-7ffe4ddce000 r-xp 00000000 00:00 0                          [vdso]

VM Arguments:
java_command: UserService.UserService
java_class_path (initial): .:./UserService/jackson-annotations-2.16.1.jar:./UserService/jackson-core-2.16.1.jar:./UserService/jackson-databind-2.16.1.jar:./UserService/postgresql-42.7.2.jar:./UserService/postgresql-42.7.2.jar
Launcher Type: SUN_STANDARD

Logging:
Available log levels: off, trace, debug, info, warning, error
Available log decorators: time (t), utctime (utc), uptime (u), timemillis (tm), uptimemillis (um), timenanos (tn), uptimenanos (un), hostname (hn), pid (p), tid (ti), level (l), tags (tg)
Available log tags: add, age, alloc, annotation, aot, arguments, attach, barrier, biasedlocking, blocks, bot, breakpoint, bytecode, cds, census, class, classhisto, cleanup, codecache, compaction, compilation, constantpool, constraints, container, coops, cpu, cset, data, datacreation, dcmd, decoder, defaultmethods, director, dump, ergo, event, exceptions, exit, fingerprint, free, freelist, gc, handshake, hashtables, heap, humongous, ihop, iklass, init, inlining, interpreter, itables, jfr, jit, jni, jvmti, liveness, load, loader, logging, malloc, mark, marking, membername, memops, metadata, metaspace, methodcomparator, mirror, mmu, module, monitorinflation, monitormismatch, nestmates, nmethod, normalize, objecttagging, obsolete, oldobject, oom, oopmap, oops, oopstorage, os, pagesize, parser, patch, path, perf, phases, plab, preorder, preview, promotion, protectiondomain, purge, redefine, ref, refine, region, reloc, remset, resolve, safepoint, sampling, scavenge, setting, smr, stackmap, stacktrace, stackwalk, start, startuptime, state, stats, stringdedup, stringtable, subclass, survivor, sweep, system, table, task, thread, time, timer, tlab, tracking, unload, unshareable, update, verification, verify, vmoperation, vmthread, vtables, vtablestubs, workgang
Described tag sets:
 logging: Logging for the log framework itself
Log output configuration:
 #0: stdout all=warning uptime,level,tags
 #1: stderr all=off uptime,level,tags

Environment Variables:
PATH=/usr/local/sbin:/usr/local/bin:/usr/sbin:/usr/bin:/sbin:/bin:/usr/games:/usr/local/games:/usr/lib/wsl/lib:/mnt/c/Program Files (x86)/Common Files/Oracle/Java/javapath:/mnt/c/Program Files/Eclipse Adoptium/jdk-21.0.1.12-hotspot/bin:/mnt/c/Program Files (x86)/Razer/ChromaBroadcast/bin:/mnt/c/Program Files/Razer/ChromaBroadcast/bin:/mnt/c/Program Files/Python312/Scripts/:/mnt/c/Program Files/Python312/:/mnt/c/Windows/system32:/mnt/c/Windows:/mnt/c/Windows/System32/Wbem:/mnt/c/Windows/System32/WindowsPowerShell/v1.0/:/mnt/c/Windows/System32/OpenSSH/:/mnt/c/Program Files/Microsoft VS Code/bin:/mnt/c/Program Files/Git/cmd:/mnt/c/Program Files/NVIDIA Corporation/NVIDIA NvDLISR:/mnt/c/Program Files (x86)/NVIDIA Corporation/PhysX/Common:/mnt/c/Program Files/nodejs/:/mnt/c/Program Files/dotnet/:/mnt/c/Windows/system32/config/systemprofile/AppData/Local/Microsoft/WindowsApps:/Docker/host/bin:/mnt/c/Users/faisa/AppData/Local/Microsoft/WindowsApps:/mnt/c/Users/faisa/AppData/Roaming/npm
SHELL=/bin/bash
DISPLAY=:0
HOSTTYPE=x86_64
LANG=C.UTF-8
TERM=xterm-256color

Signal Handlers:
SIGSEGV: [libjvm.so+0xbefa50], sa_mask[0]=11111111011111111101111111111110, sa_flags=SA_RESTART|SA_SIGINFO
SIGBUS: [libjvm.so+0xbefa50], sa_mask[0]=11111111011111111101111111111110, sa_flags=SA_RESTART|SA_SIGINFO
SIGFPE: [libjvm.so+0xbefa50], sa_mask[0]=11111111011111111101111111111110, sa_flags=SA_RESTART|SA_SIGINFO
SIGPIPE: [libjvm.so+0xbefa50], sa_mask[0]=11111111011111111101111111111110, sa_flags=SA_RESTART|SA_SIGINFO
SIGXFSZ: [libjvm.so+0xbefa50], sa_mask[0]=11111111011111111101111111111110, sa_flags=SA_RESTART|SA_SIGINFO
SIGILL: [libjvm.so+0xbefa50], sa_mask[0]=11111111011111111101111111111110, sa_flags=SA_RESTART|SA_SIGINFO
SIGUSR2: [libjvm.so+0xbef8f0], sa_mask[0]=00000000000000000000000000000000, sa_flags=SA_RESTART|SA_SIGINFO
SIGHUP: SIG_IGN, sa_mask[0]=00000000000000000000000000000000, sa_flags=none
SIGINT: SIG_IGN, sa_mask[0]=00000000000000000000000000000000, sa_flags=none
SIGTERM: [libjvm.so+0xbf00b0], sa_mask[0]=11111111011111111101111111111110, sa_flags=SA_RESTART|SA_SIGINFO
SIGQUIT: [libjvm.so+0xbf00b0], sa_mask[0]=11111111011111111101111111111110, sa_flags=SA_RESTART|SA_SIGINFO


---------------  S Y S T E M  ---------------

OS:DISTRIB_ID=Ubuntu
DISTRIB_RELEASE=22.04
DISTRIB_CODENAME=jammy
DISTRIB_DESCRIPTION="Ubuntu 22.04.3 LTS"
uname:Linux 5.15.146.1-microsoft-standard-WSL2 #1 SMP Thu Jan 11 04:09:03 UTC 2024 x86_64
OS uptime: 0 days 1:58 hours
libc:glibc 2.35 NPTL 2.35
rlimit (soft/hard): STACK 8192k/infinity , CORE 0k/infinity , NPROC 31659/31659 , NOFILE 1048576/1048576 , AS infinity/infinity , CPU infinity/infinity , DATA infinity/infinity , FSIZE infinity/infinity , MEMLOCK 65536k/65536k
load average:0.54 0.23 0.12

/proc/meminfo:
MemTotal:        8111348 kB
MemFree:         4603676 kB
MemAvailable:    6305540 kB
Buffers:           71124 kB
Cached:          1843016 kB
SwapCached:            0 kB
Active:           515800 kB
Inactive:        2506632 kB
Active(anon):      15624 kB
Inactive(anon):  1119348 kB
Active(file):     500176 kB
Inactive(file):  1387284 kB
Unevictable:           0 kB
Mlocked:               0 kB
SwapTotal:       2097152 kB
SwapFree:        2097152 kB
Dirty:               212 kB
Writeback:            32 kB
AnonPages:       1086716 kB
Mapped:           624392 kB
Shmem:             26680 kB
KReclaimable:      61216 kB
Slab:             143232 kB
SReclaimable:      61216 kB
SUnreclaim:        82016 kB
KernelStack:       15844 kB
PageTables:        16376 kB
NFS_Unstable:          0 kB
Bounce:                0 kB
WritebackTmp:          0 kB
CommitLimit:     6152824 kB
Committed_AS:    5404680 kB
VmallocTotal:   34359738367 kB
VmallocUsed:       39072 kB
VmallocChunk:          0 kB
Percpu:             9856 kB
AnonHugePages:    575488 kB
ShmemHugePages:        0 kB
ShmemPmdMapped:        0 kB
FileHugePages:         0 kB
FilePmdMapped:         0 kB
HugePages_Total:       0
HugePages_Free:        0
HugePages_Rsvd:        0
HugePages_Surp:        0
Hugepagesize:       2048 kB
Hugetlb:               0 kB
DirectMap4k:      125952 kB
DirectMap2M:     7188480 kB
DirectMap1G:    10485760 kB

/sys/kernel/mm/transparent_hugepage/enabled:
[always] madvise never
/sys/kernel/mm/transparent_hugepage/defrag (defrag/compaction efforts parameter):
always defer defer+madvise [madvise] never

Process Memory:
Virtual Size: 5241440K (peak: 13467908K)
Resident Set Size: 104168K (peak: 107272K) (anon: 76308K, file: 27860K, shmem: 0K)
Swapped out: 0K
C-Heap outstanding allocations: 43752K, retained: 6387K
glibc malloc tunables: (default)

/proc/sys/kernel/threads-max (system-wide limit on the number of threads):
63319
/proc/sys/vm/max_map_count (maximum number of memory map areas a process may have):
262144
/proc/sys/kernel/pid_max (system-wide limit on number of process identifiers):
99999

container (cgroup) information:
container_type: cgroupv1
cpu_cpuset_cpus: 0-11
cpu_memory_nodes: 0
active_processor_count: 12
cpu_quota: no quota
cpu_period: 100000
cpu_shares: no shares
memory_limit_in_bytes: unlimited
memory_and_swap_limit_in_bytes: unlimited
memory_soft_limit_in_bytes: unlimited
memory_usage_in_bytes: 3001176 k
memory_max_usage_in_bytes: 1290196 k
kernel_memory_usage_in_bytes: 60236 k
kernel_memory_max_usage_in_bytes: unlimited
kernel_memory_limit_in_bytes: 63928 k
maximum number of tasks: not supported
current number of tasks: not supported

Hyper-V virtualization detected
Steal ticks since vm start: 0
Steal ticks percentage since vm start:  0.000

CPU:total 12 (initial active 12) (16 cores per cpu, 2 threads per core) family 23 model 113 stepping 0 microcode 0xffffffff, cmov, cx8, fxsr, mmx, sse, sse2, sse3, ssse3, sse4.1, sse4.2, popcnt, avx, avx2, aes, clmul, mmxext, 3dnowpref, lzcnt, sse4a, ht, tsc, tscinvbit, tscinv, bmi1, bmi2, adx, sha, fma
CPU Model and flags from /proc/cpuinfo:
model name      : AMD Ryzen 5 3600 6-Core Processor
flags           : fpu vme de pse tsc msr pae mce cx8 apic sep mtrr pge mca cmov pat pse36 clflush mmx fxsr sse sse2 ht syscall nx mmxext fxsr_opt pdpe1gb rdtscp lm constant_tsc rep_good nopl tsc_reliable nonstop_tsc cpuid extd_apicid pni pclmulqdq ssse3 fma cx16 sse4_1 sse4_2 movbe popcnt aes xsave avx f16c rdrand hypervisor lahf_lm cmp_legacy svm cr8_legacy abm sse4a misalignsse 3dnowprefetch osvw topoext perfctr_core ssbd ibpb stibp vmmcall fsgsbase bmi1 avx2 smep bmi2 rdseed adx smap clflushopt clwb sha_ni xsaveopt xsavec xgetbv1 clzero xsaveerptr arat npt nrip_save tsc_scale vmcb_clean flushbyasid decodeassists pausefilter pfthreshold v_vmsave_vmload umip rdpid
Online cpus:
0-11
Offline cpus:

BIOS frequency limitation:
<Not Available>
Frequency switch latency (ns):
<Not Available>
Available cpu frequencies:
<Not Available>
Current governor:
<Not Available>
Core performance/turbo boost:
<Not Available>

Memory: 4k page, physical 8111348k(4603676k free), swap 2097152k(2097152k free)

vm_info: OpenJDK 64-Bit Server VM (11.0.22+7-post-Ubuntu-0ubuntu222.04.1) for linux-amd64 JRE (11.0.22+7-post-Ubuntu-0ubuntu222.04.1), built on Feb  5 2024 20:45:01 by "unknown" with gcc 11.4.0

END.
38687:
 num     #instances         #bytes  class name (module)
-------------------------------------------------------
   1:         18135        1110016  [B (java.base@11.0.22)
   2:         17376         417024  java.lang.String (java.base@11.0.22)
   3:          2786         339968  java.lang.Class (java.base@11.0.22)
   4:          7440         238080  java.util.concurrent.ConcurrentHashMap$Node (java.base@11.0.22)
   5:          2727         173568  [Ljava.lang.Object; (java.base@11.0.22)
   6:          4467         142944  java.util.HashMap$Node (java.base@11.0.22)
   7:          1215          84840  [I (java.base@11.0.22)
   8:          1477          70896  sun.util.locale.LocaleObjectCache$CacheEntry (java.base@11.0.22)
   9:           114          64464  [C (java.base@11.0.22)
  10:           108          63840  [Ljava.util.concurrent.ConcurrentHashMap$Node; (java.base@11.0.22)
  11:           505          63168  [Ljava.util.HashMap$Node; (java.base@11.0.22)
  12:           931          37240  java.lang.ref.SoftReference (java.base@11.0.22)
  13:           671          32208  java.lang.invoke.MemberName (java.base@11.0.22)
  14:           892          28544  java.lang.invoke.LambdaForm$Name (java.base@11.0.22)
  15:          1773          28368  java.lang.Object (java.base@11.0.22)
  16:           537          25776  java.util.HashMap (java.base@11.0.22)
  17:           836          25416  [Ljava.lang.Class; (java.base@11.0.22)
  18:           738          23616  java.util.Locale (java.base@11.0.22)
  19:           737          23584  sun.util.locale.BaseLocale (java.base@11.0.22)
  20:           737          23584  sun.util.locale.BaseLocale$Key (java.base@11.0.22)
  21:           554          23456  [Ljava.lang.String; (java.base@11.0.22)
  22:           234          20592  java.lang.reflect.Method (java.base@11.0.22)
  23:           438          17520  java.math.BigInteger (java.base@11.0.22)
  24:           421          16840  java.lang.invoke.MethodType (java.base@11.0.22)
  25:           477          15264  java.lang.invoke.MethodType$ConcurrentWeakInternSet$WeakEntry (java.base@11.0.22)
  26:           220          14960  [Ljava.lang.ref.SoftReference; (java.base@11.0.22)
  27:           559          13416  java.security.Provider$ServiceKey (java.base@11.0.22)
  28:           228          12768  java.security.Provider$Service (java.base@11.0.22)
  29:           493          11832  java.lang.invoke.ResolvedMethodName (java.base@11.0.22)
  30:           363           8712  java.lang.module.ModuleDescriptor$Exports (java.base@11.0.22)
  31:           149           8696  [Ljava.lang.invoke.LambdaForm$Name; (java.base@11.0.22)
  32:           268           8576  java.lang.invoke.LambdaForm$NamedFunction (java.base@11.0.22)
  33:           128           8192  java.util.concurrent.ConcurrentHashMap (java.base@11.0.22)
  34:           247           7904  sun.security.util.KnownOIDs (java.base@11.0.22)
  35:           130           7280  java.lang.invoke.MethodTypeForm (java.base@11.0.22)
  36:           176           7040  java.util.LinkedHashMap$Entry (java.base@11.0.22)
  37:           289           6936  java.util.ImmutableCollections$Set12 (java.base@11.0.22)
  38:           144           6912  java.lang.invoke.LambdaForm (java.base@11.0.22)
  39:            97           6208  java.lang.Class$ReflectionData (java.base@11.0.22)
  40:           256           6144  java.lang.Long (java.base@11.0.22)
  41:            75           6000  java.lang.reflect.Constructor (java.base@11.0.22)
  42:           243           5832  java.util.ArrayList (java.base@11.0.22)
  43:           361           5776  java.lang.Integer (java.base@11.0.22)
  44:           142           5680  java.lang.invoke.DirectMethodHandle$Accessor (java.base@11.0.22)
  45:            45           5056  [J (java.base@11.0.22)
  46:            61           4880  java.net.URI (java.base@11.0.22)
  47:           190           4560  java.security.Provider$UString (java.base@11.0.22)
  48:            71           4544  java.net.URL (java.base@11.0.22)
  49:            57           4512  [Ljava.lang.invoke.MethodHandle; (java.base@11.0.22)
  50:           135           4320  java.lang.module.ModuleDescriptor$Requires (java.base@11.0.22)
  51:            57           4104  java.lang.reflect.Field (java.base@11.0.22)
  52:           171           4104  java.util.ImmutableCollections$SetN (java.base@11.0.22)
  53:           256           4096  java.lang.Byte (java.base@11.0.22)
  54:           128           4096  java.lang.invoke.DirectMethodHandle (java.base@11.0.22)
  55:            11           4048  java.lang.Thread (java.base@11.0.22)
  56:           166           3984  jdk.internal.module.ServicesCatalog$ServiceProvider (java.base@11.0.22)
  57:            62           3968  java.lang.module.ModuleDescriptor (java.base@11.0.22)
  58:            68           3808  java.lang.Module (java.base@11.0.22)
  59:            61           3416  jdk.internal.module.ModuleReferenceImpl (java.base@11.0.22)
  60:           213           3408  java.util.HashSet (java.base@11.0.22)
  61:            59           3304  java.lang.invoke.LambdaFormEditor$Transform (java.base@11.0.22)
  62:            78           3120  org.postgresql.PGProperty
  63:            12           2544  [Z (java.base@11.0.22)
  64:            61           2440  java.lang.Package$VersionInfo (java.base@11.0.22)
  65:           145           2320  java.util.Collections$UnmodifiableSet (java.base@11.0.22)
  66:            91           2184  java.util.concurrent.CopyOnWriteArrayList (java.base@11.0.22)
  67:            53           2120  sun.security.util.NamedCurve (java.base@11.0.22)
  68:            66           2112  java.lang.invoke.LambdaForm$Kind (java.base@11.0.22)
  69:           131           2096  java.util.HashMap$EntrySet (java.base@11.0.22)
  70:            37           2072  sun.util.calendar.ZoneInfo (java.base@11.0.22)
  71:           128           2048  java.lang.Character (java.base@11.0.22)
  72:            42           2016  java.util.logging.LogManager$LoggerWeakRef (java.logging@11.0.22)
  73:            83           1992  java.util.ImmutableCollections$List12 (java.base@11.0.22)
  74:            61           1952  java.lang.Package (java.base@11.0.22)
  75:            48           1920  java.io.ObjectStreamField (java.base@11.0.22)
  76:            53           1696  java.security.spec.EllipticCurve (java.base@11.0.22)
  77:            53           1696  sun.security.util.ObjectIdentifier (java.base@11.0.22)
  78:            65           1560  [Ljava.lang.reflect.Constructor; (java.base@11.0.22)
  79:            65           1560  jdk.internal.reflect.NativeConstructorAccessorImpl (java.base@11.0.22)
  80:            35           1552  [Ljava.lang.reflect.Method; (java.base@11.0.22)
  81:            61           1464  java.lang.module.ResolvedModule (java.base@11.0.22)
  82:            61           1464  jdk.internal.module.SystemModuleFinders$2 (java.base@11.0.22)
  83:            61           1464  jdk.internal.module.SystemModuleFinders$SystemModuleReader (java.base@11.0.22)
  84:             2           1440  [[B (java.base@11.0.22)
  85:            30           1440  java.time.temporal.ValueRange (java.base@11.0.22)
  86:            60           1440  java.util.jar.Attributes$Name (java.base@11.0.22)
  87:            60           1440  jdk.internal.loader.BuiltinClassLoader$LoadedModule (java.base@11.0.22)
  88:            56           1344  java.lang.module.ModuleDescriptor$Provides (java.base@11.0.22)
  89:            54           1296  java.security.spec.ECPoint (java.base@11.0.22)
  90:            39           1280  [Ljava.math.BigInteger; (java.base@11.0.22)
  91:            40           1280  java.lang.invoke.BoundMethodHandle$Species_L (java.base@11.0.22)
  92:            32           1280  java.math.BigDecimal (java.base@11.0.22)
  93:            30           1200  java.time.temporal.ChronoField (java.base@11.0.22)
  94:            37           1184  java.util.logging.LogManager$LogNode (java.logging@11.0.22)
  95:             8           1152  [Ljava.lang.invoke.MemberName; (java.base@11.0.22)
  96:            34           1088  com.fasterxml.jackson.databind.MapperFeature
  97:            19           1064  java.util.logging.Logger (java.logging@11.0.22)
  98:            66           1056  java.util.ImmutableCollections$ListN (java.base@11.0.22)
  99:             1           1048  [Lsun.security.util.KnownOIDs; (java.base@11.0.22)
 100:             1           1040  [Ljava.lang.Byte; (java.base@11.0.22)
 101:             1           1040  [Ljava.lang.Integer; (java.base@11.0.22)
 102:             1           1040  [Ljava.lang.Long; (java.base@11.0.22)
 103:            65           1040  jdk.internal.reflect.DelegatingConstructorAccessorImpl (java.base@11.0.22)
 104:            31            992  java.lang.invoke.VarHandle$AccessMode (java.base@11.0.22)
 105:            20            960  java.lang.invoke.BoundMethodHandle$SpeciesData (java.base@11.0.22)
 106:            30            960  java.lang.ref.ReferenceQueue (java.base@11.0.22)
 107:            30            960  java.security.Provider$EngineDescription (java.base@11.0.22)
 108:            59            944  jdk.internal.module.SystemModuleFinders$3 (java.base@11.0.22)
 109:            28            896  com.fasterxml.jackson.databind.DeserializationFeature
 110:            37            888  java.util.regex.Pattern$BmpCharProperty (java.base@11.0.22)
 111:             6            840  [D (java.base@11.0.22)
 112:            26            832  com.fasterxml.jackson.databind.SerializationFeature
 113:            20            800  [Ljava.lang.invoke.BoundMethodHandle$SpeciesData; (java.base@11.0.22)
 114:            25            800  java.lang.ref.WeakReference (java.base@11.0.22)
 115:            20            800  java.util.logging.Logger$ConfigurationData (java.logging@11.0.22)
 116:            16            768  jdk.internal.ref.CleanerImpl$PhantomCleanableRef (java.base@11.0.22)
 117:            13            728  sun.security.ec.SunEC$ProviderService (jdk.crypto.ec@11.0.22)
 118:             9            720  [Ljava.util.WeakHashMap$Entry; (java.base@11.0.22)
 119:            14            672  com.fasterxml.jackson.databind.type.SimpleType
 120:            28            672  java.time.LocalTime (java.base@11.0.22)
 121:            12            672  sun.security.ec.SunEC$ProviderServiceA (jdk.crypto.ec@11.0.22)
 122:            16            640  java.lang.invoke.BoundMethodHandle$Species_LL (java.base@11.0.22)
 123:            10            640  java.lang.invoke.BoundMethodHandle$Species_LLLLLLIIL (java.base@11.0.22)
 124:            16            640  java.security.AccessControlContext (java.base@11.0.22)
 125:             3            624  [Ljava.lang.invoke.LambdaForm; (java.base@11.0.22)
 126:            13            624  com.fasterxml.jackson.core.JsonToken
 127:            26            624  java.security.spec.ECFieldF2m (java.base@11.0.22)
 128:            19            608  com.fasterxml.jackson.core.JsonParser$Feature
 129:            19            608  java.lang.invoke.VarHandle$AccessDescriptor (java.base@11.0.22)
 130:            15            600  java.security.ProtectionDomain (java.base@11.0.22)
 131:             7            560  java.util.concurrent.TimeUnit (java.base@11.0.22)
 132:             1            528  [Ljava.lang.Character; (java.base@11.0.22)
 133:             1            528  [Ljava.util.TimerTask; (java.base@11.0.22)
 134:            18            520  [Ljava.io.ObjectStreamField; (java.base@11.0.22)
 135:            13            520  java.security.CodeSource (java.base@11.0.22)
 136:            32            512  java.lang.ref.ReferenceQueue$Lock (java.base@11.0.22)
 137:            16            512  java.time.temporal.ChronoUnit (java.base@11.0.22)
 138:             8            512  java.util.zip.Inflater (java.base@11.0.22)
 139:             4            512  sun.nio.fs.UnixFileAttributes (java.base@11.0.22)
 140:             7            496  [Lsun.invoke.util.Wrapper; (java.base@11.0.22)
 141:            20            480  java.lang.RuntimePermission (java.base@11.0.22)
 142:            12            480  java.lang.invoke.VarHandleObjects$FieldInstanceReadWrite (java.base@11.0.22)
 143:            10            480  sun.invoke.util.Wrapper (java.base@11.0.22)
 144:            19            456  java.time.Duration (java.base@11.0.22)
 145:             7            448  java.nio.DirectByteBuffer (java.base@11.0.22)
 146:             8            448  java.util.LinkedHashMap (java.base@11.0.22)
 147:            10            432  [Ljava.lang.invoke.MethodType; (java.base@11.0.22)
 148:            18            432  java.io.ExpiringCache$Entry (java.base@11.0.22)
 149:            27            432  java.security.spec.ECFieldFp (java.base@11.0.22)
 150:            18            432  java.text.DateFormat$Field (java.base@11.0.22)
 151:            18            432  java.util.concurrent.atomic.AtomicLong (java.base@11.0.22)
 152:            18            432  org.postgresql.core.ServerVersion
 153:             4            416  java.util.jar.JarFile$JarFileEntry (java.base@11.0.22)
 154:             5            400  com.fasterxml.jackson.databind.util.internal.PrivateMaxEntriesMap
 155:            10            400  java.io.FileDescriptor (java.base@11.0.22)
 156:            10            400  java.lang.OutOfMemoryError (java.base@11.0.22)
 157:            12            384  com.fasterxml.jackson.core.JsonGenerator$Feature
 158:            12            384  sun.security.jca.ProviderConfig (java.base@11.0.22)
 159:             1            376  java.lang.ref.Finalizer$FinalizerThread (java.base@11.0.22)
 160:             1            376  java.util.TimerThread (java.base@11.0.22)
 161:             1            376  java.util.logging.LogManager$Cleaner (java.logging@11.0.22)
 162:             1            376  jdk.internal.misc.InnocuousThread (java.base@11.0.22)
 163:             1            368  java.lang.ref.Reference$ReferenceHandler (java.base@11.0.22)
 164:             5            360  com.fasterxml.jackson.databind.introspect.AnnotatedClass
 165:             9            360  java.util.WeakHashMap$Entry (java.base@11.0.22)
 166:            15            360  org.postgresql.core.AsciiStringInterner$Key
 167:            11            352  java.security.Permissions (java.base@11.0.22)
 168:             5            336  [S (java.base@11.0.22)
 169:             6            336  java.io.FileCleanable (java.base@11.0.22)
 170:             6            336  java.nio.DirectLongBufferU (java.base@11.0.22)
 171:             7            336  java.util.WeakHashMap (java.base@11.0.22)
 172:             1            328  [Lorg.postgresql.PGProperty;
 173:            10            320  java.io.File (java.base@11.0.22)
 174:             8            320  java.lang.ClassLoader$NativeLibrary (java.base@11.0.22)
 175:             8            320  java.lang.invoke.DirectMethodHandle$Special (java.base@11.0.22)
 176:             5            320  java.nio.DirectByteBufferR (java.base@11.0.22)
 177:            10            320  java.util.Hashtable$Entry (java.base@11.0.22)
 178:            10            320  java.util.LinkedList (java.base@11.0.22)
 179:            10            320  java.util.concurrent.locks.ReentrantLock$NonfairSync (java.base@11.0.22)
 180:            10            320  sun.nio.fs.UnixPath (java.base@11.0.22)
 181:            10            320  sun.security.util.LazyCodeSourcePermissionCollection (java.base@11.0.22)
 182:             3            312  [Ljava.lang.ClassValue$Entry; (java.base@11.0.22)
 183:            13            312  com.fasterxml.jackson.databind.type.LogicalType
 184:            13            312  java.lang.invoke.Invokers (java.base@11.0.22)
 185:             4            304  [Ljava.lang.reflect.Field; (java.base@11.0.22)
 186:            12            288  java.net.StandardSocketOptions$StdSocketOption (java.base@11.0.22)
 187:             2            288  java.text.DecimalFormat (java.base@11.0.22)
 188:             9            288  java.util.logging.Level (java.logging@11.0.22)
 189:             9            288  java.util.logging.Level$KnownLevel (java.logging@11.0.22)
 190:             4            288  java.util.zip.ZipFile$Source (java.base@11.0.22)
 191:             9            288  jdk.internal.org.objectweb.asm.Type (java.base@11.0.22)
 192:             6            288  sun.util.locale.provider.LocaleResources$ResourceReference (java.base@11.0.22)
 193:             1            280  [Ljava.lang.invoke.LambdaForm$Kind; (java.base@11.0.22)
 194:             5            280  java.util.Properties (java.base@11.0.22)
 195:             1            272  [[C (java.base@11.0.22)
 196:            17            272  sun.invoke.util.ValueConversions$WrapperCache (java.base@11.0.22)
 197:            11            264  com.fasterxml.jackson.annotation.JsonFormat$Shape
 198:            11            264  java.lang.invoke.MethodHandleImpl$Intrinsic (java.base@11.0.22)
 199:             2            256  [Lcom.fasterxml.jackson.databind.DeserializationFeature;
 200:             5            256  [Ljava.util.Hashtable$Entry; (java.base@11.0.22)
 201:             8            256  java.lang.reflect.ProxyGenerator$PrimitiveTypeInfo (java.base@11.0.22)
 202:             4            256  java.util.jar.JarFile (java.base@11.0.22)
 203:             2            240  [Lcom.fasterxml.jackson.databind.SerializationFeature;
 204:            15            240  [Ljava.security.Principal; (java.base@11.0.22)
 205:            10            240  com.fasterxml.jackson.databind.cfg.CoercionInputShape
 206:             5            240  com.fasterxml.jackson.databind.introspect.BasicBeanDescription
 207:            10            240  java.nio.charset.CoderResult (java.base@11.0.22)
 208:            10            240  java.nio.file.StandardOpenOption (java.base@11.0.22)
 209:            15            240  java.security.ProtectionDomain$Key (java.base@11.0.22)
 210:             5            240  java.util.Hashtable (java.base@11.0.22)
 211:            10            240  java.util.LinkedList$Node (java.base@11.0.22)
 212:             5            224  [Ljava.lang.invoke.LambdaForm$NamedFunction; (java.base@11.0.22)
 213:             2            224  java.util.GregorianCalendar (java.base@11.0.22)
 214:             7            224  org.postgresql.core.Parser$SqlParseState
 215:             9            216  java.util.regex.Pattern$BitClass (java.base@11.0.22)
 216:             9            216  jdk.internal.reflect.NativeMethodAccessorImpl (java.base@11.0.22)
 217:             9            216  org.postgresql.core.SqlCommandType
 218:             9            216  org.postgresql.shaded.com.ongres.scram.common.ScramAttributes
 219:             3            216  sun.security.provider.NativePRNG$RandomIO (java.base@11.0.22)
 220:            13            208  java.util.Collections$SingletonSet (java.base@11.0.22)
 221:             2            200  [Ljava.text.DateFormat$Field; (java.base@11.0.22)
 222:             5            200  java.lang.invoke.DirectMethodHandle$Interface (java.base@11.0.22)
 223:             5            200  java.lang.invoke.MethodHandleImpl$AsVarargsCollector (java.base@11.0.22)
 224:             5            200  java.util.EnumMap (java.base@11.0.22)
 225:             5            200  java.util.stream.StreamOpFlag (java.base@11.0.22)
 226:            12            192  com.fasterxml.jackson.databind.node.IntNode
 227:             6            192  java.lang.invoke.LambdaForm$BasicType (java.base@11.0.22)
 228:             8            192  java.lang.invoke.VarForm (java.base@11.0.22)
 229:             8            192  java.math.RoundingMode (java.base@11.0.22)
 230:             8            192  java.net.NetPermission (java.base@11.0.22)
 231:             6            192  java.util.ImmutableCollections$MapN (java.base@11.0.22)
 232:             8            192  java.util.zip.Inflater$InflaterZStreamRef (java.base@11.0.22)
 233:             4            192  jdk.internal.loader.URLClassPath$JarLoader (java.base@11.0.22)
 234:             4            192  org.postgresql.shaded.com.ongres.scram.common.ScramMechanisms
 235:             2            192  sun.util.calendar.Gregorian$Date (java.base@11.0.22)
 236:             4            192  sun.util.resources.Bundles$BundleReference (java.base@11.0.22)
 237:             2            176  java.util.regex.Pattern (java.base@11.0.22)
 238:             1            168  [[Ljava.math.BigInteger; (java.base@11.0.22)
 239:             7            168  com.fasterxml.jackson.annotation.JsonInclude$Include
 240:             7            168  java.lang.NamedPackage (java.base@11.0.22)
 241:             7            168  java.lang.System$Logger$Level (java.base@11.0.22)
 242:             7            168  java.util.ArrayDeque (java.base@11.0.22)
 243:             3            160  [Ljava.util.logging.Level; (java.logging@11.0.22)
 244:             2            160  [[Ljava.lang.String; (java.base@11.0.22)
 245:             4            160  com.fasterxml.jackson.core.Base64Variant
 246:             5            160  com.fasterxml.jackson.core.JsonEncoding
 247:             5            160  java.lang.ClassValue$Entry (java.base@11.0.22)
 248:            10            160  java.lang.ThreadLocal (java.base@11.0.22)
 249:             4            160  java.lang.invoke.DirectMethodHandle$Constructor (java.base@11.0.22)
 250:             5            160  java.lang.invoke.VarHandle$AccessType (java.base@11.0.22)
 251:             5            160  java.lang.invoke.VarHandleInts$FieldInstanceReadWrite (java.base@11.0.22)
 252:             5            160  java.security.BasicPermissionCollection (java.base@11.0.22)
 253:            10            160  java.security.SecureClassLoader$CodeSourceKey (java.base@11.0.22)
 254:             4            160  java.util.IdentityHashMap (java.base@11.0.22)
 255:             5            160  java.util.RegularEnumSet (java.base@11.0.22)
 256:            10            160  java.util.concurrent.atomic.AtomicLongArray (java.base@11.0.22)
 257:             5            160  java.util.regex.Pattern$Branch (java.base@11.0.22)
 258:             5            160  sun.util.locale.provider.LocaleProviderAdapter$Type (java.base@11.0.22)
 259:             1            152  [Lcom.fasterxml.jackson.databind.MapperFeature;
 260:             3            144  [F (java.base@11.0.22)
 261:             1            144  [Lcom.fasterxml.jackson.core.sym.CharsToNameCanonicalizer$Bucket;
 262:             1            144  [Ljava.lang.invoke.VarHandle$AccessMode; (java.base@11.0.22)
 263:             2            144  [Ljava.math.BigDecimal; (java.base@11.0.22)
 264:             6            144  com.fasterxml.jackson.annotation.JsonAutoDetect$Visibility
 265:             6            144  com.fasterxml.jackson.core.JsonParser$NumberType
 266:             3            144  java.lang.ThreadGroup (java.base@11.0.22)
 267:             6            144  java.lang.invoke.StringConcatFactory$Strategy (java.base@11.0.22)
 268:             6            144  java.lang.module.ModuleDescriptor$Requires$Modifier (java.base@11.0.22)
 269:             3            144  java.nio.HeapByteBuffer (java.base@11.0.22)
 270:             2            144  java.text.DecimalFormatSymbols (java.base@11.0.22)
 271:             9            144  java.util.concurrent.atomic.AtomicInteger (java.base@11.0.22)
 272:             9            144  java.util.regex.Pattern$$Lambda$3/0x0000000840066c40 (java.base@11.0.22)
 273:             9            144  java.util.regex.Pattern$BitClass$$Lambda$2/0x0000000840066840 (java.base@11.0.22)
 274:             6            144  jdk.internal.perf.PerfCounter (java.base@11.0.22)
 275:             9            144  jdk.internal.reflect.DelegatingMethodAccessorImpl (java.base@11.0.22)
 276:             6            144  org.postgresql.jdbc.SslMode
 277:             1            136  [Ljava.time.temporal.ChronoField; (java.base@11.0.22)
 278:             4            136  [Lsun.invoke.util.ValueConversions$WrapperCache; (java.base@11.0.22)
 279:             5            128  [Ljava.security.ProtectionDomain; (java.base@11.0.22)
 280:             4            128  com.fasterxml.jackson.core.StreamReadCapability
 281:             4            128  com.fasterxml.jackson.core.io.SerializedString
 282:             4            128  com.fasterxml.jackson.core.util.Separators$Spacing
 283:             2            128  com.fasterxml.jackson.databind.cfg.BaseSettings
 284:             4            128  com.fasterxml.jackson.databind.cfg.JsonNodeFeature
 285:             2            128  java.io.ExpiringCache$1 (java.base@11.0.22)
 286:             4            128  java.io.RandomAccessFile (java.base@11.0.22)
 287:             2            128  java.lang.ClassValue$ClassValueMap (java.base@11.0.22)
 288:             2            128  java.text.DateFormatSymbols (java.base@11.0.22)
 289:             8            128  java.util.concurrent.atomic.AtomicReference (java.base@11.0.22)
 290:             4            128  java.util.concurrent.atomic.AtomicReferenceFieldUpdater$AtomicReferenceFieldUpdaterImpl (java.base@11.0.22)
 291:             4            128  java.util.zip.ZipFile$CleanableResource (java.base@11.0.22)
 292:             4            128  sun.util.locale.provider.LocaleResources (java.base@11.0.22)
 293:             4            128  sun.util.resources.Bundles$CacheKey (java.base@11.0.22)
 294:             3            120  [Ljava.lang.invoke.LambdaForm$BasicType; (java.base@11.0.22)
 295:             5            120  [Ljava.util.regex.Pattern$Node; (java.base@11.0.22)
 296:             1            120  [[Ljava.lang.Object; (java.base@11.0.22)
 297:             5            120  com.fasterxml.jackson.annotation.Nulls
 298:             5            120  com.fasterxml.jackson.core.JsonFactory$Feature
 299:             5            120  com.fasterxml.jackson.databind.util.LRUMap
 300:             5            120  com.fasterxml.jackson.databind.util.internal.LinkedDeque
 301:             3            120  java.io.FileInputStream (java.base@11.0.22)
 302:             3            120  java.lang.WeakPairMap$Pair$Weak (java.base@11.0.22)
 303:             5            120  java.time.LocalDate (java.base@11.0.22)
 304:             5            120  java.time.LocalDateTime (java.base@11.0.22)
 305:             5            120  java.util.Collections$SetFromMap (java.base@11.0.22)
 306:             5            120  java.util.Collections$SynchronizedSet (java.base@11.0.22)
 307:             5            120  java.util.concurrent.ConcurrentLinkedQueue (java.base@11.0.22)
 308:             5            120  java.util.concurrent.ConcurrentLinkedQueue$Node (java.base@11.0.22)
 309:             5            120  java.util.stream.StreamOpFlag$Type (java.base@11.0.22)
 310:             1            120  jdk.internal.loader.ClassLoaders$AppClassLoader (java.base@11.0.22)
 311:             5            120  jdk.internal.math.FloatingDecimal$PreparedASCIIToBinaryBuffer (java.base@11.0.22)
 312:             5            120  jdk.net.ExtendedSocketOptions$ExtSocketOption (jdk.net@11.0.22)
 313:             1            112  [Ljava.time.LocalTime; (java.base@11.0.22)
 314:             2            112  java.nio.DirectIntBufferRU (java.base@11.0.22)
 315:             7            112  java.util.concurrent.locks.ReentrantLock (java.base@11.0.22)
 316:             1            112  jdk.internal.loader.ClassLoaders$BootClassLoader (java.base@11.0.22)
 317:             1            112  jdk.internal.loader.ClassLoaders$PlatformClassLoader (java.base@11.0.22)
 318:             1            112  sun.net.httpserver.ServerImpl (jdk.httpserver@11.0.22)
 319:             2            112  sun.security.jgss.SunProvider$ProviderService (java.security.jgss@11.0.22)
 320:             1            104  com.sun.crypto.provider.SunJCE (java.base@11.0.22)
 321:             1            104  com.sun.net.ssl.internal.ssl.Provider (java.base@11.0.22)
 322:             1            104  sun.security.ec.SunEC (jdk.crypto.ec@11.0.22)
 323:             1            104  sun.security.jca.ProviderList$1 (java.base@11.0.22)
 324:             1            104  sun.security.jgss.SunProvider (java.security.jgss@11.0.22)
 325:             1            104  sun.security.provider.Sun (java.base@11.0.22)
 326:             1            104  sun.security.rsa.SunRsaSign (java.base@11.0.22)
 327:             1             96  [Lcom.fasterxml.jackson.core.JsonParser$Feature;
 328:             3             96  [Ljava.lang.Thread; (java.base@11.0.22)
 329:             3             96  [Ljava.lang.invoke.LambdaFormEditor$Transform; (java.base@11.0.22)
 330:             2             96  [Lorg.postgresql.core.Parser$SqlParseState;
 331:             1             96  [[J (java.base@11.0.22)
 332:             1             96  com.fasterxml.jackson.databind.DeserializationConfig
 333:             4             96  com.fasterxml.jackson.databind.cfg.CoercionAction
 334:             6             96  com.fasterxml.jackson.databind.ser.std.ToStringSerializer
 335:             3             96  java.lang.Runtime$Version (java.base@11.0.22)
 336:             3             96  java.lang.WeakPairMap$Pair$Weak$1 (java.base@11.0.22)
 337:             3             96  java.lang.invoke.SimpleMethodHandle (java.base@11.0.22)
 338:             4             96  java.lang.module.ModuleDescriptor$Modifier (java.base@11.0.22)
 339:             4             96  java.lang.module.ModuleDescriptor$Opens (java.base@11.0.22)
 340:             3             96  java.net.InetAddress$InetAddressHolder (java.base@11.0.22)
 341:             1             96  java.net.SocksSocketImpl (java.base@11.0.22)
 342:             4             96  java.sql.SQLPermission (java.sql@11.0.22)
 343:             4             96  java.text.Normalizer$Form (java.base@11.0.22)
 344:             4             96  java.time.OffsetDateTime (java.base@11.0.22)
 345:             3             96  java.util.Collections$UnmodifiableMap (java.base@11.0.22)
 346:             6             96  java.util.HashMap$KeySet (java.base@11.0.22)
 347:             3             96  java.util.Vector (java.base@11.0.22)
 348:             4             96  java.util.jar.Manifest (java.base@11.0.22)
 349:             4             96  java.util.regex.Pattern$GroupHead (java.base@11.0.22)
 350:             4             96  java.util.regex.Pattern$GroupTail (java.base@11.0.22)
 351:             4             96  java.util.regex.Pattern$Qtype (java.base@11.0.22)
 352:             4             96  java.util.stream.StreamShape (java.base@11.0.22)
 353:             4             96  java.util.zip.ZipFile$Source$Key (java.base@11.0.22)
 354:             1             96  jdk.internal.jimage.ImageReader$SharedImageReader (java.base@11.0.22)
 355:             4             96  jdk.internal.loader.AbstractClassLoaderValue$Sub (java.base@11.0.22)
 356:             6             96  jdk.internal.loader.ClassLoaderValue (java.base@11.0.22)
 357:             4             96  jdk.internal.logger.BootstrapLogger$LoggingBackend (java.base@11.0.22)
 358:             4             96  org.postgresql.hostchooser.HostStatus
 359:             4             96  org.postgresql.jdbc.GSSEncMode
 360:             4             96  org.postgresql.jdbc.PreferQueryMode
 361:             4             96  org.postgresql.jdbc.StatementCancelState
 362:             4             96  org.postgresql.plugin.AuthenticationRequestType
 363:             4             96  org.postgresql.shaded.com.ongres.scram.common.gssapi.Gs2Attributes
 364:             2             96  sun.net.httpserver.HttpContextImpl (jdk.httpserver@11.0.22)
 365:             3             96  sun.net.spi.DefaultProxySelector$NonProxyInfo (java.base@11.0.22)
 366:             1             96  sun.nio.ch.ServerSocketChannelImpl (java.base@11.0.22)
 367:             2             96  sun.nio.cs.StreamEncoder (java.base@11.0.22)
 368:             2             96  sun.nio.cs.UTF_8$Encoder (java.base@11.0.22)
 369:             2             88  [Lcom.fasterxml.jackson.databind.cfg.CoercionAction;
 370:             1             88  [Lorg.postgresql.core.ServerVersion;
 371:             1             88  com.fasterxml.jackson.databind.SerializationConfig
 372:             1             88  sun.nio.ch.EPollSelectorImpl (java.base@11.0.22)
 373:             1             80  [Ljava.time.temporal.ChronoUnit; (java.base@11.0.22)
 374:             2             80  [Ljava.util.stream.StreamOpFlag$Type; (java.base@11.0.22)
 375:             2             80  [Lorg.postgresql.hostchooser.HostRequirement;
 376:             2             80  [Lorg.postgresql.jdbc.SslMode;
 377:             2             80  [Lsun.security.jca.ProviderConfig; (java.base@11.0.22)
 378:             1             80  com.fasterxml.jackson.databind.MappingJsonFactory
 379:             2             80  java.io.BufferedWriter (java.base@11.0.22)
 380:             2             80  java.io.ExpiringCache (java.base@11.0.22)
 381:             2             80  java.io.FileOutputStream (java.base@11.0.22)
 382:             2             80  java.io.PrintStream (java.base@11.0.22)
 383:             2             80  java.lang.ModuleLayer (java.base@11.0.22)
 384:             2             80  java.lang.VirtualMachineError (java.base@11.0.22)
 385:             1             80  java.lang.invoke.BoundMethodHandle$Species_LLLLLLLLLLIIL (java.base@11.0.22)
 386:             2             80  java.lang.module.Configuration (java.base@11.0.22)
 387:             2             80  java.lang.ref.Finalizer (java.base@11.0.22)
 388:             2             80  java.text.DigitList (java.base@11.0.22)
 389:             2             80  java.util.Locale$Category (java.base@11.0.22)
 390:             5             80  java.util.WeakHashMap$KeySet (java.base@11.0.22)
 391:             5             80  java.util.concurrent.atomic.AtomicBoolean (java.base@11.0.22)
 392:             5             80  java.util.concurrent.atomic.AtomicReferenceArray (java.base@11.0.22)
 393:             5             80  java.util.regex.Pattern$BranchConn (java.base@11.0.22)
 394:             2             80  jdk.internal.math.FloatingDecimal$BinaryToASCIIBuffer (java.base@11.0.22)
 395:             1             80  sun.text.normalizer.NormalizerImpl (java.base@11.0.22)
 396:             1             80  sun.util.cldr.CLDRLocaleProviderAdapter (java.base@11.0.22)
 397:             1             80  sun.util.locale.provider.LocaleProviderAdapter$NonExistentAdapter (java.base@11.0.22)
 398:             1             72  [Lcom.fasterxml.jackson.core.JsonToken;
 399:             1             72  [Lcom.fasterxml.jackson.databind.type.LogicalType;
 400:             3             72  com.fasterxml.jackson.core.Base64Variant$PaddingReadBehaviour
 401:             1             72  com.fasterxml.jackson.core.sym.ByteQuadsCanonicalizer
 402:             1             72  com.fasterxml.jackson.core.util.InternCache
 403:             1             72  com.fasterxml.jackson.databind.ObjectMapper
 404:             3             72  com.fasterxml.jackson.databind.PropertyName
 405:             1             72  com.fasterxml.jackson.databind.deser.DefaultDeserializationContext$Impl
 406:             1             72  com.fasterxml.jackson.databind.ser.DefaultSerializerProvider$Impl
 407:             3             72  com.fasterxml.jackson.databind.ser.std.NumberSerializer
 408:             3             72  java.lang.WeakPairMap (java.base@11.0.22)
 409:             3             72  java.lang.annotation.RetentionPolicy (java.base@11.0.22)
 410:             1             72  java.lang.invoke.BoundMethodHandle$Species_LLLLLLLIIL (java.base@11.0.22)
 411:             3             72  java.lang.invoke.MethodHandleNatives$CallSiteContext (java.base@11.0.22)
 412:             3             72  java.lang.invoke.MethodHandles$Lookup (java.base@11.0.22)
 413:             3             72  java.lang.invoke.StringConcatFactory$Mode (java.base@11.0.22)
 414:             3             72  java.net.Proxy$Type (java.base@11.0.22)
 415:             3             72  java.nio.file.AccessMode (java.base@11.0.22)
 416:             3             72  java.security.SecurityPermission (java.base@11.0.22)
 417:             3             72  java.time.Instant (java.base@11.0.22)
 418:             3             72  java.time.ZoneOffset (java.base@11.0.22)
 419:             3             72  java.util.Collections$UnmodifiableRandomAccessList (java.base@11.0.22)
 420:             3             72  java.util.concurrent.ConcurrentHashMap$KeySetView (java.base@11.0.22)
 421:             3             72  java.util.stream.Collector$Characteristics (java.base@11.0.22)
 422:             3             72  jdk.internal.math.FloatingDecimal$ExceptionalBinaryToASCIIBuffer (java.base@11.0.22)
 423:             3             72  jdk.internal.misc.Signal (java.base@11.0.22)
 424:             3             72  jdk.internal.module.IllegalAccessLogger$Mode (java.base@11.0.22)
 425:             3             72  org.postgresql.core.TransactionState
 426:             3             72  org.postgresql.jdbc.AutoSave
 427:             3             72  org.postgresql.jdbc.EscapeSyntaxCallMode
 428:             3             72  org.postgresql.jdbc.PgConnection$ReadOnlyBehavior
 429:             3             72  org.postgresql.shaded.com.ongres.scram.client.ScramClient$ChannelBinding
 430:             3             72  org.postgresql.shaded.com.ongres.scram.common.gssapi.Gs2CbindFlag
 431:             3             72  sun.security.provider.NativePRNG$Variant (java.base@11.0.22)
 432:             1             64  [Lcom.fasterxml.jackson.annotation.JsonFormat$Shape;
 433:             1             64  [Lcom.fasterxml.jackson.core.JsonGenerator$Feature;
 434:             1             64  [Lcom.fasterxml.jackson.databind.node.IntNode;
 435:             2             64  [Ljava.lang.annotation.RetentionPolicy; (java.base@11.0.22)
 436:             1             64  [Ljava.lang.invoke.MethodHandleImpl$Intrinsic; (java.base@11.0.22)
 437:             2             64  [Ljava.nio.charset.CoderResult; (java.base@11.0.22)
 438:             2             64  [Ljava.util.stream.Collector$Characteristics; (java.base@11.0.22)
 439:             2             64  [Lorg.postgresql.jdbc.AutoSave;
 440:             2             64  [Lorg.postgresql.jdbc.GSSEncMode;
 441:             2             64  [Lorg.postgresql.jdbc.PgConnection$ReadOnlyBehavior;
 442:             2             64  com.fasterxml.jackson.core.io.ContentReference
 443:             1             64  com.fasterxml.jackson.core.sym.CharsToNameCanonicalizer
 444:             2             64  com.fasterxml.jackson.databind.cfg.EnumFeature
 445:             2             64  com.fasterxml.jackson.databind.introspect.VisibilityChecker$Std
 446:             2             64  com.fasterxml.jackson.databind.ser.std.NumberSerializers$DoubleSerializer
 447:             2             64  com.fasterxml.jackson.databind.ser.std.NumberSerializers$IntegerSerializer
 448:             2             64  com.fasterxml.jackson.databind.ser.std.NumberSerializers$LongSerializer
 449:             2             64  java.io.BufferedOutputStream (java.base@11.0.22)
 450:             2             64  java.lang.ref.ReferenceQueue$Null (java.base@11.0.22)
 451:             2             64  java.nio.file.attribute.FileTime (java.base@11.0.22)
 452:             1             64  java.text.SimpleDateFormat (java.base@11.0.22)
 453:             4             64  java.util.concurrent.ConcurrentHashMap$ValuesView (java.base@11.0.22)
 454:             4             64  java.util.jar.Attributes (java.base@11.0.22)
 455:             1             64  java.util.logging.LogManager$RootLogger (java.logging@11.0.22)
 456:             2             64  java.util.stream.FindOps$FindOp (java.base@11.0.22)
 457:             4             64  sun.nio.fs.UnixFileAttributes$UnixAsBasicFileAttributes (java.base@11.0.22)
 458:             2             64  sun.reflect.annotation.AnnotationType (java.base@11.0.22)
 459:             2             64  sun.security.provider.FileInputStreamPool$StreamRef (java.base@11.0.22)
 460:             1             64  sun.text.normalizer.Trie2_16 (java.base@11.0.22)
 461:             1             56  [Lcom.fasterxml.jackson.databind.cfg.CoercionInputShape;
 462:             1             56  [Ljava.lang.Runnable; (java.base@11.0.22)
 463:             1             56  [Ljava.nio.file.StandardOpenOption; (java.base@11.0.22)
 464:             1             56  [Lorg.postgresql.core.SqlCommandType;
 465:             1             56  [Lorg.postgresql.shaded.com.ongres.scram.common.ScramAttributes;
 466:             1             56  [[I (java.base@11.0.22)
 467:             1             56  java.lang.invoke.BoundMethodHandle$Specializer (java.base@11.0.22)
 468:             1             56  java.net.SocketPermission (java.base@11.0.22)
 469:             1             56  java.util.ServiceLoader (java.base@11.0.22)
 470:             1             56  java.util.logging.LogManager (java.logging@11.0.22)
 471:             1             56  jdk.internal.ref.CleanerImpl$SoftCleanableRef (java.base@11.0.22)
 472:             1             56  sun.security.provider.SHA (java.base@11.0.22)
 473:             1             48  [Lcom.fasterxml.jackson.annotation.JsonInclude$Include;
 474:             3             48  [Lcom.fasterxml.jackson.databind.JavaType;
 475:             1             48  [Ljava.lang.System$Logger$Level; (java.base@11.0.22)
 476:             3             48  [Ljava.lang.annotation.Annotation; (java.base@11.0.22)
 477:             1             48  [Ljava.math.RoundingMode; (java.base@11.0.22)
 478:             1             48  [Ljava.util.concurrent.TimeUnit; (java.base@11.0.22)
 479:             1             48  com.fasterxml.jackson.core.util.DefaultPrettyPrinter
 480:             1             48  com.fasterxml.jackson.databind.cfg.ConfigOverride$Empty
 481:             2             48  com.fasterxml.jackson.databind.ser.std.BooleanSerializer
 482:             1             48  com.fasterxml.jackson.databind.util.StdDateFormat
 483:             2             48  java.io.File$PathStatus (java.base@11.0.22)
 484:             2             48  java.io.OutputStreamWriter (java.base@11.0.22)
 485:             2             48  java.lang.ClassValue$Version (java.base@11.0.22)
 486:             1             48  java.lang.invoke.BoundMethodHandle$Specializer$Factory (java.base@11.0.22)
 487:             2             48  java.lang.reflect.ReflectPermission (java.base@11.0.22)
 488:             2             48  java.net.Inet4Address (java.base@11.0.22)
 489:             2             48  java.net.InetSocketAddress$InetSocketAddressHolder (java.base@11.0.22)
 490:             2             48  java.net.StandardProtocolFamily (java.base@11.0.22)
 491:             3             48  java.nio.charset.CodingErrorAction (java.base@11.0.22)
 492:             3             48  java.text.AttributedCharacterIterator$Attribute (java.base@11.0.22)
 493:             2             48  java.time.chrono.IsoEra (java.base@11.0.22)
 494:             3             48  java.util.Optional (java.base@11.0.22)
 495:             3             48  java.util.ResourceBundle$NoFallbackControl (java.base@11.0.22)
 496:             3             48  java.util.concurrent.ConcurrentHashMap$EntrySetView (java.base@11.0.22)
 497:             1             48  java.util.concurrent.ConcurrentSkipListMap (java.base@11.0.22)
 498:             2             48  java.util.concurrent.ConcurrentSkipListMap$Index (java.base@11.0.22)
 499:             2             48  java.util.concurrent.ConcurrentSkipListMap$Node (java.base@11.0.22)
 500:             2             48  java.util.logging.Logger$LoggerBundle (java.logging@11.0.22)
 501:             2             48  java.util.logging.LoggingPermission (java.logging@11.0.22)
 502:             2             48  java.util.regex.Pattern$Start (java.base@11.0.22)
 503:             1             48  jdk.internal.jimage.ImageHeader (java.base@11.0.22)
 504:             2             48  jdk.internal.misc.Signal$NativeHandler (java.base@11.0.22)
 505:             3             48  jdk.internal.module.ServicesCatalog (java.base@11.0.22)
 506:             1             48  jdk.internal.ref.CleanerImpl$WeakCleanableRef (java.base@11.0.22)
 507:             1             48  org.postgresql.core.AsciiStringInterner$StringReference
 508:             2             48  org.postgresql.core.Encoding
 509:             2             48  org.postgresql.core.JavaVersion
 510:             3             48  org.postgresql.jdbc.ResourceLock
 511:             1             48  sun.nio.ch.SelectionKeyImpl (java.base@11.0.22)
 512:             2             48  sun.security.jca.ProviderList (java.base@11.0.22)
 513:             2             48  sun.security.jca.ProviderList$3 (java.base@11.0.22)
 514:             1             40  [Lcom.fasterxml.jackson.annotation.JsonAutoDetect$Visibility;
 515:             1             40  [Lcom.fasterxml.jackson.annotation.Nulls;
 516:             1             40  [Lcom.fasterxml.jackson.core.JsonEncoding;
 517:             1             40  [Lcom.fasterxml.jackson.core.JsonFactory$Feature;
 518:             1             40  [Lcom.fasterxml.jackson.core.JsonParser$NumberType;
 519:             1             40  [Ljava.lang.invoke.StringConcatFactory$Strategy; (java.base@11.0.22)
 520:             1             40  [Ljava.lang.invoke.VarHandle$AccessType; (java.base@11.0.22)
 521:             1             40  [Ljava.util.stream.StreamOpFlag; (java.base@11.0.22)
 522:             1             40  [Lsun.util.locale.provider.LocaleProviderAdapter$Type; (java.base@11.0.22)
 523:             1             40  [[Ljava.lang.invoke.LambdaForm$Name; (java.base@11.0.22)
 524:             1             40  com.fasterxml.jackson.annotation.JsonFormat$Value
 525:             1             40  com.fasterxml.jackson.core.StreamReadConstraints
 526:             1             40  com.fasterxml.jackson.core.sym.ByteQuadsCanonicalizer$TableInfo
 527:             1             40  com.fasterxml.jackson.core.util.Separators
 528:             1             40  com.fasterxml.jackson.databind.cfg.ConfigOverrides
 529:             1             40  com.sun.management.internal.DiagnosticCommandImpl (jdk.management@11.0.22)
 530:             1             40  java.io.BufferedInputStream (java.base@11.0.22)
 531:             1             40  java.io.FilePermission (java.base@11.0.22)
 532:             1             40  java.lang.ArithmeticException (java.base@11.0.22)
 533:             1             40  java.lang.NullPointerException (java.base@11.0.22)
 534:             1             40  java.lang.invoke.MethodHandleImpl$IntrinsicMethodHandle (java.base@11.0.22)
 535:             1             40  java.lang.invoke.VarHandleObjects$Array (java.base@11.0.22)
 536:             1             40  java.net.InetAddress$CachedAddresses (java.base@11.0.22)
 537:             1             40  java.util.ResourceBundle$2 (java.base@11.0.22)
 538:             1             40  java.util.ServiceLoader$LazyClassPathLookupIterator (java.base@11.0.22)
 539:             1             40  javax.crypto.CryptoAllPermission (java.base@11.0.22)
 540:             1             40  jdk.internal.event.SecurityProviderServiceEvent (java.base@11.0.22)
 541:             1             40  jdk.internal.loader.URLClassPath (java.base@11.0.22)
 542:             1             40  jdk.internal.ref.CleanerImpl$CleanerCleanable (java.base@11.0.22)
 543:             1             40  org.postgresql.core.v3.SimpleParameterList
 544:             1             40  org.postgresql.jdbc.PgResultSet$1
 545:             1             40  org.postgresql.util.LazyCleaner
 546:             1             40  sun.net.httpserver.ServerImpl$IdleTimeoutTask (jdk.httpserver@11.0.22)
 547:             1             40  sun.text.normalizer.Trie2$UTrie2Header (java.base@11.0.22)
 548:             1             40  sun.text.resources.cldr.FormatData (java.base@11.0.22)
 549:             1             40  sun.text.resources.cldr.FormatData_en (java.base@11.0.22)
 550:             1             40  sun.util.resources.Bundles$1 (java.base@11.0.22)
 551:             1             40  sun.util.resources.cldr.CalendarData (java.base@11.0.22)
 552:             1             32  [Lcom.fasterxml.jackson.core.Base64Variant$PaddingReadBehaviour;
 553:             1             32  [Lcom.fasterxml.jackson.core.StreamReadCapability;
 554:             1             32  [Lcom.fasterxml.jackson.core.util.Separators$Spacing;
 555:             1             32  [Lcom.fasterxml.jackson.databind.cfg.JsonNodeFeature;
 556:             2             32  [Lcom.fasterxml.jackson.databind.deser.Deserializers;
 557:             1             32  [Lcom.fasterxml.jackson.databind.util.internal.PrivateMaxEntriesMap$DrainStatus;
 558:             1             32  [Ljava.lang.OutOfMemoryError; (java.base@11.0.22)
 559:             2             32  [Ljava.lang.StackTraceElement; (java.base@11.0.22)
 560:             1             32  [Ljava.lang.ThreadGroup; (java.base@11.0.22)
 561:             1             32  [Ljava.lang.invoke.StringConcatFactory$Mode; (java.base@11.0.22)
 562:             1             32  [Ljava.lang.module.ModuleDescriptor$Modifier; (java.base@11.0.22)
 563:             1             32  [Ljava.lang.module.ModuleDescriptor$Requires$Modifier; (java.base@11.0.22)
 564:             1             32  [Ljava.net.Proxy$Type; (java.base@11.0.22)
 565:             1             32  [Ljava.nio.file.AccessMode; (java.base@11.0.22)
 566:             1             32  [Ljava.text.Normalizer$Form; (java.base@11.0.22)
 567:             1             32  [Ljava.util.regex.Pattern$Qtype; (java.base@11.0.22)
 568:             1             32  [Ljava.util.stream.StreamShape; (java.base@11.0.22)
 569:             1             32  [Ljdk.internal.logger.BootstrapLogger$LoggingBackend; (java.base@11.0.22)
 570:             1             32  [Ljdk.internal.module.IllegalAccessLogger$Mode; (java.base@11.0.22)
 571:             1             32  [Lorg.postgresql.core.TransactionState;
 572:             1             32  [Lorg.postgresql.hostchooser.HostStatus;
 573:             1             32  [Lorg.postgresql.jdbc.EscapeSyntaxCallMode;
 574:             1             32  [Lorg.postgresql.jdbc.PreferQueryMode;
 575:             1             32  [Lorg.postgresql.jdbc.StatementCancelState;
 576:             1             32  [Lorg.postgresql.plugin.AuthenticationRequestType;
 577:             1             32  [Lorg.postgresql.shaded.com.ongres.scram.client.ScramClient$ChannelBinding;
 578:             1             32  [Lorg.postgresql.shaded.com.ongres.scram.common.ScramMechanisms;
 579:             1             32  [Lorg.postgresql.shaded.com.ongres.scram.common.gssapi.Gs2Attributes;
 580:             1             32  [Lorg.postgresql.shaded.com.ongres.scram.common.gssapi.Gs2CbindFlag;
 581:             1             32  [Lsun.security.provider.NativePRNG$Variant; (java.base@11.0.22)
 582:             1             32  com.fasterxml.jackson.annotation.JsonInclude$Value
 583:             1             32  com.fasterxml.jackson.core.sym.CharsToNameCanonicalizer$TableInfo
 584:             1             32  com.fasterxml.jackson.databind.cfg.CoercionConfigs
 585:             1             32  com.fasterxml.jackson.databind.cfg.DatatypeFeatures
 586:             1             32  com.fasterxml.jackson.databind.cfg.DeserializerFactoryConfig
 587:             1             32  com.fasterxml.jackson.databind.deser.std.JsonNodeDeserializer
 588:             1             32  com.fasterxml.jackson.databind.introspect.DefaultAccessorNamingStrategy$Provider
 589:             1             32  com.fasterxml.jackson.databind.ser.std.CalendarSerializer
 590:             1             32  com.fasterxml.jackson.databind.ser.std.DateSerializer
 591:             1             32  com.fasterxml.jackson.databind.ser.std.NumberSerializers$FloatSerializer
 592:             1             32  com.fasterxml.jackson.databind.ser.std.NumberSerializers$IntLikeSerializer
 593:             1             32  com.fasterxml.jackson.databind.ser.std.NumberSerializers$ShortSerializer
 594:             1             32  com.fasterxml.jackson.databind.type.TypeBindings
 595:             1             32  com.fasterxml.jackson.databind.type.TypeFactory
 596:             1             32  java.io.UnixFileSystem (java.base@11.0.22)
 597:             2             32  java.lang.Boolean (java.base@11.0.22)
 598:             2             32  java.lang.ClassValue$Identity (java.base@11.0.22)
 599:             2             32  java.lang.Shutdown$Lock (java.base@11.0.22)
 600:             1             32  java.lang.invoke.VarHandleLongs$Array (java.base@11.0.22)
 601:             1             32  java.lang.invoke.VarHandleLongs$FieldInstanceReadWrite (java.base@11.0.22)
 602:             1             32  java.lang.module.ModuleDescriptor$Version (java.base@11.0.22)
 603:             1             32  java.net.Inet6Address$Inet6AddressHolder (java.base@11.0.22)
 604:             2             32  java.net.InetSocketAddress (java.base@11.0.22)
 605:             2             32  java.nio.ByteOrder (java.base@11.0.22)
 606:             1             32  java.security.MessageDigest$Delegate (java.base@11.0.22)
 607:             1             32  java.util.Collections$SynchronizedMap (java.base@11.0.22)
 608:             2             32  java.util.HashMap$Values (java.base@11.0.22)
 609:             1             32  java.util.LinkedList$ListItr (java.base@11.0.22)
 610:             2             32  java.util.ResourceBundle$SingleFormatControl (java.base@11.0.22)
 611:             1             32  java.util.ServiceLoader$ModuleServicesLookupIterator (java.base@11.0.22)
 612:             1             32  java.util.concurrent.ThreadLocalRandom (java.base@11.0.22)
 613:             1             32  java.util.concurrent.atomic.AtomicIntegerFieldUpdater$AtomicIntegerFieldUpdaterImpl (java.base@11.0.22)
 614:             1             32  java.util.concurrent.atomic.LongAdder (java.base@11.0.22)
 615:             1             32  java.util.logging.LogManager$SystemLoggerContext (java.logging@11.0.22)
 616:             2             32  java.util.regex.Pattern$$Lambda$4/0x0000000840066040 (java.base@11.0.22)
 617:             1             32  jdk.internal.module.IllegalAccessLogger (java.base@11.0.22)
 618:             1             32  jdk.internal.ref.CleanerImpl (java.base@11.0.22)
 619:             1             32  org.postgresql.core.SqlCommand
 620:             1             32  org.postgresql.core.v3.Portal
 621:             1             32  org.postgresql.hostchooser.GlobalHostStatusTracker$HostSpecStatus
 622:             1             32  org.postgresql.util.SharedTimer
 623:             2             32  sun.net.httpserver.AuthFilter (jdk.httpserver@11.0.22)
 624:             1             32  sun.nio.ch.ServerSocketAdaptor (java.base@11.0.22)
 625:             1             32  sun.nio.cs.StandardCharsets (java.base@11.0.22)
 626:             1             32  sun.nio.fs.LinuxFileSystem (java.base@11.0.22)
 627:             1             32  sun.nio.fs.UnixFileKey (java.base@11.0.22)
 628:             2             32  sun.security.provider.FileInputStreamPool$UnclosableInputStream (java.base@11.0.22)
 629:             1             32  sun.security.provider.SecureRandom (java.base@11.0.22)
 630:             1             32  sun.security.util.KnownOIDs$1 (java.base@11.0.22)
 631:             1             32  sun.security.util.KnownOIDs$10 (java.base@11.0.22)
 632:             1             32  sun.security.util.KnownOIDs$2 (java.base@11.0.22)
 633:             1             32  sun.security.util.KnownOIDs$3 (java.base@11.0.22)
 634:             1             32  sun.security.util.KnownOIDs$4 (java.base@11.0.22)
 635:             1             32  sun.security.util.KnownOIDs$5 (java.base@11.0.22)
 636:             1             32  sun.security.util.KnownOIDs$6 (java.base@11.0.22)
 637:             1             32  sun.security.util.KnownOIDs$7 (java.base@11.0.22)
 638:             1             32  sun.security.util.KnownOIDs$8 (java.base@11.0.22)
 639:             1             32  sun.security.util.KnownOIDs$9 (java.base@11.0.22)
 640:             2             32  sun.util.resources.LocaleData (java.base@11.0.22)
 641:             1             24  [Lcom.fasterxml.jackson.databind.cfg.EnumFeature;
 642:             1             24  [Lcom.fasterxml.jackson.databind.deser.KeyDeserializers;
 643:             1             24  [Ljava.io.File$PathStatus; (java.base@11.0.22)
 644:             1             24  [Ljava.net.InetAddress; (java.base@11.0.22)
 645:             1             24  [Ljava.net.StandardProtocolFamily; (java.base@11.0.22)
 646:             1             24  [Ljava.net.URL; (java.base@11.0.22)
 647:             1             24  [Ljava.nio.channels.SelectionKey; (java.base@11.0.22)
 648:             1             24  [Ljava.time.chrono.IsoEra; (java.base@11.0.22)
 649:             1             24  [Ljava.util.Locale$Category; (java.base@11.0.22)
 650:             1             24  [Ljava.util.jar.Manifest; (java.base@11.0.22)
 651:             1             24  [Lorg.postgresql.core.JavaVersion;
 652:             1             24  [Lorg.postgresql.shaded.com.ongres.scram.common.stringprep.StringPreparations;
 653:             1             24  com.fasterxml.jackson.annotation.JsonFormat$Features
 654:             1             24  com.fasterxml.jackson.annotation.JsonSetter$Value
 655:             1             24  com.fasterxml.jackson.core.ErrorReportConfiguration
 656:             1             24  com.fasterxml.jackson.core.util.DefaultIndenter
 657:             1             24  com.fasterxml.jackson.databind.cfg.ContextAttributes$Impl
 658:             1             24  com.fasterxml.jackson.databind.cfg.DefaultCacheProvider
 659:             1             24  com.fasterxml.jackson.databind.cfg.MutableCoercionConfig
 660:             1             24  com.fasterxml.jackson.databind.cfg.SerializerFactoryConfig
 661:             1             24  com.fasterxml.jackson.databind.deser.DeserializerCache
 662:             1             24  com.fasterxml.jackson.databind.introspect.AnnotatedClass$Creators
 663:             1             24  com.fasterxml.jackson.databind.introspect.JacksonAnnotationIntrospector
 664:             1             24  com.fasterxml.jackson.databind.introspect.SimpleMixInResolver
 665:             1             24  com.fasterxml.jackson.databind.ser.SerializerCache
 666:             1             24  com.fasterxml.jackson.databind.ser.impl.FailingSerializer
 667:             1             24  com.fasterxml.jackson.databind.ser.std.UUIDSerializer
 668:             1             24  com.fasterxml.jackson.databind.util.internal.PrivateMaxEntriesMap$DrainStatus$1
 669:             1             24  com.fasterxml.jackson.databind.util.internal.PrivateMaxEntriesMap$DrainStatus$2
 670:             1             24  com.fasterxml.jackson.databind.util.internal.PrivateMaxEntriesMap$DrainStatus$3
 671:             1             24  com.sun.management.internal.PlatformMBeanProviderImpl$1 (jdk.management@11.0.22)
 672:             1             24  com.sun.management.internal.PlatformMBeanProviderImpl$2 (jdk.management@11.0.22)
 673:             1             24  com.sun.management.internal.PlatformMBeanProviderImpl$3 (jdk.management@11.0.22)
 674:             1             24  com.sun.management.internal.PlatformMBeanProviderImpl$4 (jdk.management@11.0.22)
 675:             1             24  com.sun.management.internal.PlatformMBeanProviderImpl$5 (jdk.management@11.0.22)
 676:             1             24  java.lang.Double (java.base@11.0.22)
 677:             1             24  java.lang.StringBuilder (java.base@11.0.22)
 678:             1             24  java.lang.invoke.MethodType$ConcurrentWeakInternSet (java.base@11.0.22)
 679:             1             24  java.lang.invoke.StringConcatFactory$Stringifiers$StringifierAny (java.base@11.0.22)
 680:             1             24  java.lang.invoke.StringConcatFactory$Stringifiers$StringifierMost (java.base@11.0.22)
 681:             1             24  java.lang.management.DefaultPlatformMBeanProvider$1 (java.management@11.0.22)
 682:             1             24  java.lang.management.DefaultPlatformMBeanProvider$10 (java.management@11.0.22)
 683:             1             24  java.lang.management.DefaultPlatformMBeanProvider$11 (java.management@11.0.22)
 684:             1             24  java.lang.management.DefaultPlatformMBeanProvider$2 (java.management@11.0.22)
 685:             1             24  java.lang.management.DefaultPlatformMBeanProvider$3 (java.management@11.0.22)
 686:             1             24  java.lang.management.DefaultPlatformMBeanProvider$4 (java.management@11.0.22)
 687:             1             24  java.lang.management.DefaultPlatformMBeanProvider$5 (java.management@11.0.22)
 688:             1             24  java.lang.management.DefaultPlatformMBeanProvider$6 (java.management@11.0.22)
 689:             1             24  java.lang.management.DefaultPlatformMBeanProvider$7 (java.management@11.0.22)
 690:             1             24  java.lang.management.DefaultPlatformMBeanProvider$8 (java.management@11.0.22)
 691:             1             24  java.lang.management.DefaultPlatformMBeanProvider$9 (java.management@11.0.22)
 692:             1             24  java.net.Inet6Address (java.base@11.0.22)
 693:             1             24  java.net.Inet6AddressImpl (java.base@11.0.22)
 694:             1             24  java.net.Proxy (java.base@11.0.22)
 695:             1             24  java.security.AllPermissionCollection (java.base@11.0.22)
 696:             1             24  java.sql.DriverInfo (java.sql@11.0.22)
 697:             1             24  java.util.BitSet (java.base@11.0.22)
 698:             1             24  java.util.Collections$EmptyMap (java.base@11.0.22)
 699:             1             24  java.util.Collections$SynchronizedCollection (java.base@11.0.22)
 700:             1             24  java.util.Date (java.base@11.0.22)
 701:             1             24  java.util.Locale$Cache (java.base@11.0.22)
 702:             1             24  java.util.ResourceBundle$Control$CandidateListCache (java.base@11.0.22)
 703:             1             24  java.util.ServiceLoader$2 (java.base@11.0.22)
 704:             1             24  java.util.TaskQueue (java.base@11.0.22)
 705:             1             24  java.util.Timer (java.base@11.0.22)
 706:             1             24  java.util.concurrent.CopyOnWriteArrayList$COWIterator (java.base@11.0.22)
 707:             1             24  java.util.logging.LogManager$LoggerContext (java.logging@11.0.22)
 708:             1             24  java.util.regex.Pattern$BmpCharPropertyGreedy (java.base@11.0.22)
 709:             1             24  java.util.regex.Pattern$Ques (java.base@11.0.22)
 710:             1             24  java.util.zip.ZipCoder$UTF8 (java.base@11.0.22)
 711:             1             24  javax.crypto.CryptoAllPermissionCollection (java.base@11.0.22)
 712:             1             24  javax.crypto.CryptoPermissions (java.base@11.0.22)
 713:             1             24  jdk.internal.jimage.ImageReader (java.base@11.0.22)
 714:             1             24  jdk.internal.loader.URLClassPath$FileLoader (java.base@11.0.22)
 715:             1             24  jdk.internal.logger.BootstrapLogger$RedirectedLoggers (java.base@11.0.22)
 716:             1             24  jdk.internal.module.ModuleHashes (java.base@11.0.22)
 717:             1             24  jdk.internal.module.SystemModuleFinders$SystemModuleFinder (java.base@11.0.22)
 718:             1             24  jdk.management.jfr.internal.FlightRecorderMXBeanProvider$SingleMBeanComponent (jdk.management.jfr@11.0.22)
 719:             1             24  org.postgresql.Driver
 720:             1             24  org.postgresql.core.AsciiStringInterner
 721:             1             24  org.postgresql.hostchooser.HostRequirement$1
 722:             1             24  org.postgresql.hostchooser.HostRequirement$2
 723:             1             24  org.postgresql.hostchooser.HostRequirement$3
 724:             1             24  org.postgresql.hostchooser.HostRequirement$4
 725:             1             24  org.postgresql.hostchooser.HostRequirement$5
 726:             1             24  org.postgresql.hostchooser.HostRequirement$6
 727:             1             24  org.postgresql.shaded.com.ongres.scram.common.bouncycastle.base64.Base64Encoder
 728:             1             24  org.postgresql.shaded.com.ongres.scram.common.stringprep.StringPreparations$1
 729:             1             24  org.postgresql.shaded.com.ongres.scram.common.stringprep.StringPreparations$2
 730:             1             24  org.postgresql.util.HostSpec
 731:             1             24  sun.management.MemoryImpl (java.management@11.0.22)
 732:             1             24  sun.management.VMManagementImpl (java.management@11.0.22)
 733:             1             24  sun.net.httpserver.ServerImpl$Dispatcher (jdk.httpserver@11.0.22)
 734:             1             24  sun.net.sdp.SdpProvider (java.base@11.0.22)
 735:             1             24  sun.net.www.protocol.http.Handler (java.base@11.0.22)
 736:             1             24  sun.nio.cs.ISO_8859_1 (java.base@11.0.22)
 737:             1             24  sun.nio.cs.ThreadLocalCoders$1 (java.base@11.0.22)
 738:             1             24  sun.nio.cs.ThreadLocalCoders$2 (java.base@11.0.22)
 739:             1             24  sun.nio.cs.US_ASCII (java.base@11.0.22)
 740:             1             24  sun.nio.cs.UTF_16 (java.base@11.0.22)
 741:             1             24  sun.nio.cs.UTF_16BE (java.base@11.0.22)
 742:             1             24  sun.nio.cs.UTF_16LE (java.base@11.0.22)
 743:             1             24  sun.nio.cs.UTF_8 (java.base@11.0.22)
 744:             1             24  sun.reflect.annotation.AnnotationInvocationHandler (java.base@11.0.22)
 745:             1             24  sun.text.normalizer.Norm2AllModes (java.base@11.0.22)
 746:             1             24  sun.text.normalizer.Norm2AllModes$ComposeNormalizer2 (java.base@11.0.22)
 747:             1             24  sun.text.normalizer.Norm2AllModes$Norm2AllModesSingleton (java.base@11.0.22)
 748:             1             24  sun.util.cldr.CLDRCalendarDataProviderImpl (java.base@11.0.22)
 749:             1             24  sun.util.locale.BaseLocale$Cache (java.base@11.0.22)
 750:             1             24  sun.util.locale.provider.CalendarProviderImpl (java.base@11.0.22)
 751:             1             24  sun.util.locale.provider.DateFormatSymbolsProviderImpl (java.base@11.0.22)
 752:             1             24  sun.util.locale.provider.DecimalFormatSymbolsProviderImpl (java.base@11.0.22)
 753:             1             24  sun.util.locale.provider.LocaleServiceProviderPool (java.base@11.0.22)
 754:             1             24  sun.util.locale.provider.NumberFormatProviderImpl (java.base@11.0.22)
 755:             1             16  [Lcom.fasterxml.jackson.databind.AbstractTypeResolver;
 756:             1             16  [Lcom.fasterxml.jackson.databind.deser.BeanDeserializerModifier;
 757:             1             16  [Lcom.fasterxml.jackson.databind.deser.ValueInstantiators;
 758:             1             16  [Lcom.fasterxml.jackson.databind.ser.BeanSerializerModifier;
 759:             1             16  [Lcom.fasterxml.jackson.databind.ser.Serializers;
 760:             1             16  [Lcom.fasterxml.jackson.databind.util.ClassUtil$Ctor;
 761:             1             16  [Ljava.lang.Throwable; (java.base@11.0.22)
 762:             1             16  [Ljava.nio.file.attribute.FileAttribute; (java.base@11.0.22)
 763:             1             16  [Ljava.security.Provider; (java.base@11.0.22)
 764:             1             16  [Ljava.security.cert.Certificate; (java.base@11.0.22)
 765:             1             16  [Ljava.text.FieldPosition; (java.base@11.0.22)
 766:             1             16  [Ljava.util.logging.Handler; (java.logging@11.0.22)
 767:             1             16  [Lorg.postgresql.core.Field;
 768:             1             16  UserService.UserService$killHandler
 769:             1             16  UserService.UserService$userHandler
 770:             1             16  com.fasterxml.jackson.core.StreamWriteConstraints
 771:             1             16  com.fasterxml.jackson.core.io.JsonStringEncoder
 772:             1             16  com.fasterxml.jackson.core.util.DefaultPrettyPrinter$FixedSpaceIndenter
 773:             1             16  com.fasterxml.jackson.core.util.DefaultPrettyPrinter$NopIndenter
 774:             1             16  com.fasterxml.jackson.core.util.JacksonFeatureSet
 775:             1             16  com.fasterxml.jackson.core.util.JsonRecyclerPools$ThreadLocalPool
 776:             1             16  com.fasterxml.jackson.databind.deser.BeanDeserializerFactory
 777:             1             16  com.fasterxml.jackson.databind.deser.std.StdKeyDeserializers
 778:             1             16  com.fasterxml.jackson.databind.ext.Java7SupportImpl
 779:             1             16  com.fasterxml.jackson.databind.introspect.AnnotationCollector$NoAnnotations
 780:             1             16  com.fasterxml.jackson.databind.introspect.BasicClassIntrospector
 781:             1             16  com.fasterxml.jackson.databind.jsontype.impl.LaissezFaireSubTypeValidator
 782:             1             16  com.fasterxml.jackson.databind.jsontype.impl.StdSubtypeResolver
 783:             1             16  com.fasterxml.jackson.databind.node.JsonNodeFactory
 784:             1             16  com.fasterxml.jackson.databind.node.TextNode
 785:             1             16  com.fasterxml.jackson.databind.ser.BeanSerializerFactory
 786:             1             16  com.fasterxml.jackson.databind.ser.impl.UnknownSerializer
 787:             1             16  com.fasterxml.jackson.databind.ser.std.NullSerializer
 788:             1             16  com.fasterxml.jackson.databind.ser.std.StringSerializer
 789:             1             16  com.fasterxml.jackson.databind.type.TypeParser
 790:             1             16  com.fasterxml.jackson.databind.util.RootNameLookup
 791:             1             16  com.sun.management.internal.PlatformMBeanProviderImpl (jdk.management@11.0.22)
 792:             1             16  com.sun.management.internal.PlatformMBeanProviderImpl$$Lambda$44/0x00000008400e0840 (jdk.management@11.0.22)
 793:             1             16  com.sun.proxy.jdk.proxy1.$Proxy1 (jdk.proxy1@)
 794:             1             16  java.io.FileDescriptor$1 (java.base@11.0.22)
 795:             1             16  java.io.FilePermission$1 (java.base@11.0.22)
 796:             1             16  java.io.RandomAccessFile$2 (java.base@11.0.22)
 797:             1             16  java.lang.ApplicationShutdownHooks$1 (java.base@11.0.22)
 798:             1             16  java.lang.CharacterDataLatin1 (java.base@11.0.22)
 799:             1             16  java.lang.Float (java.base@11.0.22)
 800:             1             16  java.lang.InheritableThreadLocal (java.base@11.0.22)
 801:             1             16  java.lang.Module$$Lambda$23/0x00000008400d2040 (java.base@11.0.22)
 802:             1             16  java.lang.Runtime (java.base@11.0.22)
 803:             1             16  java.lang.SecurityManager$$Lambda$29/0x00000008400d4040 (java.base@11.0.22)
 804:             1             16  java.lang.SecurityManager$$Lambda$31/0x00000008400d4c40 (java.base@11.0.22)
 805:             1             16  java.lang.SecurityManager$$Lambda$32/0x00000008400d5040 (java.base@11.0.22)
 806:             1             16  java.lang.SecurityManager$$Lambda$33/0x00000008400d5840 (java.base@11.0.22)
 807:             1             16  java.lang.SecurityManager$$Lambda$34/0x00000008400d6040 (java.base@11.0.22)
 808:             1             16  java.lang.SecurityManager$$Lambda$35/0x00000008400d6440 (java.base@11.0.22)
 809:             1             16  java.lang.SecurityManager$$Lambda$37/0x00000008400d6c40 (java.base@11.0.22)
 810:             1             16  java.lang.SecurityManager$$Lambda$38/0x00000008400d7040 (java.base@11.0.22)
 811:             1             16  java.lang.String$CaseInsensitiveComparator (java.base@11.0.22)
 812:             1             16  java.lang.StringCoding$1 (java.base@11.0.22)
 813:             1             16  java.lang.System$2 (java.base@11.0.22)
 814:             1             16  java.lang.System$LoggerFinder$$Lambda$71/0x0000000840110040 (java.base@11.0.22)
 815:             1             16  java.lang.Terminator$1 (java.base@11.0.22)
 816:             1             16  java.lang.invoke.ClassSpecializer$1 (java.base@11.0.22)
 817:             1             16  java.lang.invoke.MemberName$Factory (java.base@11.0.22)
 818:             1             16  java.lang.invoke.MethodHandleImpl$1 (java.base@11.0.22)
 819:             1             16  java.lang.invoke.StringConcatFactory$MethodHandleInlineCopyStrategy$1 (java.base@11.0.22)
 820:             1             16  java.lang.invoke.StringConcatFactory$MethodHandleInlineCopyStrategy$2 (java.base@11.0.22)
 821:             1             16  java.lang.invoke.StringConcatFactory$MethodHandleInlineCopyStrategy$3 (java.base@11.0.22)
 822:             1             16  java.lang.invoke.VarHandle$1 (java.base@11.0.22)
 823:             1             16  java.lang.management.DefaultPlatformMBeanProvider (java.management@11.0.22)
 824:             1             16  java.lang.management.ManagementFactory$$Lambda$41/0x00000008400d7c40 (java.management@11.0.22)
 825:             1             16  java.lang.management.ManagementFactory$PlatformMBeanFinder$$Lambda$42/0x00000008400e0040 (java.management@11.0.22)
 826:             1             16  java.lang.management.ManagementFactory$PlatformMBeanFinder$$Lambda$49/0x00000008400e1c40 (java.management@11.0.22)
 827:             1             16  java.lang.management.ManagementFactory$PlatformMBeanFinder$$Lambda$50/0x00000008400e2040 (java.management@11.0.22)
 828:             1             16  java.lang.management.ManagementFactory$PlatformMBeanFinder$$Lambda$52/0x00000008400e2c40 (java.management@11.0.22)
 829:             1             16  java.lang.management.ManagementFactory$PlatformMBeanFinder$$Lambda$56/0x00000008400e4040 (java.management@11.0.22)
 830:             1             16  java.lang.management.ManagementFactory$PlatformMBeanFinder$$Lambda$57/0x00000008400e4440 (java.management@11.0.22)
 831:             1             16  java.lang.module.ModuleDescriptor$1 (java.base@11.0.22)
 832:             1             16  java.lang.module.ModuleDescriptor$Builder$$Lambda$22/0x00000008400d1c40 (java.base@11.0.22)
 833:             1             16  java.lang.ref.Cleaner (java.base@11.0.22)
 834:             1             16  java.lang.ref.Cleaner$1 (java.base@11.0.22)
 835:             1             16  java.lang.ref.Reference$1 (java.base@11.0.22)
 836:             1             16  java.lang.reflect.Proxy$$Lambda$19/0x00000008400d1040 (java.base@11.0.22)
 837:             1             16  java.lang.reflect.Proxy$ProxyBuilder$$Lambda$21/0x00000008400d1840 (java.base@11.0.22)
 838:             1             16  java.lang.reflect.ReflectAccess (java.base@11.0.22)
 839:             1             16  java.math.BigDecimal$1 (java.base@11.0.22)
 840:             1             16  java.net.InetAddress$2 (java.base@11.0.22)
 841:             1             16  java.net.InetAddress$PlatformNameService (java.base@11.0.22)
 842:             1             16  java.net.ServerSocket$2 (java.base@11.0.22)
 843:             1             16  java.net.URI$1 (java.base@11.0.22)
 844:             1             16  java.net.URL$3 (java.base@11.0.22)
 845:             1             16  java.net.URL$DefaultFactory (java.base@11.0.22)
 846:             1             16  java.nio.Bits$1 (java.base@11.0.22)
 847:             1             16  java.nio.Buffer$1 (java.base@11.0.22)
 848:             1             16  java.nio.channels.spi.AbstractSelector$1 (java.base@11.0.22)
 849:             1             16  java.security.AllPermission (java.base@11.0.22)
 850:             1             16  java.security.ProtectionDomain$JavaSecurityAccessImpl (java.base@11.0.22)
 851:             1             16  java.util.Collections$EmptyEnumeration (java.base@11.0.22)
 852:             1             16  java.util.Collections$EmptyIterator (java.base@11.0.22)
 853:             1             16  java.util.Collections$EmptyList (java.base@11.0.22)
 854:             1             16  java.util.Collections$EmptySet (java.base@11.0.22)
 855:             1             16  java.util.Collections$UnmodifiableCollection (java.base@11.0.22)
 856:             1             16  java.util.EnumMap$1 (java.base@11.0.22)
 857:             1             16  java.util.IdentityHashMap$Values (java.base@11.0.22)
 858:             1             16  java.util.LinkedHashMap$LinkedValues (java.base@11.0.22)
 859:             1             16  java.util.LinkedHashSet (java.base@11.0.22)
 860:             1             16  java.util.ResourceBundle$1 (java.base@11.0.22)
 861:             1             16  java.util.ResourceBundle$Control (java.base@11.0.22)
 862:             1             16  java.util.Spliterators$EmptySpliterator$OfDouble (java.base@11.0.22)
 863:             1             16  java.util.Spliterators$EmptySpliterator$OfInt (java.base@11.0.22)
 864:             1             16  java.util.Spliterators$EmptySpliterator$OfLong (java.base@11.0.22)
 865:             1             16  java.util.Spliterators$EmptySpliterator$OfRef (java.base@11.0.22)
 866:             1             16  java.util.Timer$1 (java.base@11.0.22)
 867:             1             16  java.util.concurrent.ConcurrentSkipListMap$KeySet (java.base@11.0.22)
 868:             1             16  java.util.concurrent.ConcurrentSkipListSet (java.base@11.0.22)
 869:             1             16  java.util.function.Function$$Lambda$51/0x00000008400e2440 (java.base@11.0.22)
 870:             1             16  java.util.jar.JavaUtilJarAccessImpl (java.base@11.0.22)
 871:             1             16  java.util.logging.Level$$Lambda$12/0x00000008400c5440 (java.logging@11.0.22)
 872:             1             16  java.util.logging.Level$KnownLevel$$Lambda$13/0x00000008400c5840 (java.logging@11.0.22)
 873:             1             16  java.util.logging.LogManager$LoggingProviderAccess (java.logging@11.0.22)
 874:             1             16  java.util.logging.LogManager$VisitedLoggers (java.logging@11.0.22)
 875:             1             16  java.util.regex.CharPredicates$$Lambda$1/0x0000000840067040 (java.base@11.0.22)
 876:             1             16  java.util.regex.Pattern$1 (java.base@11.0.22)
 877:             1             16  java.util.regex.Pattern$LastNode (java.base@11.0.22)
 878:             1             16  java.util.regex.Pattern$Node (java.base@11.0.22)
 879:             1             16  java.util.stream.Collectors$$Lambda$45/0x00000008400e0c40 (java.base@11.0.22)
 880:             1             16  java.util.stream.Collectors$$Lambda$46/0x00000008400e1040 (java.base@11.0.22)
 881:             1             16  java.util.stream.Collectors$$Lambda$47/0x00000008400e1440 (java.base@11.0.22)
 882:             1             16  java.util.stream.Collectors$$Lambda$48/0x00000008400e1840 (java.base@11.0.22)
 883:             1             16  java.util.stream.Collectors$$Lambda$53/0x00000008400e3040 (java.base@11.0.22)
 884:             1             16  java.util.stream.Collectors$$Lambda$62/0x00000008400e5840 (java.base@11.0.22)
 885:             1             16  java.util.stream.Collectors$$Lambda$63/0x00000008400e5c40 (java.base@11.0.22)
 886:             1             16  java.util.stream.Collectors$$Lambda$64/0x00000008400e6040 (java.base@11.0.22)
 887:             1             16  java.util.stream.FindOps$FindSink$OfRef$$Lambda$14/0x00000008400c5c40 (java.base@11.0.22)
 888:             1             16  java.util.stream.FindOps$FindSink$OfRef$$Lambda$15/0x00000008400c6040 (java.base@11.0.22)
 889:             1             16  java.util.stream.FindOps$FindSink$OfRef$$Lambda$16/0x00000008400c6440 (java.base@11.0.22)
 890:             1             16  java.util.stream.FindOps$FindSink$OfRef$$Lambda$17/0x00000008400c6840 (java.base@11.0.22)
 891:             1             16  java.util.zip.ZipFile$1 (java.base@11.0.22)
 892:             1             16  javax.net.DefaultSocketFactory (java.base@11.0.22)
 893:             1             16  jdk.internal.jimage.ImageReaderFactory$1 (java.base@11.0.22)
 894:             1             16  jdk.internal.jimage.ImageStringsReader (java.base@11.0.22)
 895:             1             16  jdk.internal.jimage.decompressor.Decompressor (java.base@11.0.22)
 896:             1             16  jdk.internal.logger.LazyLoggers$1 (java.base@11.0.22)
 897:             1             16  jdk.internal.logger.LazyLoggers$LazyLoggerFactories (java.base@11.0.22)
 898:             1             16  jdk.internal.math.FloatingDecimal$1 (java.base@11.0.22)
 899:             1             16  jdk.internal.misc.TerminatingThreadLocal$1 (java.base@11.0.22)
 900:             1             16  jdk.internal.misc.Unsafe (java.base@11.0.22)
 901:             1             16  jdk.internal.module.ModulePatcher (java.base@11.0.22)
 902:             1             16  jdk.internal.module.ModuleTarget (java.base@11.0.22)
 903:             1             16  jdk.internal.module.SystemModules$default (java.base@11.0.22)
 904:             1             16  jdk.internal.perf.Perf (java.base@11.0.22)
 905:             1             16  jdk.internal.reflect.ReflectionFactory (java.base@11.0.22)
 906:             1             16  jdk.internal.util.Preconditions$1 (java.base@11.0.22)
 907:             1             16  jdk.net.ExtendedSocketOptions$1 (jdk.net@11.0.22)
 908:             1             16  jdk.net.LinuxSocketOptions (jdk.net@11.0.22)
 909:             1             16  jdk.net.LinuxSocketOptions$$Lambda$40/0x00000008400d7840 (jdk.net@11.0.22)
 910:             1             16  org.postgresql.Driver$$Lambda$25/0x00000008400d2840
 911:             1             16  org.postgresql.util.LazyCleaner$$Lambda$69/0x00000008400e6840
 912:             1             16  org.postgresql.util.LazyCleaner$1
 913:             1             16  sun.net.httpserver.ContextList (jdk.httpserver@11.0.22)
 914:             1             16  sun.net.httpserver.DefaultHttpServerProvider (jdk.httpserver@11.0.22)
 915:             1             16  sun.net.httpserver.HttpServerImpl (jdk.httpserver@11.0.22)
 916:             1             16  sun.net.httpserver.ServerImpl$DefaultExecutor (jdk.httpserver@11.0.22)
 917:             1             16  sun.net.spi.DefaultProxySelector (java.base@11.0.22)
 918:             1             16  sun.net.www.protocol.file.Handler (java.base@11.0.22)
 919:             1             16  sun.net.www.protocol.jar.Handler (java.base@11.0.22)
 920:             1             16  sun.net.www.protocol.jar.JarFileFactory (java.base@11.0.22)
 921:             1             16  sun.net.www.protocol.jrt.Handler (java.base@11.0.22)
 922:             1             16  sun.nio.ch.EPollSelectorProvider (java.base@11.0.22)
 923:             1             16  sun.nio.ch.Net$1 (java.base@11.0.22)
 924:             1             16  sun.nio.ch.SocketDispatcher (java.base@11.0.22)
 925:             1             16  sun.nio.ch.Util$1 (java.base@11.0.22)
 926:             1             16  sun.nio.ch.Util$2 (java.base@11.0.22)
 927:             1             16  sun.nio.fs.LinuxFileSystemProvider (java.base@11.0.22)
 928:             1             16  sun.nio.fs.NativeBuffers$1 (java.base@11.0.22)
 929:             1             16  sun.security.jca.ProviderConfig$ProviderLoader (java.base@11.0.22)
 930:             1             16  sun.security.util.ByteArrayLexOrder (java.base@11.0.22)
 931:             1             16  sun.security.util.ByteArrayTagOrder (java.base@11.0.22)
 932:             1             16  sun.text.normalizer.Norm2AllModes$DecomposeNormalizer2 (java.base@11.0.22)
 933:             1             16  sun.text.normalizer.Norm2AllModes$NoopNormalizer2 (java.base@11.0.22)
 934:             1             16  sun.text.normalizer.NormalizerBase$ModeImpl (java.base@11.0.22)
 935:             1             16  sun.text.normalizer.NormalizerBase$NFCMode (java.base@11.0.22)
 936:             1             16  sun.text.normalizer.NormalizerBase$NFDMode (java.base@11.0.22)
 937:             1             16  sun.text.normalizer.NormalizerBase$NFKCMode (java.base@11.0.22)
 938:             1             16  sun.text.normalizer.NormalizerBase$NFKDMode (java.base@11.0.22)
 939:             1             16  sun.text.normalizer.NormalizerBase$NONEMode (java.base@11.0.22)
 940:             1             16  sun.text.normalizer.NormalizerImpl$IsAcceptable (java.base@11.0.22)
 941:             1             16  sun.text.normalizer.Trie2$1 (java.base@11.0.22)
 942:             1             16  sun.text.normalizer.VersionInfo (java.base@11.0.22)
 943:             1             16  sun.util.calendar.Gregorian (java.base@11.0.22)
 944:             1             16  sun.util.cldr.CLDRBaseLocaleDataMetaInfo (java.base@11.0.22)
 945:             1             16  sun.util.locale.InternalLocaleBuilder$CaseInsensitiveChar (java.base@11.0.22)
 946:             1             16  sun.util.locale.provider.CalendarDataUtility$CalendarWeekParameterGetter (java.base@11.0.22)
 947:             1             16  sun.util.logging.internal.LoggingProviderImpl (java.logging@11.0.22)
 948:             1             16  sun.util.logging.internal.LoggingProviderImpl$JULWrapper (java.logging@11.0.22)
 949:             1             16  sun.util.resources.LocaleData$LocaleDataStrategy (java.base@11.0.22)
 950:             1             16  sun.util.resources.cldr.provider.CLDRLocaleDataMetaInfo (jdk.localedata@11.0.22)
Total         77530        3497680
38687:
 garbage-first heap   total 17408K, used 3415K [0x0000000084200000, 0x0000000100000000)
  region size 1024K, 0 young (0K), 0 survivors (0K)
 Metaspace       used 9772K, capacity 10452K, committed 10624K, reserved 1058816K
  class space    used 1038K, capacity 1152K, committed 1152K, reserved 1048576K
38687:
2024-03-09 14:15:38
Full thread dump OpenJDK 64-Bit Server VM (11.0.22+7-post-Ubuntu-0ubuntu222.04.1 mixed mode, sharing):

Threads class SMR info:
_java_thread_list=0x00007faa34000c40, length=15, elements={
0x00007faa7c12b000, 0x00007faa7c12d000, 0x00007faa7c135800, 0x00007faa7c137800,
0x00007faa7c139800, 0x00007faa7c13b800, 0x00007faa7c13d800, 0x00007faa7c199000,
0x00007faa30221800, 0x00007faa20005000, 0x00007faa7c481000, 0x00007faa7c4d7800,
0x00007faa7c513000, 0x00007faa7c015800, 0x00007faa34001000
}

"Reference Handler" #2 daemon prio=10 os_prio=0 cpu=0.97ms elapsed=3.75s tid=0x00007faa7c12b000 nid=0x9728 waiting on condition  [0x00007faa55177000]
   java.lang.Thread.State: RUNNABLE
        at java.lang.ref.Reference.waitForReferencePendingList(java.base@11.0.22/Native Method)
        at java.lang.ref.Reference.processPendingReferences(java.base@11.0.22/Reference.java:241)
        at java.lang.ref.Reference$ReferenceHandler.run(java.base@11.0.22/Reference.java:213)

"Finalizer" #3 daemon prio=8 os_prio=0 cpu=0.44ms elapsed=3.75s tid=0x00007faa7c12d000 nid=0x9729 in Object.wait()  [0x00007faa55077000]
   java.lang.Thread.State: WAITING (on object monitor)
        at java.lang.Object.wait(java.base@11.0.22/Native Method)
        - waiting on <0x0000000087703658> (a java.lang.ref.ReferenceQueue$Lock)
        at java.lang.ref.ReferenceQueue.remove(java.base@11.0.22/ReferenceQueue.java:155)
        - waiting to re-lock in wait() <0x0000000087703658> (a java.lang.ref.ReferenceQueue$Lock)
        at java.lang.ref.ReferenceQueue.remove(java.base@11.0.22/ReferenceQueue.java:176)
        at java.lang.ref.Finalizer$FinalizerThread.run(java.base@11.0.22/Finalizer.java:170)

"Signal Dispatcher" #4 daemon prio=9 os_prio=0 cpu=0.36ms elapsed=3.75s tid=0x00007faa7c135800 nid=0x972a runnable  [0x0000000000000000]
   java.lang.Thread.State: RUNNABLE

"Service Thread" #5 daemon prio=9 os_prio=0 cpu=0.11ms elapsed=3.75s tid=0x00007faa7c137800 nid=0x972b runnable  [0x0000000000000000]
   java.lang.Thread.State: RUNNABLE

"C2 CompilerThread0" #6 daemon prio=9 os_prio=0 cpu=285.47ms elapsed=3.75s tid=0x00007faa7c139800 nid=0x972c waiting on condition  [0x0000000000000000]
   java.lang.Thread.State: RUNNABLE
   No compile task

"C1 CompilerThread0" #9 daemon prio=9 os_prio=0 cpu=333.21ms elapsed=3.75s tid=0x00007faa7c13b800 nid=0x972d waiting on condition  [0x0000000000000000]
   java.lang.Thread.State: RUNNABLE
   No compile task

"Sweeper thread" #10 daemon prio=9 os_prio=0 cpu=0.19ms elapsed=3.74s tid=0x00007faa7c13d800 nid=0x972e runnable  [0x0000000000000000]
   java.lang.Thread.State: RUNNABLE

"Common-Cleaner" #11 daemon prio=8 os_prio=0 cpu=0.84ms elapsed=3.70s tid=0x00007faa7c199000 nid=0x9730 in Object.wait()  [0x00007faa5491f000]
   java.lang.Thread.State: TIMED_WAITING (on object monitor)
        at java.lang.Object.wait(java.base@11.0.22/Native Method)
        - waiting on <0x0000000087703f90> (a java.lang.ref.ReferenceQueue$Lock)
        at java.lang.ref.ReferenceQueue.remove(java.base@11.0.22/ReferenceQueue.java:155)
        - waiting to re-lock in wait() <0x0000000087703f90> (a java.lang.ref.ReferenceQueue$Lock)
        at jdk.internal.ref.CleanerImpl.run(java.base@11.0.22/CleanerImpl.java:148)
        at java.lang.Thread.run(java.base@11.0.22/Thread.java:829)
        at jdk.internal.misc.InnocuousThread.run(java.base@11.0.22/InnocuousThread.java:161)

"C2 CompilerThread1" #7 daemon prio=9 os_prio=0 cpu=79.55ms elapsed=2.88s tid=0x00007faa30221800 nid=0x973b waiting on condition  [0x0000000000000000]
   java.lang.Thread.State: RUNNABLE
   No compile task

"C2 CompilerThread2" #8 daemon prio=9 os_prio=0 cpu=275.25ms elapsed=2.85s tid=0x00007faa20005000 nid=0x973e waiting on condition  [0x0000000000000000]
   java.lang.Thread.State: RUNNABLE
   No compile task

"PostgreSQL-JDBC-Cleaner" #13 daemon prio=5 os_prio=0 cpu=0.18ms elapsed=2.72s tid=0x00007faa7c481000 nid=0x9751 in Object.wait()  [0x00007faa54146000]
   java.lang.Thread.State: TIMED_WAITING (on object monitor)
        at java.lang.Object.wait(java.base@11.0.22/Native Method)
        - waiting on <0x0000000087704600> (a java.lang.ref.ReferenceQueue$Lock)
        at java.lang.ref.ReferenceQueue.remove(java.base@11.0.22/ReferenceQueue.java:155)
        - waiting to re-lock in wait() <0x0000000087704600> (a java.lang.ref.ReferenceQueue$Lock)
        at org.postgresql.util.LazyCleaner$1.run(LazyCleaner.java:129)
        at java.lang.Thread.run(java.base@11.0.22/Thread.java:829)

"idle-timeout-task" #14 daemon prio=5 os_prio=0 cpu=0.20ms elapsed=2.63s tid=0x00007faa7c4d7800 nid=0x9755 in Object.wait()  [0x00007faa13ffe000]
   java.lang.Thread.State: TIMED_WAITING (on object monitor)
        at java.lang.Object.wait(java.base@11.0.22/Native Method)
        - waiting on <0x00000000842b71a8> (a java.util.TaskQueue)
        at java.util.TimerThread.mainLoop(java.base@11.0.22/Timer.java:553)
        - waiting to re-lock in wait() <0x00000000842b71a8> (a java.util.TaskQueue)
        at java.util.TimerThread.run(java.base@11.0.22/Timer.java:506)

"HTTP-Dispatcher" #15 prio=5 os_prio=0 cpu=0.72ms elapsed=2.61s tid=0x00007faa7c513000 nid=0x9756 runnable  [0x00007faa13ad5000]
   java.lang.Thread.State: RUNNABLE
        at sun.nio.ch.EPoll.wait(java.base@11.0.22/Native Method)
        at sun.nio.ch.EPollSelectorImpl.doSelect(java.base@11.0.22/EPollSelectorImpl.java:120)
        at sun.nio.ch.SelectorImpl.lockAndDoSelect(java.base@11.0.22/SelectorImpl.java:124)
        - locked <0x00000000842b5d68> (a sun.nio.ch.Util$2)
        - locked <0x00000000842b5ba8> (a sun.nio.ch.EPollSelectorImpl)
        at sun.nio.ch.SelectorImpl.select(java.base@11.0.22/SelectorImpl.java:136)
        at sun.net.httpserver.ServerImpl$Dispatcher.run(jdk.httpserver@11.0.22/ServerImpl.java:471)
        at java.lang.Thread.run(java.base@11.0.22/Thread.java:829)

"DestroyJavaVM" #16 prio=5 os_prio=0 cpu=707.02ms elapsed=2.61s tid=0x00007faa7c015800 nid=0x9721 waiting on condition  [0x0000000000000000]
   java.lang.Thread.State: RUNNABLE

"Attach Listener" #17 daemon prio=9 os_prio=0 cpu=1.63ms elapsed=0.63s tid=0x00007faa34001000 nid=0x979e waiting on condition  [0x0000000000000000]
   java.lang.Thread.State: RUNNABLE

"VM Thread" os_prio=0 cpu=11.06ms elapsed=3.75s tid=0x00007faa7c128800 nid=0x9727 runnable

"GC Thread#0" os_prio=0 cpu=11.84ms elapsed=3.76s tid=0x00007faa7c02f800 nid=0x9722 runnable

"GC Thread#1" os_prio=0 cpu=11.11ms elapsed=2.70s tid=0x00007faa48001000 nid=0x9752 runnable

"GC Thread#2" os_prio=0 cpu=11.08ms elapsed=2.70s tid=0x00007faa48002800 nid=0x9753 runnable

"G1 Main Marker" os_prio=0 cpu=0.30ms elapsed=3.76s tid=0x00007faa7c061000 nid=0x9723 runnable

"G1 Conc#0" os_prio=0 cpu=0.09ms elapsed=3.76s tid=0x00007faa7c063000 nid=0x9724 runnable

"G1 Refine#0" os_prio=0 cpu=0.26ms elapsed=3.76s tid=0x00007faa7c0f4000 nid=0x9725 runnable

"G1 Young RemSet Sampling" os_prio=0 cpu=0.62ms elapsed=3.76s tid=0x00007faa7c0f6000 nid=0x9726 runnable
"VM Periodic Task Thread" os_prio=0 cpu=1.48ms elapsed=3.71s tid=0x00007faa7c196800 nid=0x972f waiting on condition

JNI global refs: 19, weak refs: 0

38687:
-XX:CICompilerCount=4 -XX:ConcGCThreads=3 -XX:G1ConcRefinementThreads=10 -XX:G1HeapRegionSize=1048576 -XX:GCDrainStackTargetSize=64 -XX:InitialHeapSize=130023424 -XX:MarkStackSize=4194304 -XX:MaxHeapSize=2078277632 -XX:MaxNewSize=1246756864 -XX:MinHeapDeltaBytes=1048576 -XX:NonNMethodCodeHeapSize=5836300 -XX:NonProfiledCodeHeapSize=122910970 -XX:ProfiledCodeHeapSize=122910970 -XX:ReservedCodeCacheSize=251658240 -XX:+SegmentedCodeCache -XX:+UseCompressedClassPointers -XX:+UseCompressedOops -XX:+UseG1GC
38687:
#Sat Mar 09 14:15:39 EST 2024
awt.toolkit=sun.awt.X11.XToolkit
java.specification.version=11
sun.cpu.isalist=
sun.jnu.encoding=UTF-8
java.class.path=.\:./UserService/jackson-annotations-2.16.1.jar\:./UserService/jackson-core-2.16.1.jar\:./UserService/jackson-databind-2.16.1.jar\:./UserService/postgresql-42.7.2.jar\:./UserService/postgresql-42.7.2.jar
java.vm.vendor=Ubuntu
sun.arch.data.model=64
java.vendor.url=https\://ubuntu.com/
user.timezone=America/New_York
java.vm.specification.version=11
os.name=Linux
sun.java.launcher=SUN_STANDARD
sun.boot.library.path=/usr/lib/jvm/java-11-openjdk-amd64/lib
sun.java.command=UserService.UserService
jdk.debug=release
sun.cpu.endian=little
user.home=/home/masa
user.language=en
java.specification.vendor=Oracle Corporation
java.version.date=2024-01-16
java.home=/usr/lib/jvm/java-11-openjdk-amd64
file.separator=/
java.vm.compressedOopsMode=32-bit
line.separator=\n
java.vm.specification.vendor=Oracle Corporation
java.specification.name=Java Platform API Specification
java.awt.graphicsenv=sun.awt.X11GraphicsEnvironment
sun.management.compiler=HotSpot 64-Bit Tiered Compilers
java.runtime.version=11.0.22+7-post-Ubuntu-0ubuntu222.04.1
user.name=masa
path.separator=\:
os.version=5.15.146.1-microsoft-standard-WSL2
java.runtime.name=OpenJDK Runtime Environment
file.encoding=UTF-8
java.vm.name=OpenJDK 64-Bit Server VM
java.vendor.url.bug=https\://bugs.launchpad.net/ubuntu/+source/openjdk-lts
java.io.tmpdir=/tmp
java.version=11.0.22
user.dir=/mnt/c/Users/faisa/Documents/csc301/a2/Microservice/final/a2/compiled
os.arch=amd64
java.vm.specification.name=Java Virtual Machine Specification
java.awt.printerjob=sun.print.PSPrinterJob
sun.os.patch.level=unknown
java.library.path=/usr/java/packages/lib\:/usr/lib/x86_64-linux-gnu/jni\:/lib/x86_64-linux-gnu\:/usr/lib/x86_64-linux-gnu\:/usr/lib/jni\:/lib\:/usr/lib
java.vm.info=mixed mode, sharing
java.vendor=Ubuntu
java.vm.version=11.0.22+7-post-Ubuntu-0ubuntu222.04.1
java.specification.maintenance.version=2
sun.io.unicode.encoding=UnicodeLittle
java.class.version=55.0
38687:
OpenJDK 64-Bit Server VM version 11.0.22+7-post-Ubuntu-0ubuntu222.04.1
JDK 11.0.22
38687:
VM Arguments:
java_command: UserService.UserService
java_class_path (initial): .:./UserService/jackson-annotations-2.16.1.jar:./UserService/jackson-core-2.16.1.jar:./UserService/jackson-databind-2.16.1.jar:./UserService/postgresql-42.7.2.jar:./UserService/postgresql-42.7.2.jar
Launcher Type: SUN_STANDARD
Ready
PS C:\Users\faisa\Documents\csc301\a2\Microservice>