64726:
#
# JRE version: OpenJDK Runtime Environment (11.0.22+7) (build 11.0.22+7-post-Ubuntu-0ubuntu222.04.1)
# Java VM: OpenJDK 64-Bit Server VM (11.0.22+7-post-Ubuntu-0ubuntu222.04.1, mixed mode, sharing, tiered, compressed oops, g1 gc, linux-amd64)

---------------  S U M M A R Y ------------

Command Line: OrderService.OrderService

Host: AMD Ryzen 5 3600 6-Core Processor, 12 cores, 7G, Ubuntu 22.04.3 LTS
Time: Tue Mar 12 18:23:16 2024 EDT elapsed time: 3.320180 seconds (0d 0h 0m 3s)

---------------  P R O C E S S  ---------------

Heap address: 0x0000000084200000, size: 1982 MB, Compressed Oops mode: 32-bit
Narrow klass base: 0x0000000800000000, Narrow klass shift: 3
Compressed class space size: 1073741824 Address: 0x0000000840000000

Heap:
 garbage-first heap   total 129024K, used 15491K [0x0000000084200000, 0x0000000100000000)
  region size 1024K, 15 young (15360K), 3 survivors (3072K)
 Metaspace       used 12832K, capacity 13242K, committed 13312K, reserved 1060864K
  class space    used 1352K, capacity 1522K, committed 1536K, reserved 1048576K
Heap Regions: E=young(eden), S=young(survivor), O=old, HS=humongous(starts), HC=humongous(continues), CS=collection set, F=free, A=archive, TAMS=top-at-mark-start (previous, next)
|   0|0x0000000084200000, 0x000000008426cc00, 0x0000000084300000| 42%| O|  |TAMS 0x0000000084200000, 0x0000000084200000| Untracked 
|   1|0x0000000084300000, 0x0000000084300000, 0x0000000084400000|  0%| F|  |TAMS 0x0000000084300000, 0x0000000084300000| Untracked 
|   2|0x0000000084400000, 0x0000000084400000, 0x0000000084500000|  0%| F|  |TAMS 0x0000000084400000, 0x0000000084400000| Untracked 
|   3|0x0000000084500000, 0x0000000084500000, 0x0000000084600000|  0%| F|  |TAMS 0x0000000084500000, 0x0000000084500000| Untracked 
|   4|0x0000000084600000, 0x0000000084600000, 0x0000000084700000|  0%| F|  |TAMS 0x0000000084600000, 0x0000000084600000| Untracked 
|   5|0x0000000084700000, 0x0000000084700000, 0x0000000084800000|  0%| F|  |TAMS 0x0000000084700000, 0x0000000084700000| Untracked 
|   6|0x0000000084800000, 0x0000000084800000, 0x0000000084900000|  0%| F|  |TAMS 0x0000000084800000, 0x0000000084800000| Untracked 
|   7|0x0000000084900000, 0x0000000084900000, 0x0000000084a00000|  0%| F|  |TAMS 0x0000000084900000, 0x0000000084900000| Untracked 
|   8|0x0000000084a00000, 0x0000000084a00000, 0x0000000084b00000|  0%| F|  |TAMS 0x0000000084a00000, 0x0000000084a00000| Untracked 
|   9|0x0000000084b00000, 0x0000000084b00000, 0x0000000084c00000|  0%| F|  |TAMS 0x0000000084b00000, 0x0000000084b00000| Untracked 
|  10|0x0000000084c00000, 0x0000000084c00000, 0x0000000084d00000|  0%| F|  |TAMS 0x0000000084c00000, 0x0000000084c00000| Untracked 
|  11|0x0000000084d00000, 0x0000000084d00000, 0x0000000084e00000|  0%| F|  |TAMS 0x0000000084d00000, 0x0000000084d00000| Untracked 
|  12|0x0000000084e00000, 0x0000000084e00000, 0x0000000084f00000|  0%| F|  |TAMS 0x0000000084e00000, 0x0000000084e00000| Untracked 
|  13|0x0000000084f00000, 0x0000000084f00000, 0x0000000085000000|  0%| F|  |TAMS 0x0000000084f00000, 0x0000000084f00000| Untracked 
|  14|0x0000000085000000, 0x0000000085000000, 0x0000000085100000|  0%| F|  |TAMS 0x0000000085000000, 0x0000000085000000| Untracked 
|  15|0x0000000085100000, 0x0000000085100000, 0x0000000085200000|  0%| F|  |TAMS 0x0000000085100000, 0x0000000085100000| Untracked 
|  16|0x0000000085200000, 0x0000000085200000, 0x0000000085300000|  0%| F|  |TAMS 0x0000000085200000, 0x0000000085200000| Untracked 
|  17|0x0000000085300000, 0x0000000085300000, 0x0000000085400000|  0%| F|  |TAMS 0x0000000085300000, 0x0000000085300000| Untracked 
|  18|0x0000000085400000, 0x0000000085400000, 0x0000000085500000|  0%| F|  |TAMS 0x0000000085400000, 0x0000000085400000| Untracked 
|  19|0x0000000085500000, 0x0000000085500000, 0x0000000085600000|  0%| F|  |TAMS 0x0000000085500000, 0x0000000085500000| Untracked 
|  20|0x0000000085600000, 0x0000000085600000, 0x0000000085700000|  0%| F|  |TAMS 0x0000000085600000, 0x0000000085600000| Untracked 
|  21|0x0000000085700000, 0x0000000085700000, 0x0000000085800000|  0%| F|  |TAMS 0x0000000085700000, 0x0000000085700000| Untracked 
|  22|0x0000000085800000, 0x0000000085800000, 0x0000000085900000|  0%| F|  |TAMS 0x0000000085800000, 0x0000000085800000| Untracked 
|  23|0x0000000085900000, 0x0000000085900000, 0x0000000085a00000|  0%| F|  |TAMS 0x0000000085900000, 0x0000000085900000| Untracked 
|  24|0x0000000085a00000, 0x0000000085a00000, 0x0000000085b00000|  0%| F|  |TAMS 0x0000000085a00000, 0x0000000085a00000| Untracked 
|  25|0x0000000085b00000, 0x0000000085b00000, 0x0000000085c00000|  0%| F|  |TAMS 0x0000000085b00000, 0x0000000085b00000| Untracked 
|  26|0x0000000085c00000, 0x0000000085c00000, 0x0000000085d00000|  0%| F|  |TAMS 0x0000000085c00000, 0x0000000085c00000| Untracked 
|  27|0x0000000085d00000, 0x0000000085d00000, 0x0000000085e00000|  0%| F|  |TAMS 0x0000000085d00000, 0x0000000085d00000| Untracked 
|  28|0x0000000085e00000, 0x0000000085e00000, 0x0000000085f00000|  0%| F|  |TAMS 0x0000000085e00000, 0x0000000085e00000| Untracked 
|  29|0x0000000085f00000, 0x0000000085f00000, 0x0000000086000000|  0%| F|  |TAMS 0x0000000085f00000, 0x0000000085f00000| Untracked 
|  30|0x0000000086000000, 0x0000000086000000, 0x0000000086100000|  0%| F|  |TAMS 0x0000000086000000, 0x0000000086000000| Untracked 
|  31|0x0000000086100000, 0x0000000086100000, 0x0000000086200000|  0%| F|  |TAMS 0x0000000086100000, 0x0000000086100000| Untracked 
|  32|0x0000000086200000, 0x0000000086200000, 0x0000000086300000|  0%| F|  |TAMS 0x0000000086200000, 0x0000000086200000| Untracked 
|  33|0x0000000086300000, 0x0000000086300000, 0x0000000086400000|  0%| F|  |TAMS 0x0000000086300000, 0x0000000086300000| Untracked 
|  34|0x0000000086400000, 0x0000000086400000, 0x0000000086500000|  0%| F|  |TAMS 0x0000000086400000, 0x0000000086400000| Untracked 
|  35|0x0000000086500000, 0x0000000086500000, 0x0000000086600000|  0%| F|  |TAMS 0x0000000086500000, 0x0000000086500000| Untracked 
|  36|0x0000000086600000, 0x0000000086600000, 0x0000000086700000|  0%| F|  |TAMS 0x0000000086600000, 0x0000000086600000| Untracked 
|  37|0x0000000086700000, 0x0000000086700000, 0x0000000086800000|  0%| F|  |TAMS 0x0000000086700000, 0x0000000086700000| Untracked 
|  38|0x0000000086800000, 0x0000000086800000, 0x0000000086900000|  0%| F|  |TAMS 0x0000000086800000, 0x0000000086800000| Untracked 
|  39|0x0000000086900000, 0x0000000086900000, 0x0000000086a00000|  0%| F|  |TAMS 0x0000000086900000, 0x0000000086900000| Untracked 
|  40|0x0000000086a00000, 0x0000000086a00000, 0x0000000086b00000|  0%| F|  |TAMS 0x0000000086a00000, 0x0000000086a00000| Untracked 
|  41|0x0000000086b00000, 0x0000000086b00000, 0x0000000086c00000|  0%| F|  |TAMS 0x0000000086b00000, 0x0000000086b00000| Untracked 
|  42|0x0000000086c00000, 0x0000000086c00000, 0x0000000086d00000|  0%| F|  |TAMS 0x0000000086c00000, 0x0000000086c00000| Untracked 
|  43|0x0000000086d00000, 0x0000000086d00000, 0x0000000086e00000|  0%| F|  |TAMS 0x0000000086d00000, 0x0000000086d00000| Untracked 
|  44|0x0000000086e00000, 0x0000000086e00000, 0x0000000086f00000|  0%| F|  |TAMS 0x0000000086e00000, 0x0000000086e00000| Untracked 
|  45|0x0000000086f00000, 0x0000000086f00000, 0x0000000087000000|  0%| F|  |TAMS 0x0000000086f00000, 0x0000000086f00000| Untracked 
|  46|0x0000000087000000, 0x0000000087000000, 0x0000000087100000|  0%| F|  |TAMS 0x0000000087000000, 0x0000000087000000| Untracked 
|  47|0x0000000087100000, 0x0000000087100000, 0x0000000087200000|  0%| F|  |TAMS 0x0000000087100000, 0x0000000087100000| Untracked 
|  48|0x0000000087200000, 0x0000000087200000, 0x0000000087300000|  0%| F|  |TAMS 0x0000000087200000, 0x0000000087200000| Untracked 
|  49|0x0000000087300000, 0x0000000087300000, 0x0000000087400000|  0%| F|  |TAMS 0x0000000087300000, 0x0000000087300000| Untracked 
|  50|0x0000000087400000, 0x0000000087400000, 0x0000000087500000|  0%| F|  |TAMS 0x0000000087400000, 0x0000000087400000| Untracked 
|  51|0x0000000087500000, 0x0000000087500000, 0x0000000087600000|  0%| F|  |TAMS 0x0000000087500000, 0x0000000087500000| Untracked 
|  52|0x0000000087600000, 0x0000000087600000, 0x0000000087700000|  0%| F|  |TAMS 0x0000000087600000, 0x0000000087600000| Untracked 
|  53|0x0000000087700000, 0x0000000087700000, 0x0000000087800000|  0%| F|  |TAMS 0x0000000087700000, 0x0000000087700000| Untracked 
|  54|0x0000000087800000, 0x0000000087800000, 0x0000000087900000|  0%| F|  |TAMS 0x0000000087800000, 0x0000000087800000| Untracked 
|  55|0x0000000087900000, 0x0000000087900000, 0x0000000087a00000|  0%| F|  |TAMS 0x0000000087900000, 0x0000000087900000| Untracked 
|  56|0x0000000087a00000, 0x0000000087a00000, 0x0000000087b00000|  0%| F|  |TAMS 0x0000000087a00000, 0x0000000087a00000| Untracked 
|  57|0x0000000087b00000, 0x0000000087b00000, 0x0000000087c00000|  0%| F|  |TAMS 0x0000000087b00000, 0x0000000087b00000| Untracked 
|  58|0x0000000087c00000, 0x0000000087c00000, 0x0000000087d00000|  0%| F|  |TAMS 0x0000000087c00000, 0x0000000087c00000| Untracked 
|  59|0x0000000087d00000, 0x0000000087d00000, 0x0000000087e00000|  0%| F|  |TAMS 0x0000000087d00000, 0x0000000087d00000| Untracked 
|  60|0x0000000087e00000, 0x0000000087e00000, 0x0000000087f00000|  0%| F|  |TAMS 0x0000000087e00000, 0x0000000087e00000| Untracked 
|  61|0x0000000087f00000, 0x0000000087f00000, 0x0000000088000000|  0%| F|  |TAMS 0x0000000087f00000, 0x0000000087f00000| Untracked 
|  62|0x0000000088000000, 0x0000000088000000, 0x0000000088100000|  0%| F|  |TAMS 0x0000000088000000, 0x0000000088000000| Untracked 
|  63|0x0000000088100000, 0x0000000088100000, 0x0000000088200000|  0%| F|  |TAMS 0x0000000088100000, 0x0000000088100000| Untracked 
|  64|0x0000000088200000, 0x0000000088200000, 0x0000000088300000|  0%| F|  |TAMS 0x0000000088200000, 0x0000000088200000| Untracked 
|  65|0x0000000088300000, 0x0000000088300000, 0x0000000088400000|  0%| F|  |TAMS 0x0000000088300000, 0x0000000088300000| Untracked 
|  66|0x0000000088400000, 0x0000000088400000, 0x0000000088500000|  0%| F|  |TAMS 0x0000000088400000, 0x0000000088400000| Untracked 
|  67|0x0000000088500000, 0x0000000088500000, 0x0000000088600000|  0%| F|  |TAMS 0x0000000088500000, 0x0000000088500000| Untracked 
|  68|0x0000000088600000, 0x0000000088600000, 0x0000000088700000|  0%| F|  |TAMS 0x0000000088600000, 0x0000000088600000| Untracked 
|  69|0x0000000088700000, 0x0000000088700000, 0x0000000088800000|  0%| F|  |TAMS 0x0000000088700000, 0x0000000088700000| Untracked 
|  70|0x0000000088800000, 0x0000000088800000, 0x0000000088900000|  0%| F|  |TAMS 0x0000000088800000, 0x0000000088800000| Untracked 
|  71|0x0000000088900000, 0x0000000088900000, 0x0000000088a00000|  0%| F|  |TAMS 0x0000000088900000, 0x0000000088900000| Untracked 
|  72|0x0000000088a00000, 0x0000000088a00000, 0x0000000088b00000|  0%| F|  |TAMS 0x0000000088a00000, 0x0000000088a00000| Untracked 
|  73|0x0000000088b00000, 0x0000000088b00000, 0x0000000088c00000|  0%| F|  |TAMS 0x0000000088b00000, 0x0000000088b00000| Untracked 
|  74|0x0000000088c00000, 0x0000000088c00000, 0x0000000088d00000|  0%| F|  |TAMS 0x0000000088c00000, 0x0000000088c00000| Untracked 
|  75|0x0000000088d00000, 0x0000000088d00000, 0x0000000088e00000|  0%| F|  |TAMS 0x0000000088d00000, 0x0000000088d00000| Untracked 
|  76|0x0000000088e00000, 0x0000000088e00000, 0x0000000088f00000|  0%| F|  |TAMS 0x0000000088e00000, 0x0000000088e00000| Untracked 
|  77|0x0000000088f00000, 0x0000000088f00000, 0x0000000089000000|  0%| F|  |TAMS 0x0000000088f00000, 0x0000000088f00000| Untracked 
|  78|0x0000000089000000, 0x0000000089000000, 0x0000000089100000|  0%| F|  |TAMS 0x0000000089000000, 0x0000000089000000| Untracked 
|  79|0x0000000089100000, 0x0000000089100000, 0x0000000089200000|  0%| F|  |TAMS 0x0000000089100000, 0x0000000089100000| Untracked 
|  80|0x0000000089200000, 0x0000000089200000, 0x0000000089300000|  0%| F|  |TAMS 0x0000000089200000, 0x0000000089200000| Untracked 
|  81|0x0000000089300000, 0x0000000089300000, 0x0000000089400000|  0%| F|  |TAMS 0x0000000089300000, 0x0000000089300000| Untracked 
|  82|0x0000000089400000, 0x0000000089400000, 0x0000000089500000|  0%| F|  |TAMS 0x0000000089400000, 0x0000000089400000| Untracked 
|  83|0x0000000089500000, 0x0000000089500000, 0x0000000089600000|  0%| F|  |TAMS 0x0000000089500000, 0x0000000089500000| Untracked 
|  84|0x0000000089600000, 0x0000000089600000, 0x0000000089700000|  0%| F|  |TAMS 0x0000000089600000, 0x0000000089600000| Untracked 
|  85|0x0000000089700000, 0x0000000089700000, 0x0000000089800000|  0%| F|  |TAMS 0x0000000089700000, 0x0000000089700000| Untracked 
|  86|0x0000000089800000, 0x0000000089800000, 0x0000000089900000|  0%| F|  |TAMS 0x0000000089800000, 0x0000000089800000| Untracked 
|  87|0x0000000089900000, 0x0000000089900000, 0x0000000089a00000|  0%| F|  |TAMS 0x0000000089900000, 0x0000000089900000| Untracked 
|  88|0x0000000089a00000, 0x0000000089a00000, 0x0000000089b00000|  0%| F|  |TAMS 0x0000000089a00000, 0x0000000089a00000| Untracked 
|  89|0x0000000089b00000, 0x0000000089b00000, 0x0000000089c00000|  0%| F|  |TAMS 0x0000000089b00000, 0x0000000089b00000| Untracked 
|  90|0x0000000089c00000, 0x0000000089c00000, 0x0000000089d00000|  0%| F|  |TAMS 0x0000000089c00000, 0x0000000089c00000| Untracked 
|  91|0x0000000089d00000, 0x0000000089d00000, 0x0000000089e00000|  0%| F|  |TAMS 0x0000000089d00000, 0x0000000089d00000| Untracked 
|  92|0x0000000089e00000, 0x0000000089e00000, 0x0000000089f00000|  0%| F|  |TAMS 0x0000000089e00000, 0x0000000089e00000| Untracked 
|  93|0x0000000089f00000, 0x0000000089f00000, 0x000000008a000000|  0%| F|  |TAMS 0x0000000089f00000, 0x0000000089f00000| Untracked 
|  94|0x000000008a000000, 0x000000008a000000, 0x000000008a100000|  0%| F|  |TAMS 0x000000008a000000, 0x000000008a000000| Untracked 
|  95|0x000000008a100000, 0x000000008a100000, 0x000000008a200000|  0%| F|  |TAMS 0x000000008a100000, 0x000000008a100000| Untracked 
|  96|0x000000008a200000, 0x000000008a200000, 0x000000008a300000|  0%| F|  |TAMS 0x000000008a200000, 0x000000008a200000| Untracked 
|  97|0x000000008a300000, 0x000000008a400000, 0x000000008a400000|100%| S|CS|TAMS 0x000000008a300000, 0x000000008a300000| Complete 
|  98|0x000000008a400000, 0x000000008a500000, 0x000000008a500000|100%| S|CS|TAMS 0x000000008a400000, 0x000000008a400000| Complete 
|  99|0x000000008a500000, 0x000000008a600000, 0x000000008a600000|100%| S|CS|TAMS 0x000000008a500000, 0x000000008a500000| Complete 
| 100|0x000000008a600000, 0x000000008a600000, 0x000000008a700000|  0%| F|  |TAMS 0x000000008a600000, 0x000000008a600000| Untracked 
| 101|0x000000008a700000, 0x000000008a700000, 0x000000008a800000|  0%| F|  |TAMS 0x000000008a700000, 0x000000008a700000| Untracked 
| 102|0x000000008a800000, 0x000000008a800000, 0x000000008a900000|  0%| F|  |TAMS 0x000000008a800000, 0x000000008a800000| Untracked 
| 103|0x000000008a900000, 0x000000008a900000, 0x000000008aa00000|  0%| F|  |TAMS 0x000000008a900000, 0x000000008a900000| Untracked 
| 104|0x000000008aa00000, 0x000000008aa00000, 0x000000008ab00000|  0%| F|  |TAMS 0x000000008aa00000, 0x000000008aa00000| Untracked 
| 105|0x000000008ab00000, 0x000000008ab00000, 0x000000008ac00000|  0%| F|  |TAMS 0x000000008ab00000, 0x000000008ab00000| Untracked 
| 106|0x000000008ac00000, 0x000000008ac00000, 0x000000008ad00000|  0%| F|  |TAMS 0x000000008ac00000, 0x000000008ac00000| Untracked 
| 107|0x000000008ad00000, 0x000000008ad00000, 0x000000008ae00000|  0%| F|  |TAMS 0x000000008ad00000, 0x000000008ad00000| Untracked 
| 108|0x000000008ae00000, 0x000000008ae00000, 0x000000008af00000|  0%| F|  |TAMS 0x000000008ae00000, 0x000000008ae00000| Untracked 
| 109|0x000000008af00000, 0x000000008af00000, 0x000000008b000000|  0%| F|  |TAMS 0x000000008af00000, 0x000000008af00000| Untracked 
| 110|0x000000008b000000, 0x000000008b000000, 0x000000008b100000|  0%| F|  |TAMS 0x000000008b000000, 0x000000008b000000| Untracked 
| 111|0x000000008b100000, 0x000000008b100000, 0x000000008b200000|  0%| F|  |TAMS 0x000000008b100000, 0x000000008b100000| Untracked 
| 112|0x000000008b200000, 0x000000008b200800, 0x000000008b300000|  0%| E|  |TAMS 0x000000008b200000, 0x000000008b200000| Complete 
| 113|0x000000008b300000, 0x000000008b400000, 0x000000008b400000|100%| E|CS|TAMS 0x000000008b300000, 0x000000008b300000| Complete 
| 114|0x000000008b400000, 0x000000008b500000, 0x000000008b500000|100%| E|CS|TAMS 0x000000008b400000, 0x000000008b400000| Complete 
| 115|0x000000008b500000, 0x000000008b600000, 0x000000008b600000|100%| E|CS|TAMS 0x000000008b500000, 0x000000008b500000| Complete 
| 116|0x000000008b600000, 0x000000008b700000, 0x000000008b700000|100%| E|CS|TAMS 0x000000008b600000, 0x000000008b600000| Complete 
| 117|0x000000008b700000, 0x000000008b800000, 0x000000008b800000|100%| E|CS|TAMS 0x000000008b700000, 0x000000008b700000| Complete 
| 118|0x000000008b800000, 0x000000008b900000, 0x000000008b900000|100%| E|CS|TAMS 0x000000008b800000, 0x000000008b800000| Complete 
| 119|0x000000008b900000, 0x000000008ba00000, 0x000000008ba00000|100%| E|CS|TAMS 0x000000008b900000, 0x000000008b900000| Complete 
| 120|0x000000008ba00000, 0x000000008bb00000, 0x000000008bb00000|100%| E|CS|TAMS 0x000000008ba00000, 0x000000008ba00000| Complete 
| 121|0x000000008bb00000, 0x000000008bc00000, 0x000000008bc00000|100%| E|CS|TAMS 0x000000008bb00000, 0x000000008bb00000| Complete 
| 122|0x000000008bc00000, 0x000000008bd00000, 0x000000008bd00000|100%| E|CS|TAMS 0x000000008bc00000, 0x000000008bc00000| Complete 
| 123|0x000000008bd00000, 0x000000008be00000, 0x000000008be00000|100%| E|CS|TAMS 0x000000008bd00000, 0x000000008bd00000| Complete 
|1980|0x00000000ffe00000, 0x00000000ffe48000, 0x00000000fff00000| 28%|OA|  |TAMS 0x00000000ffe00000, 0x00000000ffe00000| Untracked 
|1981|0x00000000fff00000, 0x00000000fff6c000, 0x0000000100000000| 42%|CA|  |TAMS 0x00000000fff00000, 0x00000000fff00000| Untracked 

Card table byte_map: [0x00007fc37743e000,0x00007fc37781d000] _byte_map_base: 0x00007fc37701d000

Marking Bits (Prev, Next): (CMBitMap*) 0x00007fc394058758, (CMBitMap*) 0x00007fc394058790
 Prev Bits: [0x00007fc375167000, 0x00007fc37705f000)
 Next Bits: [0x00007fc37326f000, 0x00007fc375167000)

Polling page: 0x00007fc399c8c000

Metaspace:

Usage:
  Non-class:     11.45 MB capacity,    11.21 MB ( 98%) used,   207.98 KB (  2%) free+waste,    32.38 KB ( <1%) overhead. 
      Class:      1.49 MB capacity,     1.32 MB ( 89%) used,   152.86 KB ( 10%) free+waste,    16.19 KB (  1%) overhead. 
       Both:     12.93 MB capacity,    12.53 MB ( 97%) used,   360.84 KB (  3%) free+waste,    48.56 KB ( <1%) overhead. 

Virtual space:
  Non-class space:       12.00 MB reserved,      11.50 MB ( 96%) committed 
      Class space:        1.00 GB reserved,       1.50 MB ( <1%) committed 
             Both:        1.01 GB reserved,      13.00 MB (  1%) committed 

Chunk freelists:
   Non-Class:  4.00 KB
       Class:  14.00 KB
        Both:  18.00 KB

MaxMetaspaceSize: unlimited
CompressedClassSpaceSize: 1.00 GB
Initial GC threshold: 20.80 MB
Current GC threshold: 20.80 MB
CDS: on

CodeHeap 'non-profiled nmethods': size=120032Kb used=503Kb max_used=503Kb free=119528Kb
 bounds [0x00007fc3842a3000, 0x00007fc384513000, 0x00007fc38b7db000]
CodeHeap 'profiled nmethods': size=120028Kb used=2976Kb max_used=2976Kb free=117051Kb
 bounds [0x00007fc37cd6c000, 0x00007fc37d05c000, 0x00007fc3842a3000]
CodeHeap 'non-nmethods': size=5700Kb used=1204Kb max_used=1220Kb free=4495Kb
 bounds [0x00007fc37c7db000, 0x00007fc37ca4b000, 0x00007fc37cd6c000]
 total_blobs=1958 nmethods=1483 adapters=388
 compilation: enabled
              stopped_count=0, restarted_count=0
 full_count=0

Compilation events (20 events):
Event: 1.057 Thread 0x00007fc39413b800 nmethod 1474 0x00007fc37d04d290 code [0x00007fc37d04d560, 0x00007fc37d04e8b0]
Event: 1.057 Thread 0x00007fc39413b800 1473       3       java.util.Arrays::fill (28 bytes)
Event: 1.058 Thread 0x00007fc39413b800 nmethod 1473 0x00007fc37d04ef10 code [0x00007fc37d04f0e0, 0x00007fc37d04f480]
Event: 1.058 Thread 0x00007fc39413b800 1477       3       java.lang.invoke.LambdaForm$Name::cloneWithIndex (47 bytes)
Event: 1.058 Thread 0x00007fc39413b800 nmethod 1477 0x00007fc37d04f610 code [0x00007fc37d04f800, 0x00007fc37d04fd80]
Event: 1.058 Thread 0x00007fc39413b800 1479       3       jdk.internal.org.objectweb.asm.Frame::pop (53 bytes)
Event: 1.058 Thread 0x00007fc39413b800 nmethod 1479 0x00007fc37d04ff10 code [0x00007fc37d050160, 0x00007fc37d0508b0]
Event: 1.058 Thread 0x00007fc39413b800 1471       3       java.util.Arrays::rangeCheck (74 bytes)
Event: 1.058 Thread 0x00007fc34439d800 nmethod 1480 0x00007fc38431d490 code [0x00007fc38431d620, 0x00007fc38431d738]
Event: 1.059 Thread 0x00007fc39413b800 nmethod 1471 0x00007fc37d050b90 code [0x00007fc37d050e60, 0x00007fc37d051b00]
Event: 1.059 Thread 0x00007fc39413b800 1475       3       java.lang.invoke.LambdaFormEditor$Transform::<init> (17 bytes)
Event: 1.059 Thread 0x00007fc39413b800 nmethod 1475 0x00007fc37d051f90 code [0x00007fc37d052160, 0x00007fc37d052550]
Event: 1.062 Thread 0x00007fc39413b800 1481       3       java.lang.invoke.LambdaFormEditor$Transform::equals (32 bytes)
Event: 1.062 Thread 0x00007fc39413b800 nmethod 1481 0x00007fc37d052690 code [0x00007fc37d052860, 0x00007fc37d052a40]
Event: 1.062 Thread 0x00007fc39413b800 1482       3       java.lang.invoke.BoundMethodHandle::rebind (14 bytes)
Event: 1.063 Thread 0x00007fc39413b800 nmethod 1482 0x00007fc37d052b10 code [0x00007fc37d052d60, 0x00007fc37d053720]
Event: 1.063 Thread 0x00007fc39413b800 1483       3       java.lang.invoke.BoundMethodHandle::tooComplex (27 bytes)
Event: 1.063 Thread 0x00007fc39413b800 nmethod 1483 0x00007fc37d053a90 code [0x00007fc37d053c80, 0x00007fc37d054110]
Event: 1.069 Thread 0x00007fc340111000 nmethod 1469 0x00007fc38431d810 code [0x00007fc38431da20, 0x00007fc38431e9f0]
Event: 1.074 Thread 0x00007fc394139800 nmethod 1478 0x00007fc38431f110 code [0x00007fc38431f340, 0x00007fc384320490]

GC Heap History (2 events):
Event: 0.705 GC heap before
{Heap before GC invocations=0 (full 0):
 garbage-first heap   total 129024K, used 24272K [0x0000000084200000, 0x0000000100000000)
  region size 1024K, 24 young (24576K), 0 survivors (0K)
 Metaspace       used 8652K, capacity 8953K, committed 9216K, reserved 1056768K
  class space    used 887K, capacity 981K, committed 1024K, reserved 1048576K
}
Event: 0.711 GC heap after
{Heap after GC invocations=1 (full 0):
 garbage-first heap   total 129024K, used 4227K [0x0000000084200000, 0x0000000100000000)
  region size 1024K, 3 young (3072K), 3 survivors (3072K)
 Metaspace       used 8652K, capacity 8953K, committed 9216K, reserved 1056768K
  class space    used 887K, capacity 981K, committed 1024K, reserved 1048576K
}

Deoptimization events (20 events):
Event: 0.887 Thread 0x00007fc394015800 DEOPT PACKING pc=0x00007fc37cfe6159 sp=0x00007fc398423910
Event: 0.887 Thread 0x00007fc394015800 DEOPT UNPACKING pc=0x00007fc37c82564a sp=0x00007fc398422db8 mode 0
Event: 0.887 Thread 0x00007fc394015800 DEOPT PACKING pc=0x00007fc37cfe6159 sp=0x00007fc398423910
Event: 0.887 Thread 0x00007fc394015800 DEOPT UNPACKING pc=0x00007fc37c82564a sp=0x00007fc398422db8 mode 0
Event: 0.941 Thread 0x00007fc394015800 Uncommon trap: trap_request=0xffffffde fr.pc=0x00007fc3842fab08 relative=0x0000000000000bc8
Event: 0.941 Thread 0x00007fc394015800 Uncommon trap: reason=class_check action=maybe_recompile pc=0x00007fc3842fab08 method=java.util.HashMap.putVal(ILjava/lang/Object;Ljava/lang/Object;ZZ)Ljava/lang/Object; @ 203 c2
Event: 0.941 Thread 0x00007fc394015800 DEOPT PACKING pc=0x00007fc3842fab08 sp=0x00007fc398423a70
Event: 0.941 Thread 0x00007fc394015800 DEOPT UNPACKING pc=0x00007fc37c824ea5 sp=0x00007fc3984239a8 mode 2
Event: 0.941 Thread 0x00007fc394015800 Uncommon trap: trap_request=0xffffffde fr.pc=0x00007fc3842fab08 relative=0x0000000000000bc8
Event: 0.941 Thread 0x00007fc394015800 Uncommon trap: reason=class_check action=maybe_recompile pc=0x00007fc3842fab08 method=java.util.HashMap.putVal(ILjava/lang/Object;Ljava/lang/Object;ZZ)Ljava/lang/Object; @ 203 c2
Event: 0.941 Thread 0x00007fc394015800 DEOPT PACKING pc=0x00007fc3842fab08 sp=0x00007fc398423a70
Event: 0.941 Thread 0x00007fc394015800 DEOPT UNPACKING pc=0x00007fc37c824ea5 sp=0x00007fc3984239a8 mode 2
Event: 0.941 Thread 0x00007fc394015800 Uncommon trap: trap_request=0xffffffde fr.pc=0x00007fc3842fbf64 relative=0x0000000000000ac4
Event: 0.941 Thread 0x00007fc394015800 Uncommon trap: reason=class_check action=maybe_recompile pc=0x00007fc3842fbf64 method=java.util.HashMap.putVal(ILjava/lang/Object;Ljava/lang/Object;ZZ)Ljava/lang/Object; @ 203 c2
Event: 0.941 Thread 0x00007fc394015800 DEOPT PACKING pc=0x00007fc3842fbf64 sp=0x00007fc3984239e0
Event: 0.941 Thread 0x00007fc394015800 DEOPT UNPACKING pc=0x00007fc37c824ea5 sp=0x00007fc3984239a0 mode 2
Event: 0.971 Thread 0x00007fc394015800 DEOPT PACKING pc=0x00007fc37cf3f145 sp=0x00007fc398423a30
Event: 0.971 Thread 0x00007fc394015800 DEOPT UNPACKING pc=0x00007fc37c82564a sp=0x00007fc398422f70 mode 0
Event: 1.016 Thread 0x00007fc394015800 DEOPT PACKING pc=0x00007fc37ceb4c24 sp=0x00007fc398423bd0
Event: 1.016 Thread 0x00007fc394015800 DEOPT UNPACKING pc=0x00007fc37c82564a sp=0x00007fc398423108 mode 0

Classes redefined (0 events):
No events

Internal exceptions (13 events):
Event: 0.104 Thread 0x00007fc394015800 Exception <a 'java/lang/NoSuchMethodError'{0x000000008bc802e8}: 'java.lang.Object java.lang.invoke.DirectMethodHandle$Holder.invokeStaticInit(java.lang.Object, java.lang.Object, int)'> (0x000000008bc802e8) thrown at [./src/hotspot/share/interpreter/linkResolver.cpp, line 772]
Event: 0.106 Thread 0x00007fc394015800 Exception <a 'java/lang/NoSuchMethodError'{0x000000008bc89ec8}: 'java.lang.Object java.lang.invoke.Invokers$Holder.linkToTargetMethod(java.lang.Object, int, java.lang.Object)'> (0x000000008bc89ec8) thrown at [./src/hotspot/share/interpreter/linkResolver.cpp, line 772]
Event: 0.108 Thread 0x00007fc394015800 Exception <a 'java/lang/NoSuchMethodError'{0x000000008bc9b458}: 'int java.lang.invoke.DirectMethodHandle$Holder.invokeStaticInit(java.lang.Object, java.lang.Object, java.lang.Object)'> (0x000000008bc9b458) thrown at [./src/hotspot/share/interpreter/linkResolver.cpp, line 772]
Event: 0.113 Thread 0x00007fc394015800 Exception <a 'java/lang/NoSuchMethodError'{0x000000008bcb1c90}: 'int java.lang.invoke.DirectMethodHandle$Holder.invokeStaticInit(java.lang.Object, java.lang.Object)'> (0x000000008bcb1c90) thrown at [./src/hotspot/share/interpreter/linkResolver.cpp, line 772]
Event: 0.114 Thread 0x00007fc394015800 Exception <a 'java/lang/NoSuchMethodError'{0x000000008bcb7200}: 'int java.lang.invoke.DirectMethodHandle$Holder.invokeSpecialIFC(java.lang.Object, java.lang.Object, java.lang.Object)'> (0x000000008bcb7200) thrown at [./src/hotspot/share/interpreter/linkResolver.cpp, line 772]
Event: 0.189 Thread 0x00007fc394015800 Exception <a 'java/lang/NoSuchMethodError'{0x000000008ba88778}: 'int java.lang.invoke.DirectMethodHandle$Holder.invokeSpecialIFC(java.lang.Object, java.lang.Object, int)'> (0x000000008ba88778) thrown at [./src/hotspot/share/interpreter/linkResolver.cpp, line 772]
Event: 0.196 Thread 0x00007fc394015800 Exception <a 'java/lang/NoSuchMethodError'{0x000000008bab1a20}: 'int java.lang.invoke.DirectMethodHandle$Holder.invokeStaticInit(java.lang.Object, java.lang.Object, java.lang.Object, java.lang.Object)'> (0x000000008bab1a20) thrown at [./src/hotspot/share/interpreter/linkResolver.cpp, line 772]
Event: 0.197 Thread 0x00007fc394015800 Exception <a 'java/lang/IncompatibleClassChangeError'{0x000000008babb6a0}: Found class java.lang.Object, but interface was expected> (0x000000008babb6a0) thrown at [./src/hotspot/share/interpreter/linkResolver.cpp, line 839]
Event: 0.197 Thread 0x00007fc394015800 Exception <a 'java/lang/NoSuchMethodError'{0x000000008babe9f8}: 'void java.lang.invoke.DirectMethodHandle$Holder.invokeStaticInit(java.lang.Object, java.lang.Object)'> (0x000000008babe9f8) thrown at [./src/hotspot/share/interpreter/linkResolver.cpp, line 772]
Event: 0.759 Thread 0x00007fc394015800 Exception <a 'java/lang/NoSuchMethodError'{0x000000008bc779e0}: 'java.lang.Object java.lang.invoke.DirectMethodHandle$Holder.invokeVirtual(java.lang.Object, java.lang.Object, java.lang.Object, java.lang.Object)'> (0x000000008bc779e0) thrown at [./src/hotspot/share/interpreter/linkResolver.cpp, line 772]
Event: 0.805 Thread 0x00007fc394015800 Exception <a 'java/lang/NoSuchMethodError'{0x000000008ba3ae10}: 'java.lang.Object java.lang.invoke.DirectMethodHandle$Holder.invokeStaticInit(java.lang.Object, java.lang.Object, java.lang.Object)'> (0x000000008ba3ae10) thrown at [./src/hotspot/share/interpreter/linkResolver.cpp, line 772]
Event: 1.046 Thread 0x00007fc394015800 Exception <a 'java/lang/NoSuchMethodError'{0x000000008b4a8f08}: 'java.lang.Object java.lang.invoke.DirectMethodHandle$Holder.invokeStatic(java.lang.Object, java.lang.Object, java.lang.Object, java.lang.Object, java.lang.Object, java.lang.Object, java.lang.Object, java.lang.Object, java.lang.Object, java.lang.Object, java.lang.Object, java.lang.Object, java.lang.Object, int)'> (0x000000008b4a8f08) thrown at [./src/hotspot/share/interpreter/linkResolver.cpp, line 772]
Event: 1.047 Thread 0x00007fc394015800 Exception <a 'java/lang/NoSuchMethodError'{0x000000008b4b5e48}: 'java.lang.Object java.lang.invoke.DirectMethodHandle$Holder.invokeStatic(java.lang.Object, java.lang.Object, java.lang.Object, java.lang.Object, java.lang.Object, java.lang.Object, java.lang.Object, java.lang.Object, java.lang.Object, java.lang.Object, java.lang.Object, java.lang.Object, java.lang.Object, int, int)'> (0x000000008b4b5e48) thrown at [./src/hotspot/share/interpreter/linkResolver.cpp, line 772]

Events (20 events):
Event: 1.058 loading class OrderService/OrderService$orderHandler done
Event: 1.062 loading class OrderService/OrderService$userHandler
Event: 1.062 loading class OrderService/OrderService$userHandler done
Event: 1.065 loading class OrderService/OrderService$productHandler
Event: 1.065 loading class OrderService/OrderService$productHandler done
Event: 1.068 loading class OrderService/OrderService$userPurchasedHandler
Event: 1.068 loading class OrderService/OrderService$userPurchasedHandler done
Event: 1.071 loading class OrderService/OrderService$killHandler
Event: 1.071 loading class OrderService/OrderService$killHandler done
Event: 1.074 Thread 0x00007fc39456e800 Thread added: 0x00007fc39456e800
Event: 1.074 Protecting memory [0x00007fc3624fd000,0x00007fc362501000] with protection modes 0
Event: 1.074 loading class java/util/LinkedList$ListItr
Event: 1.074 loading class java/util/LinkedList$ListItr done
Event: 1.074 Thread 0x00007fc394015800 Thread exited: 0x00007fc394015800
Event: 1.074 Protecting memory [0x00007fc398326000,0x00007fc39832a000] with protection modes 0
Event: 1.074 Thread 0x00007fc394015800 Thread added: 0x00007fc394015800
Event: 1.074 Executing VM operation: RevokeBias
Event: 1.075 Executing VM operation: RevokeBias done
Event: 3.219 Thread 0x00007fc348001000 Thread added: 0x00007fc348001000
Event: 3.219 Protecting memory [0x00007fc3623fd000,0x00007fc362401000] with protection modes 0


Dynamic libraries:
84200000-8be00000 rw-p 00000000 00:00 0 
8be00000-ffe00000 ---p 00000000 00:00 0 
ffe00000-ffe48000 rw-p 00b14000 08:20 31009                              /usr/lib/jvm/java-11-openjdk-amd64/lib/server/classes.jsa
ffe48000-fff00000 rw-p 00000000 00:00 0 
fff00000-fff6c000 rw-p 00aa8000 08:20 31009                              /usr/lib/jvm/java-11-openjdk-amd64/lib/server/classes.jsa
fff6c000-100000000 rw-p 00000000 00:00 0 
800000000-800002000 rwxp 00001000 08:20 31009                            /usr/lib/jvm/java-11-openjdk-amd64/lib/server/classes.jsa
800002000-8003ce000 rw-p 00003000 08:20 31009                            /usr/lib/jvm/java-11-openjdk-amd64/lib/server/classes.jsa
8003ce000-800aa6000 r--p 003cf000 08:20 31009                            /usr/lib/jvm/java-11-openjdk-amd64/lib/server/classes.jsa
800aa6000-800aa7000 rw-p 00aa7000 08:20 31009                            /usr/lib/jvm/java-11-openjdk-amd64/lib/server/classes.jsa
840000000-840180000 rw-p 00000000 00:00 0 
840180000-880000000 ---p 00000000 00:00 0 
55dbc3ab1000-55dbc3ab2000 r--p 00000000 08:20 31789                      /usr/lib/jvm/java-11-openjdk-amd64/bin/java
55dbc3ab2000-55dbc3ab3000 r-xp 00001000 08:20 31789                      /usr/lib/jvm/java-11-openjdk-amd64/bin/java
55dbc3ab3000-55dbc3ab4000 r--p 00002000 08:20 31789                      /usr/lib/jvm/java-11-openjdk-amd64/bin/java
55dbc3ab4000-55dbc3ab5000 r--p 00002000 08:20 31789                      /usr/lib/jvm/java-11-openjdk-amd64/bin/java
55dbc3ab5000-55dbc3ab6000 rw-p 00003000 08:20 31789                      /usr/lib/jvm/java-11-openjdk-amd64/bin/java
55dbc51f5000-55dbc5237000 rw-p 00000000 00:00 0                          [heap]
7fc310000000-7fc310021000 rw-p 00000000 00:00 0 
7fc310021000-7fc314000000 ---p 00000000 00:00 0 
7fc314000000-7fc314021000 rw-p 00000000 00:00 0 
7fc314021000-7fc318000000 ---p 00000000 00:00 0 
7fc318000000-7fc318021000 rw-p 00000000 00:00 0 
7fc318021000-7fc31c000000 ---p 00000000 00:00 0 
7fc31c000000-7fc31c021000 rw-p 00000000 00:00 0 
7fc31c021000-7fc320000000 ---p 00000000 00:00 0 
7fc320000000-7fc320021000 rw-p 00000000 00:00 0 
7fc320021000-7fc324000000 ---p 00000000 00:00 0 
7fc324000000-7fc324189000 rw-p 00000000 00:00 0 
7fc324189000-7fc328000000 ---p 00000000 00:00 0 
7fc328000000-7fc328164000 rw-p 00000000 00:00 0 
7fc328164000-7fc32c000000 ---p 00000000 00:00 0 
7fc32c000000-7fc32c021000 rw-p 00000000 00:00 0 
7fc32c021000-7fc330000000 ---p 00000000 00:00 0 
7fc330000000-7fc330021000 rw-p 00000000 00:00 0 
7fc330021000-7fc334000000 ---p 00000000 00:00 0 
7fc334000000-7fc334021000 rw-p 00000000 00:00 0 
7fc334021000-7fc338000000 ---p 00000000 00:00 0 
7fc338000000-7fc338021000 rw-p 00000000 00:00 0 
7fc338021000-7fc33c000000 ---p 00000000 00:00 0 
7fc33c000000-7fc33c021000 rw-p 00000000 00:00 0 
7fc33c021000-7fc340000000 ---p 00000000 00:00 0 
7fc340000000-7fc340434000 rw-p 00000000 00:00 0 
7fc340434000-7fc344000000 ---p 00000000 00:00 0 
7fc344000000-7fc3443c1000 rw-p 00000000 00:00 0 
7fc3443c1000-7fc348000000 ---p 00000000 00:00 0 
7fc348000000-7fc348021000 rw-p 00000000 00:00 0 
7fc348021000-7fc34c000000 ---p 00000000 00:00 0 
7fc34c000000-7fc34c021000 rw-p 00000000 00:00 0 
7fc34c021000-7fc350000000 ---p 00000000 00:00 0 
7fc350000000-7fc350021000 rw-p 00000000 00:00 0 
7fc350021000-7fc354000000 ---p 00000000 00:00 0 
7fc354000000-7fc354021000 rw-p 00000000 00:00 0 
7fc354021000-7fc358000000 ---p 00000000 00:00 0 
7fc358000000-7fc358021000 rw-p 00000000 00:00 0 
7fc358021000-7fc35c000000 ---p 00000000 00:00 0 
7fc35c000000-7fc35c021000 rw-p 00000000 00:00 0 
7fc35c021000-7fc360000000 ---p 00000000 00:00 0 
7fc3623fd000-7fc362401000 ---p 00000000 00:00 0 
7fc362401000-7fc3624fd000 rw-p 00000000 00:00 0 
7fc3624fd000-7fc362501000 ---p 00000000 00:00 0 
7fc362501000-7fc3625fd000 rw-p 00000000 00:00 0 
7fc3625fd000-7fc362601000 ---p 00000000 00:00 0 
7fc362601000-7fc3626fd000 rw-p 00000000 00:00 0 
7fc3626fd000-7fc362701000 ---p 00000000 00:00 0 
7fc362701000-7fc36297d000 rw-p 00000000 00:00 0 
7fc36297d000-7fc3629fd000 ---p 00000000 00:00 0 
7fc3629fd000-7fc362a01000 ---p 00000000 00:00 0 
7fc362a01000-7fc362cfd000 rw-p 00000000 00:00 0 
7fc362cfd000-7fc362cfe000 ---p 00000000 00:00 0 
7fc362cfe000-7fc362dfe000 rw-p 00000000 00:00 0 
7fc362dfe000-7fc362dff000 ---p 00000000 00:00 0 
7fc362dff000-7fc362eff000 rw-p 00000000 00:00 0 
7fc362eff000-7fc362f03000 ---p 00000000 00:00 0 
7fc362f03000-7fc362fff000 rw-p 00000000 00:00 0 
7fc362fff000-7fc363003000 ---p 00000000 00:00 0 
7fc363003000-7fc3630ff000 rw-p 00000000 00:00 0 
7fc3630ff000-7fc363103000 ---p 00000000 00:00 0 
7fc363103000-7fc3631ff000 rw-p 00000000 00:00 0 
7fc3631ff000-7fc363200000 ---p 00000000 00:00 0 
7fc363200000-7fc363300000 rw-p 00000000 00:00 0 
7fc363300000-7fc363304000 ---p 00000000 00:00 0 
7fc363304000-7fc363400000 rw-p 00000000 00:00 0 
7fc363400000-7fc363404000 ---p 00000000 00:00 0 
7fc363404000-7fc363500000 rw-p 00000000 00:00 0 
7fc363500000-7fc363504000 ---p 00000000 00:00 0 
7fc363504000-7fc363600000 rw-p 00000000 00:00 0 
7fc363600000-7fc363604000 ---p 00000000 00:00 0 
7fc363604000-7fc363700000 rw-p 00000000 00:00 0 
7fc363700000-7fc363704000 ---p 00000000 00:00 0 
7fc363704000-7fc364000000 rw-p 00000000 00:00 0 
7fc364000000-7fc364021000 rw-p 00000000 00:00 0 
7fc364021000-7fc368000000 ---p 00000000 00:00 0 
7fc368000000-7fc368021000 rw-p 00000000 00:00 0 
7fc368021000-7fc36c000000 ---p 00000000 00:00 0 
7fc36c000000-7fc36c021000 rw-p 00000000 00:00 0 
7fc36c021000-7fc370000000 ---p 00000000 00:00 0 
7fc370046000-7fc370048000 r--p 00000000 08:20 31855                      /usr/lib/jvm/java-11-openjdk-amd64/lib/libmanagement_ext.so
7fc370048000-7fc37004b000 r-xp 00002000 08:20 31855                      /usr/lib/jvm/java-11-openjdk-amd64/lib/libmanagement_ext.so
7fc37004b000-7fc37004d000 r--p 00005000 08:20 31855                      /usr/lib/jvm/java-11-openjdk-amd64/lib/libmanagement_ext.so
7fc37004d000-7fc37004e000 r--p 00006000 08:20 31855                      /usr/lib/jvm/java-11-openjdk-amd64/lib/libmanagement_ext.so
7fc37004e000-7fc37004f000 rw-p 00007000 08:20 31855                      /usr/lib/jvm/java-11-openjdk-amd64/lib/libmanagement_ext.so
7fc37004f000-7fc370052000 r--p 00000000 08:20 31853                      /usr/lib/jvm/java-11-openjdk-amd64/lib/libmanagement.so
7fc370052000-7fc370053000 r-xp 00003000 08:20 31853                      /usr/lib/jvm/java-11-openjdk-amd64/lib/libmanagement.so
7fc370053000-7fc370054000 r--p 00004000 08:20 31853                      /usr/lib/jvm/java-11-openjdk-amd64/lib/libmanagement.so
7fc370054000-7fc370055000 r--p 00004000 08:20 31853                      /usr/lib/jvm/java-11-openjdk-amd64/lib/libmanagement.so
7fc370055000-7fc370056000 rw-p 00005000 08:20 31853                      /usr/lib/jvm/java-11-openjdk-amd64/lib/libmanagement.so
7fc370056000-7fc37005e000 r--p 00000000 08:20 31863                      /usr/lib/jvm/java-11-openjdk-amd64/lib/libsunec.so
7fc37005e000-7fc370077000 r-xp 00008000 08:20 31863                      /usr/lib/jvm/java-11-openjdk-amd64/lib/libsunec.so
7fc370077000-7fc370081000 r--p 00021000 08:20 31863                      /usr/lib/jvm/java-11-openjdk-amd64/lib/libsunec.so
7fc370081000-7fc370082000 ---p 0002b000 08:20 31863                      /usr/lib/jvm/java-11-openjdk-amd64/lib/libsunec.so
7fc370082000-7fc370086000 r--p 0002b000 08:20 31863                      /usr/lib/jvm/java-11-openjdk-amd64/lib/libsunec.so
7fc370086000-7fc370088000 rw-p 0002f000 08:20 31863                      /usr/lib/jvm/java-11-openjdk-amd64/lib/libsunec.so
7fc370088000-7fc3700df000 r--p 00000000 08:20 6538                       /usr/lib/locale/C.utf8/LC_CTYPE
7fc3700df000-7fc3700e3000 ---p 00000000 00:00 0 
7fc3700e3000-7fc3701df000 rw-p 00000000 00:00 0 
7fc3701df000-7fc3701e3000 ---p 00000000 00:00 0 
7fc3701e3000-7fc3702df000 rw-p 00000000 00:00 0 
7fc3702df000-7fc3702e0000 ---p 00000000 00:00 0 
7fc3702e0000-7fc370461000 rw-p 00000000 00:00 0 
7fc370461000-7fc370462000 ---p 00000000 00:00 0 
7fc370462000-7fc370562000 rw-p 00000000 00:00 0 
7fc370562000-7fc370563000 ---p 00000000 00:00 0 
7fc370563000-7fc37306d000 rw-p 00000000 00:00 0 
7fc37306d000-7fc37306e000 ---p 00000000 00:00 0 
7fc37306e000-7fc37316e000 rw-p 00000000 00:00 0 
7fc37316e000-7fc37316f000 ---p 00000000 00:00 0 
7fc37316f000-7fc37345f000 rw-p 00000000 00:00 0 
7fc37345f000-7fc37515f000 ---p 00000000 00:00 0 
7fc37515f000-7fc375357000 rw-p 00000000 00:00 0 
7fc375357000-7fc377057000 ---p 00000000 00:00 0 
7fc377057000-7fc37709d000 rw-p 00000000 00:00 0 
7fc37709d000-7fc37743d000 ---p 00000000 00:00 0 
7fc37743d000-7fc37747c000 rw-p 00000000 00:00 0 
7fc37747c000-7fc37781c000 ---p 00000000 00:00 0 
7fc37781c000-7fc37785b000 rw-p 00000000 00:00 0 
7fc37785b000-7fc377bfb000 ---p 00000000 00:00 0 
7fc377bfb000-7fc378000000 rw-p 00000000 00:00 0 
7fc378000000-7fc378021000 rw-p 00000000 00:00 0 
7fc378021000-7fc37c000000 ---p 00000000 00:00 0 
7fc37c003000-7fc37c004000 r--p 00000000 08:20 31839                      /usr/lib/jvm/java-11-openjdk-amd64/lib/libextnet.so
7fc37c004000-7fc37c005000 r-xp 00001000 08:20 31839                      /usr/lib/jvm/java-11-openjdk-amd64/lib/libextnet.so
7fc37c005000-7fc37c006000 r--p 00002000 08:20 31839                      /usr/lib/jvm/java-11-openjdk-amd64/lib/libextnet.so
7fc37c006000-7fc37c007000 r--p 00002000 08:20 31839                      /usr/lib/jvm/java-11-openjdk-amd64/lib/libextnet.so
7fc37c007000-7fc37c008000 rw-p 00003000 08:20 31839                      /usr/lib/jvm/java-11-openjdk-amd64/lib/libextnet.so
7fc37c008000-7fc37c039000 rw-p 00000000 00:00 0 
7fc37c039000-7fc37c03d000 r--p 00000000 08:20 31857                      /usr/lib/jvm/java-11-openjdk-amd64/lib/libnet.so
7fc37c03d000-7fc37c04b000 r-xp 00004000 08:20 31857                      /usr/lib/jvm/java-11-openjdk-amd64/lib/libnet.so
7fc37c04b000-7fc37c04f000 r--p 00012000 08:20 31857                      /usr/lib/jvm/java-11-openjdk-amd64/lib/libnet.so
7fc37c04f000-7fc37c050000 r--p 00015000 08:20 31857                      /usr/lib/jvm/java-11-openjdk-amd64/lib/libnet.so
7fc37c050000-7fc37c051000 rw-p 00016000 08:20 31857                      /usr/lib/jvm/java-11-openjdk-amd64/lib/libnet.so
7fc37c051000-7fc37c6da000 rw-p 00000000 00:00 0 
7fc37c6da000-7fc37c6db000 ---p 00000000 00:00 0 
7fc37c6db000-7fc37c7db000 rw-p 00000000 00:00 0 
7fc37c7db000-7fc37ca4b000 rwxp 00000000 00:00 0 
7fc37ca4b000-7fc37cd6c000 ---p 00000000 00:00 0 
7fc37cd6c000-7fc37d05c000 rwxp 00000000 00:00 0 
7fc37d05c000-7fc3842a3000 ---p 00000000 00:00 0 
7fc3842a3000-7fc384513000 rwxp 00000000 00:00 0 
7fc384513000-7fc38b7db000 ---p 00000000 00:00 0 
7fc38b7db000-7fc394000000 r--s 00000000 08:20 31867                      /usr/lib/jvm/java-11-openjdk-amd64/lib/modules
7fc394000000-7fc394574000 rw-p 00000000 00:00 0 
7fc394574000-7fc398000000 ---p 00000000 00:00 0 
7fc398003000-7fc39800a000 r--p 00000000 08:20 31858                      /usr/lib/jvm/java-11-openjdk-amd64/lib/libnio.so
7fc39800a000-7fc398012000 r-xp 00007000 08:20 31858                      /usr/lib/jvm/java-11-openjdk-amd64/lib/libnio.so
7fc398012000-7fc398015000 r--p 0000f000 08:20 31858                      /usr/lib/jvm/java-11-openjdk-amd64/lib/libnio.so
7fc398015000-7fc398016000 r--p 00011000 08:20 31858                      /usr/lib/jvm/java-11-openjdk-amd64/lib/libnio.so
7fc398016000-7fc398017000 rw-p 00012000 08:20 31858                      /usr/lib/jvm/java-11-openjdk-amd64/lib/libnio.so
7fc398017000-7fc398018000 r--p 00000000 08:20 6544                       /usr/lib/locale/C.utf8/LC_NUMERIC
7fc398018000-7fc398019000 r--p 00000000 08:20 6547                       /usr/lib/locale/C.utf8/LC_TIME
7fc398019000-7fc39801a000 r--p 00000000 08:20 6537                       /usr/lib/locale/C.utf8/LC_COLLATE
7fc39801a000-7fc39801b000 r--p 00000000 08:20 6542                       /usr/lib/locale/C.utf8/LC_MONETARY
7fc39801b000-7fc398022000 r--s 00000000 08:20 33212                      /usr/lib/x86_64-linux-gnu/gconv/gconv-modules.cache
7fc398022000-7fc3980e9000 rw-p 00000000 00:00 0 
7fc3980e9000-7fc3981cf000 ---p 00000000 00:00 0 
7fc3981cf000-7fc3981d5000 rw-p 00000000 00:00 0 
7fc3981d5000-7fc3982ba000 ---p 00000000 00:00 0 
7fc3982ba000-7fc3982bf000 rw-p 00000000 00:00 0 
7fc3982bf000-7fc3982c6000 ---p 00000000 00:00 0 
7fc3982c6000-7fc3982c8000 r--p 00000000 08:20 31866                      /usr/lib/jvm/java-11-openjdk-amd64/lib/libzip.so
7fc3982c8000-7fc3982cd000 r-xp 00002000 08:20 31866                      /usr/lib/jvm/java-11-openjdk-amd64/lib/libzip.so
7fc3982cd000-7fc3982cf000 r--p 00007000 08:20 31866                      /usr/lib/jvm/java-11-openjdk-amd64/lib/libzip.so
7fc3982cf000-7fc3982d0000 r--p 00008000 08:20 31866                      /usr/lib/jvm/java-11-openjdk-amd64/lib/libzip.so
7fc3982d0000-7fc3982d1000 rw-p 00009000 08:20 31866                      /usr/lib/jvm/java-11-openjdk-amd64/lib/libzip.so
7fc3982d1000-7fc3982d9000 rw-s 00000000 08:20 25192                      /tmp/hsperfdata_masa/64726
7fc3982d9000-7fc3982db000 r--p 00000000 08:20 31849                      /usr/lib/jvm/java-11-openjdk-amd64/lib/libjimage.so
7fc3982db000-7fc3982de000 r-xp 00002000 08:20 31849                      /usr/lib/jvm/java-11-openjdk-amd64/lib/libjimage.so
7fc3982de000-7fc3982df000 r--p 00005000 08:20 31849                      /usr/lib/jvm/java-11-openjdk-amd64/lib/libjimage.so
7fc3982df000-7fc3982e0000 ---p 00006000 08:20 31849                      /usr/lib/jvm/java-11-openjdk-amd64/lib/libjimage.so
7fc3982e0000-7fc3982e1000 r--p 00006000 08:20 31849                      /usr/lib/jvm/java-11-openjdk-amd64/lib/libjimage.so
7fc3982e1000-7fc3982e2000 rw-p 00007000 08:20 31849                      /usr/lib/jvm/java-11-openjdk-amd64/lib/libjimage.so
7fc3982e2000-7fc3982f0000 r--p 00000000 08:20 31846                      /usr/lib/jvm/java-11-openjdk-amd64/lib/libjava.so
7fc3982f0000-7fc398306000 r-xp 0000e000 08:20 31846                      /usr/lib/jvm/java-11-openjdk-amd64/lib/libjava.so
7fc398306000-7fc39830d000 r--p 00024000 08:20 31846                      /usr/lib/jvm/java-11-openjdk-amd64/lib/libjava.so
7fc39830d000-7fc39830e000 r--p 0002a000 08:20 31846                      /usr/lib/jvm/java-11-openjdk-amd64/lib/libjava.so
7fc39830e000-7fc39830f000 rw-p 0002b000 08:20 31846                      /usr/lib/jvm/java-11-openjdk-amd64/lib/libjava.so
7fc39830f000-7fc398310000 rw-p 00000000 00:00 0 
7fc398310000-7fc398315000 r--p 00000000 08:20 31865                      /usr/lib/jvm/java-11-openjdk-amd64/lib/libverify.so
7fc398315000-7fc39831c000 r-xp 00005000 08:20 31865                      /usr/lib/jvm/java-11-openjdk-amd64/lib/libverify.so
7fc39831c000-7fc39831e000 r--p 0000c000 08:20 31865                      /usr/lib/jvm/java-11-openjdk-amd64/lib/libverify.so
7fc39831e000-7fc398320000 r--p 0000d000 08:20 31865                      /usr/lib/jvm/java-11-openjdk-amd64/lib/libverify.so
7fc398320000-7fc398321000 rw-p 0000f000 08:20 31865                      /usr/lib/jvm/java-11-openjdk-amd64/lib/libverify.so
7fc398321000-7fc398322000 r--p 00000000 08:20 32383                      /usr/lib/x86_64-linux-gnu/librt.so.1
7fc398322000-7fc398323000 r-xp 00001000 08:20 32383                      /usr/lib/x86_64-linux-gnu/librt.so.1
7fc398323000-7fc398324000 r--p 00002000 08:20 32383                      /usr/lib/x86_64-linux-gnu/librt.so.1
7fc398324000-7fc398325000 r--p 00002000 08:20 32383                      /usr/lib/x86_64-linux-gnu/librt.so.1
7fc398325000-7fc398326000 rw-p 00003000 08:20 32383                      /usr/lib/x86_64-linux-gnu/librt.so.1
7fc398326000-7fc39832a000 ---p 00000000 00:00 0 
7fc39832a000-7fc398426000 rw-p 00000000 00:00 0 
7fc398426000-7fc398429000 r--p 00000000 08:20 6709                       /usr/lib/x86_64-linux-gnu/libgcc_s.so.1
7fc398429000-7fc398440000 r-xp 00003000 08:20 6709                       /usr/lib/x86_64-linux-gnu/libgcc_s.so.1
7fc398440000-7fc398444000 r--p 0001a000 08:20 6709                       /usr/lib/x86_64-linux-gnu/libgcc_s.so.1
7fc398444000-7fc398445000 r--p 0001d000 08:20 6709                       /usr/lib/x86_64-linux-gnu/libgcc_s.so.1
7fc398445000-7fc398446000 rw-p 0001e000 08:20 6709                       /usr/lib/x86_64-linux-gnu/libgcc_s.so.1
7fc398446000-7fc398454000 r--p 00000000 08:20 32259                      /usr/lib/x86_64-linux-gnu/libm.so.6
7fc398454000-7fc3984d0000 r-xp 0000e000 08:20 32259                      /usr/lib/x86_64-linux-gnu/libm.so.6
7fc3984d0000-7fc39852b000 r--p 0008a000 08:20 32259                      /usr/lib/x86_64-linux-gnu/libm.so.6
7fc39852b000-7fc39852c000 r--p 000e4000 08:20 32259                      /usr/lib/x86_64-linux-gnu/libm.so.6
7fc39852c000-7fc39852d000 rw-p 000e5000 08:20 32259                      /usr/lib/x86_64-linux-gnu/libm.so.6
7fc39852d000-7fc3985c7000 r--p 00000000 08:20 6947                       /usr/lib/x86_64-linux-gnu/libstdc++.so.6.0.30
7fc3985c7000-7fc3986d8000 r-xp 0009a000 08:20 6947                       /usr/lib/x86_64-linux-gnu/libstdc++.so.6.0.30
7fc3986d8000-7fc398747000 r--p 001ab000 08:20 6947                       /usr/lib/x86_64-linux-gnu/libstdc++.so.6.0.30
7fc398747000-7fc398748000 ---p 0021a000 08:20 6947                       /usr/lib/x86_64-linux-gnu/libstdc++.so.6.0.30
7fc398748000-7fc398753000 r--p 0021a000 08:20 6947                       /usr/lib/x86_64-linux-gnu/libstdc++.so.6.0.30
7fc398753000-7fc398756000 rw-p 00225000 08:20 6947                       /usr/lib/x86_64-linux-gnu/libstdc++.so.6.0.30
7fc398756000-7fc398759000 rw-p 00000000 00:00 0 
7fc398759000-7fc3989db000 r--p 00000000 08:20 31870                      /usr/lib/jvm/java-11-openjdk-amd64/lib/server/libjvm.so
7fc3989db000-7fc399679000 r-xp 00282000 08:20 31870                      /usr/lib/jvm/java-11-openjdk-amd64/lib/server/libjvm.so
7fc399679000-7fc3998d5000 r--p 00f20000 08:20 31870                      /usr/lib/jvm/java-11-openjdk-amd64/lib/server/libjvm.so
7fc3998d5000-7fc399999000 r--p 0117b000 08:20 31870                      /usr/lib/jvm/java-11-openjdk-amd64/lib/server/libjvm.so
7fc399999000-7fc3999d4000 rw-p 0123f000 08:20 31870                      /usr/lib/jvm/java-11-openjdk-amd64/lib/server/libjvm.so
7fc3999d4000-7fc399a2e000 rw-p 00000000 00:00 0 
7fc399a2e000-7fc399a56000 r--p 00000000 08:20 32240                      /usr/lib/x86_64-linux-gnu/libc.so.6
7fc399a56000-7fc399beb000 r-xp 00028000 08:20 32240                      /usr/lib/x86_64-linux-gnu/libc.so.6
7fc399beb000-7fc399c43000 r--p 001bd000 08:20 32240                      /usr/lib/x86_64-linux-gnu/libc.so.6
7fc399c43000-7fc399c44000 ---p 00215000 08:20 32240                      /usr/lib/x86_64-linux-gnu/libc.so.6
7fc399c44000-7fc399c48000 r--p 00215000 08:20 32240                      /usr/lib/x86_64-linux-gnu/libc.so.6
7fc399c48000-7fc399c4a000 rw-p 00219000 08:20 32240                      /usr/lib/x86_64-linux-gnu/libc.so.6
7fc399c4a000-7fc399c57000 rw-p 00000000 00:00 0 
7fc399c57000-7fc399c5a000 r--p 00000000 08:20 31831                      /usr/lib/jvm/java-11-openjdk-amd64/lib/jli/libjli.so
7fc399c5a000-7fc399c64000 r-xp 00003000 08:20 31831                      /usr/lib/jvm/java-11-openjdk-amd64/lib/jli/libjli.so
7fc399c64000-7fc399c67000 r--p 0000d000 08:20 31831                      /usr/lib/jvm/java-11-openjdk-amd64/lib/jli/libjli.so
7fc399c67000-7fc399c68000 ---p 00010000 08:20 31831                      /usr/lib/jvm/java-11-openjdk-amd64/lib/jli/libjli.so
7fc399c68000-7fc399c69000 r--p 00010000 08:20 31831                      /usr/lib/jvm/java-11-openjdk-amd64/lib/jli/libjli.so
7fc399c69000-7fc399c6a000 rw-p 00011000 08:20 31831                      /usr/lib/jvm/java-11-openjdk-amd64/lib/jli/libjli.so
7fc399c6a000-7fc399c6c000 r--p 00000000 08:20 6997                       /usr/lib/x86_64-linux-gnu/libz.so.1.2.11
7fc399c6c000-7fc399c7d000 r-xp 00002000 08:20 6997                       /usr/lib/x86_64-linux-gnu/libz.so.1.2.11
7fc399c7d000-7fc399c83000 r--p 00013000 08:20 6997                       /usr/lib/x86_64-linux-gnu/libz.so.1.2.11
7fc399c83000-7fc399c84000 ---p 00019000 08:20 6997                       /usr/lib/x86_64-linux-gnu/libz.so.1.2.11
7fc399c84000-7fc399c85000 r--p 00019000 08:20 6997                       /usr/lib/x86_64-linux-gnu/libz.so.1.2.11
7fc399c85000-7fc399c86000 rw-p 0001a000 08:20 6997                       /usr/lib/x86_64-linux-gnu/libz.so.1.2.11
7fc399c86000-7fc399c87000 r--p 00000000 08:20 6541                       /usr/lib/locale/C.utf8/LC_MESSAGES/SYS_LC_MESSAGES
7fc399c87000-7fc399c88000 r--p 00000000 08:20 6545                       /usr/lib/locale/C.utf8/LC_PAPER
7fc399c88000-7fc399c89000 r--p 00000000 08:20 6543                       /usr/lib/locale/C.utf8/LC_NAME
7fc399c89000-7fc399c8a000 r--p 00000000 08:20 6536                       /usr/lib/locale/C.utf8/LC_ADDRESS
7fc399c8a000-7fc399c8b000 r--p 00000000 08:20 6546                       /usr/lib/locale/C.utf8/LC_TELEPHONE
7fc399c8b000-7fc399c8c000 r--p 00000000 08:20 6540                       /usr/lib/locale/C.utf8/LC_MEASUREMENT
7fc399c8c000-7fc399c8d000 ---p 00000000 00:00 0 
7fc399c8d000-7fc399c8e000 r--p 00000000 00:00 0 
7fc399c8e000-7fc399c90000 rw-p 00000000 00:00 0 
7fc399c90000-7fc399c92000 r--p 00000000 08:20 31651                      /usr/lib/x86_64-linux-gnu/ld-linux-x86-64.so.2
7fc399c92000-7fc399cbc000 r-xp 00002000 08:20 31651                      /usr/lib/x86_64-linux-gnu/ld-linux-x86-64.so.2
7fc399cbc000-7fc399cc7000 r--p 0002c000 08:20 31651                      /usr/lib/x86_64-linux-gnu/ld-linux-x86-64.so.2
7fc399cc7000-7fc399cc8000 r--p 00000000 08:20 6539                       /usr/lib/locale/C.utf8/LC_IDENTIFICATION
7fc399cc8000-7fc399cca000 r--p 00037000 08:20 31651                      /usr/lib/x86_64-linux-gnu/ld-linux-x86-64.so.2
7fc399cca000-7fc399ccc000 rw-p 00039000 08:20 31651                      /usr/lib/x86_64-linux-gnu/ld-linux-x86-64.so.2
7ffef6cb4000-7ffef6cd5000 rw-p 00000000 00:00 0                          [stack]
7ffef6d34000-7ffef6d38000 r--p 00000000 00:00 0                          [vvar]
7ffef6d38000-7ffef6d3a000 r-xp 00000000 00:00 0                          [vdso]

VM Arguments:
java_command: OrderService.OrderService
java_class_path (initial): .:./OrderService/jackson-annotations-2.16.1.jar:./OrderService/jackson-core-2.16.1.jar:./OrderService/jackson-databind-2.16.1.jar:./OrderService/postgresql-42.7.2.jar
Launcher Type: SUN_STANDARD

Logging:
Available log levels: off, trace, debug, info, warning, error
Available log decorators: time (t), utctime (utc), uptime (u), timemillis (tm), uptimemillis (um), timenanos (tn), uptimenanos (un), hostname (hn), pid (p), tid (ti), level (l), tags (tg)
Available log tags: add, age, alloc, annotation, aot, arguments, attach, barrier, biasedlocking, blocks, bot, breakpoint, bytecode, cds, census, class, classhisto, cleanup, codecache, compaction, compilation, constantpool, constraints, container, coops, cpu, cset, data, datacreation, dcmd, decoder, defaultmethods, director, dump, ergo, event, exceptions, exit, fingerprint, free, freelist, gc, handshake, hashtables, heap, humongous, ihop, iklass, init, inlining, interpreter, itables, jfr, jit, jni, jvmti, liveness, load, loader, logging, malloc, mark, marking, membername, memops, metadata, metaspace, methodcomparator, mirror, mmu, module, monitorinflation, monitormismatch, nestmates, nmethod, normalize, objecttagging, obsolete, oldobject, oom, oopmap, oops, oopstorage, os, pagesize, parser, patch, path, perf, phases, plab, preorder, preview, promotion, protectiondomain, purge, redefine, ref, refine, region, reloc, remset, resolve, safepoint, sampling, scavenge, setting, smr, stackmap, stacktrace, stackwalk, start, startuptime, state, stats, stringdedup, stringtable, subclass, survivor, sweep, system, table, task, thread, time, timer, tlab, tracking, unload, unshareable, update, verification, verify, vmoperation, vmthread, vtables, vtablestubs, workgang
Described tag sets:
 logging: Logging for the log framework itself
Log output configuration:
 #0: stdout all=warning uptime,level,tags
 #1: stderr all=off uptime,level,tags

Environment Variables:
PATH=/usr/local/sbin:/usr/local/bin:/usr/sbin:/usr/bin:/sbin:/bin:/usr/games:/usr/local/games:/usr/lib/wsl/lib:/mnt/c/Program Files/Common Files/Oracle/Java/javapath:/mnt/c/Program Files (x86)/Common Files/Oracle/Java/javapath:/mnt/c/Program Files/Eclipse Adoptium/jdk-21.0.1.12-hotspot/bin:/mnt/c/Program Files (x86)/Razer/ChromaBroadcast/bin:/mnt/c/Program Files/Razer/ChromaBroadcast/bin:/mnt/c/Program Files/Python312/Scripts/:/mnt/c/Program Files/Python312/:/mnt/c/Windows/system32:/mnt/c/Windows:/mnt/c/Windows/System32/Wbem:/mnt/c/Windows/System32/WindowsPowerShell/v1.0/:/mnt/c/Windows/System32/OpenSSH/:/mnt/c/Program Files/Microsoft VS Code/bin:/mnt/c/Program Files/Git/cmd:/mnt/c/Program Files/NVIDIA Corporation/NVIDIA NvDLISR:/mnt/c/Program Files (x86)/NVIDIA Corporation/PhysX/Common:/mnt/c/Program Files/nodejs/:/mnt/c/Program Files/dotnet/:/mnt/c/Windows/system32/config/systemprofile/AppData/Local/Microsoft/WindowsApps:/Docker/host/bin:/mnt/c/Users/faisa/AppData/Local/Microsoft/WindowsApps:/mnt/c/Users/faisa/AppData/Roaming/npm
SHELL=/bin/bash
DISPLAY=:0
HOSTTYPE=x86_64
LANG=C.UTF-8
TERM=xterm-256color

Signal Handlers:
SIGSEGV: [libjvm.so+0xbefa50], sa_mask[0]=11111111011111111101111111111110, sa_flags=SA_RESTART|SA_SIGINFO
SIGBUS: [libjvm.so+0xbefa50], sa_mask[0]=11111111011111111101111111111110, sa_flags=SA_RESTART|SA_SIGINFO
SIGFPE: [libjvm.so+0xbefa50], sa_mask[0]=11111111011111111101111111111110, sa_flags=SA_RESTART|SA_SIGINFO
SIGPIPE: [libjvm.so+0xbefa50], sa_mask[0]=11111111011111111101111111111110, sa_flags=SA_RESTART|SA_SIGINFO
SIGXFSZ: [libjvm.so+0xbefa50], sa_mask[0]=11111111011111111101111111111110, sa_flags=SA_RESTART|SA_SIGINFO
SIGILL: [libjvm.so+0xbefa50], sa_mask[0]=11111111011111111101111111111110, sa_flags=SA_RESTART|SA_SIGINFO
SIGUSR2: [libjvm.so+0xbef8f0], sa_mask[0]=00000000000000000000000000000000, sa_flags=SA_RESTART|SA_SIGINFO
SIGHUP: SIG_IGN, sa_mask[0]=00000000000000000000000000000000, sa_flags=none
SIGINT: SIG_IGN, sa_mask[0]=00000000000000000000000000000000, sa_flags=none
SIGTERM: [libjvm.so+0xbf00b0], sa_mask[0]=11111111011111111101111111111110, sa_flags=SA_RESTART|SA_SIGINFO
SIGQUIT: [libjvm.so+0xbf00b0], sa_mask[0]=11111111011111111101111111111110, sa_flags=SA_RESTART|SA_SIGINFO


---------------  S Y S T E M  ---------------

OS:DISTRIB_ID=Ubuntu
DISTRIB_RELEASE=22.04
DISTRIB_CODENAME=jammy
DISTRIB_DESCRIPTION="Ubuntu 22.04.3 LTS"
uname:Linux 5.15.146.1-microsoft-standard-WSL2 #1 SMP Thu Jan 11 04:09:03 UTC 2024 x86_64
OS uptime: 0 days 15:13 hours
libc:glibc 2.35 NPTL 2.35 
rlimit (soft/hard): STACK 8192k/infinity , CORE 0k/infinity , NPROC 31659/31659 , NOFILE 1048576/1048576 , AS infinity/infinity , CPU infinity/infinity , DATA infinity/infinity , FSIZE infinity/infinity , MEMLOCK 65536k/65536k
load average:0.32 0.15 0.10

/proc/meminfo:
MemTotal:        8111348 kB
MemFree:         4321832 kB
MemAvailable:    6435260 kB
Buffers:          231944 kB
Cached:          2078080 kB
SwapCached:            0 kB
Active:           889860 kB
Inactive:        2383580 kB
Active(anon):      10580 kB
Inactive(anon):   976884 kB
Active(file):     879280 kB
Inactive(file):  1406696 kB
Unevictable:           0 kB
Mlocked:               0 kB
SwapTotal:       2097152 kB
SwapFree:        2097152 kB
Dirty:              2264 kB
Writeback:           160 kB
AnonPages:        947072 kB
Mapped:           635900 kB
Shmem:             24048 kB
KReclaimable:      87312 kB
Slab:             171680 kB
SReclaimable:      87312 kB
SUnreclaim:        84368 kB
KernelStack:       16160 kB
PageTables:        16584 kB
NFS_Unstable:          0 kB
Bounce:                0 kB
WritebackTmp:          0 kB
CommitLimit:     6152824 kB
Committed_AS:    5295476 kB
VmallocTotal:   34359738367 kB
VmallocUsed:       39412 kB
VmallocChunk:          0 kB
Percpu:            10624 kB
AnonHugePages:    458752 kB
ShmemHugePages:        0 kB
ShmemPmdMapped:        0 kB
FileHugePages:         0 kB
FilePmdMapped:         0 kB
HugePages_Total:       0
HugePages_Free:        0
HugePages_Rsvd:        0
HugePages_Surp:        0
Hugepagesize:       2048 kB
Hugetlb:               0 kB
DirectMap4k:      160768 kB
DirectMap2M:     7153664 kB
DirectMap1G:    10485760 kB

/sys/kernel/mm/transparent_hugepage/enabled:
[always] madvise never
/sys/kernel/mm/transparent_hugepage/defrag (defrag/compaction efforts parameter):
always defer defer+madvise [madvise] never

Process Memory:
Virtual Size: 5310048K (peak: 13467908K)
Resident Set Size: 102064K (peak: 102064K) (anon: 73516K, file: 28548K, shmem: 0K)
Swapped out: 0K
C-Heap outstanding allocations: 34807K, retained: 6584K
glibc malloc tunables: (default)

/proc/sys/kernel/threads-max (system-wide limit on the number of threads):
63319
/proc/sys/vm/max_map_count (maximum number of memory map areas a process may have):
262144
/proc/sys/kernel/pid_max (system-wide limit on number of process identifiers):
99999

container (cgroup) information:
container_type: cgroupv1
cpu_cpuset_cpus: 0-11
cpu_memory_nodes: 0
active_processor_count: 12
cpu_quota: no quota
cpu_period: 100000
cpu_shares: no shares
memory_limit_in_bytes: unlimited
memory_and_swap_limit_in_bytes: unlimited
memory_soft_limit_in_bytes: unlimited
memory_usage_in_bytes: 3258184 k
memory_max_usage_in_bytes: 1646748 k
kernel_memory_usage_in_bytes: 80492 k
kernel_memory_max_usage_in_bytes: unlimited
kernel_memory_limit_in_bytes: 88428 k
maximum number of tasks: not supported
current number of tasks: not supported

Hyper-V virtualization detected
Steal ticks since vm start: 0
Steal ticks percentage since vm start:  0.000

CPU:total 12 (initial active 12) (16 cores per cpu, 2 threads per core) family 23 model 113 stepping 0 microcode 0xffffffff, cmov, cx8, fxsr, mmx, sse, sse2, sse3, ssse3, sse4.1, sse4.2, popcnt, avx, avx2, aes, clmul, mmxext, 3dnowpref, lzcnt, sse4a, ht, tsc, tscinvbit, tscinv, bmi1, bmi2, adx, sha, fma
CPU Model and flags from /proc/cpuinfo:
model name	: AMD Ryzen 5 3600 6-Core Processor
flags		: fpu vme de pse tsc msr pae mce cx8 apic sep mtrr pge mca cmov pat pse36 clflush mmx fxsr sse sse2 ht syscall nx mmxext fxsr_opt pdpe1gb rdtscp lm constant_tsc rep_good nopl tsc_reliable nonstop_tsc cpuid extd_apicid pni pclmulqdq ssse3 fma cx16 sse4_1 sse4_2 movbe popcnt aes xsave avx f16c rdrand hypervisor lahf_lm cmp_legacy svm cr8_legacy abm sse4a misalignsse 3dnowprefetch osvw topoext perfctr_core ssbd ibpb stibp vmmcall fsgsbase bmi1 avx2 smep bmi2 rdseed adx smap clflushopt clwb sha_ni xsaveopt xsavec xgetbv1 clzero xsaveerptr arat npt nrip_save tsc_scale vmcb_clean flushbyasid decodeassists pausefilter pfthreshold v_vmsave_vmload umip rdpid
Online cpus:
0-11
Offline cpus:

BIOS frequency limitation:
<Not Available>
Frequency switch latency (ns):
<Not Available>
Available cpu frequencies:
<Not Available>
Current governor:
<Not Available>
Core performance/turbo boost:
<Not Available>

Memory: 4k page, physical 8111348k(4321832k free), swap 2097152k(2097152k free)

vm_info: OpenJDK 64-Bit Server VM (11.0.22+7-post-Ubuntu-0ubuntu222.04.1) for linux-amd64 JRE (11.0.22+7-post-Ubuntu-0ubuntu222.04.1), built on Feb  5 2024 20:45:01 by "unknown" with gcc 11.4.0

END.
64726:
 num     #instances         #bytes  class name (module)
-------------------------------------------------------
   1:         24193        1745416  [B (java.base@11.0.22)
   2:         19426         466224  java.lang.String (java.base@11.0.22)
   3:          3340         407920  java.lang.Class (java.base@11.0.22)
   4:          8034         257088  java.util.concurrent.ConcurrentHashMap$Node (java.base@11.0.22)
   5:          4007         241016  [Ljava.lang.Object; (java.base@11.0.22)
   6:          4772         152704  java.util.HashMap$Node (java.base@11.0.22)
   7:          1822         149568  [I (java.base@11.0.22)
   8:           326          87320  [C (java.base@11.0.22)
   9:           116          71456  [Ljava.util.concurrent.ConcurrentHashMap$Node; (java.base@11.0.22)
  10:          1477          70896  sun.util.locale.LocaleObjectCache$CacheEntry (java.base@11.0.22)
  11:           531          67680  [Ljava.util.HashMap$Node; (java.base@11.0.22)
  12:          1576          50432  sun.security.util.ObjectIdentifier (java.base@11.0.22)
  13:          1316          42112  java.lang.invoke.LambdaForm$Name (java.base@11.0.22)
  14:          1004          40160  java.lang.ref.SoftReference (java.base@11.0.22)
  15:           819          39312  java.lang.invoke.MemberName (java.base@11.0.22)
  16:           854          34160  java.math.BigInteger (java.base@11.0.22)
  17:          1051          33632  sun.security.util.DerInputBuffer (java.base@11.0.22)
  18:          1051          33632  sun.security.util.DerValue (java.base@11.0.22)
  19:          1055          31096  [Ljava.lang.Class; (java.base@11.0.22)
  20:          1908          30528  java.lang.Object (java.base@11.0.22)
  21:           567          27216  java.util.HashMap (java.base@11.0.22)
  22:          1051          25224  sun.security.util.DerInputStream (java.base@11.0.22)
  23:          1017          24408  [Lsun.security.x509.AVA; (java.base@11.0.22)
  24:          1017          24408  sun.security.x509.AVA (java.base@11.0.22)
  25:          1017          24408  sun.security.x509.RDN (java.base@11.0.22)
  26:           582          24328  [Ljava.lang.String; (java.base@11.0.22)
  27:           592          23680  java.util.TreeMap$Entry (java.base@11.0.22)
  28:           738          23616  java.util.Locale (java.base@11.0.22)
  29:           737          23584  sun.util.locale.BaseLocale (java.base@11.0.22)
  30:           737          23584  sun.util.locale.BaseLocale$Key (java.base@11.0.22)
  31:           260          22880  java.lang.reflect.Method (java.base@11.0.22)
  32:           676          21632  java.lang.invoke.MethodType$ConcurrentWeakInternSet$WeakEntry (java.base@11.0.22)
  33:           500          20000  java.lang.invoke.MethodType (java.base@11.0.22)
  34:           284          19312  [Ljava.lang.ref.SoftReference; (java.base@11.0.22)
  35:           338          18928  sun.security.ssl.CipherSuite (java.base@11.0.22)
  36:           286          18304  java.util.concurrent.ConcurrentHashMap (java.base@11.0.22)
  37:           626          15024  java.lang.invoke.ResolvedMethodName (java.base@11.0.22)
  38:           280          13440  sun.security.x509.X500Name (java.base@11.0.22)
  39:           559          13416  java.security.Provider$ServiceKey (java.base@11.0.22)
  40:           411          13152  sun.security.x509.AlgorithmId (java.base@11.0.22)
  41:           325          13000  java.util.LinkedHashMap$Entry (java.base@11.0.22)
  42:           228          12768  java.security.Provider$Service (java.base@11.0.22)
  43:           200          12224  [Ljava.lang.invoke.LambdaForm$Name; (java.base@11.0.22)
  44:           151          12080  java.lang.reflect.Constructor (java.base@11.0.22)
  45:           137          10960  sun.security.x509.X509CertImpl (java.base@11.0.22)
  46:           616           9856  java.lang.Integer (java.base@11.0.22)
  47:           300           9600  java.lang.invoke.LambdaForm$NamedFunction (java.base@11.0.22)
  48:           280           9384  [Lsun.security.x509.RDN; (java.base@11.0.22)
  49:           195           9360  java.lang.invoke.LambdaForm (java.base@11.0.22)
  50:           390           9360  java.util.ArrayList (java.base@11.0.22)
  51:           167           9352  java.lang.invoke.MethodTypeForm (java.base@11.0.22)
  52:           146           9344  java.lang.Class$ReflectionData (java.base@11.0.22)
  53:           363           8712  java.lang.module.ModuleDescriptor$Exports (java.base@11.0.22)
  54:           358           8592  java.util.Arrays$ArrayList (java.base@11.0.22)
  55:           247           7904  sun.security.util.KnownOIDs (java.base@11.0.22)
  56:           137           7672  sun.security.util.MemoryCache$SoftCacheEntry (java.base@11.0.22)
  57:           137           7672  sun.security.x509.X509CertInfo (java.base@11.0.22)
  58:           290           6960  java.util.ImmutableCollections$Set12 (java.base@11.0.22)
  59:           141           6768  java.util.TreeMap (java.base@11.0.22)
  60:           277           6648  java.util.Date (java.base@11.0.22)
  61:            80           6400  java.net.URI (java.base@11.0.22)
  62:           149           6344  [Z (java.base@11.0.22)
  63:           258           6192  java.lang.Long (java.base@11.0.22)
  64:           188           6016  java.lang.invoke.DirectMethodHandle (java.base@11.0.22)
  65:            62           5712  [J (java.base@11.0.22)
  66:           142           5680  java.lang.invoke.DirectMethodHandle$Accessor (java.base@11.0.22)
  67:            94           5264  java.lang.invoke.LambdaFormEditor$Transform (java.base@11.0.22)
  68:           103           4944  sun.security.rsa.RSAPublicKeyImpl (java.base@11.0.22)
  69:            68           4896  java.lang.reflect.Field (java.base@11.0.22)
  70:            63           4704  [Ljava.lang.invoke.MethodHandle; (java.base@11.0.22)
  71:           190           4560  java.security.Provider$UString (java.base@11.0.22)
  72:            70           4480  java.net.URL (java.base@11.0.22)
  73:           139           4448  java.util.Collections$SynchronizedMap (java.base@11.0.22)
  74:           137           4384  sun.security.x509.BasicConstraintsExtension (java.base@11.0.22)
  75:           135           4320  java.lang.module.ModuleDescriptor$Requires (java.base@11.0.22)
  76:           135           4320  sun.security.x509.SubjectKeyIdentifierExtension (java.base@11.0.22)
  77:           134           4288  sun.security.x509.KeyUsageExtension (java.base@11.0.22)
  78:           171           4104  java.util.ImmutableCollections$SetN (java.base@11.0.22)
  79:           256           4096  java.lang.Byte (java.base@11.0.22)
  80:            73           4088  java.lang.Module (java.base@11.0.22)
  81:            11           4048  java.lang.Thread (java.base@11.0.22)
  82:           166           3984  jdk.internal.module.ServicesCatalog$ServiceProvider (java.base@11.0.22)
  83:            62           3968  java.lang.module.ModuleDescriptor (java.base@11.0.22)
  84:            75           3600  jdk.internal.ref.CleanerImpl$PhantomCleanableRef (java.base@11.0.22)
  85:           218           3488  java.util.HashSet (java.base@11.0.22)
  86:            61           3416  jdk.internal.module.ModuleReferenceImpl (java.base@11.0.22)
  87:           137           3288  sun.security.util.BitArray (java.base@11.0.22)
  88:           137           3288  sun.security.util.Cache$EqualByteArray (java.base@11.0.22)
  89:           137           3288  sun.security.x509.CertificateExtensions (java.base@11.0.22)
  90:           137           3288  sun.security.x509.CertificateValidity (java.base@11.0.22)
  91:            78           3120  org.postgresql.PGProperty
  92:           104           2744  [[C (java.base@11.0.22)
  93:           109           2688  [Ljava.lang.reflect.Constructor; (java.base@11.0.22)
  94:           166           2656  sun.security.x509.KeyIdentifier (java.base@11.0.22)
  95:           105           2520  sun.security.util.DisabledAlgorithmConstraints$DisabledConstraint (java.base@11.0.22)
  96:            61           2440  java.lang.Package$VersionInfo (java.base@11.0.22)
  97:            50           2400  java.util.logging.LogManager$LoggerWeakRef (java.logging@11.0.22)
  98:           148           2368  java.util.Collections$UnmodifiableSet (java.base@11.0.22)
  99:            98           2352  jdk.internal.reflect.NativeConstructorAccessorImpl (java.base@11.0.22)
 100:           142           2272  sun.security.x509.SerialNumber (java.base@11.0.22)
 101:            94           2256  java.util.concurrent.CopyOnWriteArrayList (java.base@11.0.22)
 102:           137           2192  sun.security.x509.CertificateAlgorithmId (java.base@11.0.22)
 103:           137           2192  sun.security.x509.CertificateSerialNumber (java.base@11.0.22)
 104:           137           2192  sun.security.x509.CertificateVersion (java.base@11.0.22)
 105:           137           2192  sun.security.x509.CertificateX509Key (java.base@11.0.22)
 106:            90           2160  java.util.AbstractMap$SimpleImmutableEntry (java.base@11.0.22)
 107:            53           2120  sun.security.util.NamedCurve (java.base@11.0.22)
 108:            66           2112  java.lang.invoke.LambdaForm$Kind (java.base@11.0.22)
 109:            88           2112  java.security.spec.ECPoint (java.base@11.0.22)
 110:           132           2112  java.util.HashMap$EntrySet (java.base@11.0.22)
 111:            37           2072  sun.util.calendar.ZoneInfo (java.base@11.0.22)
 112:           128           2048  java.lang.Character (java.base@11.0.22)
 113:            93           2024  [Ljava.util.Map$Entry; (java.base@11.0.22)
 114:            83           1992  java.util.ImmutableCollections$List12 (java.base@11.0.22)
 115:            61           1952  java.lang.Package (java.base@11.0.22)
 116:            48           1920  java.io.ObjectStreamField (java.base@11.0.22)
 117:            60           1920  java.lang.invoke.BoundMethodHandle$Species_L (java.base@11.0.22)
 118:            39           1728  [Ljava.lang.reflect.Method; (java.base@11.0.22)
 119:            53           1696  java.security.spec.EllipticCurve (java.base@11.0.22)
 120:           103           1648  jdk.internal.reflect.DelegatingConstructorAccessorImpl (java.base@11.0.22)
 121:            68           1632  java.util.regex.Pattern$Slice (java.base@11.0.22)
 122:            50           1600  java.util.logging.LogManager$LogNode (java.logging@11.0.22)
 123:             3           1520  [[B (java.base@11.0.22)
 124:            61           1464  java.lang.module.ResolvedModule (java.base@11.0.22)
 125:            61           1464  jdk.internal.module.SystemModuleFinders$2 (java.base@11.0.22)
 126:            61           1464  jdk.internal.module.SystemModuleFinders$SystemModuleReader (java.base@11.0.22)
 127:            10           1440  [Ljava.lang.invoke.MemberName; (java.base@11.0.22)
 128:            60           1440  java.lang.invoke.MethodHandleNatives$CallSiteContext (java.base@11.0.22)
 129:            30           1440  java.time.temporal.ValueRange (java.base@11.0.22)
 130:            60           1440  java.util.jar.Attributes$Name (java.base@11.0.22)
 131:            60           1440  jdk.internal.loader.BuiltinClassLoader$LoadedModule (java.base@11.0.22)
 132:            44           1408  java.lang.ref.WeakReference (java.base@11.0.22)
 133:             1           1368  [Lsun.security.ssl.CipherSuite; (java.base@11.0.22)
 134:            34           1360  sun.security.ec.ECPublicKeyImpl (jdk.crypto.ec@11.0.22)
 135:            56           1344  java.lang.module.ModuleDescriptor$Provides (java.base@11.0.22)
 136:            56           1344  org.postgresql.util.PSQLState
 137:            39           1280  [Ljava.math.BigInteger; (java.base@11.0.22)
 138:            32           1280  java.math.BigDecimal (java.base@11.0.22)
 139:            39           1248  java.lang.ref.ReferenceQueue (java.base@11.0.22)
 140:            31           1240  sun.security.x509.AuthorityKeyIdentifierExtension (java.base@11.0.22)
 141:            22           1232  java.util.LinkedHashMap (java.base@11.0.22)
 142:            22           1232  java.util.logging.Logger (java.logging@11.0.22)
 143:            30           1200  java.time.temporal.ChronoField (java.base@11.0.22)
 144:            69           1104  java.util.ImmutableCollections$ListN (java.base@11.0.22)
 145:            34           1088  com.fasterxml.jackson.databind.MapperFeature
 146:            34           1088  java.security.AlgorithmParameters (java.base@11.0.22)
 147:             2           1080  [Lsun.security.util.KnownOIDs; (java.base@11.0.22)
 148:            15           1080  sun.security.ssl.SSLCipher (java.base@11.0.22)
 149:            44           1056  java.util.regex.Pattern$BmpCharProperty (java.base@11.0.22)
 150:             1           1040  [Ljava.lang.Byte; (java.base@11.0.22)
 151:             1           1040  [Ljava.lang.Integer; (java.base@11.0.22)
 152:             1           1040  [Ljava.lang.Long; (java.base@11.0.22)
 153:            26           1040  java.lang.invoke.BoundMethodHandle$Species_LL (java.base@11.0.22)
 154:            31            992  java.lang.invoke.VarHandle$AccessMode (java.base@11.0.22)
 155:            12            960  [Ljava.util.WeakHashMap$Entry; (java.base@11.0.22)
 156:            20            960  java.lang.invoke.BoundMethodHandle$SpeciesData (java.base@11.0.22)
 157:            30            960  java.security.Provider$EngineDescription (java.base@11.0.22)
 158:            59            944  jdk.internal.module.SystemModuleFinders$3 (java.base@11.0.22)
 159:            23            920  java.util.logging.Logger$ConfigurationData (java.logging@11.0.22)
 160:            28            896  com.fasterxml.jackson.databind.DeserializationFeature
 161:            22            880  java.security.ProtectionDomain (java.base@11.0.22)
 162:             6            840  [D (java.base@11.0.22)
 163:            21            840  sun.security.ssl.SSLHandshake (java.base@11.0.22)
 164:            26            832  com.fasterxml.jackson.databind.SerializationFeature
 165:            20            800  [Ljava.lang.invoke.BoundMethodHandle$SpeciesData; (java.base@11.0.22)
 166:             9            792  java.util.regex.Pattern (java.base@11.0.22)
 167:            24            768  sun.security.x509.OIDMap$OIDInfo (java.base@11.0.22)
 168:            19            760  java.security.AccessControlContext (java.base@11.0.22)
 169:            19            760  java.security.CodeSource (java.base@11.0.22)
 170:            13            728  sun.security.ec.SunEC$ProviderService (jdk.crypto.ec@11.0.22)
 171:            14            672  com.fasterxml.jackson.databind.type.SimpleType
 172:            28            672  java.time.LocalTime (java.base@11.0.22)
 173:            12            672  sun.security.ec.SunEC$ProviderServiceA (jdk.crypto.ec@11.0.22)
 174:            41            656  java.lang.ref.ReferenceQueue$Lock (java.base@11.0.22)
 175:             2            656  java.util.concurrent.ForkJoinPool (java.base@11.0.22)
 176:            10            640  java.lang.invoke.BoundMethodHandle$Species_LLLLLLIIL (java.base@11.0.22)
 177:            16            640  java.lang.invoke.VarHandleObjects$FieldInstanceReadWrite (java.base@11.0.22)
 178:            10            632  [Ljava.util.regex.Pattern$Node; (java.base@11.0.22)
 179:             3            624  [Ljava.lang.invoke.LambdaForm; (java.base@11.0.22)
 180:            13            624  com.fasterxml.jackson.core.JsonToken
 181:            26            624  java.security.spec.ECFieldF2m (java.base@11.0.22)
 182:            19            608  com.fasterxml.jackson.core.JsonParser$Feature
 183:            19            608  java.lang.invoke.VarHandle$AccessDescriptor (java.base@11.0.22)
 184:            19            608  java.util.LinkedList (java.base@11.0.22)
 185:            19            608  sun.security.x509.URIName (java.base@11.0.22)
 186:             5            600  [Ljava.lang.ClassValue$Entry; (java.base@11.0.22)
 187:            19            600  [Lsun.security.ssl.ProtocolVersion; (java.base@11.0.22)
 188:            10            576  [Ljava.util.Hashtable$Entry; (java.base@11.0.22)
 189:            24            576  java.lang.RuntimePermission (java.base@11.0.22)
 190:            24            576  java.util.concurrent.atomic.AtomicLong (java.base@11.0.22)
 191:             7            560  java.util.concurrent.TimeUnit (java.base@11.0.22)
 192:            17            544  sun.security.ssl.CipherSuite$KeyExchange (java.base@11.0.22)
 193:            34            544  sun.security.util.ECParameters (java.base@11.0.22)
 194:            17            544  sun.security.x509.DistributionPoint (java.base@11.0.22)
 195:             1            528  [Ljava.lang.Character; (java.base@11.0.22)
 196:             1            528  [Ljava.util.TimerTask; (java.base@11.0.22)
 197:            18            520  [Ljava.io.ObjectStreamField; (java.base@11.0.22)
 198:            13            520  java.util.WeakHashMap$Entry (java.base@11.0.22)
 199:             5            520  java.util.jar.JarFile$JarFileEntry (java.base@11.0.22)
 200:            12            512  [Ljava.lang.invoke.MethodType; (java.base@11.0.22)
 201:            16            512  java.time.temporal.ChronoUnit (java.base@11.0.22)
 202:            16            512  java.util.concurrent.locks.ReentrantLock$NonfairSync (java.base@11.0.22)
 203:             8            512  java.util.zip.Inflater (java.base@11.0.22)
 204:             4            512  sun.nio.fs.UnixFileAttributes (java.base@11.0.22)
 205:             7            496  [Lsun.invoke.util.Wrapper; (java.base@11.0.22)
 206:            10            480  java.util.Hashtable (java.base@11.0.22)
 207:            10            480  sun.invoke.util.Wrapper (java.base@11.0.22)
 208:            19            456  java.lang.invoke.Invokers (java.base@11.0.22)
 209:            19            456  java.time.Duration (java.base@11.0.22)
 210:            18            448  [Lsun.security.ssl.NamedGroup$NamedGroupSpec; (java.base@11.0.22)
 211:             7            448  java.nio.DirectByteBuffer (java.base@11.0.22)
 212:            28            448  sun.security.x509.GeneralName (java.base@11.0.22)
 213:             5            440  jdk.internal.reflect.DelegatingClassLoader (java.base@11.0.22)
 214:             1            432  [[[C (java.base@11.0.22)
 215:            18            432  java.io.ExpiringCache$Entry (java.base@11.0.22)
 216:            27            432  java.security.spec.ECFieldFp (java.base@11.0.22)
 217:            18            432  java.text.DateFormat$Field (java.base@11.0.22)
 218:            18            432  java.util.LinkedList$Node (java.base@11.0.22)
 219:            18            432  org.postgresql.core.ServerVersion
 220:            13            416  java.security.Permissions (java.base@11.0.22)
 221:             5            400  com.fasterxml.jackson.databind.util.internal.PrivateMaxEntriesMap
 222:            10            400  java.io.FileDescriptor (java.base@11.0.22)
 223:            10            400  java.lang.OutOfMemoryError (java.base@11.0.22)
 224:            10            400  java.lang.invoke.MethodHandleImpl$AsVarargsCollector (java.base@11.0.22)
 225:             1            400  jdk.internal.net.http.HttpClientImpl$SelectorManager (java.net.http@11.0.22)
 226:            25            400  sun.security.x509.GeneralNames (java.base@11.0.22)
 227:             6            384  [Ljava.lang.reflect.Field; (java.base@11.0.22)
 228:            12            384  com.fasterxml.jackson.core.JsonGenerator$Feature
 229:            12            384  java.security.cert.PolicyQualifierInfo (java.base@11.0.22)
 230:             8            384  java.util.WeakHashMap (java.base@11.0.22)
 231:            12            384  sun.security.jca.ProviderConfig (java.base@11.0.22)
 232:             1            376  java.lang.ref.Finalizer$FinalizerThread (java.base@11.0.22)
 233:             1            376  java.util.TimerThread (java.base@11.0.22)
 234:             1            376  java.util.logging.LogManager$Cleaner (java.logging@11.0.22)
 235:             1            376  jdk.internal.misc.InnocuousThread (java.base@11.0.22)
 236:             1            368  java.lang.ref.Reference$ReferenceHandler (java.base@11.0.22)
 237:             5            360  com.fasterxml.jackson.databind.introspect.AnnotatedClass
 238:             9            360  java.lang.invoke.DirectMethodHandle$Special (java.base@11.0.22)
 239:            15            360  org.postgresql.core.AsciiStringInterner$Key
 240:            22            352  [Ljava.security.Principal; (java.base@11.0.22)
 241:            11            352  java.io.File (java.base@11.0.22)
 242:            22            352  java.security.ProtectionDomain$Key (java.base@11.0.22)
 243:            11            352  sun.security.util.LazyCodeSourcePermissionCollection (java.base@11.0.22)
 244:            11            352  sun.security.x509.CRLDistributionPointsExtension (java.base@11.0.22)
 245:             5            336  [S (java.base@11.0.22)
 246:             6            336  java.io.FileCleanable (java.base@11.0.22)
 247:             6            336  java.nio.DirectLongBufferU (java.base@11.0.22)
 248:             1            328  [Lorg.postgresql.PGProperty;
 249:             8            320  java.lang.ClassLoader$NativeLibrary (java.base@11.0.22)
 250:             5            320  java.nio.DirectByteBufferR (java.base@11.0.22)
 251:            10            320  java.util.Hashtable$Entry (java.base@11.0.22)
 252:            10            320  java.util.Vector (java.base@11.0.22)
 253:            10            320  java.util.regex.Pattern$Branch (java.base@11.0.22)
 254:            10            320  sun.nio.fs.UnixPath (java.base@11.0.22)
 255:            13            312  com.fasterxml.jackson.databind.type.LogicalType
 256:            19            304  sun.security.x509.DNSName (java.base@11.0.22)
 257:             2            288  [Ljava.util.concurrent.ForkJoinPool$WorkQueue; (java.base@11.0.22)
 258:            12            288  java.net.StandardSocketOptions$StdSocketOption (java.base@11.0.22)
 259:             6            288  java.nio.HeapByteBuffer (java.base@11.0.22)
 260:             2            288  java.text.DecimalFormat (java.base@11.0.22)
 261:             9            288  java.util.logging.Level (java.logging@11.0.22)
 262:             9            288  java.util.logging.Level$KnownLevel (java.logging@11.0.22)
 263:             4            288  java.util.zip.ZipFile$Source (java.base@11.0.22)
 264:             9            288  jdk.internal.org.objectweb.asm.Type (java.base@11.0.22)
 265:             9            288  sun.security.ssl.ProtocolVersion (java.base@11.0.22)
 266:             9            288  sun.security.x509.CertificatePoliciesExtension (java.base@11.0.22)
 267:            12            288  sun.security.x509.Extension (java.base@11.0.22)
 268:             6            288  sun.util.locale.provider.LocaleResources$ResourceReference (java.base@11.0.22)
 269:             1            280  [Ljava.lang.invoke.LambdaForm$Kind; (java.base@11.0.22)
 270:             5            280  java.util.Properties (java.base@11.0.22)
 271:            17            272  sun.invoke.util.ValueConversions$WrapperCache (java.base@11.0.22)
 272:            11            264  com.fasterxml.jackson.annotation.JsonFormat$Shape
 273:            11            264  java.lang.NamedPackage (java.base@11.0.22)
 274:            11            264  java.lang.invoke.MethodHandleImpl$Intrinsic (java.base@11.0.22)
 275:            11            264  jdk.internal.reflect.NativeMethodAccessorImpl (java.base@11.0.22)
 276:             2            256  [Lcom.fasterxml.jackson.databind.DeserializationFeature;
 277:             4            256  java.lang.ClassValue$ClassValueMap (java.base@11.0.22)
 278:             4            256  java.lang.invoke.BoundMethodHandle$Species_LLLLLLLII (java.base@11.0.22)
 279:             8            256  java.lang.reflect.ProxyGenerator$PrimitiveTypeInfo (java.base@11.0.22)
 280:             8            256  java.util.ImmutableCollections$MapN (java.base@11.0.22)
 281:             4            256  java.util.jar.JarFile (java.base@11.0.22)
 282:             2            240  [Lcom.fasterxml.jackson.databind.SerializationFeature;
 283:             1            240  [Lorg.postgresql.util.PSQLState;
 284:            10            240  com.fasterxml.jackson.databind.cfg.CoercionInputShape
 285:             5            240  com.fasterxml.jackson.databind.introspect.BasicBeanDescription
 286:            10            240  java.lang.invoke.VarForm (java.base@11.0.22)
 287:            10            240  java.nio.charset.CoderResult (java.base@11.0.22)
 288:            10            240  java.nio.file.StandardOpenOption (java.base@11.0.22)
 289:            10            240  java.security.CryptoPrimitive (java.base@11.0.22)
 290:             5            240  sun.net.httpserver.HttpContextImpl (jdk.httpserver@11.0.22)
 291:             6            240  sun.security.util.MemoryCache (java.base@11.0.22)
 292:             5            224  [Ljava.lang.invoke.LambdaForm$NamedFunction; (java.base@11.0.22)
 293:             7            224  java.lang.ClassValue$Entry (java.base@11.0.22)
 294:             2            224  java.util.GregorianCalendar (java.base@11.0.22)
 295:             7            224  org.postgresql.core.Parser$SqlParseState
 296:             9            216  java.util.regex.Pattern$BitClass (java.base@11.0.22)
 297:             9            216  org.postgresql.core.SqlCommandType
 298:             9            216  org.postgresql.shaded.com.ongres.scram.common.ScramAttributes
 299:             3            216  sun.security.provider.NativePRNG$RandomIO (java.base@11.0.22)
 300:             9            216  sun.security.x509.PolicyInformation (java.base@11.0.22)
 301:             9            216  sun.util.logging.PlatformLogger$Level (java.base@11.0.22)
 302:            13            208  java.util.Collections$SingletonSet (java.base@11.0.22)
 303:            13            208  java.util.concurrent.locks.ReentrantLock (java.base@11.0.22)
 304:             8            200  [Ljava.security.ProtectionDomain; (java.base@11.0.22)
 305:             2            200  [Ljava.text.DateFormat$Field; (java.base@11.0.22)
 306:             5            200  java.lang.invoke.DirectMethodHandle$Interface (java.base@11.0.22)
 307:             5            200  java.util.EnumMap (java.base@11.0.22)
 308:             5            200  java.util.stream.StreamOpFlag (java.base@11.0.22)
 309:             5            200  sun.security.ssl.CipherSuite$MacAlg (java.base@11.0.22)
 310:             3            192  [[J (java.base@11.0.22)
 311:            12            192  com.fasterxml.jackson.databind.node.IntNode
 312:             6            192  java.lang.invoke.LambdaForm$BasicType (java.base@11.0.22)
 313:             6            192  java.lang.invoke.VarHandleInts$FieldInstanceReadWrite (java.base@11.0.22)
 314:             8            192  java.math.RoundingMode (java.base@11.0.22)
 315:             8            192  java.net.NetPermission (java.base@11.0.22)
 316:             2            192  java.net.SocksSocketImpl (java.base@11.0.22)
 317:             6            192  java.security.BasicPermissionCollection (java.base@11.0.22)
 318:             8            192  java.util.ArrayDeque (java.base@11.0.22)
 319:             8            192  java.util.regex.Pattern$GroupHead (java.base@11.0.22)
 320:             8            192  java.util.regex.Pattern$GroupTail (java.base@11.0.22)
 321:             8            192  java.util.regex.Pattern$Start (java.base@11.0.22)
 322:             8            192  java.util.zip.Inflater$InflaterZStreamRef (java.base@11.0.22)
 323:             4            192  jdk.internal.loader.URLClassPath$JarLoader (java.base@11.0.22)
 324:             4            192  org.postgresql.shaded.com.ongres.scram.common.ScramMechanisms
 325:             2            192  sun.util.calendar.Gregorian$Date (java.base@11.0.22)
 326:             4            192  sun.util.resources.Bundles$BundleReference (java.base@11.0.22)
 327:            11            176  java.security.SecureClassLoader$CodeSourceKey (java.base@11.0.22)
 328:            11            176  java.util.concurrent.atomic.AtomicInteger (java.base@11.0.22)
 329:            11            176  jdk.internal.reflect.DelegatingMethodAccessorImpl (java.base@11.0.22)
 330:             2            176  sun.nio.ch.EPollSelectorImpl (java.base@11.0.22)
 331:             1            168  [[Ljava.math.BigInteger; (java.base@11.0.22)
 332:             7            168  com.fasterxml.jackson.annotation.JsonInclude$Include
 333:             7            168  java.lang.System$Logger$Level (java.base@11.0.22)
 334:             7            168  java.util.concurrent.ConcurrentLinkedQueue$Node (java.base@11.0.22)
 335:             7            168  java.util.regex.Pattern$SliceI (java.base@11.0.22)
 336:             7            168  sun.security.x509.NetscapeCertTypeExtension$MapEntry (java.base@11.0.22)
 337:             3            160  [Ljava.util.logging.Level; (java.logging@11.0.22)
 338:             2            160  [[Ljava.lang.String; (java.base@11.0.22)
 339:             4            160  com.fasterxml.jackson.core.Base64Variant
 340:             5            160  com.fasterxml.jackson.core.JsonEncoding
 341:            10            160  java.lang.ThreadLocal (java.base@11.0.22)
 342:             2            160  java.lang.invoke.BoundMethodHandle$Species_LLLLLLLLLLIIL (java.base@11.0.22)
 343:             4            160  java.lang.invoke.DirectMethodHandle$Constructor (java.base@11.0.22)
 344:             5            160  java.lang.invoke.VarHandle$AccessType (java.base@11.0.22)
 345:             4            160  java.lang.ref.Finalizer (java.base@11.0.22)
 346:             4            160  java.util.IdentityHashMap (java.base@11.0.22)
 347:             5            160  java.util.RegularEnumSet (java.base@11.0.22)
 348:            10            160  java.util.concurrent.atomic.AtomicLongArray (java.base@11.0.22)
 349:             5            160  java.util.concurrent.atomic.AtomicReferenceFieldUpdater$AtomicReferenceFieldUpdaterImpl (java.base@11.0.22)
 350:            10            160  java.util.regex.Pattern$BranchConn (java.base@11.0.22)
 351:             4            160  jdk.internal.logger.LazyLoggers$LazyLoggerAccessor (java.base@11.0.22)
 352:             5            160  sun.security.ssl.NamedGroup$NamedGroupSpec (java.base@11.0.22)
 353:             5            160  sun.security.util.DisabledAlgorithmConstraints$KeySizeConstraint (java.base@11.0.22)
 354:             5            160  sun.util.locale.provider.LocaleProviderAdapter$Type (java.base@11.0.22)
 355:             1            152  [Lcom.fasterxml.jackson.databind.MapperFeature;
 356:             3            144  [F (java.base@11.0.22)
 357:             1            144  [Lcom.fasterxml.jackson.core.sym.CharsToNameCanonicalizer$Bucket;
 358:             1            144  [Ljava.lang.invoke.VarHandle$AccessMode; (java.base@11.0.22)
 359:             2            144  [Ljava.math.BigDecimal; (java.base@11.0.22)
 360:             6            144  com.fasterxml.jackson.annotation.JsonAutoDetect$Visibility
 361:             6            144  com.fasterxml.jackson.core.JsonParser$NumberType
 362:             3            144  java.lang.ThreadGroup (java.base@11.0.22)
 363:             6            144  java.lang.invoke.StringConcatFactory$Strategy (java.base@11.0.22)
 364:             6            144  java.lang.module.ModuleDescriptor$Requires$Modifier (java.base@11.0.22)
 365:             2            144  java.text.DecimalFormatSymbols (java.base@11.0.22)
 366:             6            144  java.time.LocalDate (java.base@11.0.22)
 367:             6            144  java.time.LocalDateTime (java.base@11.0.22)
 368:             6            144  java.util.Collections$SetFromMap (java.base@11.0.22)
 369:             6            144  java.util.Collections$SynchronizedSet (java.base@11.0.22)
 370:             9            144  java.util.LinkedHashSet (java.base@11.0.22)
 371:             6            144  java.util.concurrent.ConcurrentLinkedQueue (java.base@11.0.22)
 372:             9            144  java.util.regex.Pattern$$Lambda$33/0x0000000840082840 (java.base@11.0.22)
 373:             9            144  java.util.regex.Pattern$BitClass$$Lambda$32/0x0000000840082440 (java.base@11.0.22)
 374:             6            144  jdk.internal.perf.PerfCounter (java.base@11.0.22)
 375:             6            144  org.postgresql.jdbc.SslMode
 376:             1            144  sun.security.ssl.SSLSessionImpl (java.base@11.0.22)
 377:             6            144  sun.security.util.DisabledAlgorithmConstraints$Constraint$Operator (java.base@11.0.22)
 378:             9            144  sun.security.x509.CertificatePolicyId (java.base@11.0.22)
 379:             1            136  [Ljava.time.temporal.ChronoField; (java.base@11.0.22)
 380:             4            136  [Lsun.invoke.util.ValueConversions$WrapperCache; (java.base@11.0.22)
 381:             4            128  [Ljava.lang.invoke.LambdaFormEditor$Transform; (java.base@11.0.22)
 382:             4            128  com.fasterxml.jackson.core.StreamReadCapability
 383:             4            128  com.fasterxml.jackson.core.io.SerializedString
 384:             4            128  com.fasterxml.jackson.core.util.Separators$Spacing
 385:             2            128  com.fasterxml.jackson.databind.cfg.BaseSettings
 386:             4            128  com.fasterxml.jackson.databind.cfg.JsonNodeFeature
 387:             2            128  java.io.ExpiringCache$1 (java.base@11.0.22)
 388:             4            128  java.io.RandomAccessFile (java.base@11.0.22)
 389:             2            128  java.text.DateFormatSymbols (java.base@11.0.22)
 390:             8            128  java.util.concurrent.atomic.AtomicReference (java.base@11.0.22)
 391:             4            128  java.util.zip.ZipFile$CleanableResource (java.base@11.0.22)
 392:             1            128  jdk.internal.net.http.HttpClientImpl (java.net.http@11.0.22)
 393:             4            128  sun.util.locale.provider.LocaleResources (java.base@11.0.22)
 394:             4            128  sun.util.resources.Bundles$CacheKey (java.base@11.0.22)
 395:             3            120  [Ljava.lang.invoke.LambdaForm$BasicType; (java.base@11.0.22)
 396:             1            120  [[Ljava.lang.Object; (java.base@11.0.22)
 397:             5            120  com.fasterxml.jackson.annotation.Nulls
 398:             5            120  com.fasterxml.jackson.core.JsonFactory$Feature
 399:             5            120  com.fasterxml.jackson.databind.util.LRUMap
 400:             5            120  com.fasterxml.jackson.databind.util.internal.LinkedDeque
 401:             3            120  java.io.FileInputStream (java.base@11.0.22)
 402:             3            120  java.lang.WeakPairMap$Pair$Weak (java.base@11.0.22)
 403:             5            120  java.util.stream.StreamOpFlag$Type (java.base@11.0.22)
 404:             1            120  jdk.internal.loader.ClassLoaders$AppClassLoader (java.base@11.0.22)
 405:             5            120  jdk.internal.math.FloatingDecimal$PreparedASCIIToBinaryBuffer (java.base@11.0.22)
 406:             5            120  jdk.net.ExtendedSocketOptions$ExtSocketOption (jdk.net@11.0.22)
 407:             5            120  sun.security.jca.ServiceId (java.base@11.0.22)
 408:             3            112  [Ljava.lang.Thread; (java.base@11.0.22)
 409:             2            112  [Ljava.security.CryptoPrimitive; (java.base@11.0.22)
 410:             1            112  [Ljava.time.LocalTime; (java.base@11.0.22)
 411:             2            112  java.nio.DirectIntBufferRU (java.base@11.0.22)
 412:             1            112  jdk.internal.loader.ClassLoaders$BootClassLoader (java.base@11.0.22)
 413:             1            112  jdk.internal.loader.ClassLoaders$PlatformClassLoader (java.base@11.0.22)
 414:             1            112  sun.net.httpserver.ServerImpl (jdk.httpserver@11.0.22)
 415:             2            112  sun.security.jgss.SunProvider$ProviderService (java.security.jgss@11.0.22)
 416:             1            104  [Lsun.security.ssl.SSLHandshake; (java.base@11.0.22)
 417:             2            104  [Lsun.util.logging.PlatformLogger$Level; (java.base@11.0.22)
 418:             1            104  com.sun.crypto.provider.SunJCE (java.base@11.0.22)
 419:             1            104  com.sun.net.ssl.internal.ssl.Provider (java.base@11.0.22)
 420:             1            104  sun.security.ec.SunEC (jdk.crypto.ec@11.0.22)
 421:             1            104  sun.security.jca.ProviderList$1 (java.base@11.0.22)
 422:             1            104  sun.security.jgss.SunProvider (java.security.jgss@11.0.22)
 423:             1            104  sun.security.provider.Sun (java.base@11.0.22)
 424:             1            104  sun.security.rsa.SunRsaSign (java.base@11.0.22)
 425:             1             96  [Lcom.fasterxml.jackson.core.JsonParser$Feature;
 426:             2             96  [Ljava.lang.System$Logger$Level; (java.base@11.0.22)
 427:             2             96  [Lorg.postgresql.core.Parser$SqlParseState;
 428:             1             96  com.fasterxml.jackson.databind.DeserializationConfig
 429:             4             96  com.fasterxml.jackson.databind.cfg.CoercionAction
 430:             6             96  com.fasterxml.jackson.databind.ser.std.ToStringSerializer
 431:             3             96  java.lang.Runtime$Version (java.base@11.0.22)
 432:             3             96  java.lang.WeakPairMap$Pair$Weak$1 (java.base@11.0.22)
 433:             3             96  java.lang.invoke.SimpleMethodHandle (java.base@11.0.22)
 434:             4             96  java.lang.module.ModuleDescriptor$Modifier (java.base@11.0.22)
 435:             4             96  java.lang.module.ModuleDescriptor$Opens (java.base@11.0.22)
 436:             3             96  java.net.InetAddress$InetAddressHolder (java.base@11.0.22)
 437:             4             96  java.sql.SQLPermission (java.sql@11.0.22)
 438:             4             96  java.text.Normalizer$Form (java.base@11.0.22)
 439:             4             96  java.time.Instant (java.base@11.0.22)
 440:             4             96  java.time.OffsetDateTime (java.base@11.0.22)
 441:             3             96  java.util.Collections$UnmodifiableMap (java.base@11.0.22)
 442:             6             96  java.util.HashMap$KeySet (java.base@11.0.22)
 443:             6             96  java.util.WeakHashMap$KeySet (java.base@11.0.22)
 444:             4             96  java.util.concurrent.ConcurrentHashMap$KeySetView (java.base@11.0.22)
 445:             6             96  java.util.concurrent.atomic.AtomicBoolean (java.base@11.0.22)
 446:             4             96  java.util.jar.Manifest (java.base@11.0.22)
 447:             6             96  java.util.regex.Pattern$$Lambda$31/0x0000000840082040 (java.base@11.0.22)
 448:             3             96  java.util.regex.Pattern$Curly (java.base@11.0.22)
 449:             4             96  java.util.regex.Pattern$Qtype (java.base@11.0.22)
 450:             4             96  java.util.stream.StreamShape (java.base@11.0.22)
 451:             4             96  java.util.zip.ZipFile$Source$Key (java.base@11.0.22)
 452:             1             96  jdk.internal.jimage.ImageReader$SharedImageReader (java.base@11.0.22)
 453:             4             96  jdk.internal.loader.AbstractClassLoaderValue$Sub (java.base@11.0.22)
 454:             6             96  jdk.internal.loader.ClassLoaderValue (java.base@11.0.22)
 455:             4             96  jdk.internal.logger.BootstrapLogger$LoggingBackend (java.base@11.0.22)
 456:             3             96  jdk.internal.net.http.common.DebugLogger (java.net.http@11.0.22)
 457:             4             96  org.postgresql.hostchooser.HostStatus
 458:             4             96  org.postgresql.jdbc.GSSEncMode
 459:             4             96  org.postgresql.jdbc.PreferQueryMode
 460:             4             96  org.postgresql.jdbc.StatementCancelState
 461:             4             96  org.postgresql.plugin.AuthenticationRequestType
 462:             4             96  org.postgresql.shaded.com.ongres.scram.common.gssapi.Gs2Attributes
 463:             3             96  sun.net.spi.DefaultProxySelector$NonProxyInfo (java.base@11.0.22)
 464:             1             96  sun.nio.ch.ServerSocketChannelImpl (java.base@11.0.22)
 465:             2             96  sun.nio.cs.StreamEncoder (java.base@11.0.22)
 466:             2             96  sun.nio.cs.UTF_8$Encoder (java.base@11.0.22)
 467:             3             96  sun.security.ssl.CipherSuite$HashAlg (java.base@11.0.22)
 468:             4             96  sun.security.ssl.CipherType (java.base@11.0.22)
 469:             3             96  sun.security.x509.SubjectAlternativeNameExtension (java.base@11.0.22)
 470:             2             88  [Lcom.fasterxml.jackson.databind.cfg.CoercionAction;
 471:             1             88  [Lorg.postgresql.core.ServerVersion;
 472:             1             88  [Lsun.security.ssl.CipherSuite$KeyExchange; (java.base@11.0.22)
 473:             1             88  com.fasterxml.jackson.databind.SerializationConfig
 474:             1             88  sun.security.ssl.TransportContext (java.base@11.0.22)
 475:             1             80  [Ljava.time.temporal.ChronoUnit; (java.base@11.0.22)
 476:             2             80  [Ljava.util.stream.StreamOpFlag$Type; (java.base@11.0.22)
 477:             2             80  [Lorg.postgresql.hostchooser.HostRequirement;
 478:             2             80  [Lorg.postgresql.jdbc.SslMode;
 479:             2             80  [Lsun.security.jca.ProviderConfig; (java.base@11.0.22)
 480:             1             80  [Lsun.security.ssl.SSLCipher; (java.base@11.0.22)
 481:             1             80  com.fasterxml.jackson.databind.MappingJsonFactory
 482:             2             80  java.io.BufferedWriter (java.base@11.0.22)
 483:             2             80  java.io.ExpiringCache (java.base@11.0.22)
 484:             2             80  java.io.FileOutputStream (java.base@11.0.22)
 485:             2             80  java.io.PrintStream (java.base@11.0.22)
 486:             2             80  java.lang.ModuleLayer (java.base@11.0.22)
 487:             2             80  java.lang.VirtualMachineError (java.base@11.0.22)
 488:             2             80  java.lang.invoke.VarHandleObjects$Array (java.base@11.0.22)
 489:             2             80  java.lang.module.Configuration (java.base@11.0.22)
 490:             2             80  java.text.DigitList (java.base@11.0.22)
 491:             2             80  java.util.Locale$Category (java.base@11.0.22)
 492:             5             80  java.util.concurrent.atomic.AtomicReferenceArray (java.base@11.0.22)
 493:             1             80  jdk.internal.event.X509CertificateEvent (java.base@11.0.22)
 494:             2             80  jdk.internal.math.FloatingDecimal$BinaryToASCIIBuffer (java.base@11.0.22)
 495:             5             80  jdk.internal.reflect.BootstrapConstructorAccessorImpl (java.base@11.0.22)
 496:             5             80  sun.net.httpserver.AuthFilter (jdk.httpserver@11.0.22)
 497:             1             80  sun.net.www.protocol.jar.URLJarFile (java.base@11.0.22)
 498:             5             80  sun.security.ssl.SSLCipher$T10BlockReadCipherGenerator (java.base@11.0.22)
 499:             5             80  sun.security.ssl.SSLCipher$T10BlockWriteCipherGenerator (java.base@11.0.22)
 500:             1             80  sun.security.ssl.SSLConfiguration (java.base@11.0.22)
 501:             1             80  sun.text.normalizer.NormalizerImpl (java.base@11.0.22)
 502:             1             80  sun.util.cldr.CLDRLocaleProviderAdapter (java.base@11.0.22)
 503:             1             80  sun.util.locale.provider.LocaleProviderAdapter$NonExistentAdapter (java.base@11.0.22)
 504:             1             72  [Lcom.fasterxml.jackson.core.JsonToken;
 505:             1             72  [Lcom.fasterxml.jackson.databind.type.LogicalType;
 506:             3             72  com.fasterxml.jackson.core.Base64Variant$PaddingReadBehaviour
 507:             1             72  com.fasterxml.jackson.core.sym.ByteQuadsCanonicalizer
 508:             1             72  com.fasterxml.jackson.core.util.InternCache
 509:             1             72  com.fasterxml.jackson.databind.ObjectMapper
 510:             3             72  com.fasterxml.jackson.databind.PropertyName
 511:             1             72  com.fasterxml.jackson.databind.deser.DefaultDeserializationContext$Impl
 512:             1             72  com.fasterxml.jackson.databind.ser.DefaultSerializerProvider$Impl
 513:             3             72  com.fasterxml.jackson.databind.ser.std.NumberSerializer
 514:             3             72  java.lang.WeakPairMap (java.base@11.0.22)
 515:             3             72  java.lang.annotation.RetentionPolicy (java.base@11.0.22)
 516:             1             72  java.lang.invoke.BoundMethodHandle$Species_LLLLLLLIIL (java.base@11.0.22)
 517:             3             72  java.lang.invoke.MethodHandles$Lookup (java.base@11.0.22)
 518:             3             72  java.lang.invoke.StringConcatFactory$Mode (java.base@11.0.22)
 519:             3             72  java.net.Proxy$Type (java.base@11.0.22)
 520:             3             72  java.net.http.HttpClient$Redirect (java.net.http@11.0.22)
 521:             3             72  java.nio.file.AccessMode (java.base@11.0.22)
 522:             1             72  java.security.SecureRandom (java.base@11.0.22)
 523:             3             72  java.security.SecurityPermission (java.base@11.0.22)
 524:             3             72  java.time.ZoneOffset (java.base@11.0.22)
 525:             3             72  java.util.Collections$UnmodifiableRandomAccessList (java.base@11.0.22)
 526:             1             72  java.util.concurrent.ThreadPoolExecutor (java.base@11.0.22)
 527:             3             72  java.util.stream.Collector$Characteristics (java.base@11.0.22)
 528:             3             72  jdk.internal.math.FloatingDecimal$ExceptionalBinaryToASCIIBuffer (java.base@11.0.22)
 529:             3             72  jdk.internal.misc.Signal (java.base@11.0.22)
 530:             3             72  jdk.internal.module.IllegalAccessLogger$Mode (java.base@11.0.22)
 531:             3             72  org.postgresql.core.TransactionState
 532:             3             72  org.postgresql.jdbc.AutoSave
 533:             3             72  org.postgresql.jdbc.EscapeSyntaxCallMode
 534:             3             72  org.postgresql.jdbc.PgConnection$ReadOnlyBehavior
 535:             3             72  org.postgresql.shaded.com.ongres.scram.client.ScramClient$ChannelBinding
 536:             3             72  org.postgresql.shaded.com.ongres.scram.common.gssapi.Gs2CbindFlag
 537:             3             72  sun.security.provider.NativePRNG$Variant (java.base@11.0.22)
 538:             3             72  sun.security.ssl.ClientAuthType (java.base@11.0.22)
 539:             1             72  sun.security.ssl.SSLSocketImpl (java.base@11.0.22)
 540:             1             72  sun.security.ssl.SSLSocketInputRecord (java.base@11.0.22)
 541:             1             64  [Lcom.fasterxml.jackson.annotation.JsonFormat$Shape;
 542:             1             64  [Lcom.fasterxml.jackson.core.JsonGenerator$Feature;
 543:             1             64  [Lcom.fasterxml.jackson.databind.node.IntNode;
 544:             2             64  [Ljava.lang.annotation.RetentionPolicy; (java.base@11.0.22)
 545:             1             64  [Ljava.lang.invoke.MethodHandleImpl$Intrinsic; (java.base@11.0.22)
 546:             2             64  [Ljava.nio.charset.CoderResult; (java.base@11.0.22)
 547:             2             64  [Ljava.util.stream.Collector$Characteristics; (java.base@11.0.22)
 548:             2             64  [Lorg.postgresql.jdbc.AutoSave;
 549:             2             64  [Lorg.postgresql.jdbc.GSSEncMode;
 550:             2             64  [Lorg.postgresql.jdbc.PgConnection$ReadOnlyBehavior;
 551:             2             64  com.fasterxml.jackson.core.io.ContentReference
 552:             1             64  com.fasterxml.jackson.core.sym.CharsToNameCanonicalizer
 553:             2             64  com.fasterxml.jackson.databind.cfg.EnumFeature
 554:             2             64  com.fasterxml.jackson.databind.introspect.VisibilityChecker$Std
 555:             2             64  com.fasterxml.jackson.databind.ser.std.NumberSerializers$DoubleSerializer
 556:             2             64  com.fasterxml.jackson.databind.ser.std.NumberSerializers$IntegerSerializer
 557:             2             64  com.fasterxml.jackson.databind.ser.std.NumberSerializers$LongSerializer
 558:             2             64  java.io.BufferedOutputStream (java.base@11.0.22)
 559:             2             64  java.lang.invoke.VarHandleLongs$FieldInstanceReadWrite (java.base@11.0.22)
 560:             2             64  java.lang.ref.ReferenceQueue$Null (java.base@11.0.22)
 561:             2             64  java.nio.file.attribute.FileTime (java.base@11.0.22)
 562:             1             64  java.text.SimpleDateFormat (java.base@11.0.22)
 563:             4             64  java.util.TreeSet (java.base@11.0.22)
 564:             4             64  java.util.concurrent.ConcurrentHashMap$ValuesView (java.base@11.0.22)
 565:             4             64  java.util.jar.Attributes (java.base@11.0.22)
 566:             1             64  java.util.logging.LogManager$RootLogger (java.logging@11.0.22)
 567:             2             64  java.util.stream.FindOps$FindOp (java.base@11.0.22)
 568:             4             64  jdk.internal.logger.LazyLoggers$JdkLazyLogger (java.base@11.0.22)
 569:             4             64  sun.nio.fs.UnixFileAttributes$UnixAsBasicFileAttributes (java.base@11.0.22)
 570:             2             64  sun.reflect.annotation.AnnotationType (java.base@11.0.22)
 571:             2             64  sun.security.provider.FileInputStreamPool$StreamRef (java.base@11.0.22)
 572:             2             64  sun.security.rsa.RSAUtil$KeyType (java.base@11.0.22)
 573:             2             64  sun.security.ssl.EphemeralKeyManager$EphemeralKeyPair (java.base@11.0.22)
 574:             4             64  sun.security.ssl.SSLCipher$T11BlockReadCipherGenerator (java.base@11.0.22)
 575:             4             64  sun.security.ssl.SSLCipher$T11BlockWriteCipherGenerator (java.base@11.0.22)
 576:             2             64  sun.security.ssl.SSLSessionContextImpl (java.base@11.0.22)
 577:             1             64  sun.security.ssl.SSLSocketOutputRecord (java.base@11.0.22)
 578:             2             64  sun.security.util.DisabledAlgorithmConstraints (java.base@11.0.22)
 579:             1             64  sun.text.normalizer.Trie2_16 (java.base@11.0.22)
 580:             1             56  [Lcom.fasterxml.jackson.databind.cfg.CoercionInputShape;
 581:             1             56  [Ljava.lang.Runnable; (java.base@11.0.22)
 582:             1             56  [Ljava.nio.file.StandardOpenOption; (java.base@11.0.22)
 583:             1             56  [Lorg.postgresql.core.SqlCommandType;
 584:             1             56  [Lorg.postgresql.shaded.com.ongres.scram.common.ScramAttributes;
 585:             1             56  [[I (java.base@11.0.22)
 586:             1             56  java.lang.invoke.BoundMethodHandle$Specializer (java.base@11.0.22)
 587:             1             56  java.net.SocketPermission (java.base@11.0.22)
 588:             1             56  java.util.ServiceLoader (java.base@11.0.22)
 589:             1             56  java.util.logging.LogManager (java.logging@11.0.22)
 590:             1             56  jdk.internal.ref.CleanerImpl$SoftCleanableRef (java.base@11.0.22)
 591:             1             56  sun.security.provider.SHA (java.base@11.0.22)
 592:             1             48  [Lcom.fasterxml.jackson.annotation.JsonInclude$Include;
 593:             3             48  [Lcom.fasterxml.jackson.databind.JavaType;
 594:             3             48  [Ljava.lang.annotation.Annotation; (java.base@11.0.22)
 595:             1             48  [Ljava.math.RoundingMode; (java.base@11.0.22)
 596:             2             48  [Ljava.nio.ByteBuffer; (java.base@11.0.22)
 597:             1             48  [Ljava.util.concurrent.TimeUnit; (java.base@11.0.22)
 598:             1             48  [Lsun.security.x509.NetscapeCertTypeExtension$MapEntry; (java.base@11.0.22)
 599:             1             48  com.fasterxml.jackson.core.util.DefaultPrettyPrinter
 600:             1             48  com.fasterxml.jackson.databind.cfg.ConfigOverride$Empty
 601:             2             48  com.fasterxml.jackson.databind.ser.std.BooleanSerializer
 602:             1             48  com.fasterxml.jackson.databind.util.StdDateFormat
 603:             2             48  java.io.File$PathStatus (java.base@11.0.22)
 604:             2             48  java.io.OutputStreamWriter (java.base@11.0.22)
 605:             2             48  java.lang.ClassValue$Version (java.base@11.0.22)
 606:             1             48  java.lang.invoke.BoundMethodHandle$Specializer$Factory (java.base@11.0.22)
 607:             2             48  java.lang.reflect.ReflectPermission (java.base@11.0.22)
 608:             2             48  java.net.Inet4Address (java.base@11.0.22)
 609:             2             48  java.net.InetSocketAddress$InetSocketAddressHolder (java.base@11.0.22)
 610:             2             48  java.net.StandardProtocolFamily (java.base@11.0.22)
 611:             2             48  java.net.http.HttpClient$Version (java.net.http@11.0.22)
 612:             3             48  java.nio.charset.CodingErrorAction (java.base@11.0.22)
 613:             3             48  java.text.AttributedCharacterIterator$Attribute (java.base@11.0.22)
 614:             2             48  java.time.chrono.IsoEra (java.base@11.0.22)
 615:             3             48  java.util.Optional (java.base@11.0.22)
 616:             3             48  java.util.ResourceBundle$NoFallbackControl (java.base@11.0.22)
 617:             3             48  java.util.concurrent.ConcurrentHashMap$EntrySetView (java.base@11.0.22)
 618:             1             48  java.util.concurrent.ConcurrentSkipListMap (java.base@11.0.22)
 619:             2             48  java.util.concurrent.ConcurrentSkipListMap$Node (java.base@11.0.22)
 620:             2             48  java.util.logging.Logger$LoggerBundle (java.logging@11.0.22)
 621:             2             48  java.util.logging.LoggingPermission (java.logging@11.0.22)
 622:             2             48  java.util.regex.Pattern$BmpCharPropertyGreedy (java.base@11.0.22)
 623:             2             48  java.util.regex.Pattern$CharProperty (java.base@11.0.22)
 624:             2             48  javax.crypto.CryptoPermissions (java.base@11.0.22)
 625:             1             48  javax.net.ssl.SSLParameters (java.base@11.0.22)
 626:             1             48  jdk.internal.jimage.ImageHeader (java.base@11.0.22)
 627:             2             48  jdk.internal.misc.Signal$NativeHandler (java.base@11.0.22)
 628:             3             48  jdk.internal.module.ServicesCatalog (java.base@11.0.22)
 629:             1             48  jdk.internal.ref.CleanerImpl$WeakCleanableRef (java.base@11.0.22)
 630:             1             48  org.postgresql.core.AsciiStringInterner$StringReference
 631:             2             48  org.postgresql.core.Encoding
 632:             2             48  org.postgresql.core.JavaVersion
 633:             3             48  org.postgresql.jdbc.ResourceLock
 634:             1             48  sun.nio.ch.SelectionKeyImpl (java.base@11.0.22)
 635:             2             48  sun.security.jca.ProviderList (java.base@11.0.22)
 636:             2             48  sun.security.jca.ProviderList$3 (java.base@11.0.22)
 637:             2             48  sun.security.ssl.Authenticator$MacImpl (java.base@11.0.22)
 638:             2             48  sun.security.ssl.Authenticator$SSLNullMac (java.base@11.0.22)
 639:             2             48  sun.security.ssl.SSLAlgorithmConstraints (java.base@11.0.22)
 640:             3             48  sun.security.ssl.SSLCipher$StreamReadCipherGenerator (java.base@11.0.22)
 641:             3             48  sun.security.ssl.SSLCipher$StreamWriteCipherGenerator (java.base@11.0.22)
 642:             1             48  sun.security.ssl.SSLContextImpl$DefaultSSLContext (java.base@11.0.22)
 643:             2             48  sun.security.util.DisabledAlgorithmConstraints$UsageConstraint (java.base@11.0.22)
 644:             2             48  sun.security.x509.AccessDescription (java.base@11.0.22)
 645:             3             48  sun.security.x509.RFC822Name (java.base@11.0.22)
 646:             3             48  sun.util.logging.internal.LoggingProviderImpl$JULWrapper (java.logging@11.0.22)
 647:             1             40  [Lcom.fasterxml.jackson.annotation.JsonAutoDetect$Visibility;
 648:             1             40  [Lcom.fasterxml.jackson.annotation.Nulls;
 649:             1             40  [Lcom.fasterxml.jackson.core.JsonEncoding;
 650:             1             40  [Lcom.fasterxml.jackson.core.JsonFactory$Feature;
 651:             1             40  [Lcom.fasterxml.jackson.core.JsonParser$NumberType;
 652:             1             40  [Ljava.lang.invoke.StringConcatFactory$Strategy; (java.base@11.0.22)
 653:             1             40  [Ljava.lang.invoke.VarHandle$AccessType; (java.base@11.0.22)
 654:             1             40  [Ljava.util.stream.StreamOpFlag; (java.base@11.0.22)
 655:             1             40  [Lsun.security.ssl.CipherSuite$MacAlg; (java.base@11.0.22)
 656:             1             40  [Lsun.security.util.DisabledAlgorithmConstraints$Constraint$Operator; (java.base@11.0.22)
 657:             1             40  [Lsun.util.locale.provider.LocaleProviderAdapter$Type; (java.base@11.0.22)
 658:             1             40  [[Ljava.lang.invoke.LambdaForm$Name; (java.base@11.0.22)
 659:             1             40  com.fasterxml.jackson.annotation.JsonFormat$Value
 660:             1             40  com.fasterxml.jackson.core.StreamReadConstraints
 661:             1             40  com.fasterxml.jackson.core.sym.ByteQuadsCanonicalizer$TableInfo
 662:             1             40  com.fasterxml.jackson.core.util.Separators
 663:             1             40  com.fasterxml.jackson.databind.cfg.ConfigOverrides
 664:             1             40  com.sun.management.internal.DiagnosticCommandImpl (jdk.management@11.0.22)
 665:             1             40  java.io.BufferedInputStream (java.base@11.0.22)
 666:             1             40  java.io.FilePermission (java.base@11.0.22)
 667:             1             40  java.lang.ArithmeticException (java.base@11.0.22)
 668:             1             40  java.lang.NullPointerException (java.base@11.0.22)
 669:             1             40  java.lang.invoke.MethodHandleImpl$IntrinsicMethodHandle (java.base@11.0.22)
 670:             1             40  java.lang.invoke.VarHandleObjects$FieldStaticReadWrite (java.base@11.0.22)
 671:             1             40  java.net.InetAddress$CachedAddresses (java.base@11.0.22)
 672:             1             40  java.time.zone.ZoneRules (java.base@11.0.22)
 673:             1             40  java.util.ResourceBundle$2 (java.base@11.0.22)
 674:             1             40  java.util.ServiceLoader$LazyClassPathLookupIterator (java.base@11.0.22)
 675:             1             40  javax.crypto.CryptoAllPermission (java.base@11.0.22)
 676:             1             40  jdk.internal.event.SecurityProviderServiceEvent (java.base@11.0.22)
 677:             1             40  jdk.internal.loader.URLClassPath (java.base@11.0.22)
 678:             1             40  jdk.internal.net.http.ConnectionPool (java.net.http@11.0.22)
 679:             1             40  jdk.internal.ref.CleanerImpl$CleanerCleanable (java.base@11.0.22)
 680:             1             40  org.postgresql.core.v3.SimpleParameterList
 681:             1             40  org.postgresql.jdbc.PgResultSet$1
 682:             1             40  org.postgresql.util.LazyCleaner
 683:             1             40  sun.net.httpserver.ServerImpl$IdleTimeoutTask (jdk.httpserver@11.0.22)
 684:             1             40  sun.nio.cs.StandardCharsets$Aliases (java.base@11.0.22)
 685:             1             40  sun.nio.cs.StandardCharsets$Cache (java.base@11.0.22)
 686:             1             40  sun.security.ssl.SSLCipher$NullReadCipherGenerator$NullReadCipher (java.base@11.0.22)
 687:             1             40  sun.security.ssl.SSLCipher$NullWriteCipherGenerator$NullWriteCipher (java.base@11.0.22)
 688:             1             40  sun.security.ssl.TrustStoreManager$TrustStoreDescriptor (java.base@11.0.22)
 689:             1             40  sun.text.normalizer.Trie2$UTrie2Header (java.base@11.0.22)
 690:             1             40  sun.text.resources.cldr.FormatData (java.base@11.0.22)
 691:             1             40  sun.text.resources.cldr.FormatData_en (java.base@11.0.22)
 692:             1             40  sun.util.resources.Bundles$1 (java.base@11.0.22)
 693:             1             40  sun.util.resources.cldr.CalendarData (java.base@11.0.22)
 694:             1             32  [Lcom.fasterxml.jackson.core.Base64Variant$PaddingReadBehaviour;
 695:             1             32  [Lcom.fasterxml.jackson.core.StreamReadCapability;
 696:             1             32  [Lcom.fasterxml.jackson.core.util.Separators$Spacing;
 697:             1             32  [Lcom.fasterxml.jackson.databind.cfg.JsonNodeFeature;
 698:             2             32  [Lcom.fasterxml.jackson.databind.deser.Deserializers;
 699:             1             32  [Lcom.fasterxml.jackson.databind.util.internal.PrivateMaxEntriesMap$DrainStatus;
 700:             1             32  [Ljava.lang.OutOfMemoryError; (java.base@11.0.22)
 701:             2             32  [Ljava.lang.StackTraceElement; (java.base@11.0.22)
 702:             1             32  [Ljava.lang.ThreadGroup; (java.base@11.0.22)
 703:             1             32  [Ljava.lang.invoke.StringConcatFactory$Mode; (java.base@11.0.22)
 704:             1             32  [Ljava.lang.module.ModuleDescriptor$Modifier; (java.base@11.0.22)
 705:             1             32  [Ljava.lang.module.ModuleDescriptor$Requires$Modifier; (java.base@11.0.22)
 706:             1             32  [Ljava.net.Proxy$Type; (java.base@11.0.22)
 707:             1             32  [Ljava.net.http.HttpClient$Redirect; (java.net.http@11.0.22)
 708:             1             32  [Ljava.nio.file.AccessMode; (java.base@11.0.22)
 709:             1             32  [Ljava.text.Normalizer$Form; (java.base@11.0.22)
 710:             1             32  [Ljava.util.regex.Pattern$Qtype; (java.base@11.0.22)
 711:             1             32  [Ljava.util.stream.StreamShape; (java.base@11.0.22)
 712:             1             32  [Ljdk.internal.logger.BootstrapLogger$LoggingBackend; (java.base@11.0.22)
 713:             1             32  [Ljdk.internal.module.IllegalAccessLogger$Mode; (java.base@11.0.22)
 714:             1             32  [Lorg.postgresql.core.TransactionState;
 715:             1             32  [Lorg.postgresql.hostchooser.HostStatus;
 716:             1             32  [Lorg.postgresql.jdbc.EscapeSyntaxCallMode;
 717:             1             32  [Lorg.postgresql.jdbc.PreferQueryMode;
 718:             1             32  [Lorg.postgresql.jdbc.StatementCancelState;
 719:             1             32  [Lorg.postgresql.plugin.AuthenticationRequestType;
 720:             1             32  [Lorg.postgresql.shaded.com.ongres.scram.client.ScramClient$ChannelBinding;
 721:             1             32  [Lorg.postgresql.shaded.com.ongres.scram.common.ScramMechanisms;
 722:             1             32  [Lorg.postgresql.shaded.com.ongres.scram.common.gssapi.Gs2Attributes;
 723:             1             32  [Lorg.postgresql.shaded.com.ongres.scram.common.gssapi.Gs2CbindFlag;
 724:             1             32  [Lsun.security.provider.NativePRNG$Variant; (java.base@11.0.22)
 725:             1             32  [Lsun.security.ssl.CipherSuite$HashAlg; (java.base@11.0.22)
 726:             1             32  [Lsun.security.ssl.CipherType; (java.base@11.0.22)
 727:             1             32  [Lsun.security.ssl.ClientAuthType; (java.base@11.0.22)
 728:             1             32  com.fasterxml.jackson.annotation.JsonInclude$Value
 729:             1             32  com.fasterxml.jackson.core.sym.CharsToNameCanonicalizer$TableInfo
 730:             1             32  com.fasterxml.jackson.databind.cfg.CoercionConfigs
 731:             1             32  com.fasterxml.jackson.databind.cfg.DatatypeFeatures
 732:             1             32  com.fasterxml.jackson.databind.cfg.DeserializerFactoryConfig
 733:             1             32  com.fasterxml.jackson.databind.deser.std.JsonNodeDeserializer
 734:             1             32  com.fasterxml.jackson.databind.introspect.DefaultAccessorNamingStrategy$Provider
 735:             1             32  com.fasterxml.jackson.databind.ser.std.CalendarSerializer
 736:             1             32  com.fasterxml.jackson.databind.ser.std.DateSerializer
 737:             1             32  com.fasterxml.jackson.databind.ser.std.NumberSerializers$FloatSerializer
 738:             1             32  com.fasterxml.jackson.databind.ser.std.NumberSerializers$IntLikeSerializer
 739:             1             32  com.fasterxml.jackson.databind.ser.std.NumberSerializers$ShortSerializer
 740:             1             32  com.fasterxml.jackson.databind.type.TypeBindings
 741:             1             32  com.fasterxml.jackson.databind.type.TypeFactory
 742:             1             32  com.fasterxml.jackson.databind.util.internal.PrivateMaxEntriesMap$Node
 743:             1             32  java.io.UnixFileSystem (java.base@11.0.22)
 744:             2             32  java.lang.Boolean (java.base@11.0.22)
 745:             2             32  java.lang.ClassValue$Identity (java.base@11.0.22)
 746:             2             32  java.lang.Shutdown$Lock (java.base@11.0.22)
 747:             1             32  java.lang.invoke.VarHandleLongs$Array (java.base@11.0.22)
 748:             1             32  java.lang.module.ModuleDescriptor$Version (java.base@11.0.22)
 749:             1             32  java.net.Inet6Address$Inet6AddressHolder (java.base@11.0.22)
 750:             2             32  java.net.InetSocketAddress (java.base@11.0.22)
 751:             2             32  java.nio.ByteOrder (java.base@11.0.22)
 752:             2             32  java.nio.channels.spi.AbstractSelector$1 (java.base@11.0.22)
 753:             1             32  java.security.MessageDigest$Delegate (java.base@11.0.22)
 754:             2             32  java.util.HashMap$Values (java.base@11.0.22)
 755:             1             32  java.util.LinkedList$ListItr (java.base@11.0.22)
 756:             2             32  java.util.ResourceBundle$SingleFormatControl (java.base@11.0.22)
 757:             1             32  java.util.ServiceLoader$ModuleServicesLookupIterator (java.base@11.0.22)
 758:             2             32  java.util.TreeMap$KeySet (java.base@11.0.22)
 759:             1             32  java.util.concurrent.SynchronousQueue (java.base@11.0.22)
 760:             1             32  java.util.concurrent.ThreadLocalRandom (java.base@11.0.22)
 761:             1             32  java.util.concurrent.atomic.AtomicIntegerFieldUpdater$AtomicIntegerFieldUpdaterImpl (java.base@11.0.22)
 762:             1             32  java.util.concurrent.atomic.LongAdder (java.base@11.0.22)
 763:             1             32  java.util.logging.LogManager$SystemLoggerContext (java.logging@11.0.22)
 764:             1             32  java.util.regex.Pattern$BnM (java.base@11.0.22)
 765:             1             32  java.util.regex.Pattern$NotBehind (java.base@11.0.22)
 766:             1             32  java.util.zip.ZipFile$CleanableResource$FinalizableResource (java.base@11.0.22)
 767:             1             32  jdk.internal.module.IllegalAccessLogger (java.base@11.0.22)
 768:             1             32  jdk.internal.net.http.Http2ClientImpl (java.net.http@11.0.22)
 769:             1             32  jdk.internal.net.http.HttpClientImpl$SSLDirectBufferSupplier (java.net.http@11.0.22)
 770:             1             32  jdk.internal.ref.CleanerImpl (java.base@11.0.22)
 771:             1             32  org.postgresql.core.SqlCommand
 772:             1             32  org.postgresql.core.v3.Portal
 773:             1             32  org.postgresql.hostchooser.GlobalHostStatusTracker$HostSpecStatus
 774:             1             32  org.postgresql.util.SharedTimer
 775:             1             32  sun.nio.ch.ServerSocketAdaptor (java.base@11.0.22)
 776:             2             32  sun.nio.ch.Util$2 (java.base@11.0.22)
 777:             1             32  sun.nio.cs.StandardCharsets (java.base@11.0.22)
 778:             1             32  sun.nio.fs.LinuxFileSystem (java.base@11.0.22)
 779:             1             32  sun.nio.fs.UnixFileKey (java.base@11.0.22)
 780:             2             32  sun.security.provider.FileInputStreamPool$UnclosableInputStream (java.base@11.0.22)
 781:             1             32  sun.security.provider.SecureRandom (java.base@11.0.22)
 782:             2             32  sun.security.ssl.SSLAlgorithmDecomposer (java.base@11.0.22)
 783:             2             32  sun.security.ssl.SSLCipher$NullReadCipherGenerator (java.base@11.0.22)
 784:             2             32  sun.security.ssl.SSLCipher$NullWriteCipherGenerator (java.base@11.0.22)
 785:             2             32  sun.security.ssl.SSLCipher$T12GcmReadCipherGenerator (java.base@11.0.22)
 786:             2             32  sun.security.ssl.SSLCipher$T12GcmWriteCipherGenerator (java.base@11.0.22)
 787:             2             32  sun.security.ssl.SSLCipher$T13GcmReadCipherGenerator (java.base@11.0.22)
 788:             2             32  sun.security.ssl.SSLCipher$T13GcmWriteCipherGenerator (java.base@11.0.22)
 789:             1             32  sun.security.ssl.SSLSocketImpl$AppInputStream (java.base@11.0.22)
 790:             2             32  sun.security.ssl.ServerHello$T12ServerHelloConsumer (java.base@11.0.22)
 791:             2             32  sun.security.ssl.ServerHello$T13HelloRetryRequestConsumer (java.base@11.0.22)
 792:             2             32  sun.security.ssl.ServerHello$T13ServerHelloConsumer (java.base@11.0.22)
 793:             1             32  sun.security.ssl.X509TrustManagerImpl (java.base@11.0.22)
 794:             2             32  sun.security.util.DisabledAlgorithmConstraints$Constraints (java.base@11.0.22)
 795:             1             32  sun.security.util.DisabledAlgorithmConstraints$DenyAfterConstraint (java.base@11.0.22)
 796:             1             32  sun.security.util.KnownOIDs$1 (java.base@11.0.22)
 797:             1             32  sun.security.util.KnownOIDs$10 (java.base@11.0.22)
 798:             1             32  sun.security.util.KnownOIDs$2 (java.base@11.0.22)
 799:             1             32  sun.security.util.KnownOIDs$3 (java.base@11.0.22)
 800:             1             32  sun.security.util.KnownOIDs$4 (java.base@11.0.22)
 801:             1             32  sun.security.util.KnownOIDs$5 (java.base@11.0.22)
 802:             1             32  sun.security.util.KnownOIDs$6 (java.base@11.0.22)
 803:             1             32  sun.security.util.KnownOIDs$7 (java.base@11.0.22)
 804:             1             32  sun.security.util.KnownOIDs$8 (java.base@11.0.22)
 805:             1             32  sun.security.util.KnownOIDs$9 (java.base@11.0.22)
 806:             1             32  sun.security.x509.AuthorityInfoAccessExtension (java.base@11.0.22)
 807:             1             32  sun.security.x509.NetscapeCertTypeExtension (java.base@11.0.22)
 808:             1             32  sun.security.x509.PrivateKeyUsageExtension (java.base@11.0.22)
 809:             2             32  sun.util.resources.LocaleData (java.base@11.0.22)
 810:             1             24  [Lcom.fasterxml.jackson.databind.cfg.EnumFeature;
 811:             1             24  [Lcom.fasterxml.jackson.databind.deser.KeyDeserializers;
 812:             1             24  [Ljava.io.File$PathStatus; (java.base@11.0.22)
 813:             1             24  [Ljava.net.InetAddress; (java.base@11.0.22)
 814:             1             24  [Ljava.net.StandardProtocolFamily; (java.base@11.0.22)
 815:             1             24  [Ljava.net.URL; (java.base@11.0.22)
 816:             1             24  [Ljava.net.http.HttpClient$Version; (java.net.http@11.0.22)
 817:             1             24  [Ljava.nio.channels.SelectionKey; (java.base@11.0.22)
 818:             1             24  [Ljava.time.ZoneOffset; (java.base@11.0.22)
 819:             1             24  [Ljava.time.chrono.IsoEra; (java.base@11.0.22)
 820:             1             24  [Ljava.util.Locale$Category; (java.base@11.0.22)
 821:             1             24  [Ljava.util.jar.Manifest; (java.base@11.0.22)
 822:             1             24  [Ljavax.net.ssl.KeyManager; (java.base@11.0.22)
 823:             1             24  [Ljavax.net.ssl.TrustManager; (java.base@11.0.22)
 824:             1             24  [Lorg.postgresql.core.JavaVersion;
 825:             1             24  [Lorg.postgresql.shaded.com.ongres.scram.common.stringprep.StringPreparations;
 826:             1             24  [Lsun.security.rsa.RSAUtil$KeyType; (java.base@11.0.22)
 827:             1             24  [Lsun.security.ssl.EphemeralKeyManager$EphemeralKeyPair; (java.base@11.0.22)
 828:             1             24  [Lsun.security.util.ObjectIdentifier; (java.base@11.0.22)
 829:             1             24  com.fasterxml.jackson.annotation.JsonFormat$Features
 830:             1             24  com.fasterxml.jackson.annotation.JsonSetter$Value
 831:             1             24  com.fasterxml.jackson.core.ErrorReportConfiguration
 832:             1             24  com.fasterxml.jackson.core.util.DefaultIndenter
 833:             1             24  com.fasterxml.jackson.databind.cfg.ContextAttributes$Impl
 834:             1             24  com.fasterxml.jackson.databind.cfg.DefaultCacheProvider
 835:             1             24  com.fasterxml.jackson.databind.cfg.MutableCoercionConfig
 836:             1             24  com.fasterxml.jackson.databind.cfg.SerializerFactoryConfig
 837:             1             24  com.fasterxml.jackson.databind.deser.DeserializerCache
 838:             1             24  com.fasterxml.jackson.databind.introspect.AnnotatedClass$Creators
 839:             1             24  com.fasterxml.jackson.databind.introspect.JacksonAnnotationIntrospector
 840:             1             24  com.fasterxml.jackson.databind.introspect.SimpleMixInResolver
 841:             1             24  com.fasterxml.jackson.databind.ser.SerializerCache
 842:             1             24  com.fasterxml.jackson.databind.ser.impl.FailingSerializer
 843:             1             24  com.fasterxml.jackson.databind.ser.std.UUIDSerializer
 844:             1             24  com.fasterxml.jackson.databind.util.internal.PrivateMaxEntriesMap$DrainStatus$1
 845:             1             24  com.fasterxml.jackson.databind.util.internal.PrivateMaxEntriesMap$DrainStatus$2
 846:             1             24  com.fasterxml.jackson.databind.util.internal.PrivateMaxEntriesMap$DrainStatus$3
 847:             1             24  com.fasterxml.jackson.databind.util.internal.PrivateMaxEntriesMap$WeightedValue
 848:             1             24  com.sun.crypto.provider.PBKDF2KeyImpl$$Lambda$104/0x0000000840137c40 (java.base@11.0.22)
 849:             1             24  com.sun.management.internal.PlatformMBeanProviderImpl$1 (jdk.management@11.0.22)
 850:             1             24  com.sun.management.internal.PlatformMBeanProviderImpl$2 (jdk.management@11.0.22)
 851:             1             24  com.sun.management.internal.PlatformMBeanProviderImpl$3 (jdk.management@11.0.22)
 852:             1             24  com.sun.management.internal.PlatformMBeanProviderImpl$4 (jdk.management@11.0.22)
 853:             1             24  com.sun.management.internal.PlatformMBeanProviderImpl$5 (jdk.management@11.0.22)
 854:             1             24  java.io.ByteArrayOutputStream (java.base@11.0.22)
 855:             1             24  java.lang.Double (java.base@11.0.22)
 856:             1             24  java.lang.StringBuilder (java.base@11.0.22)
 857:             1             24  java.lang.invoke.MethodType$ConcurrentWeakInternSet (java.base@11.0.22)
 858:             1             24  java.lang.invoke.StringConcatFactory$Stringifiers$StringifierAny (java.base@11.0.22)
 859:             1             24  java.lang.invoke.StringConcatFactory$Stringifiers$StringifierMost (java.base@11.0.22)
 860:             1             24  java.lang.management.DefaultPlatformMBeanProvider$1 (java.management@11.0.22)
 861:             1             24  java.lang.management.DefaultPlatformMBeanProvider$10 (java.management@11.0.22)
 862:             1             24  java.lang.management.DefaultPlatformMBeanProvider$11 (java.management@11.0.22)
 863:             1             24  java.lang.management.DefaultPlatformMBeanProvider$2 (java.management@11.0.22)
 864:             1             24  java.lang.management.DefaultPlatformMBeanProvider$3 (java.management@11.0.22)
 865:             1             24  java.lang.management.DefaultPlatformMBeanProvider$4 (java.management@11.0.22)
 866:             1             24  java.lang.management.DefaultPlatformMBeanProvider$5 (java.management@11.0.22)
 867:             1             24  java.lang.management.DefaultPlatformMBeanProvider$6 (java.management@11.0.22)
 868:             1             24  java.lang.management.DefaultPlatformMBeanProvider$7 (java.management@11.0.22)
 869:             1             24  java.lang.management.DefaultPlatformMBeanProvider$8 (java.management@11.0.22)
 870:             1             24  java.lang.management.DefaultPlatformMBeanProvider$9 (java.management@11.0.22)
 871:             1             24  java.net.Inet6Address (java.base@11.0.22)
 872:             1             24  java.net.Inet6AddressImpl (java.base@11.0.22)
 873:             1             24  java.net.Proxy (java.base@11.0.22)
 874:             1             24  java.security.AllPermissionCollection (java.base@11.0.22)
 875:             1             24  java.sql.DriverInfo (java.sql@11.0.22)
 876:             1             24  java.time.ZoneRegion (java.base@11.0.22)
 877:             1             24  java.time.ZonedDateTime (java.base@11.0.22)
 878:             1             24  java.util.BitSet (java.base@11.0.22)
 879:             1             24  java.util.Collections$EmptyMap (java.base@11.0.22)
 880:             1             24  java.util.Collections$SynchronizedCollection (java.base@11.0.22)
 881:             1             24  java.util.Locale$Cache (java.base@11.0.22)
 882:             1             24  java.util.ResourceBundle$Control$CandidateListCache (java.base@11.0.22)
 883:             1             24  java.util.ServiceLoader$2 (java.base@11.0.22)
 884:             1             24  java.util.TaskQueue (java.base@11.0.22)
 885:             1             24  java.util.Timer (java.base@11.0.22)
 886:             1             24  java.util.concurrent.ConcurrentSkipListMap$Index (java.base@11.0.22)
 887:             1             24  java.util.concurrent.CopyOnWriteArrayList$COWIterator (java.base@11.0.22)
 888:             1             24  java.util.concurrent.locks.AbstractQueuedSynchronizer$ConditionObject (java.base@11.0.22)
 889:             1             24  java.util.logging.LogManager$LoggerContext (java.logging@11.0.22)
 890:             1             24  java.util.regex.Pattern$Ques (java.base@11.0.22)
 891:             1             24  java.util.zip.ZipCoder$UTF8 (java.base@11.0.22)
 892:             1             24  java.util.zip.ZipFile$InflaterCleanupAction (java.base@11.0.22)
 893:             1             24  javax.crypto.CryptoAllPermissionCollection (java.base@11.0.22)
 894:             1             24  javax.net.ssl.SSLContext (java.base@11.0.22)
 895:             1             24  jdk.internal.jimage.ImageReader (java.base@11.0.22)
 896:             1             24  jdk.internal.loader.URLClassPath$FileLoader (java.base@11.0.22)
 897:             1             24  jdk.internal.logger.BootstrapLogger$RedirectedLoggers (java.base@11.0.22)
 898:             1             24  jdk.internal.module.ModuleHashes (java.base@11.0.22)
 899:             1             24  jdk.internal.module.SystemModuleFinders$SystemModuleFinder (java.base@11.0.22)
 900:             1             24  jdk.internal.net.http.ConnectionPool$ExpiryList (java.net.http@11.0.22)
 901:             1             24  jdk.internal.net.http.HttpClientImpl$DefaultThreadFactory (java.net.http@11.0.22)
 902:             1             24  jdk.internal.net.http.HttpClientImpl$DelegatingExecutor (java.net.http@11.0.22)
 903:             1             24  jdk.management.jfr.internal.FlightRecorderMXBeanProvider$SingleMBeanComponent (jdk.management.jfr@11.0.22)
 904:             1             24  org.postgresql.Driver
 905:             1             24  org.postgresql.core.AsciiStringInterner
 906:             1             24  org.postgresql.hostchooser.HostRequirement$1
 907:             1             24  org.postgresql.hostchooser.HostRequirement$2
 908:             1             24  org.postgresql.hostchooser.HostRequirement$3
 909:             1             24  org.postgresql.hostchooser.HostRequirement$4
 910:             1             24  org.postgresql.hostchooser.HostRequirement$5
 911:             1             24  org.postgresql.hostchooser.HostRequirement$6
 912:             1             24  org.postgresql.shaded.com.ongres.scram.common.bouncycastle.base64.Base64Encoder
 913:             1             24  org.postgresql.shaded.com.ongres.scram.common.stringprep.StringPreparations$1
 914:             1             24  org.postgresql.shaded.com.ongres.scram.common.stringprep.StringPreparations$2
 915:             1             24  org.postgresql.util.HostSpec
 916:             1             24  sun.management.MemoryImpl (java.management@11.0.22)
 917:             1             24  sun.management.VMManagementImpl (java.management@11.0.22)
 918:             1             24  sun.net.httpserver.ServerImpl$Dispatcher (jdk.httpserver@11.0.22)
 919:             1             24  sun.net.sdp.SdpProvider (java.base@11.0.22)
 920:             1             24  sun.net.www.protocol.http.Handler (java.base@11.0.22)
 921:             1             24  sun.nio.cs.ISO_8859_1 (java.base@11.0.22)
 922:             1             24  sun.nio.cs.ThreadLocalCoders$1 (java.base@11.0.22)
 923:             1             24  sun.nio.cs.ThreadLocalCoders$2 (java.base@11.0.22)
 924:             1             24  sun.nio.cs.US_ASCII (java.base@11.0.22)
 925:             1             24  sun.nio.cs.UTF_16 (java.base@11.0.22)
 926:             1             24  sun.nio.cs.UTF_16BE (java.base@11.0.22)
 927:             1             24  sun.nio.cs.UTF_16LE (java.base@11.0.22)
 928:             1             24  sun.nio.cs.UTF_8 (java.base@11.0.22)
 929:             1             24  sun.reflect.annotation.AnnotationInvocationHandler (java.base@11.0.22)
 930:             1             24  sun.security.ssl.HandshakeHash (java.base@11.0.22)
 931:             1             24  sun.security.ssl.SSLSocketImpl$AppOutputStream (java.base@11.0.22)
 932:             1             24  sun.security.ssl.SunX509KeyManagerImpl (java.base@11.0.22)
 933:             1             24  sun.security.ssl.TrustStoreManager$TrustAnchorManager (java.base@11.0.22)
 934:             1             24  sun.security.util.DisabledAlgorithmConstraints$jdkCAConstraint (java.base@11.0.22)
 935:             1             24  sun.text.normalizer.Norm2AllModes (java.base@11.0.22)
 936:             1             24  sun.text.normalizer.Norm2AllModes$ComposeNormalizer2 (java.base@11.0.22)
 937:             1             24  sun.text.normalizer.Norm2AllModes$Norm2AllModesSingleton (java.base@11.0.22)
 938:             1             24  sun.util.cldr.CLDRCalendarDataProviderImpl (java.base@11.0.22)
 939:             1             24  sun.util.locale.BaseLocale$Cache (java.base@11.0.22)
 940:             1             24  sun.util.locale.provider.CalendarProviderImpl (java.base@11.0.22)
 941:             1             24  sun.util.locale.provider.DateFormatSymbolsProviderImpl (java.base@11.0.22)
 942:             1             24  sun.util.locale.provider.DecimalFormatSymbolsProviderImpl (java.base@11.0.22)
 943:             1             24  sun.util.locale.provider.LocaleServiceProviderPool (java.base@11.0.22)
 944:             1             24  sun.util.locale.provider.NumberFormatProviderImpl (java.base@11.0.22)
 945:             1             16  [Lcom.fasterxml.jackson.databind.AbstractTypeResolver;
 946:             1             16  [Lcom.fasterxml.jackson.databind.deser.BeanDeserializerModifier;
 947:             1             16  [Lcom.fasterxml.jackson.databind.deser.ValueInstantiators;
 948:             1             16  [Lcom.fasterxml.jackson.databind.ser.BeanSerializerModifier;
 949:             1             16  [Lcom.fasterxml.jackson.databind.ser.Serializers;
 950:             1             16  [Lcom.fasterxml.jackson.databind.util.ClassUtil$Ctor;
 951:             1             16  [Ljava.lang.Throwable; (java.base@11.0.22)
 952:             1             16  [Ljava.nio.file.attribute.FileAttribute; (java.base@11.0.22)
 953:             1             16  [Ljava.security.Provider; (java.base@11.0.22)
 954:             1             16  [Ljava.security.cert.Certificate; (java.base@11.0.22)
 955:             1             16  [Ljava.text.FieldPosition; (java.base@11.0.22)
 956:             1             16  [Ljava.time.LocalDateTime; (java.base@11.0.22)
 957:             1             16  [Ljava.time.zone.ZoneOffsetTransitionRule; (java.base@11.0.22)
 958:             1             16  [Ljava.util.logging.Handler; (java.logging@11.0.22)
 959:             1             16  [Lorg.postgresql.core.Field;
 960:             1             16  OrderService.OrderService$killHandler
 961:             1             16  OrderService.OrderService$orderHandler
 962:             1             16  OrderService.OrderService$productHandler
 963:             1             16  OrderService.OrderService$userHandler
 964:             1             16  OrderService.OrderService$userPurchasedHandler
 965:             1             16  com.fasterxml.jackson.core.StreamWriteConstraints
 966:             1             16  com.fasterxml.jackson.core.io.JsonStringEncoder
 967:             1             16  com.fasterxml.jackson.core.util.DefaultPrettyPrinter$FixedSpaceIndenter
 968:             1             16  com.fasterxml.jackson.core.util.DefaultPrettyPrinter$NopIndenter
 969:             1             16  com.fasterxml.jackson.core.util.JacksonFeatureSet
 970:             1             16  com.fasterxml.jackson.core.util.JsonRecyclerPools$ThreadLocalPool
 971:             1             16  com.fasterxml.jackson.databind.deser.BeanDeserializerFactory
 972:             1             16  com.fasterxml.jackson.databind.deser.std.StdKeyDeserializers
 973:             1             16  com.fasterxml.jackson.databind.ext.Java7SupportImpl
 974:             1             16  com.fasterxml.jackson.databind.introspect.AnnotationCollector$NoAnnotations
 975:             1             16  com.fasterxml.jackson.databind.introspect.BasicClassIntrospector
 976:             1             16  com.fasterxml.jackson.databind.jsontype.impl.LaissezFaireSubTypeValidator
 977:             1             16  com.fasterxml.jackson.databind.jsontype.impl.StdSubtypeResolver
 978:             1             16  com.fasterxml.jackson.databind.node.JsonNodeFactory
 979:             1             16  com.fasterxml.jackson.databind.node.TextNode
 980:             1             16  com.fasterxml.jackson.databind.ser.BeanSerializerFactory
 981:             1             16  com.fasterxml.jackson.databind.ser.impl.UnknownSerializer
 982:             1             16  com.fasterxml.jackson.databind.ser.std.NullSerializer
 983:             1             16  com.fasterxml.jackson.databind.ser.std.StringSerializer
 984:             1             16  com.fasterxml.jackson.databind.type.TypeParser
 985:             1             16  com.fasterxml.jackson.databind.util.RootNameLookup
 986:             1             16  com.sun.management.internal.PlatformMBeanProviderImpl (jdk.management@11.0.22)
 987:             1             16  com.sun.management.internal.PlatformMBeanProviderImpl$$Lambda$81/0x000000084010d840 (jdk.management@11.0.22)
 988:             1             16  com.sun.proxy.jdk.proxy1.$Proxy1 (jdk.proxy1@)
 989:             1             16  java.io.FileDescriptor$1 (java.base@11.0.22)
 990:             1             16  java.io.FilePermission$1 (java.base@11.0.22)
 991:             1             16  java.io.RandomAccessFile$2 (java.base@11.0.22)
 992:             1             16  java.lang.ApplicationShutdownHooks$1 (java.base@11.0.22)
 993:             1             16  java.lang.CharacterData00 (java.base@11.0.22)
 994:             1             16  java.lang.CharacterDataLatin1 (java.base@11.0.22)
 995:             1             16  java.lang.Float (java.base@11.0.22)
 996:             1             16  java.lang.InheritableThreadLocal (java.base@11.0.22)
 997:             1             16  java.lang.Module$$Lambda$72/0x0000000840108440 (java.base@11.0.22)
 998:             1             16  java.lang.Runtime (java.base@11.0.22)
 999:             1             16  java.lang.SecurityManager$$Lambda$35/0x0000000840083440 (java.base@11.0.22)
1000:             1             16  java.lang.SecurityManager$$Lambda$37/0x0000000840084040 (java.base@11.0.22)
1001:             1             16  java.lang.SecurityManager$$Lambda$38/0x0000000840084440 (java.base@11.0.22)
1002:             1             16  java.lang.SecurityManager$$Lambda$39/0x0000000840084c40 (java.base@11.0.22)
1003:             1             16  java.lang.SecurityManager$$Lambda$40/0x0000000840085040 (java.base@11.0.22)
1004:             1             16  java.lang.SecurityManager$$Lambda$41/0x0000000840085440 (java.base@11.0.22)
1005:             1             16  java.lang.SecurityManager$$Lambda$43/0x0000000840085c40 (java.base@11.0.22)
1006:             1             16  java.lang.SecurityManager$$Lambda$44/0x0000000840086040 (java.base@11.0.22)
1007:             1             16  java.lang.String$CaseInsensitiveComparator (java.base@11.0.22)
1008:             1             16  java.lang.StringCoding$1 (java.base@11.0.22)
1009:             1             16  java.lang.System$2 (java.base@11.0.22)
1010:             1             16  java.lang.System$LoggerFinder$$Lambda$66/0x00000008400fcc40 (java.base@11.0.22)
1011:             1             16  java.lang.Terminator$1 (java.base@11.0.22)
1012:             1             16  java.lang.invoke.ClassSpecializer$1 (java.base@11.0.22)
1013:             1             16  java.lang.invoke.MemberName$Factory (java.base@11.0.22)
1014:             1             16  java.lang.invoke.MethodHandleImpl$1 (java.base@11.0.22)
1015:             1             16  java.lang.invoke.StringConcatFactory$MethodHandleInlineCopyStrategy$1 (java.base@11.0.22)
1016:             1             16  java.lang.invoke.StringConcatFactory$MethodHandleInlineCopyStrategy$2 (java.base@11.0.22)
1017:             1             16  java.lang.invoke.StringConcatFactory$MethodHandleInlineCopyStrategy$3 (java.base@11.0.22)
1018:             1             16  java.lang.invoke.VarHandle$1 (java.base@11.0.22)
1019:             1             16  java.lang.management.DefaultPlatformMBeanProvider (java.management@11.0.22)
1020:             1             16  java.lang.management.ManagementFactory$$Lambda$78/0x000000084010ec40 (java.management@11.0.22)
1021:             1             16  java.lang.management.ManagementFactory$PlatformMBeanFinder$$Lambda$79/0x000000084010e040 (java.management@11.0.22)
1022:             1             16  java.lang.management.ManagementFactory$PlatformMBeanFinder$$Lambda$86/0x000000084010cc40 (java.management@11.0.22)
1023:             1             16  java.lang.management.ManagementFactory$PlatformMBeanFinder$$Lambda$87/0x000000084010c040 (java.management@11.0.22)
1024:             1             16  java.lang.management.ManagementFactory$PlatformMBeanFinder$$Lambda$89/0x000000084010bc40 (java.management@11.0.22)
1025:             1             16  java.lang.management.ManagementFactory$PlatformMBeanFinder$$Lambda$93/0x000000084010a040 (java.management@11.0.22)
1026:             1             16  java.lang.management.ManagementFactory$PlatformMBeanFinder$$Lambda$94/0x000000084010a440 (java.management@11.0.22)
1027:             1             16  java.lang.module.ModuleDescriptor$1 (java.base@11.0.22)
1028:             1             16  java.lang.module.ModuleDescriptor$Builder$$Lambda$71/0x0000000840108040 (java.base@11.0.22)
1029:             1             16  java.lang.ref.Cleaner (java.base@11.0.22)
1030:             1             16  java.lang.ref.Cleaner$1 (java.base@11.0.22)
1031:             1             16  java.lang.ref.Reference$1 (java.base@11.0.22)
1032:             1             16  java.lang.reflect.Proxy$$Lambda$68/0x00000008400fdc40 (java.base@11.0.22)
1033:             1             16  java.lang.reflect.Proxy$ProxyBuilder$$Lambda$70/0x00000008400fd440 (java.base@11.0.22)
1034:             1             16  java.lang.reflect.ReflectAccess (java.base@11.0.22)
1035:             1             16  java.math.BigDecimal$1 (java.base@11.0.22)
1036:             1             16  java.net.InetAddress$2 (java.base@11.0.22)
1037:             1             16  java.net.InetAddress$PlatformNameService (java.base@11.0.22)
1038:             1             16  java.net.ServerSocket$2 (java.base@11.0.22)
1039:             1             16  java.net.URI$1 (java.base@11.0.22)
1040:             1             16  java.net.URL$3 (java.base@11.0.22)
1041:             1             16  java.net.URL$DefaultFactory (java.base@11.0.22)
1042:             1             16  java.nio.Bits$1 (java.base@11.0.22)
1043:             1             16  java.nio.Buffer$1 (java.base@11.0.22)
1044:             1             16  java.security.AllPermission (java.base@11.0.22)
1045:             1             16  java.security.ProtectionDomain$JavaSecurityAccessImpl (java.base@11.0.22)
1046:             1             16  java.security.Signature$1 (java.base@11.0.22)
1047:             1             16  java.util.Collections$EmptyEnumeration (java.base@11.0.22)
1048:             1             16  java.util.Collections$EmptyIterator (java.base@11.0.22)
1049:             1             16  java.util.Collections$EmptyList (java.base@11.0.22)
1050:             1             16  java.util.Collections$EmptySet (java.base@11.0.22)
1051:             1             16  java.util.Collections$UnmodifiableCollection (java.base@11.0.22)
1052:             1             16  java.util.EnumMap$1 (java.base@11.0.22)
1053:             1             16  java.util.IdentityHashMap$Values (java.base@11.0.22)
1054:             1             16  java.util.LinkedHashMap$LinkedValues (java.base@11.0.22)
1055:             1             16  java.util.ResourceBundle$1 (java.base@11.0.22)
1056:             1             16  java.util.ResourceBundle$Control (java.base@11.0.22)
1057:             1             16  java.util.Spliterators$EmptySpliterator$OfDouble (java.base@11.0.22)
1058:             1             16  java.util.Spliterators$EmptySpliterator$OfInt (java.base@11.0.22)
1059:             1             16  java.util.Spliterators$EmptySpliterator$OfLong (java.base@11.0.22)
1060:             1             16  java.util.Spliterators$EmptySpliterator$OfRef (java.base@11.0.22)
1061:             1             16  java.util.Timer$1 (java.base@11.0.22)
1062:             1             16  java.util.concurrent.CompletableFuture$AltResult (java.base@11.0.22)
1063:             1             16  java.util.concurrent.ConcurrentSkipListMap$KeySet (java.base@11.0.22)
1064:             1             16  java.util.concurrent.ConcurrentSkipListSet (java.base@11.0.22)
1065:             1             16  java.util.concurrent.ForkJoinPool$DefaultForkJoinWorkerThreadFactory (java.base@11.0.22)
1066:             1             16  java.util.concurrent.SynchronousQueue$TransferStack (java.base@11.0.22)
1067:             1             16  java.util.concurrent.ThreadPoolExecutor$AbortPolicy (java.base@11.0.22)
1068:             1             16  java.util.function.Function$$Lambda$88/0x000000084010c440 (java.base@11.0.22)
1069:             1             16  java.util.function.Predicate$$Lambda$10/0x0000000840062c40 (java.base@11.0.22)
1070:             1             16  java.util.jar.JavaUtilJarAccessImpl (java.base@11.0.22)
1071:             1             16  java.util.logging.Level$$Lambda$60/0x00000008400fb440 (java.logging@11.0.22)
1072:             1             16  java.util.logging.Level$KnownLevel$$Lambda$61/0x00000008400fb840 (java.logging@11.0.22)
1073:             1             16  java.util.logging.LogManager$LoggingProviderAccess (java.logging@11.0.22)
1074:             1             16  java.util.logging.LogManager$VisitedLoggers (java.logging@11.0.22)
1075:             1             16  java.util.regex.CharPredicates$$Lambda$29/0x0000000840081840 (java.base@11.0.22)
1076:             1             16  java.util.regex.CharPredicates$$Lambda$30/0x0000000840081c40 (java.base@11.0.22)
1077:             1             16  java.util.regex.Pattern$$Lambda$28/0x0000000840081440 (java.base@11.0.22)
1078:             1             16  java.util.regex.Pattern$1 (java.base@11.0.22)
1079:             1             16  java.util.regex.Pattern$LastNode (java.base@11.0.22)
1080:             1             16  java.util.regex.Pattern$Node (java.base@11.0.22)
1081:             1             16  java.util.stream.Collectors$$Lambda$100/0x0000000840130440 (java.base@11.0.22)
1082:             1             16  java.util.stream.Collectors$$Lambda$101/0x0000000840130840 (java.base@11.0.22)
1083:             1             16  java.util.stream.Collectors$$Lambda$14/0x0000000840078c40 (java.base@11.0.22)
1084:             1             16  java.util.stream.Collectors$$Lambda$15/0x0000000840079040 (java.base@11.0.22)
1085:             1             16  java.util.stream.Collectors$$Lambda$16/0x0000000840079440 (java.base@11.0.22)
1086:             1             16  java.util.stream.Collectors$$Lambda$17/0x0000000840079840 (java.base@11.0.22)
1087:             1             16  java.util.stream.Collectors$$Lambda$82/0x000000084010dc40 (java.base@11.0.22)
1088:             1             16  java.util.stream.Collectors$$Lambda$83/0x000000084010d040 (java.base@11.0.22)
1089:             1             16  java.util.stream.Collectors$$Lambda$84/0x000000084010d440 (java.base@11.0.22)
1090:             1             16  java.util.stream.Collectors$$Lambda$85/0x000000084010c840 (java.base@11.0.22)
1091:             1             16  java.util.stream.Collectors$$Lambda$90/0x000000084010b040 (java.base@11.0.22)
1092:             1             16  java.util.stream.Collectors$$Lambda$99/0x0000000840130040 (java.base@11.0.22)
1093:             1             16  java.util.stream.FindOps$FindSink$OfRef$$Lambda$62/0x00000008400fbc40 (java.base@11.0.22)
1094:             1             16  java.util.stream.FindOps$FindSink$OfRef$$Lambda$63/0x00000008400fc040 (java.base@11.0.22)
1095:             1             16  java.util.stream.FindOps$FindSink$OfRef$$Lambda$64/0x00000008400fc440 (java.base@11.0.22)
1096:             1             16  java.util.stream.FindOps$FindSink$OfRef$$Lambda$65/0x00000008400fc840 (java.base@11.0.22)
1097:             1             16  java.util.zip.ZipFile$1 (java.base@11.0.22)
1098:             1             16  javax.crypto.JceSecurityManager (java.base@11.0.22)
1099:             1             16  javax.net.DefaultSocketFactory (java.base@11.0.22)
1100:             1             16  jdk.internal.jimage.ImageReaderFactory$1 (java.base@11.0.22)
1101:             1             16  jdk.internal.jimage.ImageStringsReader (java.base@11.0.22)
1102:             1             16  jdk.internal.jimage.decompressor.Decompressor (java.base@11.0.22)
1103:             1             16  jdk.internal.logger.LazyLoggers$1 (java.base@11.0.22)
1104:             1             16  jdk.internal.logger.LazyLoggers$LazyLoggerFactories (java.base@11.0.22)
1105:             1             16  jdk.internal.math.FloatingDecimal$1 (java.base@11.0.22)
1106:             1             16  jdk.internal.misc.TerminatingThreadLocal$1 (java.base@11.0.22)
1107:             1             16  jdk.internal.misc.Unsafe (java.base@11.0.22)
1108:             1             16  jdk.internal.module.ModulePatcher (java.base@11.0.22)
1109:             1             16  jdk.internal.module.ModuleTarget (java.base@11.0.22)
1110:             1             16  jdk.internal.module.SystemModules$default (java.base@11.0.22)
1111:             1             16  jdk.internal.net.http.FilterFactory (java.net.http@11.0.22)
1112:             1             16  jdk.internal.net.http.HttpClientFacade (java.net.http@11.0.22)
1113:             1             16  jdk.internal.net.http.HttpClientImpl$$Lambda$47/0x0000000840088040 (java.net.http@11.0.22)
1114:             1             16  jdk.internal.net.http.HttpClientImpl$$Lambda$49/0x0000000840088840 (java.net.http@11.0.22)
1115:             1             16  jdk.internal.net.http.HttpClientImpl$$Lambda$50/0x0000000840088c40 (java.net.http@11.0.22)
1116:             1             16  jdk.internal.net.http.common.DebugLogger$$Lambda$23/0x000000084007b040 (java.net.http@11.0.22)
1117:             1             16  jdk.internal.net.http.common.DebugLogger$$Lambda$24/0x000000084007b440 (java.net.http@11.0.22)
1118:             1             16  jdk.internal.net.http.common.DebugLogger$$Lambda$25/0x000000084007b840 (java.net.http@11.0.22)
1119:             1             16  jdk.internal.net.http.common.Utils$$Lambda$11/0x0000000840078040 (java.net.http@11.0.22)
1120:             1             16  jdk.internal.net.http.common.Utils$$Lambda$12/0x0000000840078440 (java.net.http@11.0.22)
1121:             1             16  jdk.internal.net.http.common.Utils$$Lambda$13/0x0000000840078840 (java.net.http@11.0.22)
1122:             1             16  jdk.internal.net.http.common.Utils$$Lambda$18/0x0000000840079c40 (java.net.http@11.0.22)
1123:             1             16  jdk.internal.net.http.common.Utils$$Lambda$19/0x000000084007a040 (java.net.http@11.0.22)
1124:             1             16  jdk.internal.net.http.common.Utils$$Lambda$20/0x000000084007a440 (java.net.http@11.0.22)
1125:             1             16  jdk.internal.net.http.common.Utils$$Lambda$4/0x0000000840064840 (java.net.http@11.0.22)
1126:             1             16  jdk.internal.net.http.common.Utils$$Lambda$6/0x0000000840064440 (java.net.http@11.0.22)
1127:             1             16  jdk.internal.net.http.common.Utils$$Lambda$7/0x0000000840063840 (java.net.http@11.0.22)
1128:             1             16  jdk.internal.net.http.common.Utils$$Lambda$8/0x0000000840063c40 (java.net.http@11.0.22)
1129:             1             16  jdk.internal.net.http.common.Utils$$Lambda$9/0x0000000840063440 (java.net.http@11.0.22)
1130:             1             16  jdk.internal.perf.Perf (java.base@11.0.22)
1131:             1             16  jdk.internal.reflect.GeneratedConstructorAccessor1 (java.base@11.0.22)
1132:             1             16  jdk.internal.reflect.GeneratedConstructorAccessor2 (java.base@11.0.22)
1133:             1             16  jdk.internal.reflect.GeneratedConstructorAccessor3 (java.base@11.0.22)
1134:             1             16  jdk.internal.reflect.GeneratedConstructorAccessor4 (java.base@11.0.22)
1135:             1             16  jdk.internal.reflect.GeneratedConstructorAccessor5 (java.base@11.0.22)
1136:             1             16  jdk.internal.reflect.ReflectionFactory (java.base@11.0.22)
1137:             1             16  jdk.internal.util.Preconditions$1 (java.base@11.0.22)
1138:             1             16  jdk.net.ExtendedSocketOptions$1 (jdk.net@11.0.22)
1139:             1             16  jdk.net.LinuxSocketOptions (jdk.net@11.0.22)
1140:             1             16  jdk.net.LinuxSocketOptions$$Lambda$51/0x0000000840089040 (jdk.net@11.0.22)
1141:             1             16  org.postgresql.Driver$$Lambda$74/0x0000000840108c40
1142:             1             16  org.postgresql.util.LazyCleaner$$Lambda$105/0x0000000840137040
1143:             1             16  org.postgresql.util.LazyCleaner$1
1144:             1             16  sun.net.httpserver.ContextList (jdk.httpserver@11.0.22)
1145:             1             16  sun.net.httpserver.DefaultHttpServerProvider (jdk.httpserver@11.0.22)
1146:             1             16  sun.net.httpserver.HttpServerImpl (jdk.httpserver@11.0.22)
1147:             1             16  sun.net.spi.DefaultProxySelector (java.base@11.0.22)
1148:             1             16  sun.net.www.protocol.file.Handler (java.base@11.0.22)
1149:             1             16  sun.net.www.protocol.jar.Handler (java.base@11.0.22)
1150:             1             16  sun.net.www.protocol.jar.JarFileFactory (java.base@11.0.22)
1151:             1             16  sun.net.www.protocol.jrt.Handler (java.base@11.0.22)
1152:             1             16  sun.nio.ch.EPollSelectorProvider (java.base@11.0.22)
1153:             1             16  sun.nio.ch.Net$1 (java.base@11.0.22)
1154:             1             16  sun.nio.ch.SocketDispatcher (java.base@11.0.22)
1155:             1             16  sun.nio.ch.Util$1 (java.base@11.0.22)
1156:             1             16  sun.nio.fs.LinuxFileSystemProvider (java.base@11.0.22)
1157:             1             16  sun.nio.fs.NativeBuffers$1 (java.base@11.0.22)
1158:             1             16  sun.security.jca.ProviderConfig$ProviderLoader (java.base@11.0.22)
1159:             1             16  sun.security.provider.NativePRNG (java.base@11.0.22)
1160:             1             16  sun.security.ssl.CertificateMessage$T12CertificateConsumer (java.base@11.0.22)
1161:             1             16  sun.security.ssl.CertificateMessage$T12CertificateProducer (java.base@11.0.22)
1162:             1             16  sun.security.ssl.CertificateMessage$T13CertificateConsumer (java.base@11.0.22)
1163:             1             16  sun.security.ssl.CertificateMessage$T13CertificateProducer (java.base@11.0.22)
1164:             1             16  sun.security.ssl.CertificateRequest$T10CertificateRequestConsumer (java.base@11.0.22)
1165:             1             16  sun.security.ssl.CertificateRequest$T10CertificateRequestProducer (java.base@11.0.22)
1166:             1             16  sun.security.ssl.CertificateRequest$T12CertificateRequestConsumer (java.base@11.0.22)
1167:             1             16  sun.security.ssl.CertificateRequest$T12CertificateRequestProducer (java.base@11.0.22)
1168:             1             16  sun.security.ssl.CertificateRequest$T13CertificateRequestConsumer (java.base@11.0.22)
1169:             1             16  sun.security.ssl.CertificateRequest$T13CertificateRequestProducer (java.base@11.0.22)
1170:             1             16  sun.security.ssl.CertificateStatus$CertificateStatusAbsence (java.base@11.0.22)
1171:             1             16  sun.security.ssl.CertificateStatus$CertificateStatusConsumer (java.base@11.0.22)
1172:             1             16  sun.security.ssl.CertificateStatus$CertificateStatusProducer (java.base@11.0.22)
1173:             1             16  sun.security.ssl.CertificateVerify$S30CertificateVerifyConsumer (java.base@11.0.22)
1174:             1             16  sun.security.ssl.CertificateVerify$S30CertificateVerifyProducer (java.base@11.0.22)
1175:             1             16  sun.security.ssl.CertificateVerify$T10CertificateVerifyConsumer (java.base@11.0.22)
1176:             1             16  sun.security.ssl.CertificateVerify$T10CertificateVerifyProducer (java.base@11.0.22)
1177:             1             16  sun.security.ssl.CertificateVerify$T12CertificateVerifyConsumer (java.base@11.0.22)
1178:             1             16  sun.security.ssl.CertificateVerify$T12CertificateVerifyProducer (java.base@11.0.22)
1179:             1             16  sun.security.ssl.CertificateVerify$T13CertificateVerifyConsumer (java.base@11.0.22)
1180:             1             16  sun.security.ssl.CertificateVerify$T13CertificateVerifyProducer (java.base@11.0.22)
1181:             1             16  sun.security.ssl.ClientHello$ClientHelloConsumer (java.base@11.0.22)
1182:             1             16  sun.security.ssl.ClientHello$ClientHelloKickstartProducer (java.base@11.0.22)
1183:             1             16  sun.security.ssl.ClientHello$ClientHelloProducer (java.base@11.0.22)
1184:             1             16  sun.security.ssl.ClientHello$D12ClientHelloConsumer (java.base@11.0.22)
1185:             1             16  sun.security.ssl.ClientHello$D13ClientHelloConsumer (java.base@11.0.22)
1186:             1             16  sun.security.ssl.ClientHello$T12ClientHelloConsumer (java.base@11.0.22)
1187:             1             16  sun.security.ssl.ClientHello$T13ClientHelloConsumer (java.base@11.0.22)
1188:             1             16  sun.security.ssl.ClientKeyExchange$ClientKeyExchangeConsumer (java.base@11.0.22)
1189:             1             16  sun.security.ssl.ClientKeyExchange$ClientKeyExchangeProducer (java.base@11.0.22)
1190:             1             16  sun.security.ssl.EncryptedExtensions$EncryptedExtensionsConsumer (java.base@11.0.22)
1191:             1             16  sun.security.ssl.EncryptedExtensions$EncryptedExtensionsProducer (java.base@11.0.22)
1192:             1             16  sun.security.ssl.EphemeralKeyManager (java.base@11.0.22)
1193:             1             16  sun.security.ssl.Finished$T12FinishedConsumer (java.base@11.0.22)
1194:             1             16  sun.security.ssl.Finished$T12FinishedProducer (java.base@11.0.22)
1195:             1             16  sun.security.ssl.Finished$T13FinishedConsumer (java.base@11.0.22)
1196:             1             16  sun.security.ssl.Finished$T13FinishedProducer (java.base@11.0.22)
1197:             1             16  sun.security.ssl.HandshakeHash$CacheOnlyHash (java.base@11.0.22)
1198:             1             16  sun.security.ssl.HelloRequest$HelloRequestConsumer (java.base@11.0.22)
1199:             1             16  sun.security.ssl.HelloRequest$HelloRequestKickstartProducer (java.base@11.0.22)
1200:             1             16  sun.security.ssl.HelloRequest$HelloRequestProducer (java.base@11.0.22)
1201:             1             16  sun.security.ssl.HelloVerifyRequest$HelloVerifyRequestConsumer (java.base@11.0.22)
1202:             1             16  sun.security.ssl.HelloVerifyRequest$HelloVerifyRequestProducer (java.base@11.0.22)
1203:             1             16  sun.security.ssl.KeyUpdate$KeyUpdateConsumer (java.base@11.0.22)
1204:             1             16  sun.security.ssl.KeyUpdate$KeyUpdateKickstartProducer (java.base@11.0.22)
1205:             1             16  sun.security.ssl.KeyUpdate$KeyUpdateProducer (java.base@11.0.22)
1206:             1             16  sun.security.ssl.NamedGroup$ECDHEScheme (java.base@11.0.22)
1207:             1             16  sun.security.ssl.NamedGroup$FFDHEScheme (java.base@11.0.22)
1208:             1             16  sun.security.ssl.NamedGroup$XDHScheme (java.base@11.0.22)
1209:             1             16  sun.security.ssl.NewSessionTicket$NewSessionTicketConsumer (java.base@11.0.22)
1210:             1             16  sun.security.ssl.NewSessionTicket$NewSessionTicketKickstartProducer (java.base@11.0.22)
1211:             1             16  sun.security.ssl.NewSessionTicket$NewSessionTicketProducer (java.base@11.0.22)
1212:             1             16  sun.security.ssl.SSLCipher$T12CC20P1305ReadCipherGenerator (java.base@11.0.22)
1213:             1             16  sun.security.ssl.SSLCipher$T12CC20P1305WriteCipherGenerator (java.base@11.0.22)
1214:             1             16  sun.security.ssl.SSLCipher$T13CC20P1305ReadCipherGenerator (java.base@11.0.22)
1215:             1             16  sun.security.ssl.SSLCipher$T13CC20P1305WriteCipherGenerator (java.base@11.0.22)
1216:             1             16  sun.security.ssl.ServerHello$ServerHelloConsumer (java.base@11.0.22)
1217:             1             16  sun.security.ssl.ServerHello$T12ServerHelloProducer (java.base@11.0.22)
1218:             1             16  sun.security.ssl.ServerHello$T13HelloRetryRequestProducer (java.base@11.0.22)
1219:             1             16  sun.security.ssl.ServerHello$T13HelloRetryRequestReproducer (java.base@11.0.22)
1220:             1             16  sun.security.ssl.ServerHello$T13ServerHelloProducer (java.base@11.0.22)
1221:             1             16  sun.security.ssl.ServerHelloDone$ServerHelloDoneConsumer (java.base@11.0.22)
1222:             1             16  sun.security.ssl.ServerHelloDone$ServerHelloDoneProducer (java.base@11.0.22)
1223:             1             16  sun.security.ssl.ServerKeyExchange$ServerKeyExchangeConsumer (java.base@11.0.22)
1224:             1             16  sun.security.ssl.ServerKeyExchange$ServerKeyExchangeProducer (java.base@11.0.22)
1225:             1             16  sun.security.ssl.SessionId (java.base@11.0.22)
1226:             1             16  sun.security.util.ByteArrayLexOrder (java.base@11.0.22)
1227:             1             16  sun.security.util.ByteArrayTagOrder (java.base@11.0.22)
1228:             1             16  sun.security.util.KeyStoreDelegator$$Lambda$46/0x0000000840086840 (java.base@11.0.22)
1229:             1             16  sun.text.normalizer.Norm2AllModes$DecomposeNormalizer2 (java.base@11.0.22)
1230:             1             16  sun.text.normalizer.Norm2AllModes$NoopNormalizer2 (java.base@11.0.22)
1231:             1             16  sun.text.normalizer.NormalizerBase$ModeImpl (java.base@11.0.22)
1232:             1             16  sun.text.normalizer.NormalizerBase$NFCMode (java.base@11.0.22)
1233:             1             16  sun.text.normalizer.NormalizerBase$NFDMode (java.base@11.0.22)
1234:             1             16  sun.text.normalizer.NormalizerBase$NFKCMode (java.base@11.0.22)
1235:             1             16  sun.text.normalizer.NormalizerBase$NFKDMode (java.base@11.0.22)
1236:             1             16  sun.text.normalizer.NormalizerBase$NONEMode (java.base@11.0.22)
1237:             1             16  sun.text.normalizer.NormalizerImpl$IsAcceptable (java.base@11.0.22)
1238:             1             16  sun.text.normalizer.Trie2$1 (java.base@11.0.22)
1239:             1             16  sun.text.normalizer.VersionInfo (java.base@11.0.22)
1240:             1             16  sun.util.calendar.Gregorian (java.base@11.0.22)
1241:             1             16  sun.util.cldr.CLDRBaseLocaleDataMetaInfo (java.base@11.0.22)
1242:             1             16  sun.util.locale.InternalLocaleBuilder$CaseInsensitiveChar (java.base@11.0.22)
1243:             1             16  sun.util.locale.provider.CalendarDataUtility$CalendarWeekParameterGetter (java.base@11.0.22)
1244:             1             16  sun.util.logging.internal.LoggingProviderImpl (java.logging@11.0.22)
1245:             1             16  sun.util.resources.LocaleData$LocaleDataStrategy (java.base@11.0.22)
1246:             1             16  sun.util.resources.cldr.provider.CLDRLocaleDataMetaInfo (jdk.localedata@11.0.22)
Total        107312        5018360
64726:
 garbage-first heap   total 27648K, used 4900K [0x0000000084200000, 0x0000000100000000)
  region size 1024K, 1 young (1024K), 0 survivors (0K)
 Metaspace       used 12834K, capacity 13242K, committed 13312K, reserved 1060864K
  class space    used 1352K, capacity 1522K, committed 1536K, reserved 1048576K
64726:
2024-03-12 18:23:17
Full thread dump OpenJDK 64-Bit Server VM (11.0.22+7-post-Ubuntu-0ubuntu222.04.1 mixed mode, sharing):

Threads class SMR info:
_java_thread_list=0x00007fc33401a940, length=21, elements={
0x00007fc39412b000, 0x00007fc39412d000, 0x00007fc394135800, 0x00007fc394137800,
0x00007fc394139800, 0x00007fc39413b800, 0x00007fc39413d800, 0x00007fc394199000,
0x00007fc394321800, 0x00007fc39452e000, 0x00007fc394567000, 0x00007fc39456e800,
0x00007fc394015800, 0x00007fc348001000, 0x00007fc310005800, 0x00007fc32802c800,
0x00007fc324003800, 0x00007fc308039000, 0x00007fc344276800, 0x00007fc334017000,
0x00007fc334019000
}

"Reference Handler" #2 daemon prio=10 os_prio=0 cpu=0.69ms elapsed=4.33s tid=0x00007fc39412b000 nid=0xfcdf waiting on condition  [0x00007fc3702dd000]
   java.lang.Thread.State: RUNNABLE
	at java.lang.ref.Reference.waitForReferencePendingList(java.base@11.0.22/Native Method)
	at java.lang.ref.Reference.processPendingReferences(java.base@11.0.22/Reference.java:241)
	at java.lang.ref.Reference$ReferenceHandler.run(java.base@11.0.22/Reference.java:213)

"Finalizer" #3 daemon prio=8 os_prio=0 cpu=0.43ms elapsed=4.33s tid=0x00007fc39412d000 nid=0xfce0 in Object.wait()  [0x00007fc3701dd000]
   java.lang.Thread.State: WAITING (on object monitor)
	at java.lang.Object.wait(java.base@11.0.22/Native Method)
	- waiting on <0x000000008a5049d0> (a java.lang.ref.ReferenceQueue$Lock)
	at java.lang.ref.ReferenceQueue.remove(java.base@11.0.22/ReferenceQueue.java:155)
	- waiting to re-lock in wait() <0x000000008a5049d0> (a java.lang.ref.ReferenceQueue$Lock)
	at java.lang.ref.ReferenceQueue.remove(java.base@11.0.22/ReferenceQueue.java:176)
	at java.lang.ref.Finalizer$FinalizerThread.run(java.base@11.0.22/Finalizer.java:170)

"Signal Dispatcher" #4 daemon prio=9 os_prio=0 cpu=0.43ms elapsed=4.33s tid=0x00007fc394135800 nid=0xfce1 runnable  [0x0000000000000000]
   java.lang.Thread.State: RUNNABLE

"Service Thread" #5 daemon prio=9 os_prio=0 cpu=0.10ms elapsed=4.33s tid=0x00007fc394137800 nid=0xfce2 runnable  [0x0000000000000000]
   java.lang.Thread.State: RUNNABLE

"C2 CompilerThread0" #6 daemon prio=9 os_prio=0 cpu=373.17ms elapsed=4.33s tid=0x00007fc394139800 nid=0xfce3 waiting on condition  [0x0000000000000000]
   java.lang.Thread.State: RUNNABLE
   No compile task

"C1 CompilerThread0" #9 daemon prio=9 os_prio=0 cpu=390.51ms elapsed=4.33s tid=0x00007fc39413b800 nid=0xfce4 waiting on condition  [0x0000000000000000]
   java.lang.Thread.State: RUNNABLE
   No compile task

"Sweeper thread" #10 daemon prio=9 os_prio=0 cpu=0.14ms elapsed=4.33s tid=0x00007fc39413d800 nid=0xfce5 runnable  [0x0000000000000000]
   java.lang.Thread.State: RUNNABLE

"Common-Cleaner" #11 daemon prio=8 os_prio=0 cpu=0.82ms elapsed=4.29s tid=0x00007fc394199000 nid=0xfce7 in Object.wait()  [0x00007fc3631fd000]
   java.lang.Thread.State: TIMED_WAITING (on object monitor)
	at java.lang.Object.wait(java.base@11.0.22/Native Method)
	- waiting on <0x000000008a505308> (a java.lang.ref.ReferenceQueue$Lock)
	at java.lang.ref.ReferenceQueue.remove(java.base@11.0.22/ReferenceQueue.java:155)
	- waiting to re-lock in wait() <0x000000008a505308> (a java.lang.ref.ReferenceQueue$Lock)
	at jdk.internal.ref.CleanerImpl.run(java.base@11.0.22/CleanerImpl.java:148)
	at java.lang.Thread.run(java.base@11.0.22/Thread.java:829)
	at jdk.internal.misc.InnocuousThread.run(java.base@11.0.22/InnocuousThread.java:161)

"HttpClient-1-SelectorManager" #12 daemon prio=5 os_prio=0 cpu=5.55ms elapsed=4.01s tid=0x00007fc394321800 nid=0xfcfd runnable  [0x00007fc3630fd000]
   java.lang.Thread.State: RUNNABLE
	at sun.nio.ch.EPoll.wait(java.base@11.0.22/Native Method)
	at sun.nio.ch.EPollSelectorImpl.doSelect(java.base@11.0.22/EPollSelectorImpl.java:120)
	at sun.nio.ch.SelectorImpl.lockAndDoSelect(java.base@11.0.22/SelectorImpl.java:124)
	- locked <0x000000008a505650> (a sun.nio.ch.Util$2)
	- locked <0x000000008a5055f8> (a sun.nio.ch.EPollSelectorImpl)
	at sun.nio.ch.SelectorImpl.select(java.base@11.0.22/SelectorImpl.java:136)
	at jdk.internal.net.http.HttpClientImpl$SelectorManager.run(java.net.http@11.0.22/HttpClientImpl.java:867)

"PostgreSQL-JDBC-Cleaner" #14 daemon prio=5 os_prio=0 cpu=0.15ms elapsed=3.37s tid=0x00007fc39452e000 nid=0xfd1b in Object.wait()  [0x00007fc3627fb000]
   java.lang.Thread.State: TIMED_WAITING (on object monitor)
	at java.lang.Object.wait(java.base@11.0.22/Native Method)
	- waiting on <0x000000008b30a890> (a java.lang.ref.ReferenceQueue$Lock)
	at java.lang.ref.ReferenceQueue.remove(java.base@11.0.22/ReferenceQueue.java:155)
	- waiting to re-lock in wait() <0x000000008b30a890> (a java.lang.ref.ReferenceQueue$Lock)
	at org.postgresql.util.LazyCleaner$1.run(LazyCleaner.java:129)
	at java.lang.Thread.run(java.base@11.0.22/Thread.java:829)

"idle-timeout-task" #15 daemon prio=5 os_prio=0 cpu=0.18ms elapsed=3.29s tid=0x00007fc394567000 nid=0xfd21 in Object.wait()  [0x00007fc3626fb000]
   java.lang.Thread.State: TIMED_WAITING (on object monitor)
	at java.lang.Object.wait(java.base@11.0.22/Native Method)
	- waiting on <0x000000008437a6e8> (a java.util.TaskQueue)
	at java.util.TimerThread.mainLoop(java.base@11.0.22/Timer.java:553)
	- waiting to re-lock in wait() <0x000000008437a6e8> (a java.util.TaskQueue)
	at java.util.TimerThread.run(java.base@11.0.22/Timer.java:506)

"HTTP-Dispatcher" #16 prio=5 os_prio=0 cpu=3.59ms elapsed=3.27s tid=0x00007fc39456e800 nid=0xfd22 runnable  [0x00007fc3625fb000]
   java.lang.Thread.State: RUNNABLE
	at sun.nio.ch.EPoll.wait(java.base@11.0.22/Native Method)
	at sun.nio.ch.EPollSelectorImpl.doSelect(java.base@11.0.22/EPollSelectorImpl.java:120)
	at sun.nio.ch.SelectorImpl.lockAndDoSelect(java.base@11.0.22/SelectorImpl.java:124)
	- locked <0x00000000843795a0> (a sun.nio.ch.Util$2)
	- locked <0x0000000084379450> (a sun.nio.ch.EPollSelectorImpl)
	at sun.nio.ch.SelectorImpl.select(java.base@11.0.22/SelectorImpl.java:136)
	at sun.net.httpserver.ServerImpl$Dispatcher.run(jdk.httpserver@11.0.22/ServerImpl.java:471)
	at java.lang.Thread.run(java.base@11.0.22/Thread.java:829)

"DestroyJavaVM" #17 prio=5 os_prio=0 cpu=668.45ms elapsed=3.27s tid=0x00007fc394015800 nid=0xfcd8 waiting on condition  [0x0000000000000000]
   java.lang.Thread.State: RUNNABLE

"Attach Listener" #18 daemon prio=9 os_prio=0 cpu=2.55ms elapsed=1.12s tid=0x00007fc348001000 nid=0xfdc0 waiting on condition  [0x0000000000000000]
   java.lang.Thread.State: RUNNABLE

"ForkJoinPool-1-worker-19" #19 daemon prio=5 os_prio=0 cpu=4.24ms elapsed=0.18s tid=0x00007fc310005800 nid=0xfe6c waiting on condition  [0x00007fc362ffd000]
   java.lang.Thread.State: WAITING (parking)
	at jdk.internal.misc.Unsafe.park(java.base@11.0.22/Native Method)
	- parking to wait for  <0x000000008a559aa0> (a java.util.concurrent.ForkJoinPool)
	at java.util.concurrent.locks.LockSupport.park(java.base@11.0.22/LockSupport.java:194)
	at java.util.concurrent.ForkJoinPool.runWorker(java.base@11.0.22/ForkJoinPool.java:1628)
	at java.util.concurrent.ForkJoinWorkerThread.run(java.base@11.0.22/ForkJoinWorkerThread.java:183)

"ForkJoinPool.commonPool-worker-19" #20 daemon prio=5 os_prio=0 cpu=3.47ms elapsed=0.17s tid=0x00007fc32802c800 nid=0xfe6e waiting on condition  [0x00007fc362afb000]
   java.lang.Thread.State: WAITING (parking)
	at jdk.internal.misc.Unsafe.park(java.base@11.0.22/Native Method)
	- parking to wait for  <0x000000008a5a5850> (a java.util.concurrent.ForkJoinPool)
	at java.util.concurrent.locks.LockSupport.park(java.base@11.0.22/LockSupport.java:194)
	at java.util.concurrent.ForkJoinPool.runWorker(java.base@11.0.22/ForkJoinPool.java:1628)
	at java.util.concurrent.ForkJoinWorkerThread.run(java.base@11.0.22/ForkJoinWorkerThread.java:183)

"ForkJoinPool.commonPool-worker-5" #21 daemon prio=5 os_prio=0 cpu=38.18ms elapsed=0.17s tid=0x00007fc324003800 nid=0xfe70 waiting on condition  [0x00007fc3623fb000]
   java.lang.Thread.State: TIMED_WAITING (parking)
	at jdk.internal.misc.Unsafe.park(java.base@11.0.22/Native Method)
	- parking to wait for  <0x000000008a5a5850> (a java.util.concurrent.ForkJoinPool)
	at java.util.concurrent.locks.LockSupport.parkUntil(java.base@11.0.22/LockSupport.java:275)
	at java.util.concurrent.ForkJoinPool.runWorker(java.base@11.0.22/ForkJoinPool.java:1619)
	at java.util.concurrent.ForkJoinWorkerThread.run(java.base@11.0.22/ForkJoinWorkerThread.java:183)

"HttpClient-1-Worker-0" #22 daemon prio=5 os_prio=0 cpu=48.20ms elapsed=0.10s tid=0x00007fc308039000 nid=0xfe87 waiting on condition  [0x00007fc3620fb000]
   java.lang.Thread.State: TIMED_WAITING (parking)
	at jdk.internal.misc.Unsafe.park(java.base@11.0.22/Native Method)
	- parking to wait for  <0x000000008a55a0a0> (a java.util.concurrent.SynchronousQueue$TransferStack)
	at java.util.concurrent.locks.LockSupport.parkNanos(java.base@11.0.22/LockSupport.java:234)
	at java.util.concurrent.SynchronousQueue$TransferStack.awaitFulfill(java.base@11.0.22/SynchronousQueue.java:462)
	at java.util.concurrent.SynchronousQueue$TransferStack.transfer(java.base@11.0.22/SynchronousQueue.java:361)
	at java.util.concurrent.SynchronousQueue.poll(java.base@11.0.22/SynchronousQueue.java:937)
	at java.util.concurrent.ThreadPoolExecutor.getTask(java.base@11.0.22/ThreadPoolExecutor.java:1053)
	at java.util.concurrent.ThreadPoolExecutor.runWorker(java.base@11.0.22/ThreadPoolExecutor.java:1114)
	at java.util.concurrent.ThreadPoolExecutor$Worker.run(java.base@11.0.22/ThreadPoolExecutor.java:628)
	at java.lang.Thread.run(java.base@11.0.22/Thread.java:829)

"C2 CompilerThread1" #7 daemon prio=9 os_prio=0 cpu=29.79ms elapsed=0.08s tid=0x00007fc344276800 nid=0xfe90 waiting on condition  [0x0000000000000000]
   java.lang.Thread.State: RUNNABLE
   No compile task

"HttpClient-1-Worker-1" #23 daemon prio=5 os_prio=0 cpu=0.99ms elapsed=0.06s tid=0x00007fc334017000 nid=0xfe93 waiting on condition  [0x00007fc361efb000]
   java.lang.Thread.State: TIMED_WAITING (parking)
	at jdk.internal.misc.Unsafe.park(java.base@11.0.22/Native Method)
	- parking to wait for  <0x000000008a55a0a0> (a java.util.concurrent.SynchronousQueue$TransferStack)
	at java.util.concurrent.locks.LockSupport.parkNanos(java.base@11.0.22/LockSupport.java:234)
	at java.util.concurrent.SynchronousQueue$TransferStack.awaitFulfill(java.base@11.0.22/SynchronousQueue.java:462)
	at java.util.concurrent.SynchronousQueue$TransferStack.transfer(java.base@11.0.22/SynchronousQueue.java:361)
	at java.util.concurrent.SynchronousQueue.poll(java.base@11.0.22/SynchronousQueue.java:937)
	at java.util.concurrent.ThreadPoolExecutor.getTask(java.base@11.0.22/ThreadPoolExecutor.java:1053)
	at java.util.concurrent.ThreadPoolExecutor.runWorker(java.base@11.0.22/ThreadPoolExecutor.java:1114)
	at java.util.concurrent.ThreadPoolExecutor$Worker.run(java.base@11.0.22/ThreadPoolExecutor.java:628)
	at java.lang.Thread.run(java.base@11.0.22/Thread.java:829)

"HttpClient-1-Worker-2" #24 daemon prio=5 os_prio=0 cpu=0.20ms elapsed=0.06s tid=0x00007fc334019000 nid=0xfe94 waiting on condition  [0x00007fc361dfb000]
   java.lang.Thread.State: TIMED_WAITING (parking)
	at jdk.internal.misc.Unsafe.park(java.base@11.0.22/Native Method)
	- parking to wait for  <0x000000008a55a0a0> (a java.util.concurrent.SynchronousQueue$TransferStack)
	at java.util.concurrent.locks.LockSupport.parkNanos(java.base@11.0.22/LockSupport.java:234)
	at java.util.concurrent.SynchronousQueue$TransferStack.awaitFulfill(java.base@11.0.22/SynchronousQueue.java:462)
	at java.util.concurrent.SynchronousQueue$TransferStack.transfer(java.base@11.0.22/SynchronousQueue.java:361)
	at java.util.concurrent.SynchronousQueue.poll(java.base@11.0.22/SynchronousQueue.java:937)
	at java.util.concurrent.ThreadPoolExecutor.getTask(java.base@11.0.22/ThreadPoolExecutor.java:1053)
	at java.util.concurrent.ThreadPoolExecutor.runWorker(java.base@11.0.22/ThreadPoolExecutor.java:1114)
	at java.util.concurrent.ThreadPoolExecutor$Worker.run(java.base@11.0.22/ThreadPoolExecutor.java:628)
	at java.lang.Thread.run(java.base@11.0.22/Thread.java:829)

"VM Thread" os_prio=0 cpu=22.35ms elapsed=4.33s tid=0x00007fc394128800 nid=0xfcde runnable  

"GC Thread#0" os_prio=0 cpu=16.94ms elapsed=4.34s tid=0x00007fc39402f800 nid=0xfcd9 runnable  

"GC Thread#1" os_prio=0 cpu=11.48ms elapsed=3.64s tid=0x00007fc358001000 nid=0xfd01 runnable  

"GC Thread#2" os_prio=0 cpu=15.64ms elapsed=3.64s tid=0x00007fc358002800 nid=0xfd02 runnable  

"G1 Main Marker" os_prio=0 cpu=0.21ms elapsed=4.34s tid=0x00007fc394061000 nid=0xfcda runnable  

"G1 Conc#0" os_prio=0 cpu=0.08ms elapsed=4.34s tid=0x00007fc394063000 nid=0xfcdb runnable  

"G1 Refine#0" os_prio=0 cpu=0.19ms elapsed=4.34s tid=0x00007fc3940f4000 nid=0xfcdc runnable  

"G1 Young RemSet Sampling" os_prio=0 cpu=0.54ms elapsed=4.34s tid=0x00007fc3940f6000 nid=0xfcdd runnable  
"VM Periodic Task Thread" os_prio=0 cpu=1.75ms elapsed=4.30s tid=0x00007fc394196800 nid=0xfce6 waiting on condition  

JNI global refs: 19, weak refs: 0

64726:
-XX:CICompilerCount=4 -XX:ConcGCThreads=3 -XX:G1ConcRefinementThreads=10 -XX:G1HeapRegionSize=1048576 -XX:GCDrainStackTargetSize=64 -XX:InitialHeapSize=130023424 -XX:MarkStackSize=4194304 -XX:MaxHeapSize=2078277632 -XX:MaxNewSize=1246756864 -XX:MinHeapDeltaBytes=1048576 -XX:NonNMethodCodeHeapSize=5836300 -XX:NonProfiledCodeHeapSize=122910970 -XX:ProfiledCodeHeapSize=122910970 -XX:ReservedCodeCacheSize=251658240 -XX:+SegmentedCodeCache -XX:+UseCompressedClassPointers -XX:+UseCompressedOops -XX:+UseG1GC 
64726:
#Tue Mar 12 18:23:18 EDT 2024
awt.toolkit=sun.awt.X11.XToolkit
java.specification.version=11
sun.cpu.isalist=
sun.jnu.encoding=UTF-8
java.class.path=.\:./OrderService/jackson-annotations-2.16.1.jar\:./OrderService/jackson-core-2.16.1.jar\:./OrderService/jackson-databind-2.16.1.jar\:./OrderService/postgresql-42.7.2.jar
java.vm.vendor=Ubuntu
sun.arch.data.model=64
java.vendor.url=https\://ubuntu.com/
user.timezone=America/New_York
java.vm.specification.version=11
os.name=Linux
sun.java.launcher=SUN_STANDARD
sun.boot.library.path=/usr/lib/jvm/java-11-openjdk-amd64/lib
sun.java.command=OrderService.OrderService
jdk.debug=release
sun.cpu.endian=little
user.home=/home/masa
user.language=en
java.specification.vendor=Oracle Corporation
java.version.date=2024-01-16
java.home=/usr/lib/jvm/java-11-openjdk-amd64
file.separator=/
java.vm.compressedOopsMode=32-bit
line.separator=\n
java.vm.specification.vendor=Oracle Corporation
java.specification.name=Java Platform API Specification
java.awt.graphicsenv=sun.awt.X11GraphicsEnvironment
sun.management.compiler=HotSpot 64-Bit Tiered Compilers
java.runtime.version=11.0.22+7-post-Ubuntu-0ubuntu222.04.1
user.name=masa
path.separator=\:
os.version=5.15.146.1-microsoft-standard-WSL2
java.runtime.name=OpenJDK Runtime Environment
file.encoding=UTF-8
java.vm.name=OpenJDK 64-Bit Server VM
java.vendor.url.bug=https\://bugs.launchpad.net/ubuntu/+source/openjdk-lts
java.io.tmpdir=/tmp
java.version=11.0.22
user.dir=/mnt/c/Users/faisa/Documents/csc301/a2/Microservice/final/postIscsAsync-3/compiled
os.arch=amd64
java.vm.specification.name=Java Virtual Machine Specification
java.awt.printerjob=sun.print.PSPrinterJob
sun.os.patch.level=unknown
java.library.path=/usr/java/packages/lib\:/usr/lib/x86_64-linux-gnu/jni\:/lib/x86_64-linux-gnu\:/usr/lib/x86_64-linux-gnu\:/usr/lib/jni\:/lib\:/usr/lib
java.vm.info=mixed mode, sharing
java.vendor=Ubuntu
java.vm.version=11.0.22+7-post-Ubuntu-0ubuntu222.04.1
java.specification.maintenance.version=2
sun.io.unicode.encoding=UnicodeLittle
java.class.version=55.0
64726:
OpenJDK 64-Bit Server VM version 11.0.22+7-post-Ubuntu-0ubuntu222.04.1
JDK 11.0.22
64726:
VM Arguments:
java_command: OrderService.OrderService
java_class_path (initial): .:./OrderService/jackson-annotations-2.16.1.jar:./OrderService/jackson-core-2.16.1.jar:./OrderService/jackson-databind-2.16.1.jar:./OrderService/postgresql-42.7.2.jar
Launcher Type: SUN_STANDARD
